START test_current.mem
RESULT FAIL test_current.mem code=00000002 pc=000001a4 wb_reg=6 wb_value=00000002 time=975000
D:\riscv32_pipeline_cache\riscv32_pipeline.srcs\sim_1\new\tb_bram_batch.v:142: $finish called at 975000 (1ps)

----- detail log -----
TRACE t=5000 wb_have=x pcIF=xxxxxxxx instIF=xxxxxxxx pcID=xxxxxxxx instID=xxxxxxxx pcEX=xxxxxxxx aluMEM=xxxxxxxx mem_stall=x mem_waited=x mem_addr=xxxxxxxx mem_we=xxxx mem_rd=00000000
START test_current.mem
TRACE t=115000 wb_have=0 pcIF=00000000 instIF=00000013 pcID=00000000 instID=00000000 pcEX=00000000 aluMEM=00000000 mem_stall=0 mem_waited=0 mem_addr=00000000 mem_we=0000 mem_rd=0540006f
TRACE t=125000 wb_have=0 pcIF=00000000 instIF=00000013 pcID=00000000 instID=00000013 pcEX=00000000 aluMEM=00000000 mem_stall=0 mem_waited=0 mem_addr=00000000 mem_we=0000 mem_rd=0540006f
TRACE t=135000 wb_have=0 pcIF=00000000 instIF=0540006f pcID=00000000 instID=00000013 pcEX=00000000 aluMEM=00000000 mem_stall=0 mem_waited=0 mem_addr=00000000 mem_we=0000 mem_rd=0540006f
TRACE t=145000 wb_have=0 pcIF=00000000 instIF=00000013 pcID=00000000 instID=0540006f pcEX=00000000 aluMEM=00000000 mem_stall=0 mem_waited=0 mem_addr=00000000 mem_we=0000 mem_rd=0540006f
TRACE t=155000 wb_have=0 pcIF=00000000 instIF=00000013 pcID=00000000 instID=00000013 pcEX=00000000 aluMEM=00000000 mem_stall=0 mem_waited=0 mem_addr=00000000 mem_we=0000 mem_rd=0540006f
TRACE t=165000 wb_have=1 pcIF=00000054 instIF=00000093 pcID=00000000 instID=00000013 pcEX=00000000 aluMEM=00000054 mem_stall=0 mem_waited=0 mem_addr=00000054 mem_we=0000 mem_rd=0540006f
COMMIT t=165000 wb_pc=00000000 wb_we=1 wb_rd=x0 wb_val=00000000 IF_pc=00000054 IF_inst=00000093 ID_pc=00000000 ID_inst=00000013 EX_pc=00000000 EX_alu=00000000 mem_stall=0 mem_commit=0 mem_we=0000 mem_addr=00000054 mem_wd=00000000 mem_rd=0540006f
TRACE t=175000 wb_have=1 pcIF=00000058 instIF=00000113 pcID=00000054 instID=00000093 pcEX=00000000 aluMEM=00000000 mem_stall=0 mem_waited=0 mem_addr=00000000 mem_we=0000 mem_rd=00000093
COMMIT t=175000 wb_pc=00000000 wb_we=1 wb_rd=x0 wb_val=00000004 IF_pc=00000058 IF_inst=00000113 ID_pc=00000054 ID_inst=00000093 EX_pc=00000000 EX_alu=00000000 mem_stall=0 mem_commit=0 mem_we=0000 mem_addr=00000000 mem_wd=00000000 mem_rd=00000093
TRACE t=185000 wb_have=1 pcIF=0000005c instIF=00000193 pcID=00000058 instID=00000113 pcEX=00000054 aluMEM=00000000 mem_stall=0 mem_waited=0 mem_addr=00000000 mem_we=0000 mem_rd=0540006f
COMMIT t=185000 wb_pc=00000000 wb_we=1 wb_rd=x0 wb_val=00000000 IF_pc=0000005c IF_inst=00000193 ID_pc=00000058 ID_inst=00000113 EX_pc=00000054 EX_alu=00000000 mem_stall=0 mem_commit=0 mem_we=0000 mem_addr=00000000 mem_wd=00000000 mem_rd=0540006f
TRACE t=195000 wb_have=1 pcIF=00000060 instIF=00000213 pcID=0000005c instID=00000193 pcEX=00000058 aluMEM=00000000 mem_stall=0 mem_waited=0 mem_addr=00000000 mem_we=0000 mem_rd=0540006f
COMMIT t=195000 wb_pc=00000000 wb_we=1 wb_rd=x0 wb_val=00000000 IF_pc=00000060 IF_inst=00000213 ID_pc=0000005c ID_inst=00000193 EX_pc=00000058 EX_alu=00000000 mem_stall=0 mem_commit=0 mem_we=0000 mem_addr=00000000 mem_wd=00000000 mem_rd=0540006f
TRACE t=205000 wb_have=1 pcIF=00000064 instIF=00000293 pcID=00000060 instID=00000213 pcEX=0000005c aluMEM=00000000 mem_stall=0 mem_waited=0 mem_addr=00000000 mem_we=0000 mem_rd=0540006f
COMMIT t=205000 wb_pc=00000054 wb_we=1 wb_rd=x1 wb_val=00000000 IF_pc=00000064 IF_inst=00000293 ID_pc=00000060 ID_inst=00000213 EX_pc=0000005c EX_alu=00000000 mem_stall=0 mem_commit=0 mem_we=0000 mem_addr=00000000 mem_wd=00000000 mem_rd=0540006f
TRACE t=215000 wb_have=1 pcIF=00000068 instIF=00000313 pcID=00000064 instID=00000293 pcEX=00000060 aluMEM=00000000 mem_stall=0 mem_waited=0 mem_addr=00000000 mem_we=0000 mem_rd=0540006f
COMMIT t=215000 wb_pc=00000058 wb_we=1 wb_rd=x2 wb_val=00000000 IF_pc=00000068 IF_inst=00000313 ID_pc=00000064 ID_inst=00000293 EX_pc=00000060 EX_alu=00000000 mem_stall=0 mem_commit=0 mem_we=0000 mem_addr=00000000 mem_wd=00000000 mem_rd=0540006f
TRACE t=225000 wb_have=1 pcIF=0000006c instIF=00000393 pcID=00000068 instID=00000313 pcEX=00000064 aluMEM=00000000 mem_stall=0 mem_waited=0 mem_addr=00000000 mem_we=0000 mem_rd=0540006f
COMMIT t=225000 wb_pc=0000005c wb_we=1 wb_rd=x3 wb_val=00000000 IF_pc=0000006c IF_inst=00000393 ID_pc=00000068 ID_inst=00000313 EX_pc=00000064 EX_alu=00000000 mem_stall=0 mem_commit=0 mem_we=0000 mem_addr=00000000 mem_wd=00000000 mem_rd=0540006f
TRACE t=235000 wb_have=1 pcIF=00000070 instIF=00000413 pcID=0000006c instID=00000393 pcEX=00000068 aluMEM=00000000 mem_stall=0 mem_waited=0 mem_addr=00000000 mem_we=0000 mem_rd=0540006f
COMMIT t=235000 wb_pc=00000060 wb_we=1 wb_rd=x4 wb_val=00000000 IF_pc=00000070 IF_inst=00000413 ID_pc=0000006c ID_inst=00000393 EX_pc=00000068 EX_alu=00000000 mem_stall=0 mem_commit=0 mem_we=0000 mem_addr=00000000 mem_wd=00000000 mem_rd=0540006f
TRACE t=245000 wb_have=1 pcIF=00000074 instIF=00000493 pcID=00000070 instID=00000413 pcEX=0000006c aluMEM=00000000 mem_stall=0 mem_waited=0 mem_addr=00000000 mem_we=0000 mem_rd=0540006f
COMMIT t=245000 wb_pc=00000064 wb_we=1 wb_rd=x5 wb_val=00000000 IF_pc=00000074 IF_inst=00000493 ID_pc=00000070 ID_inst=00000413 EX_pc=0000006c EX_alu=00000000 mem_stall=0 mem_commit=0 mem_we=0000 mem_addr=00000000 mem_wd=00000000 mem_rd=0540006f
TRACE t=255000 wb_have=1 pcIF=00000078 instIF=00000513 pcID=00000074 instID=00000493 pcEX=00000070 aluMEM=00000000 mem_stall=0 mem_waited=0 mem_addr=00000000 mem_we=0000 mem_rd=0540006f
COMMIT t=255000 wb_pc=00000068 wb_we=1 wb_rd=x6 wb_val=00000000 IF_pc=00000078 IF_inst=00000513 ID_pc=00000074 ID_inst=00000493 EX_pc=00000070 EX_alu=00000000 mem_stall=0 mem_commit=0 mem_we=0000 mem_addr=00000000 mem_wd=00000000 mem_rd=0540006f
TRACE t=265000 wb_have=1 pcIF=0000007c instIF=00000593 pcID=00000078 instID=00000513 pcEX=00000074 aluMEM=00000000 mem_stall=0 mem_waited=0 mem_addr=00000000 mem_we=0000 mem_rd=0540006f
COMMIT t=265000 wb_pc=0000006c wb_we=1 wb_rd=x7 wb_val=00000000 IF_pc=0000007c IF_inst=00000593 ID_pc=00000078 ID_inst=00000513 EX_pc=00000074 EX_alu=00000000 mem_stall=0 mem_commit=0 mem_we=0000 mem_addr=00000000 mem_wd=00000000 mem_rd=0540006f
TRACE t=275000 wb_have=1 pcIF=00000080 instIF=00000613 pcID=0000007c instID=00000593 pcEX=00000078 aluMEM=00000000 mem_stall=0 mem_waited=0 mem_addr=00000000 mem_we=0000 mem_rd=0540006f
COMMIT t=275000 wb_pc=00000070 wb_we=1 wb_rd=x8 wb_val=00000000 IF_pc=00000080 IF_inst=00000613 ID_pc=0000007c ID_inst=00000593 EX_pc=00000078 EX_alu=00000000 mem_stall=0 mem_commit=0 mem_we=0000 mem_addr=00000000 mem_wd=00000000 mem_rd=0540006f
TRACE t=285000 wb_have=1 pcIF=00000084 instIF=00000693 pcID=00000080 instID=00000613 pcEX=0000007c aluMEM=00000000 mem_stall=0 mem_waited=0 mem_addr=00000000 mem_we=0000 mem_rd=0540006f
COMMIT t=285000 wb_pc=00000074 wb_we=1 wb_rd=x9 wb_val=00000000 IF_pc=00000084 IF_inst=00000693 ID_pc=00000080 ID_inst=00000613 EX_pc=0000007c EX_alu=00000000 mem_stall=0 mem_commit=0 mem_we=0000 mem_addr=00000000 mem_wd=00000000 mem_rd=0540006f
TRACE t=295000 wb_have=1 pcIF=00000088 instIF=00000713 pcID=00000084 instID=00000693 pcEX=00000080 aluMEM=00000000 mem_stall=0 mem_waited=0 mem_addr=00000000 mem_we=0000 mem_rd=0540006f
COMMIT t=295000 wb_pc=00000078 wb_we=1 wb_rd=x10 wb_val=00000000 IF_pc=00000088 IF_inst=00000713 ID_pc=00000084 ID_inst=00000693 EX_pc=00000080 EX_alu=00000000 mem_stall=0 mem_commit=0 mem_we=0000 mem_addr=00000000 mem_wd=00000000 mem_rd=0540006f
TRACE t=305000 wb_have=1 pcIF=0000008c instIF=00000793 pcID=00000088 instID=00000713 pcEX=00000084 aluMEM=00000000 mem_stall=0 mem_waited=0 mem_addr=00000000 mem_we=0000 mem_rd=0540006f
COMMIT t=305000 wb_pc=0000007c wb_we=1 wb_rd=x11 wb_val=00000000 IF_pc=0000008c IF_inst=00000793 ID_pc=00000088 ID_inst=00000713 EX_pc=00000084 EX_alu=00000000 mem_stall=0 mem_commit=0 mem_we=0000 mem_addr=00000000 mem_wd=00000000 mem_rd=0540006f
TRACE t=315000 wb_have=1 pcIF=00000090 instIF=00000813 pcID=0000008c instID=00000793 pcEX=00000088 aluMEM=00000000 mem_stall=0 mem_waited=0 mem_addr=00000000 mem_we=0000 mem_rd=0540006f
COMMIT t=315000 wb_pc=00000080 wb_we=1 wb_rd=x12 wb_val=00000000 IF_pc=00000090 IF_inst=00000813 ID_pc=0000008c ID_inst=00000793 EX_pc=00000088 EX_alu=00000000 mem_stall=0 mem_commit=0 mem_we=0000 mem_addr=00000000 mem_wd=00000000 mem_rd=0540006f
TRACE t=325000 wb_have=1 pcIF=00000094 instIF=00000893 pcID=00000090 instID=00000813 pcEX=0000008c aluMEM=00000000 mem_stall=0 mem_waited=0 mem_addr=00000000 mem_we=0000 mem_rd=0540006f
COMMIT t=325000 wb_pc=00000084 wb_we=1 wb_rd=x13 wb_val=00000000 IF_pc=00000094 IF_inst=00000893 ID_pc=00000090 ID_inst=00000813 EX_pc=0000008c EX_alu=00000000 mem_stall=0 mem_commit=0 mem_we=0000 mem_addr=00000000 mem_wd=00000000 mem_rd=0540006f
TRACE t=335000 wb_have=1 pcIF=00000098 instIF=00000913 pcID=00000094 instID=00000893 pcEX=00000090 aluMEM=00000000 mem_stall=0 mem_waited=0 mem_addr=00000000 mem_we=0000 mem_rd=0540006f
COMMIT t=335000 wb_pc=00000088 wb_we=1 wb_rd=x14 wb_val=00000000 IF_pc=00000098 IF_inst=00000913 ID_pc=00000094 ID_inst=00000893 EX_pc=00000090 EX_alu=00000000 mem_stall=0 mem_commit=0 mem_we=0000 mem_addr=00000000 mem_wd=00000000 mem_rd=0540006f
TRACE t=345000 wb_have=1 pcIF=0000009c instIF=00000993 pcID=00000098 instID=00000913 pcEX=00000094 aluMEM=00000000 mem_stall=0 mem_waited=0 mem_addr=00000000 mem_we=0000 mem_rd=0540006f
COMMIT t=345000 wb_pc=0000008c wb_we=1 wb_rd=x15 wb_val=00000000 IF_pc=0000009c IF_inst=00000993 ID_pc=00000098 ID_inst=00000913 EX_pc=00000094 EX_alu=00000000 mem_stall=0 mem_commit=0 mem_we=0000 mem_addr=00000000 mem_wd=00000000 mem_rd=0540006f
TRACE t=355000 wb_have=1 pcIF=000000a0 instIF=00000a13 pcID=0000009c instID=00000993 pcEX=00000098 aluMEM=00000000 mem_stall=0 mem_waited=0 mem_addr=00000000 mem_we=0000 mem_rd=0540006f
COMMIT t=355000 wb_pc=00000090 wb_we=1 wb_rd=x16 wb_val=00000000 IF_pc=000000a0 IF_inst=00000a13 ID_pc=0000009c ID_inst=00000993 EX_pc=00000098 EX_alu=00000000 mem_stall=0 mem_commit=0 mem_we=0000 mem_addr=00000000 mem_wd=00000000 mem_rd=0540006f
TRACE t=365000 wb_have=1 pcIF=000000a4 instIF=00000a93 pcID=000000a0 instID=00000a13 pcEX=0000009c aluMEM=00000000 mem_stall=0 mem_waited=0 mem_addr=00000000 mem_we=0000 mem_rd=0540006f
COMMIT t=365000 wb_pc=00000094 wb_we=1 wb_rd=x17 wb_val=00000000 IF_pc=000000a4 IF_inst=00000a93 ID_pc=000000a0 ID_inst=00000a13 EX_pc=0000009c EX_alu=00000000 mem_stall=0 mem_commit=0 mem_we=0000 mem_addr=00000000 mem_wd=00000000 mem_rd=0540006f
TRACE t=375000 wb_have=1 pcIF=000000a8 instIF=00000b13 pcID=000000a4 instID=00000a93 pcEX=000000a0 aluMEM=00000000 mem_stall=0 mem_waited=0 mem_addr=00000000 mem_we=0000 mem_rd=0540006f
COMMIT t=375000 wb_pc=00000098 wb_we=1 wb_rd=x18 wb_val=00000000 IF_pc=000000a8 IF_inst=00000b13 ID_pc=000000a4 ID_inst=00000a93 EX_pc=000000a0 EX_alu=00000000 mem_stall=0 mem_commit=0 mem_we=0000 mem_addr=00000000 mem_wd=00000000 mem_rd=0540006f
TRACE t=385000 wb_have=1 pcIF=000000ac instIF=00000b93 pcID=000000a8 instID=00000b13 pcEX=000000a4 aluMEM=00000000 mem_stall=0 mem_waited=0 mem_addr=00000000 mem_we=0000 mem_rd=0540006f
COMMIT t=385000 wb_pc=0000009c wb_we=1 wb_rd=x19 wb_val=00000000 IF_pc=000000ac IF_inst=00000b93 ID_pc=000000a8 ID_inst=00000b13 EX_pc=000000a4 EX_alu=00000000 mem_stall=0 mem_commit=0 mem_we=0000 mem_addr=00000000 mem_wd=00000000 mem_rd=0540006f
TRACE t=395000 wb_have=1 pcIF=000000b0 instIF=00000c13 pcID=000000ac instID=00000b93 pcEX=000000a8 aluMEM=00000000 mem_stall=0 mem_waited=0 mem_addr=00000000 mem_we=0000 mem_rd=0540006f
COMMIT t=395000 wb_pc=000000a0 wb_we=1 wb_rd=x20 wb_val=00000000 IF_pc=000000b0 IF_inst=00000c13 ID_pc=000000ac ID_inst=00000b93 EX_pc=000000a8 EX_alu=00000000 mem_stall=0 mem_commit=0 mem_we=0000 mem_addr=00000000 mem_wd=00000000 mem_rd=0540006f
TRACE t=405000 wb_have=1 pcIF=000000b4 instIF=00000c93 pcID=000000b0 instID=00000c13 pcEX=000000ac aluMEM=00000000 mem_stall=0 mem_waited=0 mem_addr=00000000 mem_we=0000 mem_rd=0540006f
COMMIT t=405000 wb_pc=000000a4 wb_we=1 wb_rd=x21 wb_val=00000000 IF_pc=000000b4 IF_inst=00000c93 ID_pc=000000b0 ID_inst=00000c13 EX_pc=000000ac EX_alu=00000000 mem_stall=0 mem_commit=0 mem_we=0000 mem_addr=00000000 mem_wd=00000000 mem_rd=0540006f
TRACE t=415000 wb_have=1 pcIF=000000b8 instIF=00000d13 pcID=000000b4 instID=00000c93 pcEX=000000b0 aluMEM=00000000 mem_stall=0 mem_waited=0 mem_addr=00000000 mem_we=0000 mem_rd=0540006f
COMMIT t=415000 wb_pc=000000a8 wb_we=1 wb_rd=x22 wb_val=00000000 IF_pc=000000b8 IF_inst=00000d13 ID_pc=000000b4 ID_inst=00000c93 EX_pc=000000b0 EX_alu=00000000 mem_stall=0 mem_commit=0 mem_we=0000 mem_addr=00000000 mem_wd=00000000 mem_rd=0540006f
TRACE t=425000 wb_have=1 pcIF=000000bc instIF=00000d93 pcID=000000b8 instID=00000d13 pcEX=000000b4 aluMEM=00000000 mem_stall=0 mem_waited=0 mem_addr=00000000 mem_we=0000 mem_rd=0540006f
COMMIT t=425000 wb_pc=000000ac wb_we=1 wb_rd=x23 wb_val=00000000 IF_pc=000000bc IF_inst=00000d93 ID_pc=000000b8 ID_inst=00000d13 EX_pc=000000b4 EX_alu=00000000 mem_stall=0 mem_commit=0 mem_we=0000 mem_addr=00000000 mem_wd=00000000 mem_rd=0540006f
TRACE t=435000 wb_have=1 pcIF=000000c0 instIF=00000e13 pcID=000000bc instID=00000d93 pcEX=000000b8 aluMEM=00000000 mem_stall=0 mem_waited=0 mem_addr=00000000 mem_we=0000 mem_rd=0540006f
COMMIT t=435000 wb_pc=000000b0 wb_we=1 wb_rd=x24 wb_val=00000000 IF_pc=000000c0 IF_inst=00000e13 ID_pc=000000bc ID_inst=00000d93 EX_pc=000000b8 EX_alu=00000000 mem_stall=0 mem_commit=0 mem_we=0000 mem_addr=00000000 mem_wd=00000000 mem_rd=0540006f
TRACE t=445000 wb_have=1 pcIF=000000c4 instIF=00000e93 pcID=000000c0 instID=00000e13 pcEX=000000bc aluMEM=00000000 mem_stall=0 mem_waited=0 mem_addr=00000000 mem_we=0000 mem_rd=0540006f
COMMIT t=445000 wb_pc=000000b4 wb_we=1 wb_rd=x25 wb_val=00000000 IF_pc=000000c4 IF_inst=00000e93 ID_pc=000000c0 ID_inst=00000e13 EX_pc=000000bc EX_alu=00000000 mem_stall=0 mem_commit=0 mem_we=0000 mem_addr=00000000 mem_wd=00000000 mem_rd=0540006f
TRACE t=455000 wb_have=1 pcIF=000000c8 instIF=00000f13 pcID=000000c4 instID=00000e93 pcEX=000000c0 aluMEM=00000000 mem_stall=0 mem_waited=0 mem_addr=00000000 mem_we=0000 mem_rd=0540006f
COMMIT t=455000 wb_pc=000000b8 wb_we=1 wb_rd=x26 wb_val=00000000 IF_pc=000000c8 IF_inst=00000f13 ID_pc=000000c4 ID_inst=00000e93 EX_pc=000000c0 EX_alu=00000000 mem_stall=0 mem_commit=0 mem_we=0000 mem_addr=00000000 mem_wd=00000000 mem_rd=0540006f
TRACE t=465000 wb_have=1 pcIF=000000cc instIF=00000f93 pcID=000000c8 instID=00000f13 pcEX=000000c4 aluMEM=00000000 mem_stall=0 mem_waited=0 mem_addr=00000000 mem_we=0000 mem_rd=0540006f
COMMIT t=465000 wb_pc=000000bc wb_we=1 wb_rd=x27 wb_val=00000000 IF_pc=000000cc IF_inst=00000f93 ID_pc=000000c8 ID_inst=00000f13 EX_pc=000000c4 EX_alu=00000000 mem_stall=0 mem_commit=0 mem_we=0000 mem_addr=00000000 mem_wd=00000000 mem_rd=0540006f
TRACE t=475000 wb_have=1 pcIF=000000d0 instIF=06f00693 pcID=000000cc instID=00000f93 pcEX=000000c8 aluMEM=00000000 mem_stall=0 mem_waited=0 mem_addr=00000000 mem_we=0000 mem_rd=0540006f
COMMIT t=475000 wb_pc=000000c0 wb_we=1 wb_rd=x28 wb_val=00000000 IF_pc=000000d0 IF_inst=06f00693 ID_pc=000000cc ID_inst=00000f93 EX_pc=000000c8 EX_alu=00000000 mem_stall=0 mem_commit=0 mem_we=0000 mem_addr=00000000 mem_wd=00000000 mem_rd=0540006f
TRACE t=485000 wb_have=1 pcIF=000000d4 instIF=00002517 pcID=000000d0 instID=06f00693 pcEX=000000cc aluMEM=00000000 mem_stall=0 mem_waited=0 mem_addr=00000000 mem_we=0000 mem_rd=0540006f
COMMIT t=485000 wb_pc=000000c4 wb_we=1 wb_rd=x29 wb_val=00000000 IF_pc=000000d4 IF_inst=00002517 ID_pc=000000d0 ID_inst=06f00693 EX_pc=000000cc EX_alu=00000000 mem_stall=0 mem_commit=0 mem_we=0000 mem_addr=00000000 mem_wd=00000000 mem_rd=0540006f
TRACE t=495000 wb_have=1 pcIF=000000d8 instIF=e6851503 pcID=000000d4 instID=00002517 pcEX=000000d0 aluMEM=00000000 mem_stall=0 mem_waited=0 mem_addr=00000000 mem_we=0000 mem_rd=0540006f
COMMIT t=495000 wb_pc=000000c8 wb_we=1 wb_rd=x30 wb_val=00000000 IF_pc=000000d8 IF_inst=e6851503 ID_pc=000000d4 ID_inst=00002517 EX_pc=000000d0 EX_alu=0000006f mem_stall=0 mem_commit=0 mem_we=0000 mem_addr=00000000 mem_wd=00000000 mem_rd=0540006f
TRACE t=505000 wb_have=1 pcIF=000000dc instIF=00002597 pcID=000000d8 instID=e6851503 pcEX=000000d4 aluMEM=0000006f mem_stall=0 mem_waited=0 mem_addr=0000006f mem_we=0000 mem_rd=0540006f
COMMIT t=505000 wb_pc=000000cc wb_we=1 wb_rd=x31 wb_val=00000000 IF_pc=000000dc IF_inst=00002597 ID_pc=000000d8 ID_inst=e6851503 EX_pc=000000d4 EX_alu=000020d4 mem_stall=0 mem_commit=0 mem_we=0000 mem_addr=0000006f mem_wd=00000000 mem_rd=0540006f
TRACE t=515000 wb_have=1 pcIF=000000e0 instIF=e6259583 pcID=000000dc instID=00002597 pcEX=000000d8 aluMEM=000020d4 mem_stall=0 mem_waited=0 mem_addr=000020d4 mem_we=0000 mem_rd=00000393
COMMIT t=515000 wb_pc=000000d0 wb_we=1 wb_rd=x13 wb_val=0000006f IF_pc=000000e0 IF_inst=e6259583 ID_pc=000000dc ID_inst=00002597 EX_pc=000000d8 EX_alu=00001f3c mem_stall=0 mem_commit=0 mem_we=0000 mem_addr=000020d4 mem_wd=00000000 mem_rd=00000393
TRACE t=525000 wb_have=1 pcIF=000000e4 instIF=00000013 pcID=000000e0 instID=e6259583 pcEX=000000dc aluMEM=00001f3c mem_stall=1 mem_waited=0 mem_addr=00001f3c mem_we=0000 mem_rd=00000000
COMMIT t=525000 wb_pc=000000d4 wb_we=1 wb_rd=x10 wb_val=000020d4 IF_pc=000000e4 IF_inst=00000013 ID_pc=000000e0 ID_inst=e6259583 EX_pc=000000dc EX_alu=000020dc mem_stall=1 mem_commit=0 mem_we=0000 mem_addr=00001f3c mem_wd=00000000 mem_rd=00000000
TRACE t=535000 wb_have=1 pcIF=000000e4 instIF=00000013 pcID=000000e0 instID=e6259583 pcEX=000000dc aluMEM=00001f3c mem_stall=0 mem_waited=1 mem_addr=00001f3c mem_we=0000 mem_rd=14d68693
COMMIT t=535000 wb_pc=000000d4 wb_we=1 wb_rd=x10 wb_val=000020d4 IF_pc=000000e4 IF_inst=00000013 ID_pc=000000e0 ID_inst=e6259583 EX_pc=000000dc EX_alu=000020dc mem_stall=0 mem_commit=1 mem_we=0000 mem_addr=00001f3c mem_wd=00000000 mem_rd=14d68693
TRACE t=545000 wb_have=1 pcIF=000000e8 instIF=00000013 pcID=000000e4 instID=00000013 pcEX=000000e0 aluMEM=000020dc mem_stall=0 mem_waited=0 mem_addr=000020dc mem_we=0000 mem_rd=14d68693
COMMIT t=545000 wb_pc=000000d8 wb_we=1 wb_rd=x10 wb_val=ffff8693 IF_pc=000000e8 IF_inst=00000013 ID_pc=000000e4 ID_inst=00000013 EX_pc=000000e0 EX_alu=00001f3e mem_stall=0 mem_commit=0 mem_we=0000 mem_addr=000020dc mem_wd=00000000 mem_rd=14d68693
TRACE t=555000 wb_have=0 pcIF=000000ec instIF=00000013 pcID=000000e8 instID=00000013 pcEX=000000e4 aluMEM=00001f3e mem_stall=1 mem_waited=0 mem_addr=00001f3e mem_we=0000 mem_rd=00000000
TRACE t=565000 wb_have=1 pcIF=000000ec instIF=00000013 pcID=000000e8 instID=00000013 pcEX=000000e4 aluMEM=00001f3e mem_stall=0 mem_waited=1 mem_addr=00001f3e mem_we=0000 mem_rd=14d68693
COMMIT t=565000 wb_pc=000000dc wb_we=1 wb_rd=x11 wb_val=000020dc IF_pc=000000ec IF_inst=00000013 ID_pc=000000e8 ID_inst=00000013 EX_pc=000000e4 EX_alu=00000000 mem_stall=0 mem_commit=1 mem_we=0000 mem_addr=00001f3e mem_wd=00000000 mem_rd=14d68693
TRACE t=575000 wb_have=1 pcIF=000000f0 instIF=00000013 pcID=000000ec instID=00000013 pcEX=000000e8 aluMEM=00000000 mem_stall=0 mem_waited=0 mem_addr=00000000 mem_we=0000 mem_rd=14d68693
COMMIT t=575000 wb_pc=000000e0 wb_we=1 wb_rd=x11 wb_val=000014d6 IF_pc=000000f0 IF_inst=00000013 ID_pc=000000ec ID_inst=00000013 EX_pc=000000e8 EX_alu=00000000 mem_stall=0 mem_commit=0 mem_we=0000 mem_addr=00000000 mem_wd=00000000 mem_rd=14d68693
TRACE t=585000 wb_have=0 pcIF=000000f4 instIF=00000013 pcID=000000f0 instID=00000013 pcEX=000000ec aluMEM=00000000 mem_stall=0 mem_waited=0 mem_addr=00000000 mem_we=0000 mem_rd=0540006f
TRACE t=595000 wb_have=1 pcIF=000000f8 instIF=00000013 pcID=000000f4 instID=00000013 pcEX=000000f0 aluMEM=00000000 mem_stall=0 mem_waited=0 mem_addr=00000000 mem_we=0000 mem_rd=0540006f
COMMIT t=595000 wb_pc=000000e8 wb_we=1 wb_rd=x0 wb_val=00000000 IF_pc=000000f8 IF_inst=00000013 ID_pc=000000f4 ID_inst=00000013 EX_pc=000000f0 EX_alu=00000000 mem_stall=0 mem_commit=0 mem_we=0000 mem_addr=00000000 mem_wd=00000000 mem_rd=0540006f
TRACE t=605000 wb_have=1 pcIF=000000fc instIF=00002297 pcID=000000f8 instID=00000013 pcEX=000000f4 aluMEM=00000000 mem_stall=0 mem_waited=0 mem_addr=00000000 mem_we=0000 mem_rd=0540006f
COMMIT t=605000 wb_pc=000000ec wb_we=1 wb_rd=x0 wb_val=00000000 IF_pc=000000fc IF_inst=00002297 ID_pc=000000f8 ID_inst=00000013 EX_pc=000000f4 EX_alu=00000000 mem_stall=0 mem_commit=0 mem_we=0000 mem_addr=00000000 mem_wd=00000000 mem_rd=0540006f
TRACE t=615000 wb_have=1 pcIF=00000100 instIF=e4a29223 pcID=000000fc instID=00002297 pcEX=000000f8 aluMEM=00000000 mem_stall=0 mem_waited=0 mem_addr=00000000 mem_we=0000 mem_rd=0540006f
COMMIT t=615000 wb_pc=000000f0 wb_we=1 wb_rd=x0 wb_val=00000000 IF_pc=00000100 IF_inst=e4a29223 ID_pc=000000fc ID_inst=00002297 EX_pc=000000f8 EX_alu=00000000 mem_stall=0 mem_commit=0 mem_we=0000 mem_addr=00000000 mem_wd=00000000 mem_rd=0540006f
TRACE t=625000 wb_have=1 pcIF=00000104 instIF=00002297 pcID=00000100 instID=e4a29223 pcEX=000000fc aluMEM=00000000 mem_stall=0 mem_waited=0 mem_addr=00000000 mem_we=0000 mem_rd=0540006f
COMMIT t=625000 wb_pc=000000f4 wb_we=1 wb_rd=x0 wb_val=00000000 IF_pc=00000104 IF_inst=00002297 ID_pc=00000100 ID_inst=e4a29223 EX_pc=000000fc EX_alu=000020fc mem_stall=0 mem_commit=0 mem_we=0000 mem_addr=00000000 mem_wd=00000000 mem_rd=0540006f
TRACE t=635000 wb_have=1 pcIF=00000104 instIF=00002297 pcID=00000100 instID=e4a29223 pcEX=00000100 aluMEM=000020fc mem_stall=0 mem_waited=0 mem_addr=000020fc mem_we=0000 mem_rd=0540006f
COMMIT t=635000 wb_pc=000000f8 wb_we=1 wb_rd=x0 wb_val=00000000 IF_pc=00000104 IF_inst=00002297 ID_pc=00000100 ID_inst=e4a29223 EX_pc=00000100 EX_alu=00001f40 mem_stall=0 mem_commit=0 mem_we=0000 mem_addr=000020fc mem_wd=00000000 mem_rd=0540006f
TRACE t=645000 wb_have=1 pcIF=00000108 instIF=e2b29f23 pcID=00000104 instID=00002297 pcEX=00000100 aluMEM=00001f40 mem_stall=1 mem_waited=0 mem_addr=00001f40 mem_we=0000 mem_rd=00000000
COMMIT t=645000 wb_pc=000000fc wb_we=1 wb_rd=x5 wb_val=000020fc IF_pc=00000108 IF_inst=e2b29f23 ID_pc=00000104 ID_inst=00002297 EX_pc=00000100 EX_alu=00001f40 mem_stall=1 mem_commit=0 mem_we=0000 mem_addr=00001f40 mem_wd=ffff8693 mem_rd=00000000
TRACE t=655000 wb_have=0 pcIF=00000108 instIF=e2b29f23 pcID=00000104 instID=00002297 pcEX=00000100 aluMEM=00001f40 mem_stall=0 mem_waited=1 mem_addr=00001f40 mem_we=0000 mem_rd=0de68693
TRACE t=665000 wb_have=1 pcIF=0000010c instIF=0000100f pcID=00000108 instID=e2b29f23 pcEX=00000104 aluMEM=00001f40 mem_stall=1 mem_waited=0 mem_addr=00001f40 mem_we=0000 mem_rd=0de68693
COMMIT t=665000 wb_pc=00000100 wb_we=1 wb_rd=x0 wb_val=0de68693 IF_pc=0000010c IF_inst=0000100f ID_pc=00000108 ID_inst=e2b29f23 EX_pc=00000104 EX_alu=00002104 mem_stall=1 mem_commit=0 mem_we=0000 mem_addr=00001f40 mem_wd=00008693 mem_rd=0de68693
TRACE t=675000 wb_have=0 pcIF=0000010c instIF=0000100f pcID=00000108 instID=e2b29f23 pcEX=00000104 aluMEM=00001f40 mem_stall=0 mem_waited=1 mem_addr=00001f40 mem_we=0011 mem_rd=0de68693
MEM_WRITE t=675000 pc=00000100 addr=00001f40 wd=00008693 ctrl=1
TRACE t=685000 wb_have=1 pcIF=00000110 instIF=00002797 pcID=0000010c instID=0000100f pcEX=00000108 aluMEM=00002104 mem_stall=0 mem_waited=0 mem_addr=00002104 mem_we=0000 mem_rd=0de68693
COMMIT t=685000 wb_pc=00000100 wb_we=0 wb_rd=x4 wb_val=00001f40 IF_pc=00000110 IF_inst=00002797 ID_pc=0000010c ID_inst=0000100f EX_pc=00000108 EX_alu=00001f42 mem_stall=0 mem_commit=0 mem_we=0000 mem_addr=00002104 mem_wd=00000000 mem_rd=0de68693
TRACE t=695000 wb_have=0 pcIF=00000114 instIF=e3078793 pcID=00000110 instID=00002797 pcEX=0000010c aluMEM=00001f42 mem_stall=1 mem_waited=0 mem_addr=00001f42 mem_we=0000 mem_rd=00000000
TRACE t=705000 wb_have=1 pcIF=00000114 instIF=e3078793 pcID=00000110 instID=00002797 pcEX=0000010c aluMEM=00001f42 mem_stall=0 mem_waited=1 mem_addr=00001f42 mem_we=1100 mem_rd=0de68693
COMMIT t=705000 wb_pc=00000104 wb_we=1 wb_rd=x5 wb_val=00002104 IF_pc=00000114 IF_inst=e3078793 ID_pc=00000110 ID_inst=00002797 EX_pc=0000010c EX_alu=00000000 mem_stall=0 mem_commit=1 mem_we=1100 mem_addr=00001f42 mem_wd=14d60000 mem_rd=0de68693
MEM_WRITE t=705000 pc=00000104 addr=00001f42 wd=14d60000 ctrl=1
TRACE t=715000 wb_have=1 pcIF=00000118 instIF=00078367 pcID=00000114 instID=e3078793 pcEX=00000110 aluMEM=00000000 mem_stall=0 mem_waited=0 mem_addr=00000000 mem_we=0000 mem_rd=14d68693
COMMIT t=715000 wb_pc=00000108 wb_we=0 wb_rd=x30 wb_val=00001f42 IF_pc=00000118 IF_inst=00078367 ID_pc=00000114 ID_inst=e3078793 EX_pc=00000110 EX_alu=00002110 mem_stall=0 mem_commit=0 mem_we=0000 mem_addr=00000000 mem_wd=00000000 mem_rd=14d68693
TRACE t=725000 wb_have=0 pcIF=0000011c instIF=00200193 pcID=00000118 instID=00078367 pcEX=00000114 aluMEM=00002110 mem_stall=0 mem_waited=0 mem_addr=00002110 mem_we=0000 mem_rd=0540006f
TRACE t=735000 wb_have=1 pcIF=00000120 instIF=00000013 pcID=0000011c instID=00200193 pcEX=00000118 aluMEM=00001f40 mem_stall=0 mem_waited=0 mem_addr=00001f40 mem_we=0000 mem_rd=00000000
COMMIT t=735000 wb_pc=00000110 wb_we=1 wb_rd=x15 wb_val=00002110 IF_pc=00000120 IF_inst=00000013 ID_pc=0000011c ID_inst=00200193 EX_pc=00000118 EX_alu=00001f40 mem_stall=0 mem_commit=0 mem_we=0000 mem_addr=00001f40 mem_wd=00000000 mem_rd=00000000
TRACE t=745000 wb_have=1 pcIF=00000000 instIF=00000013 pcID=00000000 instID=00000013 pcEX=00000000 aluMEM=00001f40 mem_stall=0 mem_waited=0 mem_addr=00001f40 mem_we=0000 mem_rd=14d68693
COMMIT t=745000 wb_pc=00000114 wb_we=1 wb_rd=x15 wb_val=00001f40 IF_pc=00000000 IF_inst=00000013 ID_pc=00000000 ID_inst=00000013 EX_pc=00000000 EX_alu=00000000 mem_stall=0 mem_commit=0 mem_we=0000 mem_addr=00001f40 mem_wd=00000000 mem_rd=14d68693
TRACE t=755000 wb_have=1 pcIF=00000000 instIF=00000013 pcID=00000000 instID=00000013 pcEX=00000000 aluMEM=00000000 mem_stall=0 mem_waited=0 mem_addr=00000000 mem_we=0000 mem_rd=14d68693
COMMIT t=755000 wb_pc=00000118 wb_we=1 wb_rd=x6 wb_val=0000011c IF_pc=00000000 IF_inst=00000013 ID_pc=00000000 ID_inst=00000013 EX_pc=00000000 EX_alu=00000000 mem_stall=0 mem_commit=0 mem_we=0000 mem_addr=00000000 mem_wd=00000000 mem_rd=14d68693
TRACE t=765000 wb_have=0 pcIF=00001f40 instIF=0de68693 pcID=00000000 instID=00000013 pcEX=00000000 aluMEM=00000000 mem_stall=0 mem_waited=0 mem_addr=00000000 mem_we=0000 mem_rd=0540006f
TRACE t=775000 wb_have=0 pcIF=00001f44 instIF=000307e7 pcID=00001f40 instID=0de68693 pcEX=00000000 aluMEM=00000000 mem_stall=0 mem_waited=0 mem_addr=00000000 mem_we=0000 mem_rd=0540006f
TRACE t=785000 wb_have=1 pcIF=00001f48 instIF=22b68693 pcID=00001f44 instID=000307e7 pcEX=00001f40 aluMEM=00000000 mem_stall=0 mem_waited=0 mem_addr=00000000 mem_we=0000 mem_rd=0540006f
COMMIT t=785000 wb_pc=00000000 wb_we=1 wb_rd=x0 wb_val=00000000 IF_pc=00001f48 IF_inst=22b68693 ID_pc=00001f44 ID_inst=000307e7 EX_pc=00001f40 EX_alu=0000014d mem_stall=0 mem_commit=0 mem_we=0000 mem_addr=00000000 mem_wd=00000000 mem_rd=0540006f
TRACE t=795000 wb_have=1 pcIF=00001f4c instIF=000307e7 pcID=00001f48 instID=22b68693 pcEX=00001f44 aluMEM=0000014d mem_stall=0 mem_waited=0 mem_addr=0000014d mem_we=0000 mem_rd=0540006f
COMMIT t=795000 wb_pc=00000000 wb_we=1 wb_rd=x0 wb_val=00000000 IF_pc=00001f4c IF_inst=000307e7 ID_pc=00001f48 ID_inst=22b68693 EX_pc=00001f44 EX_alu=0000011c mem_stall=0 mem_commit=0 mem_we=0000 mem_addr=0000014d mem_wd=00000000 mem_rd=0540006f
TRACE t=805000 wb_have=1 pcIF=00000000 instIF=00000013 pcID=00000000 instID=00000013 pcEX=00000000 aluMEM=0000011c mem_stall=0 mem_waited=0 mem_addr=0000011c mem_we=0000 mem_rd=00000013
COMMIT t=805000 wb_pc=00001f40 wb_we=1 wb_rd=x13 wb_val=0000014d IF_pc=00000000 IF_inst=00000013 ID_pc=00000000 ID_inst=00000013 EX_pc=00000000 EX_alu=00000000 mem_stall=0 mem_commit=0 mem_we=0000 mem_addr=0000011c mem_wd=00000000 mem_rd=00000013
TRACE t=815000 wb_have=1 pcIF=00000000 instIF=00000013 pcID=00000000 instID=00000013 pcEX=00000000 aluMEM=00000000 mem_stall=0 mem_waited=0 mem_addr=00000000 mem_we=0000 mem_rd=00200193
COMMIT t=815000 wb_pc=00001f44 wb_we=1 wb_rd=x15 wb_val=00001f48 IF_pc=00000000 IF_inst=00000013 ID_pc=00000000 ID_inst=00000013 EX_pc=00000000 EX_alu=00000000 mem_stall=0 mem_commit=0 mem_we=0000 mem_addr=00000000 mem_wd=00000000 mem_rd=00200193
TRACE t=825000 wb_have=0 pcIF=0000011c instIF=00200193 pcID=00000000 instID=00000013 pcEX=00000000 aluMEM=00000000 mem_stall=0 mem_waited=0 mem_addr=00000000 mem_we=0000 mem_rd=0540006f
TRACE t=835000 wb_have=0 pcIF=00000120 instIF=00000013 pcID=0000011c instID=00200193 pcEX=00000000 aluMEM=00000000 mem_stall=0 mem_waited=0 mem_addr=00000000 mem_we=0000 mem_rd=0540006f
TRACE t=845000 wb_have=1 pcIF=00000124 instIF=1bc00393 pcID=00000120 instID=00000013 pcEX=0000011c aluMEM=00000000 mem_stall=0 mem_waited=0 mem_addr=00000000 mem_we=0000 mem_rd=0540006f
COMMIT t=845000 wb_pc=00000000 wb_we=1 wb_rd=x0 wb_val=00000000 IF_pc=00000124 IF_inst=1bc00393 ID_pc=00000120 ID_inst=00000013 EX_pc=0000011c EX_alu=00000002 mem_stall=0 mem_commit=0 mem_we=0000 mem_addr=00000000 mem_wd=00000000 mem_rd=0540006f
TRACE t=855000 wb_have=1 pcIF=00000128 instIF=06769a63 pcID=00000124 instID=1bc00393 pcEX=00000120 aluMEM=00000002 mem_stall=0 mem_waited=0 mem_addr=00000002 mem_we=0000 mem_rd=0540006f
COMMIT t=855000 wb_pc=00000000 wb_we=1 wb_rd=x0 wb_val=00000000 IF_pc=00000128 IF_inst=06769a63 ID_pc=00000124 ID_inst=1bc00393 EX_pc=00000120 EX_alu=00000000 mem_stall=0 mem_commit=0 mem_we=0000 mem_addr=00000002 mem_wd=00000000 mem_rd=0540006f
TRACE t=865000 wb_have=1 pcIF=0000012c instIF=06400713 pcID=00000128 instID=06769a63 pcEX=00000124 aluMEM=00000000 mem_stall=0 mem_waited=0 mem_addr=00000000 mem_we=0000 mem_rd=0540006f
COMMIT t=865000 wb_pc=0000011c wb_we=1 wb_rd=x3 wb_val=00000002 IF_pc=0000012c IF_inst=06400713 ID_pc=00000128 ID_inst=06769a63 EX_pc=00000124 EX_alu=000001bc mem_stall=0 mem_commit=0 mem_we=0000 mem_addr=00000000 mem_wd=00000000 mem_rd=0540006f
TRACE t=875000 wb_have=1 pcIF=00000130 instIF=fff70713 pcID=0000012c instID=06400713 pcEX=00000128 aluMEM=000001bc mem_stall=0 mem_waited=0 mem_addr=000001bc mem_we=0000 mem_rd=0540006f
COMMIT t=875000 wb_pc=00000120 wb_we=1 wb_rd=x0 wb_val=00000000 IF_pc=00000130 IF_inst=fff70713 ID_pc=0000012c ID_inst=06400713 EX_pc=00000128 EX_alu=0000019c mem_stall=0 mem_commit=0 mem_we=0000 mem_addr=000001bc mem_wd=00000000 mem_rd=0540006f
TRACE t=885000 wb_have=1 pcIF=00000000 instIF=00000013 pcID=00000000 instID=00000013 pcEX=00000000 aluMEM=0000019c mem_stall=0 mem_waited=0 mem_addr=0000019c mem_we=0000 mem_rd=0062a023
COMMIT t=885000 wb_pc=00000124 wb_we=1 wb_rd=x7 wb_val=000001bc IF_pc=00000000 IF_inst=00000013 ID_pc=00000000 ID_inst=00000013 EX_pc=00000000 EX_alu=00000000 mem_stall=0 mem_commit=0 mem_we=0000 mem_addr=0000019c mem_wd=000001bc mem_rd=0062a023
TRACE t=895000 wb_have=1 pcIF=00000000 instIF=00000013 pcID=00000000 instID=00000013 pcEX=00000000 aluMEM=00000000 mem_stall=0 mem_waited=0 mem_addr=00000000 mem_we=0000 mem_rd=0ff0000f
COMMIT t=895000 wb_pc=00000128 wb_we=0 wb_rd=x20 wb_val=0000019c IF_pc=00000000 IF_inst=00000013 ID_pc=00000000 ID_inst=00000013 EX_pc=00000000 EX_alu=00000000 mem_stall=0 mem_commit=0 mem_we=0000 mem_addr=00000000 mem_wd=00000000 mem_rd=0ff0000f
TRACE t=905000 wb_have=0 pcIF=0000019c instIF=0ff0000f pcID=00000000 instID=00000013 pcEX=00000000 aluMEM=00000000 mem_stall=0 mem_waited=0 mem_addr=00000000 mem_we=0000 mem_rd=0540006f
TRACE t=915000 wb_have=0 pcIF=000001a0 instIF=800002b7 pcID=0000019c instID=0ff0000f pcEX=00000000 aluMEM=00000000 mem_stall=0 mem_waited=0 mem_addr=00000000 mem_we=0000 mem_rd=0540006f
TRACE t=925000 wb_have=1 pcIF=000001a4 instIF=00200313 pcID=000001a0 instID=800002b7 pcEX=0000019c aluMEM=00000000 mem_stall=0 mem_waited=0 mem_addr=00000000 mem_we=0000 mem_rd=0540006f
COMMIT t=925000 wb_pc=00000000 wb_we=1 wb_rd=x0 wb_val=00000000 IF_pc=000001a4 IF_inst=00200313 ID_pc=000001a0 ID_inst=800002b7 EX_pc=0000019c EX_alu=000000ff mem_stall=0 mem_commit=0 mem_we=0000 mem_addr=00000000 mem_wd=00000000 mem_rd=0540006f
TRACE t=935000 wb_have=1 pcIF=000001a8 instIF=0062a023 pcID=000001a4 instID=00200313 pcEX=000001a0 aluMEM=000000ff mem_stall=0 mem_waited=0 mem_addr=000000ff mem_we=0000 mem_rd=0540006f
COMMIT t=935000 wb_pc=00000000 wb_we=1 wb_rd=x0 wb_val=00000000 IF_pc=000001a8 IF_inst=0062a023 ID_pc=000001a4 ID_inst=00200313 EX_pc=000001a0 EX_alu=80000000 mem_stall=0 mem_commit=0 mem_we=0000 mem_addr=000000ff mem_wd=00000000 mem_rd=0540006f
TRACE t=945000 wb_have=1 pcIF=000001ac instIF=0000006f pcID=000001a8 instID=0062a023 pcEX=000001a4 aluMEM=80000000 mem_stall=0 mem_waited=0 mem_addr=80000000 mem_we=0000 mem_rd=00002297
COMMIT t=945000 wb_pc=0000019c wb_we=0 wb_rd=x0 wb_val=000000ff IF_pc=000001ac IF_inst=0000006f ID_pc=000001a8 ID_inst=0062a023 EX_pc=000001a4 EX_alu=00000002 mem_stall=0 mem_commit=0 mem_we=0000 mem_addr=80000000 mem_wd=00000000 mem_rd=00002297
TRACE t=955000 wb_have=1 pcIF=00000000 instIF=00000013 pcID=000001ac instID=0000006f pcEX=000001a8 aluMEM=00000002 mem_stall=0 mem_waited=0 mem_addr=00000002 mem_we=0000 mem_rd=00000000
COMMIT t=955000 wb_pc=000001a0 wb_we=1 wb_rd=x5 wb_val=80000000 IF_pc=00000000 IF_inst=00000013 ID_pc=000001ac ID_inst=0000006f EX_pc=000001a8 EX_alu=80000000 mem_stall=0 mem_commit=0 mem_we=0000 mem_addr=00000002 mem_wd=00000000 mem_rd=00000000
TRACE t=965000 wb_have=1 pcIF=00000000 instIF=00000013 pcID=00000000 instID=00000013 pcEX=000001ac aluMEM=80000000 mem_stall=1 mem_waited=0 mem_addr=80000000 mem_we=0000 mem_rd=0540006f
COMMIT t=965000 wb_pc=000001a4 wb_we=1 wb_rd=x6 wb_val=00000002 IF_pc=00000000 IF_inst=00000013 ID_pc=00000000 ID_inst=00000013 EX_pc=000001ac EX_alu=000001ac mem_stall=1 mem_commit=0 mem_we=0000 mem_addr=80000000 mem_wd=00000002 mem_rd=0540006f
TRACE t=975000 wb_have=1 pcIF=000001ac instIF=0000006f pcID=00000000 instID=00000013 pcEX=000001ac aluMEM=80000000 mem_stall=0 mem_waited=1 mem_addr=80000000 mem_we=1111 mem_rd=00000000
COMMIT t=975000 wb_pc=000001a4 wb_we=1 wb_rd=x6 wb_val=00000002 IF_pc=000001ac IF_inst=0000006f ID_pc=00000000 ID_inst=00000013 EX_pc=000001ac EX_alu=000001ac mem_stall=0 mem_commit=1 mem_we=1111 mem_addr=80000000 mem_wd=00000002 mem_rd=00000000
MEM_WRITE t=975000 pc=000001a4 addr=80000000 wd=00000002 ctrl=1
RESULT FAIL code=00000002 pc=000001a4 wb_reg=6 wb_value=00000002 time=975000
