Copyright 1986-2021 Xilinx, Inc. All Rights Reserved.
------------------------------------------------------------------------------------------------------------------------------------------------------
| Tool Version : Vivado v.2021.2 (win64) Build 3367213 Tue Oct 19 02:48:09 MDT 2021
| Date         : Mon May  4 14:42:28 2026
| Host         : WDDdLaptop running 64-bit major release  (build 9200)
| Command      : report_timing_summary -file D:/riscv32_pipeline_cache/report_artifacts/cache_area_impl_after_index4/top_timing_impl_after_index4.rpt
| Design       : top
| Device       : 7z020-clg400
| Speed File   : -2  PRODUCTION 1.12 2019-11-22
------------------------------------------------------------------------------------------------------------------------------------------------------

Timing Summary Report

------------------------------------------------------------------------------------------------
| Timer Settings
| --------------
------------------------------------------------------------------------------------------------

  Enable Multi Corner Analysis               :  Yes
  Enable Pessimism Removal                   :  Yes
  Pessimism Removal Resolution               :  Nearest Common Node
  Enable Input Delay Default Clock           :  No
  Enable Preset / Clear Arcs                 :  No
  Disable Flight Delays                      :  No
  Ignore I/O Paths                           :  No
  Timing Early Launch at Borrowing Latches   :  No
  Borrow Time for Max Delay Exceptions       :  Yes
  Merge Timing Exceptions                    :  Yes

  Corner  Analyze    Analyze    
  Name    Max Paths  Min Paths  
  ------  ---------  ---------  
  Slow    Yes        Yes        
  Fast    Yes        Yes        


------------------------------------------------------------------------------------------------
| Report Methodology
| ------------------
------------------------------------------------------------------------------------------------

No report available as report_methodology has not been run prior. Run report_methodology on the current design for the summary of methodology violations.



check_timing report

Table of Contents
-----------------
1. checking no_clock (0)
2. checking constant_clock (0)
3. checking pulse_width_clock (0)
4. checking unconstrained_internal_endpoints (0)
5. checking no_input_delay (1)
6. checking no_output_delay (1)
7. checking multiple_clock (0)
8. checking generated_clocks (0)
9. checking loops (0)
10. checking partial_input_delay (0)
11. checking partial_output_delay (0)
12. checking latch_loops (0)

1. checking no_clock (0)
------------------------
 There are 0 register/latch pins with no clock.


2. checking constant_clock (0)
------------------------------
 There are 0 register/latch pins with constant_clock.


3. checking pulse_width_clock (0)
---------------------------------
 There are 0 register/latch pins which need pulse_width check


4. checking unconstrained_internal_endpoints (0)
------------------------------------------------
 There are 0 pins that are not constrained for maximum delay.

 There are 0 pins that are not constrained for maximum delay due to constant clock.


5. checking no_input_delay (1)
------------------------------
 There is 1 input port with no input delay specified. (HIGH)

 There are 0 input ports with no input delay but user has a false path constraint.


6. checking no_output_delay (1)
-------------------------------
 There is 1 port with no output delay specified. (HIGH)

 There are 0 ports with no output delay but user has a false path constraint

 There are 0 ports with no output delay but with a timing clock defined on it or propagating through it


7. checking multiple_clock (0)
------------------------------
 There are 0 register/latch pins with multiple clocks.


8. checking generated_clocks (0)
--------------------------------
 There are 0 generated clocks that are not connected to a clock source.


9. checking loops (0)
---------------------
 There are 0 combinational loops in the design.


10. checking partial_input_delay (0)
------------------------------------
 There are 0 input ports with partial input delay specified.


11. checking partial_output_delay (0)
-------------------------------------
 There are 0 ports with partial output delay specified.


12. checking latch_loops (0)
----------------------------
 There are 0 combinational latch loops in the design through latch input



------------------------------------------------------------------------------------------------
| Design Timing Summary
| ---------------------
------------------------------------------------------------------------------------------------

    WNS(ns)      TNS(ns)  TNS Failing Endpoints  TNS Total Endpoints      WHS(ns)      THS(ns)  THS Failing Endpoints  THS Total Endpoints     WPWS(ns)     TPWS(ns)  TPWS Failing Endpoints  TPWS Total Endpoints  
    -------      -------  ---------------------  -------------------      -------      -------  ---------------------  -------------------     --------     --------  ----------------------  --------------------  
     -3.523    -3002.403                   1158                12234        0.080        0.000                      0                12234        6.167        0.000                       0                  5904  


Timing constraints are not met.


------------------------------------------------------------------------------------------------
| Clock Summary
| -------------
------------------------------------------------------------------------------------------------

Clock                Waveform(ns)       Period(ns)      Frequency(MHz)
-----                ------------       ----------      --------------
sys_clk_pin          {0.000 10.000}     20.000          50.000          
  clk_out1_cpuclk_1  {0.000 6.667}      13.333          75.000          
  clkfbout_cpuclk_1  {0.000 20.000}     40.000          25.000          


------------------------------------------------------------------------------------------------
| Intra Clock Table
| -----------------
------------------------------------------------------------------------------------------------

Clock                    WNS(ns)      TNS(ns)  TNS Failing Endpoints  TNS Total Endpoints      WHS(ns)      THS(ns)  THS Failing Endpoints  THS Total Endpoints     WPWS(ns)     TPWS(ns)  TPWS Failing Endpoints  TPWS Total Endpoints  
-----                    -------      -------  ---------------------  -------------------      -------      -------  ---------------------  -------------------     --------     --------  ----------------------  --------------------  
sys_clk_pin                                                                                                                                                            7.000        0.000                       0                     1  
  clk_out1_cpuclk_1       -3.523    -3002.403                   1158                12234        0.080        0.000                      0                12234        6.167        0.000                       0                  5900  
  clkfbout_cpuclk_1                                                                                                                                                   12.633        0.000                       0                     3  


------------------------------------------------------------------------------------------------
| Inter Clock Table
| -----------------
------------------------------------------------------------------------------------------------

From Clock    To Clock          WNS(ns)      TNS(ns)  TNS Failing Endpoints  TNS Total Endpoints      WHS(ns)      THS(ns)  THS Failing Endpoints  THS Total Endpoints  
----------    --------          -------      -------  ---------------------  -------------------      -------      -------  ---------------------  -------------------  


------------------------------------------------------------------------------------------------
| Other Path Groups Table
| -----------------------
------------------------------------------------------------------------------------------------

Path Group    From Clock    To Clock          WNS(ns)      TNS(ns)  TNS Failing Endpoints  TNS Total Endpoints      WHS(ns)      THS(ns)  THS Failing Endpoints  THS Total Endpoints  
----------    ----------    --------          -------      -------  ---------------------  -------------------      -------      -------  ---------------------  -------------------  


------------------------------------------------------------------------------------------------
| Timing Details
| --------------
------------------------------------------------------------------------------------------------


---------------------------------------------------------------------------------------------------
From Clock:  sys_clk_pin
  To Clock:  sys_clk_pin

Setup :           NA  Failing Endpoints,  Worst Slack           NA  ,  Total Violation           NA
Hold  :           NA  Failing Endpoints,  Worst Slack           NA  ,  Total Violation           NA
PW    :            0  Failing Endpoints,  Worst Slack        7.000ns,  Total Violation        0.000ns
---------------------------------------------------------------------------------------------------


Pulse Width Checks
--------------------------------------------------------------------------------------
Clock Name:         sys_clk_pin
Waveform(ns):       { 0.000 10.000 }
Period(ns):         20.000
Sources:            { clk }

Check Type        Corner  Lib Pin           Reference Pin  Required(ns)  Actual(ns)  Slack(ns)  Location        Pin
Min Period        n/a     PLLE2_ADV/CLKIN1  n/a            1.249         20.000      18.751     PLLE2_ADV_X1Y1  cpuClk/inst/plle2_adv_inst/CLKIN1
Max Period        n/a     PLLE2_ADV/CLKIN1  n/a            52.633        20.000      32.633     PLLE2_ADV_X1Y1  cpuClk/inst/plle2_adv_inst/CLKIN1
Low Pulse Width   Slow    PLLE2_ADV/CLKIN1  n/a            3.000         10.000      7.000      PLLE2_ADV_X1Y1  cpuClk/inst/plle2_adv_inst/CLKIN1
High Pulse Width  Slow    PLLE2_ADV/CLKIN1  n/a            3.000         10.000      7.000      PLLE2_ADV_X1Y1  cpuClk/inst/plle2_adv_inst/CLKIN1



---------------------------------------------------------------------------------------------------
From Clock:  clk_out1_cpuclk_1
  To Clock:  clk_out1_cpuclk_1

Setup :         1158  Failing Endpoints,  Worst Slack       -3.523ns,  Total Violation    -3002.403ns
Hold  :            0  Failing Endpoints,  Worst Slack        0.080ns,  Total Violation        0.000ns
PW    :            0  Failing Endpoints,  Worst Slack        6.167ns,  Total Violation        0.000ns
---------------------------------------------------------------------------------------------------


Max Delay Paths
--------------------------------------------------------------------------------------
Slack (VIOLATED) :        -3.523ns  (required time - arrival time)
  Source:                 mini_rv_u/id_ex/Rs1_o_reg[0]/C
                            (rising edge-triggered cell FDCE clocked by clk_out1_cpuclk_1  {rise@0.000ns fall@6.667ns period=13.333ns})
  Destination:            mini_rv_u/If/IF_icache/u_cache/gen_icache_data.data_bram/U0/inst_blk_mem_gen/gnbram.gnativebmg.native_blk_mem_gen/valid.cstr/ramloop[0].ram.r/prim_noinit.ram/DEVICE_7SERIES.NO_BMM_INFO.SDP.WIDE_PRIM36_NO_ECC.ram/DIADI[0]
                            (rising edge-triggered cell RAMB36E1 clocked by clk_out1_cpuclk_1  {rise@0.000ns fall@6.667ns period=13.333ns})
  Path Group:             clk_out1_cpuclk_1
  Path Type:              Setup (Max at Slow Process Corner)
  Requirement:            13.333ns  (clk_out1_cpuclk_1 rise@13.333ns - clk_out1_cpuclk_1 rise@0.000ns)
  Data Path Delay:        16.009ns  (logic 4.804ns (30.009%)  route 11.205ns (69.991%))
  Logic Levels:           26  (CARRY4=6 LUT3=2 LUT5=4 LUT6=11 MUXF7=2 MUXF8=1)
  Clock Path Skew:        -0.071ns (DCD - SCD + CPR)
    Destination Clock Delay (DCD):    -1.458ns = ( 11.876 - 13.333 ) 
    Source Clock Delay      (SCD):    -1.925ns
    Clock Pessimism Removal (CPR):    -0.537ns
  Clock Uncertainty:      0.136ns  ((TSJ^2 + DJ^2)^1/2) / 2 + PE
    Total System Jitter     (TSJ):    0.071ns
    Discrete Jitter          (DJ):    0.263ns
    Phase Error              (PE):    0.000ns

    Location             Delay type                Incr(ns)  Path(ns)    Netlist Resource(s)
  -------------------------------------------------------------------    -------------------
                         (clock clk_out1_cpuclk_1 rise edge)
                                                      0.000     0.000 r  
    U18                                               0.000     0.000 r  clk (IN)
                         net (fo=0)                   0.000     0.000    cpuClk/inst/clk_in1
    U18                  IBUF (Prop_ibuf_I_O)         1.429     1.429 r  cpuClk/inst/clkin1_ibufg/O
                         net (fo=1, routed)           1.126     2.555    cpuClk/inst/clk_in1_cpuclk
    PLLE2_ADV_X1Y1       PLLE2_ADV (Prop_plle2_adv_CLKIN1_CLKOUT0)
                                                     -7.569    -5.014 r  cpuClk/inst/plle2_adv_inst/CLKOUT0
                         net (fo=1, routed)           1.594    -3.420    cpuClk/inst/clk_out1_cpuclk
    BUFGCTRL_X0Y16       BUFG (Prop_bufg_I_O)         0.085    -3.335 r  cpuClk/inst/clkout1_buf/O
                         net (fo=5898, routed)        1.410    -1.925    mini_rv_u/id_ex/clk_out1
    SLICE_X35Y4          FDCE                                         r  mini_rv_u/id_ex/Rs1_o_reg[0]/C
  -------------------------------------------------------------------    -------------------
    SLICE_X35Y4          FDCE (Prop_fdce_C_Q)         0.379    -1.546 r  mini_rv_u/id_ex/Rs1_o_reg[0]/Q
                         net (fo=3, routed)           0.803    -0.743    mini_rv_u/id_ex/rs1_EX[0]
    SLICE_X35Y7          LUT6 (Prop_lut6_I0_O)        0.105    -0.638 r  mini_rv_u/id_ex/num_orig_reg[31]_i_5/O
                         net (fo=1, routed)           0.548    -0.090    mini_rv_u/id_ex/num_orig_reg[31]_i_5_n_0
    SLICE_X36Y7          LUT6 (Prop_lut6_I2_O)        0.105     0.015 r  mini_rv_u/id_ex/num_orig_reg[31]_i_2/O
                         net (fo=98, routed)          0.918     0.933    mini_rv_u/id_ex/risk_EX_A
    SLICE_X40Y6          LUT5 (Prop_lut5_I2_O)        0.105     1.038 r  mini_rv_u/id_ex/num_orig_reg[6]_i_2/O
                         net (fo=2, routed)           0.619     1.657    mini_rv_u/id_ex/forwardingA[6]
    SLICE_X39Y9          LUT5 (Prop_lut5_I3_O)        0.105     1.762 r  mini_rv_u/id_ex/num_orig_reg[6]_i_1/O
                         net (fo=14, routed)          0.634     2.396    mini_rv_u/id_ex/Anum_EX_AfterForwarding[6]
    SLICE_X42Y9          LUT6 (Prop_lut6_I5_O)        0.105     2.501 r  mini_rv_u/id_ex/target_table[0][2]_i_11/O
                         net (fo=6, routed)           0.801     3.302    mini_rv_u/id_ex/target_table[0][2]_i_11_n_0
    SLICE_X40Y7          LUT6 (Prop_lut6_I5_O)        0.105     3.407 r  mini_rv_u/id_ex/target_table[0][6]_i_11/O
                         net (fo=2, routed)           0.440     3.847    mini_rv_u/id_ex/target_table[0][6]_i_11_n_0
    SLICE_X34Y11         LUT3 (Prop_lut3_I2_O)        0.105     3.952 r  mini_rv_u/id_ex/target_table[0][6]_i_8/O
                         net (fo=2, routed)           0.477     4.429    mini_rv_u/id_ex/target_table[0][6]_i_8_n_0
    SLICE_X35Y13         LUT6 (Prop_lut6_I0_O)        0.105     4.534 r  mini_rv_u/id_ex/target_table[0][5]_i_4_comp/O
                         net (fo=1, routed)           0.598     5.132    mini_rv_u/id_ex/target_table[0][5]_i_4_n_0
    SLICE_X47Y14         LUT5 (Prop_lut5_I0_O)        0.105     5.237 r  mini_rv_u/id_ex/target_table[0][5]_i_2/O
                         net (fo=1, routed)           0.000     5.237    mini_rv_u/id_ex/target_table[0][5]_i_2_n_0
    SLICE_X47Y14         MUXF7 (Prop_muxf7_I0_O)      0.199     5.436 r  mini_rv_u/id_ex/target_table_reg[0][5]_i_1/O
                         net (fo=19, routed)          0.486     5.922    mini_rv_u/id_ex/ALUOut_EX[5]
    SLICE_X49Y14         LUT6 (Prop_lut6_I0_O)        0.250     6.172 r  mini_rv_u/id_ex/buf_count[3]_i_21/O
                         net (fo=1, routed)           0.000     6.172    mini_rv_u/id_ex/buf_count[3]_i_21_n_0
    SLICE_X49Y14         CARRY4 (Prop_carry4_S[1]_CO[3])
                                                      0.457     6.629 r  mini_rv_u/id_ex/buf_count_reg[3]_i_14/CO[3]
                         net (fo=1, routed)           0.000     6.629    mini_rv_u/id_ex/buf_count_reg[3]_i_14_n_0
    SLICE_X49Y15         CARRY4 (Prop_carry4_CI_CO[3])
                                                      0.098     6.727 r  mini_rv_u/id_ex/buf_count_reg[3]_i_10/CO[3]
                         net (fo=1, routed)           0.000     6.727    mini_rv_u/id_ex/buf_count_reg[3]_i_10_n_0
    SLICE_X49Y16         CARRY4 (Prop_carry4_CI_CO[2])
                                                      0.190     6.917 r  mini_rv_u/id_ex/buf_count_reg[3]_i_8/CO[2]
                         net (fo=5, routed)           0.499     7.416    mini_rv_u/Ex/m_div/If/target_wrong0_alias
    SLICE_X53Y14         LUT3 (Prop_lut3_I2_O)        0.261     7.677 r  mini_rv_u/Ex/m_div/buf_count[3]_i_9_comp/O
                         net (fo=1, routed)           0.336     8.013    mini_rv_u/id_ex/pred_taken_o_reg_repN_alias
    SLICE_X52Y14         LUT6 (Prop_lut6_I2_O)        0.105     8.118 r  mini_rv_u/id_ex/buf_count[3]_i_6_comp_1/O
                         net (fo=84, routed)          0.588     8.707    mini_rv_u/If/IF_icache/u_cache/pred_taken_o_reg_4_alias
    SLICE_X49Y18         LUT6 (Prop_lut6_I4_O)        0.105     8.812 r  mini_rv_u/If/IF_icache/u_cache/wr_hit10_carry_i_90_comp/O
                         net (fo=96, routed)          0.834     9.646    mini_rv_u/If/IF_icache/u_cache/cache_addr[2]
    SLICE_X48Y25         LUT6 (Prop_lut6_I4_O)        0.105     9.751 r  mini_rv_u/If/IF_icache/u_cache/wr_hit10_carry_i_68/O
                         net (fo=1, routed)           0.000     9.751    mini_rv_u/If/IF_icache/u_cache/wr_hit10_carry_i_68_n_0
    SLICE_X48Y25         MUXF7 (Prop_muxf7_I1_O)      0.182     9.933 r  mini_rv_u/If/IF_icache/u_cache/wr_hit10_carry_i_30/O
                         net (fo=1, routed)           0.000     9.933    mini_rv_u/If/IF_icache/u_cache/wr_hit10_carry_i_30_n_0
    SLICE_X48Y25         MUXF8 (Prop_muxf8_I1_O)      0.079    10.012 r  mini_rv_u/If/IF_icache/u_cache/wr_hit10_carry_i_11/O
                         net (fo=1, routed)           0.608    10.620    mini_rv_u/If/IF_icache/u_cache/wr_hit10_carry_i_11_n_0
    SLICE_X49Y23         LUT6 (Prop_lut6_I0_O)        0.264    10.884 r  mini_rv_u/If/IF_icache/u_cache/wr_hit10_carry_i_3/O
                         net (fo=1, routed)           0.000    10.884    mini_rv_u/If/IF_icache/u_cache/wr_hit10_carry_i_3_n_0
    SLICE_X49Y23         CARRY4 (Prop_carry4_S[1]_CO[3])
                                                      0.457    11.341 r  mini_rv_u/If/IF_icache/u_cache/wr_hit10_carry/CO[3]
                         net (fo=1, routed)           0.000    11.341    mini_rv_u/If/IF_icache/u_cache/wr_hit10_carry_n_0
    SLICE_X49Y24         CARRY4 (Prop_carry4_CI_CO[3])
                                                      0.098    11.439 r  mini_rv_u/If/IF_icache/u_cache/wr_hit10_carry__0/CO[3]
                         net (fo=1, routed)           0.008    11.447    mini_rv_u/If/IF_icache/u_cache/wr_hit10_carry__0_n_0
    SLICE_X49Y25         CARRY4 (Prop_carry4_CI_CO[0])
                                                      0.216    11.663 r  mini_rv_u/If/IF_icache/u_cache/wr_hit10_carry__1/CO[0]
                         net (fo=1, routed)           0.493    12.156    mini_rv_u/If/IF_icache/u_cache/wr_hit10
    SLICE_X50Y25         LUT6 (Prop_lut6_I0_O)        0.309    12.465 r  mini_rv_u/If/IF_icache/u_cache/gen_icache_data.data_bram_i_71/O
                         net (fo=99, routed)          0.873    13.338    mini_rv_u/If/IF_icache/u_cache/wr_hit1__0
    SLICE_X53Y21         LUT5 (Prop_lut5_I0_O)        0.105    13.443 r  mini_rv_u/If/IF_icache/u_cache/gen_icache_data.data_bram_i_69/O
                         net (fo=1, routed)           0.641    14.084    mini_rv_u/If/IF_icache/u_cache/gen_icache_data.data_bram/U0/inst_blk_mem_gen/gnbram.gnativebmg.native_blk_mem_gen/valid.cstr/ramloop[0].ram.r/prim_noinit.ram/dina[0]
    RAMB36_X3Y4          RAMB36E1                                     r  mini_rv_u/If/IF_icache/u_cache/gen_icache_data.data_bram/U0/inst_blk_mem_gen/gnbram.gnativebmg.native_blk_mem_gen/valid.cstr/ramloop[0].ram.r/prim_noinit.ram/DEVICE_7SERIES.NO_BMM_INFO.SDP.WIDE_PRIM36_NO_ECC.ram/DIADI[0]
  -------------------------------------------------------------------    -------------------

                         (clock clk_out1_cpuclk_1 rise edge)
                                                     13.333    13.333 r  
    U18                                               0.000    13.333 r  clk (IN)
                         net (fo=0)                   0.000    13.333    cpuClk/inst/clk_in1
    U18                  IBUF (Prop_ibuf_I_O)         1.363    14.697 r  cpuClk/inst/clkin1_ibufg/O
                         net (fo=1, routed)           1.019    15.715    cpuClk/inst/clk_in1_cpuclk
    PLLE2_ADV_X1Y1       PLLE2_ADV (Prop_plle2_adv_CLKIN1_CLKOUT0)
                                                     -6.696     9.020 r  cpuClk/inst/plle2_adv_inst/CLKOUT0
                         net (fo=1, routed)           1.451    10.471    cpuClk/inst/clk_out1_cpuclk
    BUFGCTRL_X0Y16       BUFG (Prop_bufg_I_O)         0.077    10.548 r  cpuClk/inst/clkout1_buf/O
                         net (fo=5898, routed)        1.327    11.876    mini_rv_u/If/IF_icache/u_cache/gen_icache_data.data_bram/U0/inst_blk_mem_gen/gnbram.gnativebmg.native_blk_mem_gen/valid.cstr/ramloop[0].ram.r/prim_noinit.ram/clka
    RAMB36_X3Y4          RAMB36E1                                     r  mini_rv_u/If/IF_icache/u_cache/gen_icache_data.data_bram/U0/inst_blk_mem_gen/gnbram.gnativebmg.native_blk_mem_gen/valid.cstr/ramloop[0].ram.r/prim_noinit.ram/DEVICE_7SERIES.NO_BMM_INFO.SDP.WIDE_PRIM36_NO_ECC.ram/CLKBWRCLK
                         clock pessimism             -0.537    11.338    
                         clock uncertainty           -0.136    11.202    
    RAMB36_X3Y4          RAMB36E1 (Setup_ramb36e1_CLKBWRCLK_DIADI[0])
                                                     -0.641    10.561    mini_rv_u/If/IF_icache/u_cache/gen_icache_data.data_bram/U0/inst_blk_mem_gen/gnbram.gnativebmg.native_blk_mem_gen/valid.cstr/ramloop[0].ram.r/prim_noinit.ram/DEVICE_7SERIES.NO_BMM_INFO.SDP.WIDE_PRIM36_NO_ECC.ram
  -------------------------------------------------------------------
                         required time                         10.561    
                         arrival time                         -14.084    
  -------------------------------------------------------------------
                         slack                                 -3.523    





Min Delay Paths
--------------------------------------------------------------------------------------
Slack (MET) :             0.080ns  (arrival time - required time)
  Source:                 mini_rv_u/ex_mem/ALUOut_mem_o_reg[4]/C
                            (rising edge-triggered cell FDCE clocked by clk_out1_cpuclk_1  {rise@0.000ns fall@6.667ns period=13.333ns})
  Destination:            bus/interface_RAM/dRAM/RAM/U0/inst_blk_mem_gen/gnbram.gnativebmg.native_blk_mem_gen/valid.cstr/ramloop[5].ram.r/prim_noinit.ram/DEVICE_7SERIES.NO_BMM_INFO.SP.SIMPLE_PRIM36.ram/ADDRARDADDR[5]
                            (rising edge-triggered cell RAMB36E1 clocked by clk_out1_cpuclk_1  {rise@0.000ns fall@6.667ns period=13.333ns})
  Path Group:             clk_out1_cpuclk_1
  Path Type:              Hold (Min at Fast Process Corner)
  Requirement:            0.000ns  (clk_out1_cpuclk_1 rise@0.000ns - clk_out1_cpuclk_1 rise@0.000ns)
  Data Path Delay:        0.318ns  (logic 0.141ns (44.406%)  route 0.177ns (55.594%))
  Logic Levels:           0  
  Clock Path Skew:        0.055ns (DCD - SCD - CPR)
    Destination Clock Delay (DCD):    -0.283ns
    Source Clock Delay      (SCD):    -0.550ns
    Clock Pessimism Removal (CPR):    0.212ns

    Location             Delay type                Incr(ns)  Path(ns)    Netlist Resource(s)
  -------------------------------------------------------------------    -------------------
                         (clock clk_out1_cpuclk_1 rise edge)
                                                      0.000     0.000 r  
    U18                                               0.000     0.000 r  clk (IN)
                         net (fo=0)                   0.000     0.000    cpuClk/inst/clk_in1
    U18                  IBUF (Prop_ibuf_I_O)         0.266     0.266 r  cpuClk/inst/clkin1_ibufg/O
                         net (fo=1, routed)           0.440     0.706    cpuClk/inst/clk_in1_cpuclk
    PLLE2_ADV_X1Y1       PLLE2_ADV (Prop_plle2_adv_CLKIN1_CLKOUT0)
                                                     -2.407    -1.700 r  cpuClk/inst/plle2_adv_inst/CLKOUT0
                         net (fo=1, routed)           0.544    -1.156    cpuClk/inst/clk_out1_cpuclk
    BUFGCTRL_X0Y16       BUFG (Prop_bufg_I_O)         0.026    -1.130 r  cpuClk/inst/clkout1_buf/O
                         net (fo=5898, routed)        0.581    -0.550    mini_rv_u/ex_mem/clk_out1
    SLICE_X55Y9          FDCE                                         r  mini_rv_u/ex_mem/ALUOut_mem_o_reg[4]/C
  -------------------------------------------------------------------    -------------------
    SLICE_X55Y9          FDCE (Prop_fdce_C_Q)         0.141    -0.409 r  mini_rv_u/ex_mem/ALUOut_mem_o_reg[4]/Q
                         net (fo=18, routed)          0.177    -0.232    bus/interface_RAM/dRAM/RAM/U0/inst_blk_mem_gen/gnbram.gnativebmg.native_blk_mem_gen/valid.cstr/ramloop[5].ram.r/prim_noinit.ram/addra[2]
    RAMB36_X3Y1          RAMB36E1                                     r  bus/interface_RAM/dRAM/RAM/U0/inst_blk_mem_gen/gnbram.gnativebmg.native_blk_mem_gen/valid.cstr/ramloop[5].ram.r/prim_noinit.ram/DEVICE_7SERIES.NO_BMM_INFO.SP.SIMPLE_PRIM36.ram/ADDRARDADDR[5]
  -------------------------------------------------------------------    -------------------

                         (clock clk_out1_cpuclk_1 rise edge)
                                                      0.000     0.000 r  
    U18                                               0.000     0.000 r  clk (IN)
                         net (fo=0)                   0.000     0.000    cpuClk/inst/clk_in1
    U18                  IBUF (Prop_ibuf_I_O)         0.454     0.454 r  cpuClk/inst/clkin1_ibufg/O
                         net (fo=1, routed)           0.481     0.935    cpuClk/inst/clk_in1_cpuclk
    PLLE2_ADV_X1Y1       PLLE2_ADV (Prop_plle2_adv_CLKIN1_CLKOUT0)
                                                     -2.727    -1.792 r  cpuClk/inst/plle2_adv_inst/CLKOUT0
                         net (fo=1, routed)           0.592    -1.200    cpuClk/inst/clk_out1_cpuclk
    BUFGCTRL_X0Y16       BUFG (Prop_bufg_I_O)         0.029    -1.171 r  cpuClk/inst/clkout1_buf/O
                         net (fo=5898, routed)        0.888    -0.283    bus/interface_RAM/dRAM/RAM/U0/inst_blk_mem_gen/gnbram.gnativebmg.native_blk_mem_gen/valid.cstr/ramloop[5].ram.r/prim_noinit.ram/clka
    RAMB36_X3Y1          RAMB36E1                                     r  bus/interface_RAM/dRAM/RAM/U0/inst_blk_mem_gen/gnbram.gnativebmg.native_blk_mem_gen/valid.cstr/ramloop[5].ram.r/prim_noinit.ram/DEVICE_7SERIES.NO_BMM_INFO.SP.SIMPLE_PRIM36.ram/CLKARDCLK
                         clock pessimism             -0.212    -0.495    
    RAMB36_X3Y1          RAMB36E1 (Hold_ramb36e1_CLKARDCLK_ADDRARDADDR[5])
                                                      0.183    -0.312    bus/interface_RAM/dRAM/RAM/U0/inst_blk_mem_gen/gnbram.gnativebmg.native_blk_mem_gen/valid.cstr/ramloop[5].ram.r/prim_noinit.ram/DEVICE_7SERIES.NO_BMM_INFO.SP.SIMPLE_PRIM36.ram
  -------------------------------------------------------------------
                         required time                          0.312    
                         arrival time                          -0.232    
  -------------------------------------------------------------------
                         slack                                  0.080    





Pulse Width Checks
--------------------------------------------------------------------------------------
Clock Name:         clk_out1_cpuclk_1
Waveform(ns):       { 0.000 6.667 }
Period(ns):         13.333
Sources:            { cpuClk/inst/plle2_adv_inst/CLKOUT0 }

Check Type        Corner  Lib Pin             Reference Pin  Required(ns)  Actual(ns)  Slack(ns)  Location        Pin
Min Period        n/a     RAMB36E1/CLKARDCLK  n/a            2.170         13.333      11.163     RAMB36_X4Y3     bus/interface_RAM/dRAM/RAM/U0/inst_blk_mem_gen/gnbram.gnativebmg.native_blk_mem_gen/valid.cstr/ramloop[0].ram.r/prim_noinit.ram/DEVICE_7SERIES.NO_BMM_INFO.SP.SIMPLE_PRIM36.ram/CLKARDCLK
Max Period        n/a     PLLE2_ADV/CLKOUT0   n/a            160.000       13.333      146.667    PLLE2_ADV_X1Y1  cpuClk/inst/plle2_adv_inst/CLKOUT0
Low Pulse Width   Slow    FDCE/C              n/a            0.500         6.667       6.167      SLICE_X37Y0     bus/gen_timer.interface_timer/timer_count_reg[0]/C
High Pulse Width  Slow    FDCE/C              n/a            0.500         6.667       6.167      SLICE_X37Y0     bus/gen_timer.interface_timer/timer_count_reg[0]/C



---------------------------------------------------------------------------------------------------
From Clock:  clkfbout_cpuclk_1
  To Clock:  clkfbout_cpuclk_1

Setup :           NA  Failing Endpoints,  Worst Slack           NA  ,  Total Violation           NA
Hold  :           NA  Failing Endpoints,  Worst Slack           NA  ,  Total Violation           NA
PW    :            0  Failing Endpoints,  Worst Slack       12.633ns,  Total Violation        0.000ns
---------------------------------------------------------------------------------------------------


Pulse Width Checks
--------------------------------------------------------------------------------------
Clock Name:         clkfbout_cpuclk_1
Waveform(ns):       { 0.000 20.000 }
Period(ns):         40.000
Sources:            { cpuClk/inst/plle2_adv_inst/CLKFBOUT }

Check Type  Corner  Lib Pin            Reference Pin  Required(ns)  Actual(ns)  Slack(ns)  Location        Pin
Min Period  n/a     BUFG/I             n/a            1.592         40.000      38.408     BUFGCTRL_X0Y17  cpuClk/inst/clkf_buf/I
Max Period  n/a     PLLE2_ADV/CLKFBIN  n/a            52.633        40.000      12.633     PLLE2_ADV_X1Y1  cpuClk/inst/plle2_adv_inst/CLKFBIN



