Copyright 1986-2021 Xilinx, Inc. All Rights Reserved.
------------------------------------------------------------------------------------
| Tool Version : Vivado v.2021.2 (win64) Build 3367213 Tue Oct 19 02:48:09 MDT 2021
| Date         : Sat May  2 21:44:53 2026
| Host         : WDDdLaptop running 64-bit major release  (build 9200)
| Command      : report_control_sets -verbose -file top_control_sets_placed.rpt
| Design       : top
| Device       : xc7z020
------------------------------------------------------------------------------------

Control Set Information

Table of Contents
-----------------
1. Summary
2. Histogram
3. Flip-Flop Distribution
4. Detailed Control Set Information

1. Summary
----------

+----------------------------------------------------------+-------+
|                          Status                          | Count |
+----------------------------------------------------------+-------+
| Total control sets                                       |   205 |
|    Minimum number of control sets                        |   205 |
|    Addition due to synthesis replication                 |     0 |
|    Addition due to physical synthesis replication        |     0 |
| Unused register locations in slices containing registers |   410 |
+----------------------------------------------------------+-------+
* Control sets can be merged at opt_design using control_set_merge or merge_equivalent_drivers
** Run report_qor_suggestions for automated merging and remapping suggestions


2. Histogram
------------

+--------------------+-------+
|       Fanout       | Count |
+--------------------+-------+
| Total control sets |   205 |
| >= 0 to < 4        |     0 |
| >= 4 to < 6        |     1 |
| >= 6 to < 8        |     5 |
| >= 8 to < 10       |     1 |
| >= 10 to < 12      |     1 |
| >= 12 to < 14      |     0 |
| >= 14 to < 16      |     0 |
| >= 16              |   197 |
+--------------------+-------+
* Control sets can be remapped at either synth_design or opt_design


3. Flip-Flop Distribution
-------------------------

+--------------+-----------------------+------------------------+-----------------+--------------+
| Clock Enable | Synchronous Set/Reset | Asynchronous Set/Reset | Total Registers | Total Slices |
+--------------+-----------------------+------------------------+-----------------+--------------+
| No           | No                    | No                     |              11 |            7 |
| No           | No                    | Yes                    |             529 |          143 |
| No           | Yes                   | No                     |               0 |            0 |
| Yes          | No                    | No                     |            5447 |         2405 |
| Yes          | No                    | Yes                    |            1585 |          672 |
| Yes          | Yes                   | No                     |             266 |           70 |
+--------------+-----------------------+------------------------+-----------------+--------------+


4. Detailed Control Set Information
-----------------------------------

+-----------------------+-------------------------------------------------------------------+-----------------------------------------+------------------+----------------+--------------+
|      Clock Signal     |                           Enable Signal                           |             Set/Reset Signal            | Slice Load Count | Bel Load Count | Bels / Slice |
+-----------------------+-------------------------------------------------------------------+-----------------------------------------+------------------+----------------+--------------+
|  cpuClk/inst/clk_out1 | mini_rv_u/If/buf_count[3]_i_1_n_0                                 | mini_rv_u/Id/regFile/rst                |                1 |              4 |         4.00 |
|  cpuClk/inst/clk_out1 | mini_rv_u/id_ex/isNeededWrite_reg[1]_145                          |                                         |                3 |              7 |         2.33 |
|  cpuClk/inst/clk_out1 | mini_rv_u/id_ex/isNeededWrite_reg[1]_148                          |                                         |                2 |              7 |         3.50 |
|  cpuClk/inst/clk_out1 | mini_rv_u/id_ex/isNeededWrite_reg[1]_147                          |                                         |                3 |              7 |         2.33 |
|  cpuClk/inst/clk_out1 | mini_rv_u/id_ex/isNeededWrite_reg[1]_104                          |                                         |                2 |              7 |         3.50 |
|  cpuClk/inst/clk_out1 | mini_rv_u/id_ex/isNeededWrite_reg[1]_146                          |                                         |                2 |              7 |         3.50 |
|  cpuClk/inst/clk_out1 | mini_rv_u/ex_mem/ALUOut_mem_o_reg[3]_0[0]                         | mini_rv_u/Id/regFile/rst                |                3 |              8 |         2.67 |
|  cpuClk/inst/clk_out1 |                                                                   |                                         |                7 |             11 |         1.57 |
|  cpuClk/inst/clk_out1 | mini_rv_u/id_ex/rst_17                                            |                                         |               10 |             30 |         3.00 |
|  cpuClk/inst/clk_out1 | mini_rv_u/id_ex/rst_40                                            |                                         |               13 |             30 |         2.31 |
|  cpuClk/inst/clk_out1 | mini_rv_u/id_ex/rst_44                                            |                                         |               13 |             30 |         2.31 |
|  cpuClk/inst/clk_out1 | mini_rv_u/id_ex/rst_10                                            |                                         |               12 |             30 |         2.50 |
|  cpuClk/inst/clk_out1 | mini_rv_u/id_ex/rst_48                                            |                                         |               13 |             30 |         2.31 |
|  cpuClk/inst/clk_out1 | mini_rv_u/id_ex/rst_51                                            |                                         |               17 |             30 |         1.76 |
|  cpuClk/inst/clk_out1 | mini_rv_u/id_ex/rst_52                                            |                                         |               20 |             30 |         1.50 |
|  cpuClk/inst/clk_out1 | mini_rv_u/id_ex/rst_4                                             |                                         |               12 |             30 |         2.50 |
|  cpuClk/inst/clk_out1 | mini_rv_u/id_ex/rst_0                                             |                                         |               18 |             30 |         1.67 |
|  cpuClk/inst/clk_out1 | mini_rv_u/id_ex/rst_22                                            |                                         |               16 |             30 |         1.88 |
|  cpuClk/inst/clk_out1 | mini_rv_u/id_ex/rst_23                                            |                                         |               13 |             30 |         2.31 |
|  cpuClk/inst/clk_out1 | mini_rv_u/id_ex/rst_28                                            |                                         |               14 |             30 |         2.14 |
|  cpuClk/inst/clk_out1 | mini_rv_u/id_ex/rst_29                                            |                                         |                9 |             30 |         3.33 |
|  cpuClk/inst/clk_out1 | mini_rv_u/id_ex/rst                                               |                                         |               15 |             30 |         2.00 |
|  cpuClk/inst/clk_out1 | mini_rv_u/id_ex/rst_30                                            |                                         |               14 |             30 |         2.14 |
|  cpuClk/inst/clk_out1 | mini_rv_u/id_ex/rst_37                                            |                                         |                8 |             30 |         3.75 |
|  cpuClk/inst/clk_out1 | mini_rv_u/id_ex/rst_39                                            |                                         |               12 |             30 |         2.50 |
|  cpuClk/inst/clk_out1 | mini_rv_u/id_ex/rst_14                                            |                                         |               12 |             30 |         2.50 |
|  cpuClk/inst/clk_out1 | mini_rv_u/id_ex/rst_41                                            |                                         |               15 |             30 |         2.00 |
|  cpuClk/inst/clk_out1 | mini_rv_u/id_ex/rst_42                                            |                                         |               18 |             30 |         1.67 |
|  cpuClk/inst/clk_out1 | mini_rv_u/id_ex/rst_49                                            |                                         |               15 |             30 |         2.00 |
|  cpuClk/inst/clk_out1 | mini_rv_u/id_ex/rst_25                                            |                                         |               11 |             30 |         2.73 |
|  cpuClk/inst/clk_out1 | mini_rv_u/id_ex/rst_12                                            |                                         |               10 |             30 |         3.00 |
|  cpuClk/inst/clk_out1 | mini_rv_u/id_ex/rst_35                                            |                                         |               12 |             30 |         2.50 |
|  cpuClk/inst/clk_out1 | mini_rv_u/id_ex/rst_43                                            |                                         |               17 |             30 |         1.76 |
|  cpuClk/inst/clk_out1 | mini_rv_u/id_ex/rst_16                                            |                                         |                9 |             30 |         3.33 |
|  cpuClk/inst/clk_out1 | mini_rv_u/id_ex/rst_32                                            |                                         |               12 |             30 |         2.50 |
|  cpuClk/inst/clk_out1 | mini_rv_u/id_ex/rst_26                                            |                                         |               15 |             30 |         2.00 |
|  cpuClk/inst/clk_out1 | mini_rv_u/id_ex/rst_5                                             |                                         |                9 |             30 |         3.33 |
|  cpuClk/inst/clk_out1 | mini_rv_u/id_ex/rst_46                                            |                                         |               14 |             30 |         2.14 |
|  cpuClk/inst/clk_out1 | mini_rv_u/id_ex/rst_27                                            |                                         |               23 |             30 |         1.30 |
|  cpuClk/inst/clk_out1 | mini_rv_u/id_ex/rst_50                                            |                                         |               15 |             30 |         2.00 |
|  cpuClk/inst/clk_out1 | mini_rv_u/id_ex/rst_34                                            |                                         |               13 |             30 |         2.31 |
|  cpuClk/inst/clk_out1 | mini_rv_u/id_ex/rst_33                                            |                                         |               11 |             30 |         2.73 |
|  cpuClk/inst/clk_out1 | mini_rv_u/id_ex/rst_53                                            |                                         |               16 |             30 |         1.88 |
|  cpuClk/inst/clk_out1 | mini_rv_u/id_ex/rst_2                                             |                                         |               16 |             30 |         1.88 |
|  cpuClk/inst/clk_out1 | mini_rv_u/id_ex/rst_24                                            |                                         |               17 |             30 |         1.76 |
|  cpuClk/inst/clk_out1 | mini_rv_u/id_ex/rst_54                                            |                                         |               16 |             30 |         1.88 |
|  cpuClk/inst/clk_out1 | mini_rv_u/id_ex/rst_55                                            |                                         |               17 |             30 |         1.76 |
|  cpuClk/inst/clk_out1 | mini_rv_u/id_ex/rst_56                                            |                                         |               17 |             30 |         1.76 |
|  cpuClk/inst/clk_out1 | mini_rv_u/id_ex/rst_57                                            |                                         |               18 |             30 |         1.67 |
|  cpuClk/inst/clk_out1 | mini_rv_u/id_ex/rst_3                                             |                                         |               14 |             30 |         2.14 |
|  cpuClk/inst/clk_out1 | mini_rv_u/id_ex/rst_19                                            |                                         |               10 |             30 |         3.00 |
|  cpuClk/inst/clk_out1 | mini_rv_u/id_ex/rst_58                                            |                                         |               18 |             30 |         1.67 |
|  cpuClk/inst/clk_out1 | mini_rv_u/id_ex/rst_6                                             |                                         |               19 |             30 |         1.58 |
|  cpuClk/inst/clk_out1 | mini_rv_u/id_ex/rst_21                                            |                                         |               18 |             30 |         1.67 |
|  cpuClk/inst/clk_out1 | mini_rv_u/id_ex/rst_60                                            |                                         |               14 |             30 |         2.14 |
|  cpuClk/inst/clk_out1 | mini_rv_u/id_ex/rst_38                                            |                                         |               14 |             30 |         2.14 |
|  cpuClk/inst/clk_out1 | mini_rv_u/id_ex/rst_61                                            |                                         |                8 |             30 |         3.75 |
|  cpuClk/inst/clk_out1 | mini_rv_u/id_ex/rst_1                                             |                                         |               14 |             30 |         2.14 |
|  cpuClk/inst/clk_out1 | mini_rv_u/id_ex/rst_13                                            |                                         |               16 |             30 |         1.88 |
|  cpuClk/inst/clk_out1 | mini_rv_u/id_ex/rst_15                                            |                                         |               13 |             30 |         2.31 |
|  cpuClk/inst/clk_out1 | mini_rv_u/id_ex/rst_31                                            |                                         |               14 |             30 |         2.14 |
|  cpuClk/inst/clk_out1 | mini_rv_u/id_ex/rst_62                                            |                                         |                9 |             30 |         3.33 |
|  cpuClk/inst/clk_out1 | mini_rv_u/id_ex/rst_45                                            |                                         |               12 |             30 |         2.50 |
|  cpuClk/inst/clk_out1 | mini_rv_u/id_ex/rst_47                                            |                                         |               16 |             30 |         1.88 |
|  cpuClk/inst/clk_out1 | mini_rv_u/id_ex/rst_20                                            |                                         |               14 |             30 |         2.14 |
|  cpuClk/inst/clk_out1 | mini_rv_u/id_ex/rst_36                                            |                                         |               11 |             30 |         2.73 |
|  cpuClk/inst/clk_out1 | mini_rv_u/id_ex/rst_18                                            |                                         |               14 |             30 |         2.14 |
|  cpuClk/inst/clk_out1 | mini_rv_u/id_ex/rst_68                                            |                                         |               13 |             30 |         2.31 |
|  cpuClk/inst/clk_out1 | mini_rv_u/id_ex/rst_65                                            |                                         |               10 |             30 |         3.00 |
|  cpuClk/inst/clk_out1 | mini_rv_u/id_ex/rst_84                                            |                                         |               17 |             30 |         1.76 |
|  cpuClk/inst/clk_out1 | mini_rv_u/id_ex/rst_71                                            |                                         |               10 |             30 |         3.00 |
|  cpuClk/inst/clk_out1 | mini_rv_u/id_ex/rst_70                                            |                                         |               13 |             30 |         2.31 |
|  cpuClk/inst/clk_out1 | mini_rv_u/id_ex/rst_8                                             |                                         |               12 |             30 |         2.50 |
|  cpuClk/inst/clk_out1 | mini_rv_u/id_ex/rst_74                                            |                                         |                9 |             30 |         3.33 |
|  cpuClk/inst/clk_out1 | mini_rv_u/id_ex/rst_73                                            |                                         |               12 |             30 |         2.50 |
|  cpuClk/inst/clk_out1 | mini_rv_u/id_ex/rst_66                                            |                                         |                9 |             30 |         3.33 |
|  cpuClk/inst/clk_out1 | mini_rv_u/id_ex/rst_76                                            |                                         |               10 |             30 |         3.00 |
|  cpuClk/inst/clk_out1 | mini_rv_u/id_ex/rst_9                                             |                                         |               13 |             30 |         2.31 |
|  cpuClk/inst/clk_out1 | mini_rv_u/id_ex/rst_81                                            |                                         |               11 |             30 |         2.73 |
|  cpuClk/inst/clk_out1 | mini_rv_u/id_ex/rst_67                                            |                                         |               11 |             30 |         2.73 |
|  cpuClk/inst/clk_out1 | mini_rv_u/id_ex/rst_83                                            |                                         |               14 |             30 |         2.14 |
|  cpuClk/inst/clk_out1 | mini_rv_u/id_ex/rst_85                                            |                                         |               12 |             30 |         2.50 |
|  cpuClk/inst/clk_out1 | mini_rv_u/id_ex/rst_80                                            |                                         |               16 |             30 |         1.88 |
|  cpuClk/inst/clk_out1 | mini_rv_u/id_ex/rst_7                                             |                                         |                7 |             30 |         4.29 |
|  cpuClk/inst/clk_out1 | mini_rv_u/id_ex/rst_86                                            |                                         |               13 |             30 |         2.31 |
|  cpuClk/inst/clk_out1 | mini_rv_u/id_ex/rst_87                                            |                                         |               12 |             30 |         2.50 |
|  cpuClk/inst/clk_out1 | mini_rv_u/id_ex/rst_88                                            |                                         |               14 |             30 |         2.14 |
|  cpuClk/inst/clk_out1 | mini_rv_u/id_ex/rst_69                                            |                                         |                9 |             30 |         3.33 |
|  cpuClk/inst/clk_out1 | mini_rv_u/id_ex/rst_72                                            |                                         |               11 |             30 |         2.73 |
|  cpuClk/inst/clk_out1 | mini_rv_u/id_ex/rst_77                                            |                                         |               11 |             30 |         2.73 |
|  cpuClk/inst/clk_out1 | mini_rv_u/id_ex/rst_89                                            |                                         |               13 |             30 |         2.31 |
|  cpuClk/inst/clk_out1 | mini_rv_u/id_ex/rst_64                                            |                                         |               12 |             30 |         2.50 |
|  cpuClk/inst/clk_out1 | mini_rv_u/id_ex/rst_78                                            |                                         |                7 |             30 |         4.29 |
|  cpuClk/inst/clk_out1 | mini_rv_u/id_ex/rst_79                                            |                                         |               16 |             30 |         1.88 |
|  cpuClk/inst/clk_out1 | mini_rv_u/id_ex/rst_63                                            |                                         |               11 |             30 |         2.73 |
|  cpuClk/inst/clk_out1 | mini_rv_u/id_ex/rst_75                                            |                                         |               13 |             30 |         2.31 |
|  cpuClk/inst/clk_out1 | mini_rv_u/id_ex/rst_82                                            |                                         |               11 |             30 |         2.73 |
|  cpuClk/inst/clk_out1 | mini_rv_u/id_ex/isNeededWrite_reg[1]_6[0]                         |                                         |               17 |             30 |         1.76 |
|  cpuClk/inst/clk_out1 | mini_rv_u/id_ex/isNeededWrite_reg[1]_8[0]                         |                                         |                8 |             30 |         3.75 |
|  cpuClk/inst/clk_out1 | mini_rv_u/id_ex/isNeededWrite_reg[1]_0[0]                         |                                         |               14 |             30 |         2.14 |
|  cpuClk/inst/clk_out1 | mini_rv_u/id_ex/isNeededWrite_reg[1]_3[0]                         |                                         |               14 |             30 |         2.14 |
|  cpuClk/inst/clk_out1 | mini_rv_u/id_ex/isNeededWrite_reg[1]_176[0]                       |                                         |               17 |             30 |         1.76 |
|  cpuClk/inst/clk_out1 | mini_rv_u/id_ex/isNeededWrite_reg[1]_7[0]                         |                                         |               12 |             30 |         2.50 |
|  cpuClk/inst/clk_out1 | mini_rv_u/id_ex/isNeededWrite_reg[1]_2[0]                         |                                         |               15 |             30 |         2.00 |
|  cpuClk/inst/clk_out1 | mini_rv_u/id_ex/isNeededWrite_reg[1]_4[0]                         |                                         |               15 |             30 |         2.00 |
|  cpuClk/inst/clk_out1 | mini_rv_u/id_ex/isNeededWrite_reg[1]_5[0]                         |                                         |               11 |             30 |         2.73 |
|  cpuClk/inst/clk_out1 | mini_rv_u/id_ex/p_0_in__1[0]                                      |                                         |               19 |             30 |         1.58 |
|  cpuClk/inst/clk_out1 | mini_rv_u/id_ex/ALUop_o_reg[2]_25                                 |                                         |               13 |             30 |         2.31 |
|  cpuClk/inst/clk_out1 | mini_rv_u/id_ex/ALUop_o_reg[2]_27                                 |                                         |               10 |             30 |         3.00 |
|  cpuClk/inst/clk_out1 | mini_rv_u/id_ex/ALUop_o_reg[2]_24                                 |                                         |               11 |             30 |         2.73 |
|  cpuClk/inst/clk_out1 | mini_rv_u/id_ex/isNeededWrite_reg[1]                              |                                         |               16 |             30 |         1.88 |
|  cpuClk/inst/clk_out1 | mini_rv_u/id_ex/isNeededWrite_reg[1]_158                          |                                         |               14 |             30 |         2.14 |
|  cpuClk/inst/clk_out1 | mini_rv_u/id_ex/isNeededWrite_reg[1]_128                          |                                         |               13 |             30 |         2.31 |
|  cpuClk/inst/clk_out1 | mini_rv_u/id_ex/isNeededWrite_reg[1]_157                          |                                         |               12 |             30 |         2.50 |
|  cpuClk/inst/clk_out1 | mini_rv_u/id_ex/isNeededWrite_reg[1]_162                          |                                         |               15 |             30 |         2.00 |
|  cpuClk/inst/clk_out1 | mini_rv_u/id_ex/isNeededWrite_reg[1]_139                          |                                         |               12 |             30 |         2.50 |
|  cpuClk/inst/clk_out1 | mini_rv_u/id_ex/rst_59                                            |                                         |               13 |             30 |         2.31 |
|  cpuClk/inst/clk_out1 | mini_rv_u/id_ex/isNeededWrite_reg[1]_164                          |                                         |                9 |             30 |         3.33 |
|  cpuClk/inst/clk_out1 | mini_rv_u/id_ex/isNeededWrite_reg[1]_165                          |                                         |               13 |             30 |         2.31 |
|  cpuClk/inst/clk_out1 | mini_rv_u/id_ex/isNeededWrite_reg[1]_159                          |                                         |               16 |             30 |         1.88 |
|  cpuClk/inst/clk_out1 | mini_rv_u/id_ex/isNeededWrite_reg[1]_163                          |                                         |               12 |             30 |         2.50 |
|  cpuClk/inst/clk_out1 | mini_rv_u/id_ex/isNeededWrite_reg[1]_122                          |                                         |               11 |             30 |         2.73 |
|  cpuClk/inst/clk_out1 | mini_rv_u/id_ex/isNeededWrite_reg[1]_160                          |                                         |               14 |             30 |         2.14 |
|  cpuClk/inst/clk_out1 | mini_rv_u/id_ex/isNeededWrite_reg[1]_166                          |                                         |               11 |             30 |         2.73 |
|  cpuClk/inst/clk_out1 | mini_rv_u/id_ex/isNeededWrite_reg[1]_167                          |                                         |               11 |             30 |         2.73 |
|  cpuClk/inst/clk_out1 | mini_rv_u/id_ex/isNeededWrite_reg[1]_168                          |                                         |               12 |             30 |         2.50 |
|  cpuClk/inst/clk_out1 | mini_rv_u/id_ex/isNeededWrite_reg[1]_174                          |                                         |               14 |             30 |         2.14 |
|  cpuClk/inst/clk_out1 | mini_rv_u/id_ex/isNeededWrite_reg[1]_173                          |                                         |               16 |             30 |         1.88 |
|  cpuClk/inst/clk_out1 | mini_rv_u/id_ex/isNeededWrite_reg[1]_169                          |                                         |                6 |             30 |         5.00 |
|  cpuClk/inst/clk_out1 | mini_rv_u/id_ex/isNeededWrite_reg[1]_172                          |                                         |               16 |             30 |         1.88 |
|  cpuClk/inst/clk_out1 | mini_rv_u/id_ex/isNeededWrite_reg[1]_180                          |                                         |               14 |             30 |         2.14 |
|  cpuClk/inst/clk_out1 | mini_rv_u/id_ex/isNeededWrite_reg[1]_171                          |                                         |                9 |             30 |         3.33 |
|  cpuClk/inst/clk_out1 | mini_rv_u/id_ex/isNeededWrite_reg[1]_177                          |                                         |               10 |             30 |         3.00 |
|  cpuClk/inst/clk_out1 | mini_rv_u/id_ex/isNeededWrite_reg[1]_178                          |                                         |               11 |             30 |         2.73 |
|  cpuClk/inst/clk_out1 | mini_rv_u/id_ex/isNeededWrite_reg[1]_170                          |                                         |                7 |             30 |         4.29 |
|  cpuClk/inst/clk_out1 | mini_rv_u/id_ex/rst_11                                            |                                         |               15 |             30 |         2.00 |
| ~cpuClk/inst/clk_out1 | mini_rv_u/mem_wb/RegWe_o_reg[0]_18[0]                             | mini_rv_u/Id/regFile/rst                |                8 |             32 |         4.00 |
|  cpuClk/inst/clk_out1 | mini_rv_u/Ex/m_mul/q[31]_i_1_n_0                                  | mini_rv_u/Id/regFile/rst                |                9 |             32 |         3.56 |
| ~cpuClk/inst/clk_out1 | mini_rv_u/mem_wb/RegWe_o_reg[0]_29[0]                             | mini_rv_u/Id/regFile/rst                |               13 |             32 |         2.46 |
| ~cpuClk/inst/clk_out1 | mini_rv_u/mem_wb/RegWe_o_reg[0]_22[0]                             | mini_rv_u/Id/regFile/rst                |               10 |             32 |         3.20 |
| ~cpuClk/inst/clk_out1 | mini_rv_u/mem_wb/RegWe_o_reg[0]_12[0]                             | mini_rv_u/Id/regFile/rst                |               14 |             32 |         2.29 |
| ~cpuClk/inst/clk_out1 | mini_rv_u/mem_wb/RegWe_o_reg[0]_26[0]                             | mini_rv_u/Id/regFile/rst                |               12 |             32 |         2.67 |
| ~cpuClk/inst/clk_out1 | mini_rv_u/mem_wb/RegWe_o_reg[0]_14[0]                             | mini_rv_u/Id/regFile/rst                |               12 |             32 |         2.67 |
| ~cpuClk/inst/clk_out1 | mini_rv_u/mem_wb/RegWe_o_reg[0]_23[0]                             | mini_rv_u/Id/regFile/rst                |                8 |             32 |         4.00 |
| ~cpuClk/inst/clk_out1 | mini_rv_u/mem_wb/RegWe_o_reg[0]_19[0]                             | mini_rv_u/Id/regFile/rst                |                8 |             32 |         4.00 |
| ~cpuClk/inst/clk_out1 | mini_rv_u/mem_wb/RegWe_o_reg[0]_15[0]                             | mini_rv_u/Id/regFile/rst                |               16 |             32 |         2.00 |
| ~cpuClk/inst/clk_out1 | mini_rv_u/mem_wb/RegWe_o_reg[0]_17[0]                             | mini_rv_u/Id/regFile/rst                |               10 |             32 |         3.20 |
| ~cpuClk/inst/clk_out1 | mini_rv_u/mem_wb/RegWe_o_reg[0]_1[0]                              | mini_rv_u/Id/regFile/rst                |               25 |             32 |         1.28 |
| ~cpuClk/inst/clk_out1 | mini_rv_u/mem_wb/RegWe_o_reg[0]_21[0]                             | mini_rv_u/Id/regFile/rst                |               14 |             32 |         2.29 |
| ~cpuClk/inst/clk_out1 | mini_rv_u/mem_wb/RegWe_o_reg[0]_3[0]                              | mini_rv_u/Id/regFile/rst                |               18 |             32 |         1.78 |
| ~cpuClk/inst/clk_out1 | mini_rv_u/mem_wb/RegWe_o_reg[0]_25[0]                             | mini_rv_u/Id/regFile/rst                |                9 |             32 |         3.56 |
| ~cpuClk/inst/clk_out1 | mini_rv_u/mem_wb/RegWe_o_reg[0]_20[0]                             | mini_rv_u/Id/regFile/rst                |               23 |             32 |         1.39 |
| ~cpuClk/inst/clk_out1 | mini_rv_u/mem_wb/RegWe_o_reg[0]_27[0]                             | mini_rv_u/Id/regFile/rst                |                9 |             32 |         3.56 |
| ~cpuClk/inst/clk_out1 | mini_rv_u/mem_wb/RegWe_o_reg[0]_2[0]                              | mini_rv_u/Id/regFile/rst                |               17 |             32 |         1.88 |
| ~cpuClk/inst/clk_out1 | mini_rv_u/mem_wb/RegWe_o_reg[0]_7[0]                              | mini_rv_u/Id/regFile/rst                |               18 |             32 |         1.78 |
| ~cpuClk/inst/clk_out1 | mini_rv_u/mem_wb/RegWe_o_reg[0]_28[0]                             | mini_rv_u/Id/regFile/rst                |                9 |             32 |         3.56 |
| ~cpuClk/inst/clk_out1 | mini_rv_u/mem_wb/RegWe_o_reg[0]_9[0]                              | mini_rv_u/Id/regFile/rst                |               15 |             32 |         2.13 |
| ~cpuClk/inst/clk_out1 | mini_rv_u/mem_wb/RegWe_o_reg[0]_0[0]                              | mini_rv_u/Id/regFile/rst                |               23 |             32 |         1.39 |
| ~cpuClk/inst/clk_out1 | mini_rv_u/mem_wb/RegWe_o_reg[0]_10[0]                             | mini_rv_u/Id/regFile/rst                |               18 |             32 |         1.78 |
| ~cpuClk/inst/clk_out1 | mini_rv_u/mem_wb/RegWe_o_reg[0]_5[0]                              | mini_rv_u/Id/regFile/rst                |               16 |             32 |         2.00 |
| ~cpuClk/inst/clk_out1 | mini_rv_u/mem_wb/RegWe_o_reg[0]_13[0]                             | mini_rv_u/Id/regFile/rst                |               16 |             32 |         2.00 |
|  cpuClk/inst/clk_out1 | mini_rv_u/Ex/m_div/quotient[31]_i_2_n_0                           |                                         |               16 |             32 |         2.00 |
|  cpuClk/inst/clk_out1 | mini_rv_u/Ex/m_div/quotient[31]_i_2_n_0                           | mini_rv_u/Ex/m_div/quotient[31]_i_1_n_0 |                7 |             32 |         4.57 |
| ~cpuClk/inst/clk_out1 | mini_rv_u/mem_wb/RegWe_o_reg[0]_30[0]                             | mini_rv_u/Id/regFile/rst                |               11 |             32 |         2.91 |
| ~cpuClk/inst/clk_out1 | mini_rv_u/mem_wb/RegWe_o_reg[0]_24[0]                             | mini_rv_u/Id/regFile/rst                |               25 |             32 |         1.28 |
| ~cpuClk/inst/clk_out1 | mini_rv_u/mem_wb/RegWe_o_reg[0]_4[0]                              | mini_rv_u/Id/regFile/rst                |               17 |             32 |         1.88 |
| ~cpuClk/inst/clk_out1 | mini_rv_u/mem_wb/RegWe_o_reg[0]_16[0]                             | mini_rv_u/Id/regFile/rst                |               21 |             32 |         1.52 |
| ~cpuClk/inst/clk_out1 | mini_rv_u/mem_wb/RegWe_o_reg[0]_8[0]                              | mini_rv_u/Id/regFile/rst                |               12 |             32 |         2.67 |
| ~cpuClk/inst/clk_out1 | mini_rv_u/mem_wb/RegWe_o_reg[0]_11[0]                             | mini_rv_u/Id/regFile/rst                |               16 |             32 |         2.00 |
| ~cpuClk/inst/clk_out1 | mini_rv_u/mem_wb/RegWe_o_reg[0]_6[0]                              | mini_rv_u/Id/regFile/rst                |               17 |             32 |         1.88 |
|  cpuClk/inst/clk_out1 | mini_rv_u/id_ex/E[0]                                              | mini_rv_u/Id/regFile/rst                |                9 |             33 |         3.67 |
|  cpuClk/inst/clk_out1 | mini_rv_u/Ex/m_div/cnt[5]_i_1_n_0                                 |                                         |               13 |             33 |         2.54 |
|  cpuClk/inst/clk_out1 | mini_rv_u/Ex/m_mul/cnt                                            | mini_rv_u/Ex/m_mul/cnt[3]_i_1_n_0       |               12 |             36 |         3.00 |
|  cpuClk/inst/clk_out1 | mini_rv_u/If/IF_npc/branchPredictor/btb/tag_table[7][25]_i_1_n_0  |                                         |               33 |             58 |         1.76 |
|  cpuClk/inst/clk_out1 | mini_rv_u/If/IF_npc/branchPredictor/btb/tag_table[9][25]_i_1_n_0  |                                         |               36 |             58 |         1.61 |
|  cpuClk/inst/clk_out1 | mini_rv_u/If/IF_npc/branchPredictor/btb/tag_table[10][25]_i_1_n_0 |                                         |               28 |             58 |         2.07 |
|  cpuClk/inst/clk_out1 | mini_rv_u/If/IF_npc/branchPredictor/btb/tag_table[1][25]_i_1_n_0  |                                         |               23 |             58 |         2.52 |
|  cpuClk/inst/clk_out1 | mini_rv_u/If/IF_npc/branchPredictor/btb/tag_table[8][25]_i_1_n_0  |                                         |               29 |             58 |         2.00 |
|  cpuClk/inst/clk_out1 | mini_rv_u/If/IF_npc/branchPredictor/btb/tag_table[0][25]_i_1_n_0  |                                         |               32 |             58 |         1.81 |
|  cpuClk/inst/clk_out1 | mini_rv_u/If/IF_npc/branchPredictor/btb/tag_table[11][25]_i_1_n_0 |                                         |               22 |             58 |         2.64 |
|  cpuClk/inst/clk_out1 | mini_rv_u/If/IF_npc/branchPredictor/btb/tag_table[13][25]_i_1_n_0 |                                         |               32 |             58 |         1.81 |
|  cpuClk/inst/clk_out1 | mini_rv_u/If/IF_npc/branchPredictor/btb/tag_table[14][25]_i_1_n_0 |                                         |               33 |             58 |         1.76 |
|  cpuClk/inst/clk_out1 | mini_rv_u/If/IF_npc/branchPredictor/btb/tag_table[2][25]_i_1_n_0  |                                         |               26 |             58 |         2.23 |
|  cpuClk/inst/clk_out1 | mini_rv_u/If/IF_npc/branchPredictor/btb/tag_table[5][25]_i_1_n_0  |                                         |               26 |             58 |         2.23 |
|  cpuClk/inst/clk_out1 | mini_rv_u/If/IF_npc/branchPredictor/btb/tag_table[12][25]_i_1_n_0 |                                         |               37 |             58 |         1.57 |
|  cpuClk/inst/clk_out1 | mini_rv_u/If/IF_npc/branchPredictor/btb/tag_table[15][25]_i_1_n_0 |                                         |               28 |             58 |         2.07 |
|  cpuClk/inst/clk_out1 | mini_rv_u/If/IF_npc/branchPredictor/btb/tag_table[3][25]_i_1_n_0  |                                         |               26 |             58 |         2.23 |
|  cpuClk/inst/clk_out1 | mini_rv_u/If/IF_npc/branchPredictor/btb/tag_table[6][25]_i_1_n_0  |                                         |               25 |             58 |         2.32 |
|  cpuClk/inst/clk_out1 | mini_rv_u/If/IF_npc/branchPredictor/btb/tag_table[4][25]_i_1_n_0  |                                         |               17 |             58 |         3.41 |
|  cpuClk/inst/clk_out1 | mini_rv_u/If/pre_fetch_pc_d                                       | mini_rv_u/Id/regFile/rst                |               29 |             63 |         2.17 |
|  cpuClk/inst/clk_out1 | mini_rv_u/Ex/m_mul/product[63]_i_1_n_0                            | mini_rv_u/Id/regFile/rst                |               16 |             64 |         4.00 |
|  cpuClk/inst/clk_out1 | mini_rv_u/If/if_buf[0][31]_i_1_n_0                                |                                         |               27 |             64 |         2.37 |
|  cpuClk/inst/clk_out1 | mini_rv_u/If/if_buf[5][31]_i_1_n_0                                |                                         |               24 |             64 |         2.67 |
|  cpuClk/inst/clk_out1 | mini_rv_u/If/if_buf[1][31]_i_1_n_0                                |                                         |               26 |             64 |         2.46 |
|  cpuClk/inst/clk_out1 | mini_rv_u/If/if_buf[6][31]_i_1_n_0                                |                                         |               26 |             64 |         2.46 |
|  cpuClk/inst/clk_out1 | mini_rv_u/If/if_buf[7][31]_i_1_n_0                                |                                         |               25 |             64 |         2.56 |
|  cpuClk/inst/clk_out1 | mini_rv_u/If/if_buf[3][31]_i_1_n_0                                |                                         |               28 |             64 |         2.29 |
|  cpuClk/inst/clk_out1 | mini_rv_u/If/if_buf[2][31]_i_1_n_0                                |                                         |               27 |             64 |         2.37 |
|  cpuClk/inst/clk_out1 | mini_rv_u/If/if_buf[4][31]_i_1_n_0                                |                                         |               31 |             64 |         2.06 |
|  cpuClk/inst/clk_out1 | mini_rv_u/Ex/m_div/dbz_i_1_n_0                                    |                                         |               22 |             67 |         3.05 |
|  cpuClk/inst/clk_out1 | mini_rv_u/Ex/m_div/cnt[5]_i_1_n_0                                 | mini_rv_u/Ex/m_div/cnt[4]_i_1__0_n_0    |               17 |             69 |         4.06 |
|  cpuClk/inst/clk_out1 | mini_rv_u/If/IF_npc/is_jump_reg[0]_0                              | mini_rv_u/Id/regFile/rst                |               33 |             72 |         2.18 |
|  cpuClk/inst/clk_out1 | mini_rv_u/ex_mem/mem_access_waited_reg_0[0]                       | mini_rv_u/Id/regFile/rst                |               70 |            195 |         2.79 |
|  cpuClk/inst/clk_out1 | mini_rv_u/ex_mem/E[0]                                             | mini_rv_u/Id/regFile/rst                |               76 |            251 |         3.30 |
|  cpuClk/inst/clk_out1 |                                                                   | mini_rv_u/Id/regFile/rst                |              143 |            529 |         3.70 |
+-----------------------+-------------------------------------------------------------------+-----------------------------------------+------------------+----------------+--------------+


