Copyright 1986-2021 Xilinx, Inc. All Rights Reserved.
------------------------------------------------------------------------------------------------------------------------------------------------
| Tool Version : Vivado v.2021.2 (win64) Build 3367213 Tue Oct 19 02:48:09 MDT 2021
| Date         : Mon May  4 19:26:34 2026
| Host         : WDDdLaptop running 64-bit major release  (build 9200)
| Command      : report_timing_summary -file D:/riscv32_pipeline_cache/report_artifacts/impl_strategy_trials/impl_trial_perf_explore_timing.rpt
| Design       : top
| Device       : 7z020-clg400
| Speed File   : -2  PRODUCTION 1.12 2019-11-22
------------------------------------------------------------------------------------------------------------------------------------------------

Timing Summary Report

------------------------------------------------------------------------------------------------
| Timer Settings
| --------------
------------------------------------------------------------------------------------------------

  Enable Multi Corner Analysis               :  Yes
  Enable Pessimism Removal                   :  Yes
  Pessimism Removal Resolution               :  Nearest Common Node
  Enable Input Delay Default Clock           :  No
  Enable Preset / Clear Arcs                 :  No
  Disable Flight Delays                      :  No
  Ignore I/O Paths                           :  No
  Timing Early Launch at Borrowing Latches   :  No
  Borrow Time for Max Delay Exceptions       :  Yes
  Merge Timing Exceptions                    :  Yes

  Corner  Analyze    Analyze    
  Name    Max Paths  Min Paths  
  ------  ---------  ---------  
  Slow    Yes        Yes        
  Fast    Yes        Yes        


------------------------------------------------------------------------------------------------
| Report Methodology
| ------------------
------------------------------------------------------------------------------------------------

No report available as report_methodology has not been run prior. Run report_methodology on the current design for the summary of methodology violations.



check_timing report

Table of Contents
-----------------
1. checking no_clock (0)
2. checking constant_clock (0)
3. checking pulse_width_clock (0)
4. checking unconstrained_internal_endpoints (0)
5. checking no_input_delay (1)
6. checking no_output_delay (1)
7. checking multiple_clock (0)
8. checking generated_clocks (0)
9. checking loops (0)
10. checking partial_input_delay (0)
11. checking partial_output_delay (0)
12. checking latch_loops (0)

1. checking no_clock (0)
------------------------
 There are 0 register/latch pins with no clock.


2. checking constant_clock (0)
------------------------------
 There are 0 register/latch pins with constant_clock.


3. checking pulse_width_clock (0)
---------------------------------
 There are 0 register/latch pins which need pulse_width check


4. checking unconstrained_internal_endpoints (0)
------------------------------------------------
 There are 0 pins that are not constrained for maximum delay.

 There are 0 pins that are not constrained for maximum delay due to constant clock.


5. checking no_input_delay (1)
------------------------------
 There is 1 input port with no input delay specified. (HIGH)

 There are 0 input ports with no input delay but user has a false path constraint.


6. checking no_output_delay (1)
-------------------------------
 There is 1 port with no output delay specified. (HIGH)

 There are 0 ports with no output delay but user has a false path constraint

 There are 0 ports with no output delay but with a timing clock defined on it or propagating through it


7. checking multiple_clock (0)
------------------------------
 There are 0 register/latch pins with multiple clocks.


8. checking generated_clocks (0)
--------------------------------
 There are 0 generated clocks that are not connected to a clock source.


9. checking loops (0)
---------------------
 There are 0 combinational loops in the design.


10. checking partial_input_delay (0)
------------------------------------
 There are 0 input ports with partial input delay specified.


11. checking partial_output_delay (0)
-------------------------------------
 There are 0 ports with partial output delay specified.


12. checking latch_loops (0)
----------------------------
 There are 0 combinational latch loops in the design through latch input



------------------------------------------------------------------------------------------------
| Design Timing Summary
| ---------------------
------------------------------------------------------------------------------------------------

    WNS(ns)      TNS(ns)  TNS Failing Endpoints  TNS Total Endpoints      WHS(ns)      THS(ns)  THS Failing Endpoints  THS Total Endpoints     WPWS(ns)     TPWS(ns)  TPWS Failing Endpoints  TPWS Total Endpoints  
    -------      -------  ---------------------  -------------------      -------      -------  ---------------------  -------------------     --------     --------  ----------------------  --------------------  
     -0.137       -0.266                      3                14218        0.098        0.000                      0                14218        6.167        0.000                       0                  6949  


Timing constraints are not met.


------------------------------------------------------------------------------------------------
| Clock Summary
| -------------
------------------------------------------------------------------------------------------------

Clock                Waveform(ns)       Period(ns)      Frequency(MHz)
-----                ------------       ----------      --------------
sys_clk_pin          {0.000 10.000}     20.000          50.000          
  clk_out1_cpuclk_1  {0.000 6.667}      13.333          75.000          
  clkfbout_cpuclk_1  {0.000 20.000}     40.000          25.000          


------------------------------------------------------------------------------------------------
| Intra Clock Table
| -----------------
------------------------------------------------------------------------------------------------

Clock                    WNS(ns)      TNS(ns)  TNS Failing Endpoints  TNS Total Endpoints      WHS(ns)      THS(ns)  THS Failing Endpoints  THS Total Endpoints     WPWS(ns)     TPWS(ns)  TPWS Failing Endpoints  TPWS Total Endpoints  
-----                    -------      -------  ---------------------  -------------------      -------      -------  ---------------------  -------------------     --------     --------  ----------------------  --------------------  
sys_clk_pin                                                                                                                                                            7.000        0.000                       0                     1  
  clk_out1_cpuclk_1       -0.137       -0.266                      3                14218        0.098        0.000                      0                14218        6.167        0.000                       0                  6945  
  clkfbout_cpuclk_1                                                                                                                                                   12.633        0.000                       0                     3  


------------------------------------------------------------------------------------------------
| Inter Clock Table
| -----------------
------------------------------------------------------------------------------------------------

From Clock    To Clock          WNS(ns)      TNS(ns)  TNS Failing Endpoints  TNS Total Endpoints      WHS(ns)      THS(ns)  THS Failing Endpoints  THS Total Endpoints  
----------    --------          -------      -------  ---------------------  -------------------      -------      -------  ---------------------  -------------------  


------------------------------------------------------------------------------------------------
| Other Path Groups Table
| -----------------------
------------------------------------------------------------------------------------------------

Path Group    From Clock    To Clock          WNS(ns)      TNS(ns)  TNS Failing Endpoints  TNS Total Endpoints      WHS(ns)      THS(ns)  THS Failing Endpoints  THS Total Endpoints  
----------    ----------    --------          -------      -------  ---------------------  -------------------      -------      -------  ---------------------  -------------------  


------------------------------------------------------------------------------------------------
| Timing Details
| --------------
------------------------------------------------------------------------------------------------


---------------------------------------------------------------------------------------------------
From Clock:  sys_clk_pin
  To Clock:  sys_clk_pin

Setup :           NA  Failing Endpoints,  Worst Slack           NA  ,  Total Violation           NA
Hold  :           NA  Failing Endpoints,  Worst Slack           NA  ,  Total Violation           NA
PW    :            0  Failing Endpoints,  Worst Slack        7.000ns,  Total Violation        0.000ns
---------------------------------------------------------------------------------------------------


Pulse Width Checks
--------------------------------------------------------------------------------------
Clock Name:         sys_clk_pin
Waveform(ns):       { 0.000 10.000 }
Period(ns):         20.000
Sources:            { clk }

Check Type        Corner  Lib Pin           Reference Pin  Required(ns)  Actual(ns)  Slack(ns)  Location        Pin
Min Period        n/a     PLLE2_ADV/CLKIN1  n/a            1.249         20.000      18.751     PLLE2_ADV_X1Y1  cpuClk/inst/plle2_adv_inst/CLKIN1
Max Period        n/a     PLLE2_ADV/CLKIN1  n/a            52.633        20.000      32.633     PLLE2_ADV_X1Y1  cpuClk/inst/plle2_adv_inst/CLKIN1
Low Pulse Width   Slow    PLLE2_ADV/CLKIN1  n/a            3.000         10.000      7.000      PLLE2_ADV_X1Y1  cpuClk/inst/plle2_adv_inst/CLKIN1
High Pulse Width  Slow    PLLE2_ADV/CLKIN1  n/a            3.000         10.000      7.000      PLLE2_ADV_X1Y1  cpuClk/inst/plle2_adv_inst/CLKIN1



---------------------------------------------------------------------------------------------------
From Clock:  clk_out1_cpuclk_1
  To Clock:  clk_out1_cpuclk_1

Setup :            3  Failing Endpoints,  Worst Slack       -0.137ns,  Total Violation       -0.266ns
Hold  :            0  Failing Endpoints,  Worst Slack        0.098ns,  Total Violation        0.000ns
PW    :            0  Failing Endpoints,  Worst Slack        6.167ns,  Total Violation        0.000ns
---------------------------------------------------------------------------------------------------


Max Delay Paths
--------------------------------------------------------------------------------------
Slack (VIOLATED) :        -0.137ns  (required time - arrival time)
  Source:                 mini_rv_u/id_ex/Rs2_o_reg[0]/C
                            (rising edge-triggered cell FDCE clocked by clk_out1_cpuclk_1  {rise@0.000ns fall@6.667ns period=13.333ns})
  Destination:            mini_rv_u/If/IF_icache/u_cache/pipe_way1_reg/D
                            (rising edge-triggered cell FDCE clocked by clk_out1_cpuclk_1  {rise@0.000ns fall@6.667ns period=13.333ns})
  Path Group:             clk_out1_cpuclk_1
  Path Type:              Setup (Max at Slow Process Corner)
  Requirement:            13.333ns  (clk_out1_cpuclk_1 rise@13.333ns - clk_out1_cpuclk_1 rise@0.000ns)
  Data Path Delay:        13.252ns  (logic 3.576ns (26.985%)  route 9.676ns (73.015%))
  Logic Levels:           20  (CARRY4=1 LUT2=2 LUT3=1 LUT5=9 LUT6=4 MUXF7=2 MUXF8=1)
  Clock Path Skew:        -0.189ns (DCD - SCD + CPR)
    Destination Clock Delay (DCD):    -1.534ns = ( 11.799 - 13.333 ) 
    Source Clock Delay      (SCD):    -1.883ns
    Clock Pessimism Removal (CPR):    -0.537ns
  Clock Uncertainty:      0.136ns  ((TSJ^2 + DJ^2)^1/2) / 2 + PE
    Total System Jitter     (TSJ):    0.071ns
    Discrete Jitter          (DJ):    0.263ns
    Phase Error              (PE):    0.000ns

    Location             Delay type                Incr(ns)  Path(ns)    Netlist Resource(s)
  -------------------------------------------------------------------    -------------------
                         (clock clk_out1_cpuclk_1 rise edge)
                                                      0.000     0.000 r  
    U18                                               0.000     0.000 r  clk (IN)
                         net (fo=0)                   0.000     0.000    cpuClk/inst/clk_in1
    U18                  IBUF (Prop_ibuf_I_O)         1.429     1.429 r  cpuClk/inst/clkin1_ibufg/O
                         net (fo=1, routed)           1.126     2.555    cpuClk/inst/clk_in1_cpuclk
    PLLE2_ADV_X1Y1       PLLE2_ADV (Prop_plle2_adv_CLKIN1_CLKOUT0)
                                                     -7.569    -5.014 r  cpuClk/inst/plle2_adv_inst/CLKOUT0
                         net (fo=1, routed)           1.594    -3.420    cpuClk/inst/clk_out1_cpuclk
    BUFGCTRL_X0Y16       BUFG (Prop_bufg_I_O)         0.085    -3.335 r  cpuClk/inst/clkout1_buf/O
                         net (fo=6943, routed)        1.452    -1.883    mini_rv_u/id_ex/clk_out1
    SLICE_X58Y33         FDCE                                         r  mini_rv_u/id_ex/Rs2_o_reg[0]/C
  -------------------------------------------------------------------    -------------------
    SLICE_X58Y33         FDCE (Prop_fdce_C_Q)         0.433    -1.450 r  mini_rv_u/id_ex/Rs2_o_reg[0]/Q
                         net (fo=4, routed)           0.686    -0.763    mini_rv_u/id_ex/rs2_EX[0]
    SLICE_X59Y32         LUT5 (Prop_lut5_I1_O)        0.105    -0.658 r  mini_rv_u/id_ex/DRAMIn_o[31]_i_7/O
                         net (fo=2, routed)           0.668     0.010    mini_rv_u/id_ex/forwardingUnit/risk_EX_B2
    SLICE_X58Y33         LUT6 (Prop_lut6_I4_O)        0.105     0.115 r  mini_rv_u/id_ex/DRAMIn_o[31]_i_2/O
                         net (fo=97, routed)          0.563     0.678    mini_rv_u/id_ex/risk_EX_B
    SLICE_X56Y33         LUT5 (Prop_lut5_I2_O)        0.105     0.783 f  mini_rv_u/id_ex/q[3]_i_3/O
                         net (fo=2, routed)           0.548     1.331    mini_rv_u/id_ex/forwardingB[3]
    SLICE_X55Y33         LUT5 (Prop_lut5_I3_O)        0.105     1.436 r  mini_rv_u/id_ex/q[3]_i_2/O
                         net (fo=97, routed)          1.110     2.547    mini_rv_u/id_ex/q[4]_i_7_n_0
    SLICE_X56Y36         LUT5 (Prop_lut5_I1_O)        0.105     2.652 r  mini_rv_u/id_ex/target_table[0][28]_i_13/O
                         net (fo=4, routed)           0.907     3.559    mini_rv_u/id_ex/target_table[0][28]_i_13_n_0
    SLICE_X58Y39         LUT6 (Prop_lut6_I0_O)        0.105     3.664 r  mini_rv_u/id_ex/target_table[0][28]_i_10/O
                         net (fo=2, routed)           0.647     4.311    mini_rv_u/id_ex/target_table[0][28]_i_10_n_0
    SLICE_X53Y40         LUT5 (Prop_lut5_I2_O)        0.105     4.416 r  mini_rv_u/id_ex/target_table[0][28]_i_7/O
                         net (fo=1, routed)           0.240     4.656    mini_rv_u/id_ex/target_table[0][28]_i_7_n_0
    SLICE_X50Y40         LUT5 (Prop_lut5_I0_O)        0.105     4.761 r  mini_rv_u/id_ex/target_table[0][28]_i_4/O
                         net (fo=1, routed)           0.640     5.401    mini_rv_u/id_ex/target_table[0][28]_i_4_n_0
    SLICE_X48Y38         LUT5 (Prop_lut5_I0_O)        0.105     5.506 r  mini_rv_u/id_ex/target_table[0][28]_i_2/O
                         net (fo=1, routed)           0.000     5.506    mini_rv_u/id_ex/target_table[0][28]_i_2_n_0
    SLICE_X48Y38         MUXF7 (Prop_muxf7_I0_O)      0.199     5.705 r  mini_rv_u/id_ex/target_table_reg[0][28]_i_1/O
                         net (fo=19, routed)          0.520     6.225    mini_rv_u/id_ex/ALUOut_EX[28]
    SLICE_X45Y35         LUT6 (Prop_lut6_I5_O)        0.250     6.475 r  mini_rv_u/id_ex/buf_count[3]_i_12/O
                         net (fo=1, routed)           0.000     6.475    mini_rv_u/id_ex/buf_count[3]_i_12_n_0
    SLICE_X45Y35         CARRY4 (Prop_carry4_S[1]_CO[2])
                                                      0.475     6.950 r  mini_rv_u/id_ex/buf_count_reg[3]_i_8/CO[2]
                         net (fo=3, routed)           0.360     7.311    mini_rv_u/id_ex/If/target_wrong0
    SLICE_X43Y34         LUT5 (Prop_lut5_I0_O)        0.261     7.572 r  mini_rv_u/id_ex/buf_count[3]_i_4/O
                         net (fo=107, routed)         0.598     8.169    mini_rv_u/Ex/m_div/buf_head_reg[2]
    SLICE_X43Y32         LUT3 (Prop_lut3_I1_O)        0.105     8.274 f  mini_rv_u/Ex/m_div/buf_count[3]_i_9/O
                         net (fo=33, routed)          0.200     8.474    mini_rv_u/id_ex/pre_fetch_pc_reg[1]
    SLICE_X43Y32         LUT2 (Prop_lut2_I1_O)        0.105     8.579 f  mini_rv_u/id_ex/buf_count[3]_i_6/O
                         net (fo=79, routed)          0.482     9.061    mini_rv_u/if_id/pipe_way0_reg
    SLICE_X36Y33         LUT6 (Prop_lut6_I0_O)        0.105     9.166 r  mini_rv_u/if_id/gen_icache_data.data_bram_i_69/O
                         net (fo=166, routed)         0.586     9.752    mini_rv_u/If/IF_icache/u_cache/valid1_reg[15]_0
    SLICE_X33Y34         LUT5 (Prop_lut5_I3_O)        0.105     9.857 r  mini_rv_u/If/IF_icache/u_cache/gen_icache_data.data_bram_i_66/O
                         net (fo=3, routed)           0.490    10.347    mini_rv_u/If/IF_icache/u_cache/cache_addr[4]
    SLICE_X33Y37         MUXF7 (Prop_muxf7_S_O)       0.227    10.574 r  mini_rv_u/If/IF_icache/u_cache/pipe_way0_reg_i_5/O
                         net (fo=1, routed)           0.000    10.574    mini_rv_u/If/IF_icache/u_cache/pipe_way0_reg_i_5_n_0
    SLICE_X33Y37         MUXF8 (Prop_muxf8_I1_O)      0.079    10.653 r  mini_rv_u/If/IF_icache/u_cache/pipe_way0_reg_i_3/O
                         net (fo=2, routed)           0.429    11.082    mini_rv_u/If/IF_icache/u_cache/lru__0
    SLICE_X32Y37         LUT2 (Prop_lut2_I0_O)        0.287    11.369 r  mini_rv_u/If/IF_icache/u_cache/pipe_way1_i_1/O
                         net (fo=1, routed)           0.000    11.369    mini_rv_u/If/IF_icache/u_cache/pipe_way1_i_1_n_0
    SLICE_X32Y37         FDCE                                         r  mini_rv_u/If/IF_icache/u_cache/pipe_way1_reg/D
  -------------------------------------------------------------------    -------------------

                         (clock clk_out1_cpuclk_1 rise edge)
                                                     13.333    13.333 r  
    U18                                               0.000    13.333 r  clk (IN)
                         net (fo=0)                   0.000    13.333    cpuClk/inst/clk_in1
    U18                  IBUF (Prop_ibuf_I_O)         1.363    14.697 r  cpuClk/inst/clkin1_ibufg/O
                         net (fo=1, routed)           1.019    15.715    cpuClk/inst/clk_in1_cpuclk
    PLLE2_ADV_X1Y1       PLLE2_ADV (Prop_plle2_adv_CLKIN1_CLKOUT0)
                                                     -6.696     9.020 r  cpuClk/inst/plle2_adv_inst/CLKOUT0
                         net (fo=1, routed)           1.451    10.471    cpuClk/inst/clk_out1_cpuclk
    BUFGCTRL_X0Y16       BUFG (Prop_bufg_I_O)         0.077    10.548 r  cpuClk/inst/clkout1_buf/O
                         net (fo=6943, routed)        1.251    11.799    mini_rv_u/If/IF_icache/u_cache/clk_out1
    SLICE_X32Y37         FDCE                                         r  mini_rv_u/If/IF_icache/u_cache/pipe_way1_reg/C
                         clock pessimism             -0.537    11.262    
                         clock uncertainty           -0.136    11.126    
    SLICE_X32Y37         FDCE (Setup_fdce_C_D)        0.106    11.232    mini_rv_u/If/IF_icache/u_cache/pipe_way1_reg
  -------------------------------------------------------------------
                         required time                         11.232    
                         arrival time                         -11.369    
  -------------------------------------------------------------------
                         slack                                 -0.137    





Min Delay Paths
--------------------------------------------------------------------------------------
Slack (MET) :             0.098ns  (arrival time - required time)
  Source:                 mini_rv_u/Ex/m_div/FSM_onehot_state_reg[0]/C
                            (rising edge-triggered cell FDSE clocked by clk_out1_cpuclk_1  {rise@0.000ns fall@6.667ns period=13.333ns})
  Destination:            mini_rv_u/Ex/m_div/a_reg_reg[15]/D
                            (rising edge-triggered cell FDRE clocked by clk_out1_cpuclk_1  {rise@0.000ns fall@6.667ns period=13.333ns})
  Path Group:             clk_out1_cpuclk_1
  Path Type:              Hold (Min at Fast Process Corner)
  Requirement:            0.000ns  (clk_out1_cpuclk_1 rise@0.000ns - clk_out1_cpuclk_1 rise@0.000ns)
  Data Path Delay:        0.464ns  (logic 0.186ns (40.072%)  route 0.278ns (59.928%))
  Logic Levels:           1  (LUT6=1)
  Clock Path Skew:        0.274ns (DCD - SCD - CPR)
    Destination Clock Delay (DCD):    -0.317ns
    Source Clock Delay      (SCD):    -0.551ns
    Clock Pessimism Removal (CPR):    -0.040ns

    Location             Delay type                Incr(ns)  Path(ns)    Netlist Resource(s)
  -------------------------------------------------------------------    -------------------
                         (clock clk_out1_cpuclk_1 rise edge)
                                                      0.000     0.000 r  
    U18                                               0.000     0.000 r  clk (IN)
                         net (fo=0)                   0.000     0.000    cpuClk/inst/clk_in1
    U18                  IBUF (Prop_ibuf_I_O)         0.266     0.266 r  cpuClk/inst/clkin1_ibufg/O
                         net (fo=1, routed)           0.440     0.706    cpuClk/inst/clk_in1_cpuclk
    PLLE2_ADV_X1Y1       PLLE2_ADV (Prop_plle2_adv_CLKIN1_CLKOUT0)
                                                     -2.407    -1.700 r  cpuClk/inst/plle2_adv_inst/CLKOUT0
                         net (fo=1, routed)           0.544    -1.156    cpuClk/inst/clk_out1_cpuclk
    BUFGCTRL_X0Y16       BUFG (Prop_bufg_I_O)         0.026    -1.130 r  cpuClk/inst/clkout1_buf/O
                         net (fo=6943, routed)        0.580    -0.551    mini_rv_u/Ex/m_div/clk_out1
    SLICE_X64Y50         FDSE                                         r  mini_rv_u/Ex/m_div/FSM_onehot_state_reg[0]/C
  -------------------------------------------------------------------    -------------------
    SLICE_X64Y50         FDSE (Prop_fdse_C_Q)         0.141    -0.410 r  mini_rv_u/Ex/m_div/FSM_onehot_state_reg[0]/Q
                         net (fo=35, routed)          0.278    -0.132    mini_rv_u/Ex/m_div/Q[0]
    SLICE_X63Y49         LUT6 (Prop_lut6_I5_O)        0.045    -0.087 r  mini_rv_u/Ex/m_div/a_reg[15]_i_1/O
                         net (fo=1, routed)           0.000    -0.087    mini_rv_u/Ex/m_div/a_reg[15]_i_1_n_0
    SLICE_X63Y49         FDRE                                         r  mini_rv_u/Ex/m_div/a_reg_reg[15]/D
  -------------------------------------------------------------------    -------------------

                         (clock clk_out1_cpuclk_1 rise edge)
                                                      0.000     0.000 r  
    U18                                               0.000     0.000 r  clk (IN)
                         net (fo=0)                   0.000     0.000    cpuClk/inst/clk_in1
    U18                  IBUF (Prop_ibuf_I_O)         0.454     0.454 r  cpuClk/inst/clkin1_ibufg/O
                         net (fo=1, routed)           0.481     0.935    cpuClk/inst/clk_in1_cpuclk
    PLLE2_ADV_X1Y1       PLLE2_ADV (Prop_plle2_adv_CLKIN1_CLKOUT0)
                                                     -2.727    -1.792 r  cpuClk/inst/plle2_adv_inst/CLKOUT0
                         net (fo=1, routed)           0.592    -1.200    cpuClk/inst/clk_out1_cpuclk
    BUFGCTRL_X0Y16       BUFG (Prop_bufg_I_O)         0.029    -1.171 r  cpuClk/inst/clkout1_buf/O
                         net (fo=6943, routed)        0.854    -0.317    mini_rv_u/Ex/m_div/clk_out1
    SLICE_X63Y49         FDRE                                         r  mini_rv_u/Ex/m_div/a_reg_reg[15]/C
                         clock pessimism              0.040    -0.276    
    SLICE_X63Y49         FDRE (Hold_fdre_C_D)         0.092    -0.184    mini_rv_u/Ex/m_div/a_reg_reg[15]
  -------------------------------------------------------------------
                         required time                          0.184    
                         arrival time                          -0.087    
  -------------------------------------------------------------------
                         slack                                  0.098    





Pulse Width Checks
--------------------------------------------------------------------------------------
Clock Name:         clk_out1_cpuclk_1
Waveform(ns):       { 0.000 6.667 }
Period(ns):         13.333
Sources:            { cpuClk/inst/plle2_adv_inst/CLKOUT0 }

Check Type        Corner  Lib Pin             Reference Pin  Required(ns)  Actual(ns)  Slack(ns)  Location        Pin
Min Period        n/a     RAMB36E1/CLKARDCLK  n/a            2.170         13.333      11.163     RAMB36_X2Y2     bus/interface_RAM/dRAM/RAM/U0/inst_blk_mem_gen/gnbram.gnativebmg.native_blk_mem_gen/valid.cstr/ramloop[0].ram.r/prim_noinit.ram/DEVICE_7SERIES.NO_BMM_INFO.SP.SIMPLE_PRIM36.ram/CLKARDCLK
Max Period        n/a     PLLE2_ADV/CLKOUT0   n/a            160.000       13.333      146.667    PLLE2_ADV_X1Y1  cpuClk/inst/plle2_adv_inst/CLKOUT0
Low Pulse Width   Slow    FDCE/C              n/a            0.500         6.667       6.167      SLICE_X61Y9     bus/gen_timer.interface_timer/timer_count_reg[0]/C
High Pulse Width  Slow    FDCE/C              n/a            0.500         6.667       6.167      SLICE_X61Y9     bus/gen_timer.interface_timer/timer_count_reg[0]/C



---------------------------------------------------------------------------------------------------
From Clock:  clkfbout_cpuclk_1
  To Clock:  clkfbout_cpuclk_1

Setup :           NA  Failing Endpoints,  Worst Slack           NA  ,  Total Violation           NA
Hold  :           NA  Failing Endpoints,  Worst Slack           NA  ,  Total Violation           NA
PW    :            0  Failing Endpoints,  Worst Slack       12.633ns,  Total Violation        0.000ns
---------------------------------------------------------------------------------------------------


Pulse Width Checks
--------------------------------------------------------------------------------------
Clock Name:         clkfbout_cpuclk_1
Waveform(ns):       { 0.000 20.000 }
Period(ns):         40.000
Sources:            { cpuClk/inst/plle2_adv_inst/CLKFBOUT }

Check Type  Corner  Lib Pin            Reference Pin  Required(ns)  Actual(ns)  Slack(ns)  Location        Pin
Min Period  n/a     BUFG/I             n/a            1.592         40.000      38.408     BUFGCTRL_X0Y17  cpuClk/inst/clkf_buf/I
Max Period  n/a     PLLE2_ADV/CLKFBIN  n/a            52.633        40.000      12.633     PLLE2_ADV_X1Y1  cpuClk/inst/plle2_adv_inst/CLKFBIN



