#-----------------------------------------------------------
# Vivado v2021.2 (64-bit)
# SW Build 3367213 on Tue Oct 19 02:48:09 MDT 2021
# IP Build 3369179 on Thu Oct 21 08:25:16 MDT 2021
# Start of session at: Mon May  4 19:16:21 2026
# Process ID: 10132
# Current directory: D:/riscv32_pipeline
# Command line: vivado.exe -mode batch -source D:\riscv32_pipeline_cache\report_artifacts\impl_strategy_trials\probe_run_props.tcl -journal D:\riscv32_pipeline_cache\report_artifacts\impl_strategy_trials\probe_run_props.jou -log D:\riscv32_pipeline_cache\report_artifacts\impl_strategy_trials\probe_run_props.log
# Log file: D:/riscv32_pipeline_cache/report_artifacts/impl_strategy_trials/probe_run_props.log
# Journal file: D:\riscv32_pipeline_cache\report_artifacts\impl_strategy_trials\probe_run_props.jou
# Running On: WDDdLaptop, OS: Windows, CPU Frequency: 3194 MHz, CPU Physical cores: 16, Host memory: 16366 MB
#-----------------------------------------------------------
source {D:\riscv32_pipeline_cache\report_artifacts\impl_strategy_trials\probe_run_props.tcl}
# open_project D:/riscv32_pipeline_cache/riscv32_pipeline.xpr
Scanning sources...
Finished scanning sources
INFO: [IP_Flow 19-234] Refreshing IP repositories
INFO: [IP_Flow 19-1704] No user IP repositories specified
INFO: [IP_Flow 19-2313] Loaded Vivado IP repository 'F:/Xilinx/Vivado/2021.2/data/ip'.
open_project: Time (s): cpu = 00:00:09 ; elapsed = 00:00:09 . Memory (MB): peak = 1246.660 ; gain = 23.902
# foreach r [list [get_runs impl_2] [get_runs synth_1_copy_1]] {
#   puts "RUN=$r"
#   foreach p {FLOW STRATEGY DIRECTORY PART CONSTRSET} { catch {puts "$p=[get_property $p $r]"} }
# }
RUN=impl_2
FLOW=Vivado Implementation 2021
STRATEGY=Vivado Implementation Defaults
DIRECTORY=D:/riscv32_pipeline_cache/riscv32_pipeline.runs/impl_2
PART=xc7z020clg400-2
CONSTRSET=constrs_1
RUN=synth_1_copy_1
FLOW=Vivado Synthesis 2021
STRATEGY=Flow_AreaOptimized_high
DIRECTORY=D:/riscv32_pipeline_cache/riscv32_pipeline.runs/synth_1_copy_1
PART=xc7z020clg400-2
CONSTRSET=constrs_1
# exit
INFO: [Common 17-206] Exiting Vivado at Mon May  4 19:16:34 2026...
