#-----------------------------------------------------------
# Vivado v2021.2 (64-bit)
# SW Build 3367213 on Tue Oct 19 02:48:09 MDT 2021
# IP Build 3369179 on Thu Oct 21 08:25:16 MDT 2021
# Start of session at: Mon May  4 19:15:46 2026
# Process ID: 412
# Current directory: D:/riscv32_pipeline
# Command line: vivado.exe -mode batch -source D:\riscv32_pipeline_cache\report_artifacts\impl_strategy_trials\probe_run_props.tcl -journal D:\riscv32_pipeline_cache\report_artifacts\impl_strategy_trials\probe_run_props.jou -log D:\riscv32_pipeline_cache\report_artifacts\impl_strategy_trials\probe_run_props.log
# Log file: D:/riscv32_pipeline_cache/report_artifacts/impl_strategy_trials/probe_run_props.log
# Journal file: D:\riscv32_pipeline_cache\report_artifacts\impl_strategy_trials\probe_run_props.jou
# Running On: WDDdLaptop, OS: Windows, CPU Frequency: 3194 MHz, CPU Physical cores: 16, Host memory: 16366 MB
#-----------------------------------------------------------
source {D:\riscv32_pipeline_cache\report_artifacts\impl_strategy_trials\probe_run_props.tcl}
