#-----------------------------------------------------------
# Vivado v2021.2 (64-bit)
# SW Build 3367213 on Tue Oct 19 02:48:09 MDT 2021
# IP Build 3369179 on Thu Oct 21 08:25:16 MDT 2021
# Start of session at: Mon May  4 19:46:35 2026
# Process ID: 27972
# Current directory: D:/riscv32_pipeline
# Command line: vivado.exe -mode batch -source D:\riscv32_pipeline_cache\report_artifacts\impl_strategy_trials\set_active_netdelay.tcl -journal D:\riscv32_pipeline_cache\report_artifacts\impl_strategy_trials\set_active_netdelay.jou -log D:\riscv32_pipeline_cache\report_artifacts\impl_strategy_trials\set_active_netdelay.log
# Log file: D:/riscv32_pipeline_cache/report_artifacts/impl_strategy_trials/set_active_netdelay.log
# Journal file: D:\riscv32_pipeline_cache\report_artifacts\impl_strategy_trials\set_active_netdelay.jou
# Running On: WDDdLaptop, OS: Windows, CPU Frequency: 3194 MHz, CPU Physical cores: 16, Host memory: 16366 MB
#-----------------------------------------------------------
source {D:\riscv32_pipeline_cache\report_artifacts\impl_strategy_trials\set_active_netdelay.tcl}
# open_project D:/riscv32_pipeline_cache/riscv32_pipeline.xpr
Scanning sources...
Finished scanning sources
INFO: [IP_Flow 19-234] Refreshing IP repositories
INFO: [IP_Flow 19-1704] No user IP repositories specified
INFO: [IP_Flow 19-2313] Loaded Vivado IP repository 'F:/Xilinx/Vivado/2021.2/data/ip'.
open_project: Time (s): cpu = 00:00:11 ; elapsed = 00:00:12 . Memory (MB): peak = 1246.816 ; gain = 23.887
# current_run -implementation [get_runs impl_trial_netdelay_high]
# save_project
ERROR: [Common 17-163] Missing value for option 'name', please type 'save_project_as -help' for usage info.
INFO: [Common 17-206] Exiting Vivado at Mon May  4 19:46:51 2026...
