START official_test.mem
COMMIT t=155000 wb_pc=00000000 wb_we=1 wb_rd=x0 wb_val=00000004 IF_pc=00000054 IF_inst=00000093 ID_pc=00000000 ID_inst=00000013 EX_pc=00000000 EX_alu=00000000 mem_we=0 mem_addr=00000000 mem_wd=00000000 mem_rd=0540006f
COMMIT t=185000 wb_pc=00000000 wb_we=1 wb_rd=x0 wb_val=00000000 IF_pc=00000060 IF_inst=00000213 ID_pc=0000005c ID_inst=00000193 EX_pc=00000058 EX_alu=00000000 mem_we=0 mem_addr=00000000 mem_wd=00000000 mem_rd=0540006f
COMMIT t=195000 wb_pc=00000054 wb_we=1 wb_rd=x1 wb_val=00000000 IF_pc=00000064 IF_inst=00000293 ID_pc=00000060 ID_inst=00000213 EX_pc=0000005c EX_alu=00000000 mem_we=0 mem_addr=00000000 mem_wd=00000000 mem_rd=0540006f
COMMIT t=205000 wb_pc=00000058 wb_we=1 wb_rd=x2 wb_val=00000000 IF_pc=00000068 IF_inst=00000313 ID_pc=00000064 ID_inst=00000293 EX_pc=00000060 EX_alu=00000000 mem_we=0 mem_addr=00000000 mem_wd=00000000 mem_rd=0540006f
COMMIT t=215000 wb_pc=0000005c wb_we=1 wb_rd=x3 wb_val=00000000 IF_pc=0000006c IF_inst=00000393 ID_pc=00000068 ID_inst=00000313 EX_pc=00000064 EX_alu=00000000 mem_we=0 mem_addr=00000000 mem_wd=00000000 mem_rd=0540006f
COMMIT t=225000 wb_pc=00000060 wb_we=1 wb_rd=x4 wb_val=00000000 IF_pc=00000070 IF_inst=00000413 ID_pc=0000006c ID_inst=00000393 EX_pc=00000068 EX_alu=00000000 mem_we=0 mem_addr=00000000 mem_wd=00000000 mem_rd=0540006f
COMMIT t=235000 wb_pc=00000064 wb_we=1 wb_rd=x5 wb_val=00000000 IF_pc=00000074 IF_inst=00000493 ID_pc=00000070 ID_inst=00000413 EX_pc=0000006c EX_alu=00000000 mem_we=0 mem_addr=00000000 mem_wd=00000000 mem_rd=0540006f
COMMIT t=245000 wb_pc=00000068 wb_we=1 wb_rd=x6 wb_val=00000000 IF_pc=00000078 IF_inst=00000513 ID_pc=00000074 ID_inst=00000493 EX_pc=00000070 EX_alu=00000000 mem_we=0 mem_addr=00000000 mem_wd=00000000 mem_rd=0540006f
COMMIT t=255000 wb_pc=0000006c wb_we=1 wb_rd=x7 wb_val=00000000 IF_pc=0000007c IF_inst=00000593 ID_pc=00000078 ID_inst=00000513 EX_pc=00000074 EX_alu=00000000 mem_we=0 mem_addr=00000000 mem_wd=00000000 mem_rd=0540006f
COMMIT t=265000 wb_pc=00000070 wb_we=1 wb_rd=x8 wb_val=00000000 IF_pc=00000080 IF_inst=00000613 ID_pc=0000007c ID_inst=00000593 EX_pc=00000078 EX_alu=00000000 mem_we=0 mem_addr=00000000 mem_wd=00000000 mem_rd=0540006f
COMMIT t=275000 wb_pc=00000074 wb_we=1 wb_rd=x9 wb_val=00000000 IF_pc=00000084 IF_inst=00000693 ID_pc=00000080 ID_inst=00000613 EX_pc=0000007c EX_alu=00000000 mem_we=0 mem_addr=00000000 mem_wd=00000000 mem_rd=0540006f
COMMIT t=285000 wb_pc=00000078 wb_we=1 wb_rd=x10 wb_val=00000000 IF_pc=00000088 IF_inst=00000713 ID_pc=00000084 ID_inst=00000693 EX_pc=00000080 EX_alu=00000000 mem_we=0 mem_addr=00000000 mem_wd=00000000 mem_rd=0540006f
COMMIT t=295000 wb_pc=0000007c wb_we=1 wb_rd=x11 wb_val=00000000 IF_pc=0000008c IF_inst=00000793 ID_pc=00000088 ID_inst=00000713 EX_pc=00000084 EX_alu=00000000 mem_we=0 mem_addr=00000000 mem_wd=00000000 mem_rd=0540006f
COMMIT t=305000 wb_pc=00000080 wb_we=1 wb_rd=x12 wb_val=00000000 IF_pc=00000090 IF_inst=00000813 ID_pc=0000008c ID_inst=00000793 EX_pc=00000088 EX_alu=00000000 mem_we=0 mem_addr=00000000 mem_wd=00000000 mem_rd=0540006f
COMMIT t=315000 wb_pc=00000084 wb_we=1 wb_rd=x13 wb_val=00000000 IF_pc=00000094 IF_inst=00000893 ID_pc=00000090 ID_inst=00000813 EX_pc=0000008c EX_alu=00000000 mem_we=0 mem_addr=00000000 mem_wd=00000000 mem_rd=0540006f
COMMIT t=325000 wb_pc=00000088 wb_we=1 wb_rd=x14 wb_val=00000000 IF_pc=00000098 IF_inst=00000913 ID_pc=00000094 ID_inst=00000893 EX_pc=00000090 EX_alu=00000000 mem_we=0 mem_addr=00000000 mem_wd=00000000 mem_rd=0540006f
COMMIT t=335000 wb_pc=0000008c wb_we=1 wb_rd=x15 wb_val=00000000 IF_pc=0000009c IF_inst=00000993 ID_pc=00000098 ID_inst=00000913 EX_pc=00000094 EX_alu=00000000 mem_we=0 mem_addr=00000000 mem_wd=00000000 mem_rd=0540006f
COMMIT t=345000 wb_pc=00000090 wb_we=1 wb_rd=x16 wb_val=00000000 IF_pc=000000a0 IF_inst=00000a13 ID_pc=0000009c ID_inst=00000993 EX_pc=00000098 EX_alu=00000000 mem_we=0 mem_addr=00000000 mem_wd=00000000 mem_rd=0540006f
COMMIT t=355000 wb_pc=00000094 wb_we=1 wb_rd=x17 wb_val=00000000 IF_pc=000000a4 IF_inst=00000a93 ID_pc=000000a0 ID_inst=00000a13 EX_pc=0000009c EX_alu=00000000 mem_we=0 mem_addr=00000000 mem_wd=00000000 mem_rd=0540006f
COMMIT t=365000 wb_pc=00000098 wb_we=1 wb_rd=x18 wb_val=00000000 IF_pc=000000a8 IF_inst=00000b13 ID_pc=000000a4 ID_inst=00000a93 EX_pc=000000a0 EX_alu=00000000 mem_we=0 mem_addr=00000000 mem_wd=00000000 mem_rd=0540006f
COMMIT t=375000 wb_pc=0000009c wb_we=1 wb_rd=x19 wb_val=00000000 IF_pc=000000ac IF_inst=00000b93 ID_pc=000000a8 ID_inst=00000b13 EX_pc=000000a4 EX_alu=00000000 mem_we=0 mem_addr=00000000 mem_wd=00000000 mem_rd=0540006f
COMMIT t=385000 wb_pc=000000a0 wb_we=1 wb_rd=x20 wb_val=00000000 IF_pc=000000b0 IF_inst=00000c13 ID_pc=000000ac ID_inst=00000b93 EX_pc=000000a8 EX_alu=00000000 mem_we=0 mem_addr=00000000 mem_wd=00000000 mem_rd=0540006f
COMMIT t=395000 wb_pc=000000a4 wb_we=1 wb_rd=x21 wb_val=00000000 IF_pc=000000b4 IF_inst=00000c93 ID_pc=000000b0 ID_inst=00000c13 EX_pc=000000ac EX_alu=00000000 mem_we=0 mem_addr=00000000 mem_wd=00000000 mem_rd=0540006f
COMMIT t=405000 wb_pc=000000a8 wb_we=1 wb_rd=x22 wb_val=00000000 IF_pc=000000b8 IF_inst=00000d13 ID_pc=000000b4 ID_inst=00000c93 EX_pc=000000b0 EX_alu=00000000 mem_we=0 mem_addr=00000000 mem_wd=00000000 mem_rd=0540006f
COMMIT t=415000 wb_pc=000000ac wb_we=1 wb_rd=x23 wb_val=00000000 IF_pc=000000bc IF_inst=00000d93 ID_pc=000000b8 ID_inst=00000d13 EX_pc=000000b4 EX_alu=00000000 mem_we=0 mem_addr=00000000 mem_wd=00000000 mem_rd=0540006f
COMMIT t=425000 wb_pc=000000b0 wb_we=1 wb_rd=x24 wb_val=00000000 IF_pc=000000c0 IF_inst=00000e13 ID_pc=000000bc ID_inst=00000d93 EX_pc=000000b8 EX_alu=00000000 mem_we=0 mem_addr=00000000 mem_wd=00000000 mem_rd=0540006f
COMMIT t=435000 wb_pc=000000b4 wb_we=1 wb_rd=x25 wb_val=00000000 IF_pc=000000c4 IF_inst=00000e93 ID_pc=000000c0 ID_inst=00000e13 EX_pc=000000bc EX_alu=00000000 mem_we=0 mem_addr=00000000 mem_wd=00000000 mem_rd=0540006f
COMMIT t=445000 wb_pc=000000b8 wb_we=1 wb_rd=x26 wb_val=00000000 IF_pc=000000c8 IF_inst=00000f13 ID_pc=000000c4 ID_inst=00000e93 EX_pc=000000c0 EX_alu=00000000 mem_we=0 mem_addr=00000000 mem_wd=00000000 mem_rd=0540006f
COMMIT t=455000 wb_pc=000000bc wb_we=1 wb_rd=x27 wb_val=00000000 IF_pc=000000cc IF_inst=00000f93 ID_pc=000000c8 ID_inst=00000f13 EX_pc=000000c4 EX_alu=00000000 mem_we=0 mem_addr=00000000 mem_wd=00000000 mem_rd=0540006f
COMMIT t=465000 wb_pc=000000c0 wb_we=1 wb_rd=x28 wb_val=00000000 IF_pc=000000d0 IF_inst=00200193 ID_pc=000000cc ID_inst=00000f93 EX_pc=000000c8 EX_alu=00000000 mem_we=0 mem_addr=00000000 mem_wd=00000000 mem_rd=0540006f
COMMIT t=475000 wb_pc=000000c4 wb_we=1 wb_rd=x29 wb_val=00000000 IF_pc=000000d4 IF_inst=00000093 ID_pc=000000d0 ID_inst=00200193 EX_pc=000000cc EX_alu=00000000 mem_we=0 mem_addr=00000000 mem_wd=00000000 mem_rd=0540006f
COMMIT t=485000 wb_pc=000000c8 wb_we=1 wb_rd=x30 wb_val=00000000 IF_pc=000000d8 IF_inst=00000113 ID_pc=000000d4 ID_inst=00000093 EX_pc=000000d0 EX_alu=00000002 mem_we=0 mem_addr=00000000 mem_wd=00000000 mem_rd=0540006f
COMMIT t=495000 wb_pc=000000cc wb_we=1 wb_rd=x31 wb_val=00000000 IF_pc=000000dc IF_inst=0020f663 ID_pc=000000d8 ID_inst=00000113 EX_pc=000000d4 EX_alu=00000000 mem_we=0 mem_addr=00000002 mem_wd=0000006f mem_rd=0540006f
COMMIT t=505000 wb_pc=000000d0 wb_we=1 wb_rd=x3 wb_val=00000002 IF_pc=000000e0 IF_inst=34301263 ID_pc=000000dc ID_inst=0020f663 EX_pc=000000d8 EX_alu=00000000 mem_we=0 mem_addr=00000000 mem_wd=00000000 mem_rd=0540006f
COMMIT t=515000 wb_pc=000000d4 wb_we=1 wb_rd=x1 wb_val=00000000 IF_pc=000000e4 IF_inst=00301663 ID_pc=000000e0 ID_inst=34301263 EX_pc=000000dc EX_alu=000000e8 mem_we=0 mem_addr=00000000 mem_wd=00000000 mem_rd=0540006f
COMMIT t=525000 wb_pc=000000d8 wb_we=1 wb_rd=x2 wb_val=00000000 IF_pc=00000000 IF_inst=00000013 ID_pc=00000000 ID_inst=00000013 EX_pc=00000000 EX_alu=00000000 mem_we=0 mem_addr=000000e8 mem_wd=00000000 mem_rd=fe20fee3
COMMIT t=535000 wb_pc=000000dc wb_we=0 wb_rd=x12 wb_val=000000e8 IF_pc=000000e8 IF_inst=fe20fee3 ID_pc=00000000 ID_inst=00000013 EX_pc=00000000 EX_alu=00000000 mem_we=0 mem_addr=00000000 mem_wd=00000000 mem_rd=0540006f
COMMIT t=565000 wb_pc=00000000 wb_we=1 wb_rd=x0 wb_val=00000000 IF_pc=00000000 IF_inst=00000013 ID_pc=00000000 ID_inst=00000013 EX_pc=00000000 EX_alu=00000000 mem_we=0 mem_addr=000000e4 mem_wd=00000000 mem_rd=00301663
COMMIT t=575000 wb_pc=000000e8 wb_we=0 wb_rd=x29 wb_val=000000e4 IF_pc=000000e4 IF_inst=00301663 ID_pc=00000000 ID_inst=00000013 EX_pc=00000000 EX_alu=00000000 mem_we=0 mem_addr=00000000 mem_wd=00000000 mem_rd=0540006f
COMMIT t=605000 wb_pc=00000000 wb_we=1 wb_rd=x0 wb_val=00000000 IF_pc=00000000 IF_inst=00000013 ID_pc=00000000 ID_inst=00000013 EX_pc=00000000 EX_alu=00000000 mem_we=0 mem_addr=000000f0 mem_wd=00000002 mem_rd=00300193
COMMIT t=615000 wb_pc=000000e4 wb_we=0 wb_rd=x12 wb_val=000000f0 IF_pc=000000f0 IF_inst=00300193 ID_pc=00000000 ID_inst=00000013 EX_pc=00000000 EX_alu=00000000 mem_we=0 mem_addr=00000000 mem_wd=00000000 mem_rd=0540006f
COMMIT t=645000 wb_pc=00000000 wb_we=1 wb_rd=x0 wb_val=00000000 IF_pc=000000fc IF_inst=0020f663 ID_pc=000000f8 ID_inst=00100113 EX_pc=000000f4 EX_alu=00000001 mem_we=0 mem_addr=00000003 mem_wd=0200006f mem_rd=0540006f
COMMIT t=655000 wb_pc=000000f0 wb_we=1 wb_rd=x3 wb_val=00000003 IF_pc=00000100 IF_inst=32301263 ID_pc=000000fc ID_inst=0020f663 EX_pc=000000f8 EX_alu=00000001 mem_we=0 mem_addr=00000001 mem_wd=00000005 mem_rd=0540006f
COMMIT t=665000 wb_pc=000000f4 wb_we=1 wb_rd=x1 wb_val=00000001 IF_pc=00000104 IF_inst=00301663 ID_pc=00000100 ID_inst=32301263 EX_pc=000000fc EX_alu=00000108 mem_we=0 mem_addr=00000001 mem_wd=00000100 mem_rd=0540006f
COMMIT t=675000 wb_pc=000000f8 wb_we=1 wb_rd=x2 wb_val=00000001 IF_pc=00000000 IF_inst=00000013 ID_pc=00000000 ID_inst=00000013 EX_pc=00000000 EX_alu=00000000 mem_we=0 mem_addr=00000108 mem_wd=00000001 mem_rd=fe20fee3
COMMIT t=685000 wb_pc=000000fc wb_we=0 wb_rd=x12 wb_val=00000108 IF_pc=00000108 IF_inst=fe20fee3 ID_pc=00000000 ID_inst=00000013 EX_pc=00000000 EX_alu=00000000 mem_we=0 mem_addr=00000000 mem_wd=00000000 mem_rd=0540006f
COMMIT t=715000 wb_pc=00000000 wb_we=1 wb_rd=x0 wb_val=00000000 IF_pc=00000000 IF_inst=00000013 ID_pc=00000000 ID_inst=00000013 EX_pc=00000000 EX_alu=00000000 mem_we=0 mem_addr=00000104 mem_wd=00000001 mem_rd=00301663
COMMIT t=725000 wb_pc=00000108 wb_we=0 wb_rd=x29 wb_val=00000104 IF_pc=00000104 IF_inst=00301663 ID_pc=00000000 ID_inst=00000013 EX_pc=00000000 EX_alu=00000000 mem_we=0 mem_addr=00000000 mem_wd=00000000 mem_rd=0540006f
COMMIT t=755000 wb_pc=00000000 wb_we=1 wb_rd=x0 wb_val=00000000 IF_pc=00000000 IF_inst=00000013 ID_pc=00000000 ID_inst=00000013 EX_pc=00000000 EX_alu=00000000 mem_we=0 mem_addr=00000110 mem_wd=00000003 mem_rd=00400193
COMMIT t=765000 wb_pc=00000104 wb_we=0 wb_rd=x12 wb_val=00000110 IF_pc=00000110 IF_inst=00400193 ID_pc=00000000 ID_inst=00000013 EX_pc=00000000 EX_alu=00000000 mem_we=0 mem_addr=00000000 mem_wd=00000000 mem_rd=0540006f
COMMIT t=795000 wb_pc=00000000 wb_we=1 wb_rd=x0 wb_val=00000000 IF_pc=0000011c IF_inst=0020f663 ID_pc=00000118 ID_inst=fff00113 EX_pc=00000114 EX_alu=ffffffff mem_we=0 mem_addr=00000004 mem_wd=00000000 mem_rd=34202f73
COMMIT t=805000 wb_pc=00000110 wb_we=1 wb_rd=x3 wb_val=00000004 IF_pc=00000120 IF_inst=30301263 ID_pc=0000011c ID_inst=0020f663 EX_pc=00000118 EX_alu=ffffffff mem_we=0 mem_addr=ffffffff mem_wd=00000073 mem_rd=00000000
COMMIT t=815000 wb_pc=00000114 wb_we=1 wb_rd=x1 wb_val=ffffffff IF_pc=00000124 IF_inst=00301663 ID_pc=00000120 ID_inst=30301263 EX_pc=0000011c EX_alu=00000128 mem_we=0 mem_addr=ffffffff mem_wd=00000000 mem_rd=00000000
COMMIT t=825000 wb_pc=00000118 wb_we=1 wb_rd=x2 wb_val=ffffffff IF_pc=00000000 IF_inst=00000013 ID_pc=00000000 ID_inst=00000013 EX_pc=00000000 EX_alu=00000000 mem_we=0 mem_addr=00000128 mem_wd=ffffffff mem_rd=fe20fee3
COMMIT t=835000 wb_pc=0000011c wb_we=0 wb_rd=x12 wb_val=00000128 IF_pc=00000128 IF_inst=fe20fee3 ID_pc=00000000 ID_inst=00000013 EX_pc=00000000 EX_alu=00000000 mem_we=0 mem_addr=00000000 mem_wd=00000000 mem_rd=0540006f
COMMIT t=865000 wb_pc=00000000 wb_we=1 wb_rd=x0 wb_val=00000000 IF_pc=00000000 IF_inst=00000013 ID_pc=00000000 ID_inst=00000013 EX_pc=00000000 EX_alu=00000000 mem_we=0 mem_addr=00000124 mem_wd=ffffffff mem_rd=00301663
COMMIT t=875000 wb_pc=00000128 wb_we=0 wb_rd=x29 wb_val=00000124 IF_pc=00000124 IF_inst=00301663 ID_pc=00000000 ID_inst=00000013 EX_pc=00000000 EX_alu=00000000 mem_we=0 mem_addr=00000000 mem_wd=00000000 mem_rd=0540006f
COMMIT t=905000 wb_pc=00000000 wb_we=1 wb_rd=x0 wb_val=00000000 IF_pc=00000000 IF_inst=00000013 ID_pc=00000000 ID_inst=00000013 EX_pc=00000000 EX_alu=00000000 mem_we=0 mem_addr=00000130 mem_wd=00000004 mem_rd=00500193
COMMIT t=915000 wb_pc=00000124 wb_we=0 wb_rd=x12 wb_val=00000130 IF_pc=00000130 IF_inst=00500193 ID_pc=00000000 ID_inst=00000013 EX_pc=00000000 EX_alu=00000000 mem_we=0 mem_addr=00000000 mem_wd=00000000 mem_rd=0540006f
COMMIT t=945000 wb_pc=00000000 wb_we=1 wb_rd=x0 wb_val=00000000 IF_pc=0000013c IF_inst=0020f663 ID_pc=00000138 ID_inst=00000113 EX_pc=00000134 EX_alu=00000001 mem_we=0 mem_addr=00000005 mem_wd=0000006f mem_rd=34202f73
COMMIT t=955000 wb_pc=00000130 wb_we=1 wb_rd=x3 wb_val=00000005 IF_pc=00000140 IF_inst=2e301263 ID_pc=0000013c ID_inst=0020f663 EX_pc=00000138 EX_alu=00000000 mem_we=0 mem_addr=00000001 mem_wd=0000ff2f mem_rd=0540006f
COMMIT t=965000 wb_pc=00000134 wb_we=1 wb_rd=x1 wb_val=00000001 IF_pc=00000144 IF_inst=00301663 ID_pc=00000140 ID_inst=2e301263 EX_pc=0000013c EX_alu=00000148 mem_we=0 mem_addr=00000000 mem_wd=00000000 mem_rd=0540006f
COMMIT t=975000 wb_pc=00000138 wb_we=1 wb_rd=x2 wb_val=00000000 IF_pc=00000000 IF_inst=00000013 ID_pc=00000000 ID_inst=00000013 EX_pc=00000000 EX_alu=00000000 mem_we=0 mem_addr=00000148 mem_wd=00000000 mem_rd=fe20fee3
COMMIT t=985000 wb_pc=0000013c wb_we=0 wb_rd=x12 wb_val=00000148 IF_pc=00000148 IF_inst=fe20fee3 ID_pc=00000000 ID_inst=00000013 EX_pc=00000000 EX_alu=00000000 mem_we=0 mem_addr=00000000 mem_wd=00000000 mem_rd=0540006f
COMMIT t=1015000 wb_pc=00000000 wb_we=1 wb_rd=x0 wb_val=00000000 IF_pc=00000000 IF_inst=00000013 ID_pc=00000000 ID_inst=00000013 EX_pc=00000000 EX_alu=00000000 mem_we=0 mem_addr=00000144 mem_wd=00000000 mem_rd=00301663
COMMIT t=1025000 wb_pc=00000148 wb_we=0 wb_rd=x29 wb_val=00000144 IF_pc=00000144 IF_inst=00301663 ID_pc=00000000 ID_inst=00000013 EX_pc=00000000 EX_alu=00000000 mem_we=0 mem_addr=00000000 mem_wd=00000000 mem_rd=0540006f
COMMIT t=1055000 wb_pc=00000000 wb_we=1 wb_rd=x0 wb_val=00000000 IF_pc=00000000 IF_inst=00000013 ID_pc=00000000 ID_inst=00000013 EX_pc=00000000 EX_alu=00000000 mem_we=0 mem_addr=00000150 mem_wd=00000005 mem_rd=00600193
COMMIT t=1065000 wb_pc=00000144 wb_we=0 wb_rd=x12 wb_val=00000150 IF_pc=00000150 IF_inst=00600193 ID_pc=00000000 ID_inst=00000013 EX_pc=00000000 EX_alu=00000000 mem_we=0 mem_addr=00000000 mem_wd=00000000 mem_rd=0540006f
COMMIT t=1095000 wb_pc=00000000 wb_we=1 wb_rd=x0 wb_val=00000000 IF_pc=0000015c IF_inst=0020f663 ID_pc=00000158 ID_inst=ffe00113 EX_pc=00000154 EX_alu=ffffffff mem_we=0 mem_addr=00000006 mem_wd=0000006f mem_rd=34202f73
COMMIT t=1105000 wb_pc=00000150 wb_we=1 wb_rd=x3 wb_val=00000006 IF_pc=00000160 IF_inst=2c301263 ID_pc=0000015c ID_inst=0020f663 EX_pc=00000158 EX_alu=fffffffe mem_we=0 mem_addr=ffffffff mem_wd=00000020 mem_rd=00000000
COMMIT t=1115000 wb_pc=00000154 wb_we=1 wb_rd=x1 wb_val=ffffffff IF_pc=00000164 IF_inst=00301663 ID_pc=00000160 ID_inst=2c301263 EX_pc=0000015c EX_alu=00000168 mem_we=0 mem_addr=fffffffe mem_wd=00000000 mem_rd=00000000
COMMIT t=1125000 wb_pc=00000158 wb_we=1 wb_rd=x2 wb_val=fffffffe IF_pc=00000000 IF_inst=00000013 ID_pc=00000000 ID_inst=00000013 EX_pc=00000000 EX_alu=00000000 mem_we=0 mem_addr=00000168 mem_wd=fffffffe mem_rd=fe20fee3
COMMIT t=1135000 wb_pc=0000015c wb_we=0 wb_rd=x12 wb_val=00000168 IF_pc=00000168 IF_inst=fe20fee3 ID_pc=00000000 ID_inst=00000013 EX_pc=00000000 EX_alu=00000000 mem_we=0 mem_addr=00000000 mem_wd=00000000 mem_rd=0540006f
COMMIT t=1165000 wb_pc=00000000 wb_we=1 wb_rd=x0 wb_val=00000000 IF_pc=00000000 IF_inst=00000013 ID_pc=00000000 ID_inst=00000013 EX_pc=00000000 EX_alu=00000000 mem_we=0 mem_addr=00000164 mem_wd=fffffffe mem_rd=00301663
COMMIT t=1175000 wb_pc=00000168 wb_we=0 wb_rd=x29 wb_val=00000164 IF_pc=00000164 IF_inst=00301663 ID_pc=00000000 ID_inst=00000013 EX_pc=00000000 EX_alu=00000000 mem_we=0 mem_addr=00000000 mem_wd=00000000 mem_rd=0540006f
COMMIT t=1205000 wb_pc=00000000 wb_we=1 wb_rd=x0 wb_val=00000000 IF_pc=00000000 IF_inst=00000013 ID_pc=00000000 ID_inst=00000013 EX_pc=00000000 EX_alu=00000000 mem_we=0 mem_addr=00000170 mem_wd=00000006 mem_rd=00700193
COMMIT t=1215000 wb_pc=00000164 wb_we=0 wb_rd=x12 wb_val=00000170 IF_pc=00000170 IF_inst=00700193 ID_pc=00000000 ID_inst=00000013 EX_pc=00000000 EX_alu=00000000 mem_we=0 mem_addr=00000000 mem_wd=00000000 mem_rd=0540006f
COMMIT t=1245000 wb_pc=00000000 wb_we=1 wb_rd=x0 wb_val=00000000 IF_pc=0000017c IF_inst=0020f663 ID_pc=00000178 ID_inst=00000113 EX_pc=00000174 EX_alu=ffffffff mem_we=0 mem_addr=00000007 mem_wd=0000006f mem_rd=34202f73
COMMIT t=1255000 wb_pc=00000170 wb_we=1 wb_rd=x3 wb_val=00000007 IF_pc=00000180 IF_inst=2a301263 ID_pc=0000017c ID_inst=0020f663 EX_pc=00000178 EX_alu=00000000 mem_we=0 mem_addr=ffffffff mem_wd=00000034 mem_rd=00000000
COMMIT t=1265000 wb_pc=00000174 wb_we=1 wb_rd=x1 wb_val=ffffffff IF_pc=00000184 IF_inst=00301663 ID_pc=00000180 ID_inst=2a301263 EX_pc=0000017c EX_alu=00000188 mem_we=0 mem_addr=00000000 mem_wd=00000000 mem_rd=0540006f
COMMIT t=1275000 wb_pc=00000178 wb_we=1 wb_rd=x2 wb_val=00000000 IF_pc=00000000 IF_inst=00000013 ID_pc=00000000 ID_inst=00000013 EX_pc=00000000 EX_alu=00000000 mem_we=0 mem_addr=00000188 mem_wd=00000000 mem_rd=fe20fee3
COMMIT t=1285000 wb_pc=0000017c wb_we=0 wb_rd=x12 wb_val=00000188 IF_pc=00000188 IF_inst=fe20fee3 ID_pc=00000000 ID_inst=00000013 EX_pc=00000000 EX_alu=00000000 mem_we=0 mem_addr=00000000 mem_wd=00000000 mem_rd=0540006f
COMMIT t=1315000 wb_pc=00000000 wb_we=1 wb_rd=x0 wb_val=00000000 IF_pc=00000000 IF_inst=00000013 ID_pc=00000000 ID_inst=00000013 EX_pc=00000000 EX_alu=00000000 mem_we=0 mem_addr=00000184 mem_wd=00000000 mem_rd=00301663
COMMIT t=1325000 wb_pc=00000188 wb_we=0 wb_rd=x29 wb_val=00000184 IF_pc=00000184 IF_inst=00301663 ID_pc=00000000 ID_inst=00000013 EX_pc=00000000 EX_alu=00000000 mem_we=0 mem_addr=00000000 mem_wd=00000000 mem_rd=0540006f
COMMIT t=1355000 wb_pc=00000000 wb_we=1 wb_rd=x0 wb_val=00000000 IF_pc=00000000 IF_inst=00000013 ID_pc=00000000 ID_inst=00000013 EX_pc=00000000 EX_alu=00000000 mem_we=0 mem_addr=00000190 mem_wd=00000007 mem_rd=00800193
COMMIT t=1365000 wb_pc=00000184 wb_we=0 wb_rd=x12 wb_val=00000190 IF_pc=00000190 IF_inst=00800193 ID_pc=00000000 ID_inst=00000013 EX_pc=00000000 EX_alu=00000000 mem_we=0 mem_addr=00000000 mem_wd=00000000 mem_rd=0540006f
COMMIT t=1395000 wb_pc=00000000 wb_we=1 wb_rd=x0 wb_val=00000000 IF_pc=0000019c IF_inst=0020f463 ID_pc=00000198 ID_inst=00100113 EX_pc=00000194 EX_alu=00000000 mem_we=0 mem_addr=00000008 mem_wd=00000000 mem_rd=00800f93
COMMIT t=1405000 wb_pc=00000190 wb_we=1 wb_rd=x3 wb_val=00000008 IF_pc=000001a0 IF_inst=00301463 ID_pc=0000019c ID_inst=0020f463 EX_pc=00000198 EX_alu=00000001 mem_we=0 mem_addr=00000000 mem_wd=ffffff00 mem_rd=0540006f
COMMIT t=1415000 wb_pc=00000194 wb_we=1 wb_rd=x1 wb_val=00000000 IF_pc=000001a4 IF_inst=28301063 ID_pc=000001a0 ID_inst=00301463 EX_pc=0000019c EX_alu=000001a4 mem_we=0 mem_addr=00000001 mem_wd=0000006f mem_rd=0540006f
COMMIT t=1425000 wb_pc=00000198 wb_we=1 wb_rd=x2 wb_val=00000001 IF_pc=000001a8 IF_inst=fe20fee3 ID_pc=000001a4 ID_inst=28301063 EX_pc=000001a0 EX_alu=000001a8 mem_we=0 mem_addr=000001a4 mem_wd=00000001 mem_rd=28301063
COMMIT t=1435000 wb_pc=0000019c wb_we=0 wb_rd=x8 wb_val=000001a4 IF_pc=00000000 IF_inst=00000013 ID_pc=00000000 ID_inst=00000013 EX_pc=00000000 EX_alu=00000000 mem_we=0 mem_addr=000001a8 mem_wd=28300008 mem_rd=fe20fee3
COMMIT t=1445000 wb_pc=000001a0 wb_we=0 wb_rd=x8 wb_val=000001a8 IF_pc=000001a8 IF_inst=fe20fee3 ID_pc=00000000 ID_inst=00000013 EX_pc=00000000 EX_alu=00000000 mem_we=0 mem_addr=00000000 mem_wd=00000000 mem_rd=0540006f
COMMIT t=1475000 wb_pc=00000000 wb_we=1 wb_rd=x0 wb_val=00000000 IF_pc=000001b4 IF_inst=fff00113 ID_pc=000001b0 ID_inst=ffe00093 EX_pc=000001ac EX_alu=00000009 mem_we=0 mem_addr=000001a4 mem_wd=00000001 mem_rd=28301063
COMMIT t=1485000 wb_pc=000001a8 wb_we=0 wb_rd=x29 wb_val=000001a4 IF_pc=000001b8 IF_inst=0020f463 ID_pc=000001b4 ID_inst=fff00113 EX_pc=000001b0 EX_alu=fffffffe mem_we=0 mem_addr=00000009 mem_wd=28300063 mem_rd=00800f93
COMMIT t=1495000 wb_pc=000001ac wb_we=1 wb_rd=x3 wb_val=00000009 IF_pc=000001bc IF_inst=00301463 ID_pc=000001b8 ID_inst=0020f463 EX_pc=000001b4 EX_alu=ffffffff mem_we=0 mem_addr=fffffffe mem_wd=0000000f mem_rd=00000000
COMMIT t=1505000 wb_pc=000001b0 wb_we=1 wb_rd=x1 wb_val=fffffffe IF_pc=000001c0 IF_inst=26301263 ID_pc=000001bc ID_inst=00301463 EX_pc=000001b8 EX_alu=000001c0 mem_we=0 mem_addr=ffffffff mem_wd=00000000 mem_rd=00000000
COMMIT t=1515000 wb_pc=000001b4 wb_we=1 wb_rd=x2 wb_val=ffffffff IF_pc=000001c4 IF_inst=fe20fee3 ID_pc=000001c0 ID_inst=26301263 EX_pc=000001bc EX_alu=000001c4 mem_we=0 mem_addr=000001c0 mem_wd=ffffffff mem_rd=26301263
COMMIT t=1525000 wb_pc=000001b8 wb_we=0 wb_rd=x8 wb_val=000001c0 IF_pc=00000000 IF_inst=00000013 ID_pc=00000000 ID_inst=00000013 EX_pc=00000000 EX_alu=00000000 mem_we=0 mem_addr=000001c4 mem_wd=26300009 mem_rd=fe20fee3
COMMIT t=1535000 wb_pc=000001bc wb_we=0 wb_rd=x8 wb_val=000001c4 IF_pc=000001c4 IF_inst=fe20fee3 ID_pc=00000000 ID_inst=00000013 EX_pc=00000000 EX_alu=00000000 mem_we=0 mem_addr=00000000 mem_wd=00000000 mem_rd=0540006f
COMMIT t=1565000 wb_pc=00000000 wb_we=1 wb_rd=x0 wb_val=00000000 IF_pc=000001d0 IF_inst=fff00113 ID_pc=000001cc ID_inst=00000093 EX_pc=000001c8 EX_alu=0000000a mem_we=0 mem_addr=000001c0 mem_wd=ffffffff mem_rd=26301263
COMMIT t=1575000 wb_pc=000001c4 wb_we=0 wb_rd=x29 wb_val=000001c0 IF_pc=000001d4 IF_inst=0020f463 ID_pc=000001d0 ID_inst=fff00113 EX_pc=000001cc EX_alu=00000000 mem_we=0 mem_addr=0000000a mem_wd=26001263 mem_rd=00800f93
COMMIT t=1585000 wb_pc=000001c8 wb_we=1 wb_rd=x3 wb_val=0000000a IF_pc=000001d8 IF_inst=00301463 ID_pc=000001d4 ID_inst=0020f463 EX_pc=000001d0 EX_alu=ffffffff mem_we=0 mem_addr=00000000 mem_wd=ffffff00 mem_rd=0540006f
COMMIT t=1595000 wb_pc=000001cc wb_we=1 wb_rd=x1 wb_val=00000000 IF_pc=000001dc IF_inst=24301463 ID_pc=000001d8 ID_inst=00301463 EX_pc=000001d4 EX_alu=000001dc mem_we=0 mem_addr=ffffffff mem_wd=0000006f mem_rd=00000000
COMMIT t=1605000 wb_pc=000001d0 wb_we=1 wb_rd=x2 wb_val=ffffffff IF_pc=000001e0 IF_inst=fe20fee3 ID_pc=000001dc ID_inst=24301463 EX_pc=000001d8 EX_alu=000001e0 mem_we=0 mem_addr=000001dc mem_wd=ffffffff mem_rd=24301463
COMMIT t=1615000 wb_pc=000001d4 wb_we=0 wb_rd=x8 wb_val=000001dc IF_pc=00000000 IF_inst=00000013 ID_pc=00000000 ID_inst=00000013 EX_pc=00000000 EX_alu=00000000 mem_we=0 mem_addr=000001e0 mem_wd=2430000a mem_rd=fe20fee3
COMMIT t=1625000 wb_pc=000001d8 wb_we=0 wb_rd=x8 wb_val=000001e0 IF_pc=000001e0 IF_inst=fe20fee3 ID_pc=00000000 ID_inst=00000013 EX_pc=00000000 EX_alu=00000000 mem_we=0 mem_addr=00000000 mem_wd=00000000 mem_rd=0540006f
COMMIT t=1655000 wb_pc=00000000 wb_we=1 wb_rd=x0 wb_val=00000000 IF_pc=000001ec IF_inst=fff08093 ID_pc=000001e8 ID_inst=800000b7 EX_pc=000001e4 EX_alu=0000000b mem_we=0 mem_addr=000001dc mem_wd=ffffffff mem_rd=24301463
COMMIT t=1665000 wb_pc=000001e0 wb_we=0 wb_rd=x29 wb_val=000001dc IF_pc=000001f0 IF_inst=80000137 ID_pc=000001ec ID_inst=fff08093 EX_pc=000001e8 EX_alu=80000000 mem_we=0 mem_addr=0000000b mem_wd=00301463 mem_rd=00800f93
COMMIT t=1675000 wb_pc=000001e4 wb_we=1 wb_rd=x3 wb_val=0000000b IF_pc=000001f4 IF_inst=0020f463 ID_pc=000001f0 ID_inst=80000137 EX_pc=000001ec EX_alu=7fffffff mem_we=0 mem_addr=80000000 mem_wd=00000000 mem_rd=00000000
COMMIT t=1685000 wb_pc=000001e8 wb_we=1 wb_rd=x1 wb_val=80000000 IF_pc=000001f8 IF_inst=00301463 ID_pc=000001f4 ID_inst=0020f463 EX_pc=000001f0 EX_alu=80000000 mem_we=0 mem_addr=7fffffff mem_wd=00000000 mem_rd=00000000
COMMIT t=1695000 wb_pc=000001ec wb_we=1 wb_rd=x1 wb_val=7fffffff IF_pc=000001fc IF_inst=22301463 ID_pc=000001f8 ID_inst=00301463 EX_pc=000001f4 EX_alu=000001fc mem_we=0 mem_addr=80000000 mem_wd=00000000 mem_rd=00000000
COMMIT t=1705000 wb_pc=000001f0 wb_we=1 wb_rd=x2 wb_val=80000000 IF_pc=00000200 IF_inst=fe20fee3 ID_pc=000001fc ID_inst=22301463 EX_pc=000001f8 EX_alu=00000200 mem_we=0 mem_addr=000001fc mem_wd=80000000 mem_rd=22301463
COMMIT t=1715000 wb_pc=000001f4 wb_we=0 wb_rd=x8 wb_val=000001fc IF_pc=00000000 IF_inst=00000013 ID_pc=00000000 ID_inst=00000013 EX_pc=00000000 EX_alu=00000000 mem_we=0 mem_addr=00000200 mem_wd=2230000b mem_rd=fe20fee3
COMMIT t=1725000 wb_pc=000001f8 wb_we=0 wb_rd=x8 wb_val=00000200 IF_pc=00000200 IF_inst=fe20fee3 ID_pc=00000000 ID_inst=00000013 EX_pc=00000000 EX_alu=00000000 mem_we=0 mem_addr=00000000 mem_wd=00000000 mem_rd=0540006f
COMMIT t=1755000 wb_pc=00000000 wb_we=1 wb_rd=x0 wb_val=00000000 IF_pc=0000020c IF_inst=f00000b7 ID_pc=00000208 ID_inst=00000213 EX_pc=00000204 EX_alu=0000000c mem_we=0 mem_addr=000001fc mem_wd=80000000 mem_rd=22301463
COMMIT t=1765000 wb_pc=00000200 wb_we=0 wb_rd=x29 wb_val=000001fc IF_pc=00000210 IF_inst=fff08093 ID_pc=0000020c ID_inst=f00000b7 EX_pc=00000208 EX_alu=00000000 mem_we=0 mem_addr=0000000c mem_wd=22301400 mem_rd=03ff0a63
COMMIT t=1775000 wb_pc=00000204 wb_we=1 wb_rd=x3 wb_val=0000000c IF_pc=00000214 IF_inst=f0000137 ID_pc=00000210 ID_inst=fff08093 EX_pc=0000020c EX_alu=f0000000 mem_we=0 mem_addr=00000000 mem_wd=00000000 mem_rd=0540006f
COMMIT t=1785000 wb_pc=00000208 wb_we=1 wb_rd=x4 wb_val=00000000 IF_pc=00000218 IF_inst=2020f663 ID_pc=00000214 ID_inst=f0000137 EX_pc=00000210 EX_alu=efffffff mem_we=0 mem_addr=f0000000 mem_wd=00000000 mem_rd=00000000
COMMIT t=1795000 wb_pc=0000020c wb_we=1 wb_rd=x1 wb_val=f0000000 IF_pc=0000021c IF_inst=00120213 ID_pc=00000218 ID_inst=2020f663 EX_pc=00000214 EX_alu=f0000000 mem_we=0 mem_addr=efffffff mem_wd=00000000 mem_rd=00000000
COMMIT t=1805000 wb_pc=00000210 wb_we=1 wb_rd=x1 wb_val=efffffff IF_pc=00000220 IF_inst=00200293 ID_pc=0000021c ID_inst=00120213 EX_pc=00000218 EX_alu=00000424 mem_we=0 mem_addr=f0000000 mem_wd=00000000 mem_rd=00000000
COMMIT t=1815000 wb_pc=00000214 wb_we=1 wb_rd=x2 wb_val=f0000000 IF_pc=00000224 IF_inst=fe5214e3 ID_pc=00000220 ID_inst=00200293 EX_pc=0000021c EX_alu=00000001 mem_we=0 mem_addr=00000424 mem_wd=f0000000 mem_rd=0ff0000f
COMMIT t=1825000 wb_pc=00000218 wb_we=0 wb_rd=x12 wb_val=00000424 IF_pc=00000228 IF_inst=00d00193 ID_pc=00000224 ID_inst=fe5214e3 EX_pc=00000220 EX_alu=00000002 mem_we=0 mem_addr=00000001 mem_wd=0ff0ff0f mem_rd=0540006f
COMMIT t=1835000 wb_pc=0000021c wb_we=1 wb_rd=x4 wb_val=00000001 IF_pc=0000022c IF_inst=00000213 ID_pc=00000228 ID_inst=00d00193 EX_pc=00000224 EX_alu=0000020c mem_we=0 mem_addr=00000002 mem_wd=00000000 mem_rd=0540006f
COMMIT t=1845000 wb_pc=00000220 wb_we=1 wb_rd=x5 wb_val=00000002 IF_pc=00000000 IF_inst=00000013 ID_pc=00000000 ID_inst=00000013 EX_pc=00000000 EX_alu=00000000 mem_we=0 mem_addr=0000020c mem_wd=00000002 mem_rd=f00000b7
COMMIT t=1855000 wb_pc=00000224 wb_we=0 wb_rd=x9 wb_val=0000020c IF_pc=0000020c IF_inst=f00000b7 ID_pc=00000000 ID_inst=00000013 EX_pc=00000000 EX_alu=00000000 mem_we=0 mem_addr=00000000 mem_wd=00000000 mem_rd=0540006f
COMMIT t=1885000 wb_pc=00000000 wb_we=1 wb_rd=x0 wb_val=00000000 IF_pc=00000218 IF_inst=2020f663 ID_pc=00000214 ID_inst=f0000137 EX_pc=00000210 EX_alu=efffffff mem_we=0 mem_addr=f0000000 mem_wd=00000000 mem_rd=00000000
COMMIT t=1895000 wb_pc=0000020c wb_we=1 wb_rd=x1 wb_val=f0000000 IF_pc=0000021c IF_inst=00120213 ID_pc=00000218 ID_inst=2020f663 EX_pc=00000214 EX_alu=f0000000 mem_we=0 mem_addr=efffffff mem_wd=00000000 mem_rd=00000000
COMMIT t=1905000 wb_pc=00000210 wb_we=1 wb_rd=x1 wb_val=efffffff IF_pc=00000220 IF_inst=00200293 ID_pc=0000021c ID_inst=00120213 EX_pc=00000218 EX_alu=00000424 mem_we=0 mem_addr=f0000000 mem_wd=00000000 mem_rd=00000000
COMMIT t=1915000 wb_pc=00000214 wb_we=1 wb_rd=x2 wb_val=f0000000 IF_pc=00000224 IF_inst=fe5214e3 ID_pc=00000220 ID_inst=00200293 EX_pc=0000021c EX_alu=00000002 mem_we=0 mem_addr=00000424 mem_wd=f0000000 mem_rd=0ff0000f
COMMIT t=1925000 wb_pc=00000218 wb_we=0 wb_rd=x12 wb_val=00000424 IF_pc=00000228 IF_inst=00d00193 ID_pc=00000224 ID_inst=fe5214e3 EX_pc=00000220 EX_alu=00000002 mem_we=0 mem_addr=00000002 mem_wd=0fff000f mem_rd=0540006f
COMMIT t=1935000 wb_pc=0000021c wb_we=1 wb_rd=x4 wb_val=00000002 IF_pc=0000022c IF_inst=00000213 ID_pc=00000228 ID_inst=00d00193 EX_pc=00000224 EX_alu=0000020c mem_we=0 mem_addr=00000002 mem_wd=00000040 mem_rd=0540006f
COMMIT t=1945000 wb_pc=00000220 wb_we=1 wb_rd=x5 wb_val=00000002 IF_pc=00000230 IF_inst=f00000b7 ID_pc=0000022c ID_inst=00000213 EX_pc=00000228 EX_alu=0000000d mem_we=0 mem_addr=0000020c mem_wd=00000002 mem_rd=f00000b7
COMMIT t=1955000 wb_pc=00000224 wb_we=0 wb_rd=x9 wb_val=0000020c IF_pc=00000234 IF_inst=fff08093 ID_pc=00000230 ID_inst=f00000b7 EX_pc=0000022c EX_alu=00000000 mem_we=0 mem_addr=0000000d mem_wd=000000b7 mem_rd=03ff0a63
COMMIT t=1965000 wb_pc=00000228 wb_we=1 wb_rd=x3 wb_val=0000000d IF_pc=00000238 IF_inst=f0000137 ID_pc=00000234 ID_inst=fff08093 EX_pc=00000230 EX_alu=f0000000 mem_we=0 mem_addr=00000000 mem_wd=00000000 mem_rd=0540006f
COMMIT t=1975000 wb_pc=0000022c wb_we=1 wb_rd=x4 wb_val=00000000 IF_pc=0000023c IF_inst=00000013 ID_pc=00000238 ID_inst=f0000137 EX_pc=00000234 EX_alu=efffffff mem_we=0 mem_addr=f0000000 mem_wd=00000000 mem_rd=00000000
COMMIT t=1985000 wb_pc=00000230 wb_we=1 wb_rd=x1 wb_val=f0000000 IF_pc=00000240 IF_inst=1e20f263 ID_pc=0000023c ID_inst=00000013 EX_pc=00000238 EX_alu=f0000000 mem_we=0 mem_addr=efffffff mem_wd=00000000 mem_rd=00000000
COMMIT t=1995000 wb_pc=00000234 wb_we=1 wb_rd=x1 wb_val=efffffff IF_pc=00000244 IF_inst=00120213 ID_pc=00000240 ID_inst=1e20f263 EX_pc=0000023c EX_alu=00000000 mem_we=0 mem_addr=f0000000 mem_wd=00000000 mem_rd=00000000
COMMIT t=2005000 wb_pc=00000238 wb_we=1 wb_rd=x2 wb_val=f0000000 IF_pc=00000248 IF_inst=00200293 ID_pc=00000244 ID_inst=00120213 EX_pc=00000240 EX_alu=00000424 mem_we=0 mem_addr=00000000 mem_wd=00000000 mem_rd=0540006f
COMMIT t=2015000 wb_pc=0000023c wb_we=1 wb_rd=x0 wb_val=00000000 IF_pc=0000024c IF_inst=fe5212e3 ID_pc=00000248 ID_inst=00200293 EX_pc=00000244 EX_alu=00000001 mem_we=0 mem_addr=00000424 mem_wd=f0000000 mem_rd=0ff0000f
COMMIT t=2025000 wb_pc=00000240 wb_we=0 wb_rd=x4 wb_val=00000424 IF_pc=00000250 IF_inst=00e00193 ID_pc=0000024c ID_inst=fe5212e3 EX_pc=00000248 EX_alu=00000002 mem_we=0 mem_addr=00000001 mem_wd=0ff0ff0f mem_rd=0540006f
COMMIT t=2035000 wb_pc=00000244 wb_we=1 wb_rd=x4 wb_val=00000001 IF_pc=00000254 IF_inst=00000213 ID_pc=00000250 ID_inst=00e00193 EX_pc=0000024c EX_alu=00000230 mem_we=0 mem_addr=00000002 mem_wd=00000000 mem_rd=0540006f
COMMIT t=2045000 wb_pc=00000248 wb_we=1 wb_rd=x5 wb_val=00000002 IF_pc=00000000 IF_inst=00000013 ID_pc=00000000 ID_inst=00000013 EX_pc=00000000 EX_alu=00000000 mem_we=0 mem_addr=00000230 mem_wd=00000002 mem_rd=f00000b7
COMMIT t=2055000 wb_pc=0000024c wb_we=0 wb_rd=x5 wb_val=00000230 IF_pc=00000230 IF_inst=f00000b7 ID_pc=00000000 ID_inst=00000013 EX_pc=00000000 EX_alu=00000000 mem_we=0 mem_addr=00000000 mem_wd=00000000 mem_rd=0540006f
COMMIT t=2085000 wb_pc=00000000 wb_we=1 wb_rd=x0 wb_val=00000000 IF_pc=0000023c IF_inst=00000013 ID_pc=00000238 ID_inst=f0000137 EX_pc=00000234 EX_alu=efffffff mem_we=0 mem_addr=f0000000 mem_wd=00000000 mem_rd=00000000
COMMIT t=2095000 wb_pc=00000230 wb_we=1 wb_rd=x1 wb_val=f0000000 IF_pc=00000240 IF_inst=1e20f263 ID_pc=0000023c ID_inst=00000013 EX_pc=00000238 EX_alu=f0000000 mem_we=0 mem_addr=efffffff mem_wd=00000000 mem_rd=00000000
COMMIT t=2105000 wb_pc=00000234 wb_we=1 wb_rd=x1 wb_val=efffffff IF_pc=00000244 IF_inst=00120213 ID_pc=00000240 ID_inst=1e20f263 EX_pc=0000023c EX_alu=00000000 mem_we=0 mem_addr=f0000000 mem_wd=00000000 mem_rd=00000000
COMMIT t=2115000 wb_pc=00000238 wb_we=1 wb_rd=x2 wb_val=f0000000 IF_pc=00000248 IF_inst=00200293 ID_pc=00000244 ID_inst=00120213 EX_pc=00000240 EX_alu=00000424 mem_we=0 mem_addr=00000000 mem_wd=00000000 mem_rd=0540006f
COMMIT t=2125000 wb_pc=0000023c wb_we=1 wb_rd=x0 wb_val=00000000 IF_pc=0000024c IF_inst=fe5212e3 ID_pc=00000248 ID_inst=00200293 EX_pc=00000244 EX_alu=00000002 mem_we=0 mem_addr=00000424 mem_wd=f0000000 mem_rd=0ff0000f
COMMIT t=2135000 wb_pc=00000240 wb_we=0 wb_rd=x4 wb_val=00000424 IF_pc=00000250 IF_inst=00e00193 ID_pc=0000024c ID_inst=fe5212e3 EX_pc=00000248 EX_alu=00000002 mem_we=0 mem_addr=00000002 mem_wd=0fff000f mem_rd=0540006f
COMMIT t=2145000 wb_pc=00000244 wb_we=1 wb_rd=x4 wb_val=00000002 IF_pc=00000254 IF_inst=00000213 ID_pc=00000250 ID_inst=00e00193 EX_pc=0000024c EX_alu=00000230 mem_we=0 mem_addr=00000002 mem_wd=00000040 mem_rd=0540006f
COMMIT t=2155000 wb_pc=00000248 wb_we=1 wb_rd=x5 wb_val=00000002 IF_pc=00000258 IF_inst=f00000b7 ID_pc=00000254 ID_inst=00000213 EX_pc=00000250 EX_alu=0000000e mem_we=0 mem_addr=00000230 mem_wd=00000002 mem_rd=f00000b7
COMMIT t=2165000 wb_pc=0000024c wb_we=0 wb_rd=x5 wb_val=00000230 IF_pc=0000025c IF_inst=fff08093 ID_pc=00000258 ID_inst=f00000b7 EX_pc=00000254 EX_alu=00000000 mem_we=0 mem_addr=0000000e mem_wd=000000b7 mem_rd=03ff0a63
COMMIT t=2175000 wb_pc=00000250 wb_we=1 wb_rd=x3 wb_val=0000000e IF_pc=00000260 IF_inst=f0000137 ID_pc=0000025c ID_inst=fff08093 EX_pc=00000258 EX_alu=f0000000 mem_we=0 mem_addr=00000000 mem_wd=ffffff00 mem_rd=0540006f
COMMIT t=2185000 wb_pc=00000254 wb_we=1 wb_rd=x4 wb_val=00000000 IF_pc=00000264 IF_inst=00000013 ID_pc=00000260 ID_inst=f0000137 EX_pc=0000025c EX_alu=efffffff mem_we=0 mem_addr=f0000000 mem_wd=00000000 mem_rd=00000000
COMMIT t=2195000 wb_pc=00000258 wb_we=1 wb_rd=x1 wb_val=f0000000 IF_pc=00000268 IF_inst=00000013 ID_pc=00000264 ID_inst=00000013 EX_pc=00000260 EX_alu=f0000000 mem_we=0 mem_addr=efffffff mem_wd=00000000 mem_rd=00000000
COMMIT t=2205000 wb_pc=0000025c wb_we=1 wb_rd=x1 wb_val=efffffff IF_pc=0000026c IF_inst=1a20fc63 ID_pc=00000268 ID_inst=00000013 EX_pc=00000264 EX_alu=00000000 mem_we=0 mem_addr=f0000000 mem_wd=00000000 mem_rd=00000000
COMMIT t=2215000 wb_pc=00000260 wb_we=1 wb_rd=x2 wb_val=f0000000 IF_pc=00000270 IF_inst=00120213 ID_pc=0000026c ID_inst=1a20fc63 EX_pc=00000268 EX_alu=00000000 mem_we=0 mem_addr=00000000 mem_wd=00000000 mem_rd=0540006f
COMMIT t=2225000 wb_pc=00000264 wb_we=1 wb_rd=x0 wb_val=00000000 IF_pc=00000274 IF_inst=00200293 ID_pc=00000270 ID_inst=00120213 EX_pc=0000026c EX_alu=00000424 mem_we=0 mem_addr=00000000 mem_wd=00000000 mem_rd=0540006f
COMMIT t=2235000 wb_pc=00000268 wb_we=1 wb_rd=x0 wb_val=00000000 IF_pc=00000278 IF_inst=fe5210e3 ID_pc=00000274 ID_inst=00200293 EX_pc=00000270 EX_alu=00000001 mem_we=0 mem_addr=00000424 mem_wd=f0000000 mem_rd=0ff0000f
COMMIT t=2245000 wb_pc=0000026c wb_we=0 wb_rd=x24 wb_val=00000424 IF_pc=0000027c IF_inst=00f00193 ID_pc=00000278 ID_inst=fe5210e3 EX_pc=00000274 EX_alu=00000002 mem_we=0 mem_addr=00000001 mem_wd=0ff0ff0f mem_rd=0540006f
COMMIT t=2255000 wb_pc=00000270 wb_we=1 wb_rd=x4 wb_val=00000001 IF_pc=00000280 IF_inst=00000213 ID_pc=0000027c ID_inst=00f00193 EX_pc=00000278 EX_alu=00000258 mem_we=0 mem_addr=00000002 mem_wd=00000000 mem_rd=0540006f
COMMIT t=2265000 wb_pc=00000274 wb_we=1 wb_rd=x5 wb_val=00000002 IF_pc=00000000 IF_inst=00000013 ID_pc=00000000 ID_inst=00000013 EX_pc=00000000 EX_alu=00000000 mem_we=0 mem_addr=00000258 mem_wd=00000002 mem_rd=f00000b7
COMMIT t=2275000 wb_pc=00000278 wb_we=0 wb_rd=x1 wb_val=00000258 IF_pc=00000258 IF_inst=f00000b7 ID_pc=00000000 ID_inst=00000013 EX_pc=00000000 EX_alu=00000000 mem_we=0 mem_addr=00000000 mem_wd=00000000 mem_rd=0540006f
COMMIT t=2305000 wb_pc=00000000 wb_we=1 wb_rd=x0 wb_val=00000000 IF_pc=00000264 IF_inst=00000013 ID_pc=00000260 ID_inst=f0000137 EX_pc=0000025c EX_alu=efffffff mem_we=0 mem_addr=f0000000 mem_wd=00000000 mem_rd=00000000
COMMIT t=2315000 wb_pc=00000258 wb_we=1 wb_rd=x1 wb_val=f0000000 IF_pc=00000268 IF_inst=00000013 ID_pc=00000264 ID_inst=00000013 EX_pc=00000260 EX_alu=f0000000 mem_we=0 mem_addr=efffffff mem_wd=00000000 mem_rd=00000000
COMMIT t=2325000 wb_pc=0000025c wb_we=1 wb_rd=x1 wb_val=efffffff IF_pc=0000026c IF_inst=1a20fc63 ID_pc=00000268 ID_inst=00000013 EX_pc=00000264 EX_alu=00000000 mem_we=0 mem_addr=f0000000 mem_wd=00000000 mem_rd=00000000
COMMIT t=2335000 wb_pc=00000260 wb_we=1 wb_rd=x2 wb_val=f0000000 IF_pc=00000270 IF_inst=00120213 ID_pc=0000026c ID_inst=1a20fc63 EX_pc=00000268 EX_alu=00000000 mem_we=0 mem_addr=00000000 mem_wd=00000000 mem_rd=0540006f
COMMIT t=2345000 wb_pc=00000264 wb_we=1 wb_rd=x0 wb_val=00000000 IF_pc=00000274 IF_inst=00200293 ID_pc=00000270 ID_inst=00120213 EX_pc=0000026c EX_alu=00000424 mem_we=0 mem_addr=00000000 mem_wd=00000000 mem_rd=0540006f
COMMIT t=2355000 wb_pc=00000268 wb_we=1 wb_rd=x0 wb_val=00000000 IF_pc=00000278 IF_inst=fe5210e3 ID_pc=00000274 ID_inst=00200293 EX_pc=00000270 EX_alu=00000002 mem_we=0 mem_addr=00000424 mem_wd=f0000000 mem_rd=0ff0000f
COMMIT t=2365000 wb_pc=0000026c wb_we=0 wb_rd=x24 wb_val=00000424 IF_pc=0000027c IF_inst=00f00193 ID_pc=00000278 ID_inst=fe5210e3 EX_pc=00000274 EX_alu=00000002 mem_we=0 mem_addr=00000002 mem_wd=0fff000f mem_rd=0540006f
COMMIT t=2375000 wb_pc=00000270 wb_we=1 wb_rd=x4 wb_val=00000002 IF_pc=00000280 IF_inst=00000213 ID_pc=0000027c ID_inst=00f00193 EX_pc=00000278 EX_alu=00000258 mem_we=0 mem_addr=00000002 mem_wd=00000040 mem_rd=0540006f
COMMIT t=2385000 wb_pc=00000274 wb_we=1 wb_rd=x5 wb_val=00000002 IF_pc=00000284 IF_inst=f00000b7 ID_pc=00000280 ID_inst=00000213 EX_pc=0000027c EX_alu=0000000f mem_we=0 mem_addr=00000258 mem_wd=00000002 mem_rd=f00000b7
COMMIT t=2395000 wb_pc=00000278 wb_we=0 wb_rd=x1 wb_val=00000258 IF_pc=00000288 IF_inst=fff08093 ID_pc=00000284 ID_inst=f00000b7 EX_pc=00000280 EX_alu=00000000 mem_we=0 mem_addr=0000000f mem_wd=000000b7 mem_rd=03ff0a63
COMMIT t=2405000 wb_pc=0000027c wb_we=1 wb_rd=x3 wb_val=0000000f IF_pc=0000028c IF_inst=00000013 ID_pc=00000288 ID_inst=fff08093 EX_pc=00000284 EX_alu=f0000000 mem_we=0 mem_addr=00000000 mem_wd=00000000 mem_rd=0540006f
COMMIT t=2415000 wb_pc=00000280 wb_we=1 wb_rd=x4 wb_val=00000000 IF_pc=00000290 IF_inst=f0000137 ID_pc=0000028c ID_inst=00000013 EX_pc=00000288 EX_alu=efffffff mem_we=0 mem_addr=f0000000 mem_wd=00000000 mem_rd=00000000
COMMIT t=2425000 wb_pc=00000284 wb_we=1 wb_rd=x1 wb_val=f0000000 IF_pc=00000294 IF_inst=1820f863 ID_pc=00000290 ID_inst=f0000137 EX_pc=0000028c EX_alu=00000000 mem_we=0 mem_addr=efffffff mem_wd=00000000 mem_rd=00000000
COMMIT t=2435000 wb_pc=00000288 wb_we=1 wb_rd=x1 wb_val=efffffff IF_pc=00000298 IF_inst=00120213 ID_pc=00000294 ID_inst=1820f863 EX_pc=00000290 EX_alu=f0000000 mem_we=0 mem_addr=00000000 mem_wd=00000000 mem_rd=0540006f
COMMIT t=2445000 wb_pc=0000028c wb_we=1 wb_rd=x0 wb_val=00000000 IF_pc=0000029c IF_inst=00200293 ID_pc=00000298 ID_inst=00120213 EX_pc=00000294 EX_alu=00000424 mem_we=0 mem_addr=f0000000 mem_wd=00000000 mem_rd=00000000
COMMIT t=2455000 wb_pc=00000290 wb_we=1 wb_rd=x2 wb_val=f0000000 IF_pc=000002a0 IF_inst=fe5212e3 ID_pc=0000029c ID_inst=00200293 EX_pc=00000298 EX_alu=00000001 mem_we=0 mem_addr=00000424 mem_wd=f0000000 mem_rd=0ff0000f
COMMIT t=2465000 wb_pc=00000294 wb_we=0 wb_rd=x16 wb_val=00000424 IF_pc=000002a4 IF_inst=01000193 ID_pc=000002a0 ID_inst=fe5212e3 EX_pc=0000029c EX_alu=00000002 mem_we=0 mem_addr=00000001 mem_wd=0ff0ff0f mem_rd=0540006f
COMMIT t=2475000 wb_pc=00000298 wb_we=1 wb_rd=x4 wb_val=00000001 IF_pc=000002a8 IF_inst=00000213 ID_pc=000002a4 ID_inst=01000193 EX_pc=000002a0 EX_alu=00000284 mem_we=0 mem_addr=00000002 mem_wd=00000000 mem_rd=0540006f
COMMIT t=2485000 wb_pc=0000029c wb_we=1 wb_rd=x5 wb_val=00000002 IF_pc=00000000 IF_inst=00000013 ID_pc=00000000 ID_inst=00000013 EX_pc=00000000 EX_alu=00000000 mem_we=0 mem_addr=00000284 mem_wd=00000002 mem_rd=f00000b7
COMMIT t=2495000 wb_pc=000002a0 wb_we=0 wb_rd=x5 wb_val=00000284 IF_pc=00000284 IF_inst=f00000b7 ID_pc=00000000 ID_inst=00000013 EX_pc=00000000 EX_alu=00000000 mem_we=0 mem_addr=00000000 mem_wd=00000000 mem_rd=0540006f
COMMIT t=2525000 wb_pc=00000000 wb_we=1 wb_rd=x0 wb_val=00000000 IF_pc=00000290 IF_inst=f0000137 ID_pc=0000028c ID_inst=00000013 EX_pc=00000288 EX_alu=efffffff mem_we=0 mem_addr=f0000000 mem_wd=00000000 mem_rd=00000000
COMMIT t=2535000 wb_pc=00000284 wb_we=1 wb_rd=x1 wb_val=f0000000 IF_pc=00000294 IF_inst=1820f863 ID_pc=00000290 ID_inst=f0000137 EX_pc=0000028c EX_alu=00000000 mem_we=0 mem_addr=efffffff mem_wd=00000000 mem_rd=00000000
COMMIT t=2545000 wb_pc=00000288 wb_we=1 wb_rd=x1 wb_val=efffffff IF_pc=00000298 IF_inst=00120213 ID_pc=00000294 ID_inst=1820f863 EX_pc=00000290 EX_alu=f0000000 mem_we=0 mem_addr=00000000 mem_wd=00000000 mem_rd=0540006f
COMMIT t=2555000 wb_pc=0000028c wb_we=1 wb_rd=x0 wb_val=00000000 IF_pc=0000029c IF_inst=00200293 ID_pc=00000298 ID_inst=00120213 EX_pc=00000294 EX_alu=00000424 mem_we=0 mem_addr=f0000000 mem_wd=00000000 mem_rd=00000000
COMMIT t=2565000 wb_pc=00000290 wb_we=1 wb_rd=x2 wb_val=f0000000 IF_pc=000002a0 IF_inst=fe5212e3 ID_pc=0000029c ID_inst=00200293 EX_pc=00000298 EX_alu=00000002 mem_we=0 mem_addr=00000424 mem_wd=f0000000 mem_rd=0ff0000f
COMMIT t=2575000 wb_pc=00000294 wb_we=0 wb_rd=x16 wb_val=00000424 IF_pc=000002a4 IF_inst=01000193 ID_pc=000002a0 ID_inst=fe5212e3 EX_pc=0000029c EX_alu=00000002 mem_we=0 mem_addr=00000002 mem_wd=0fff000f mem_rd=0540006f
COMMIT t=2585000 wb_pc=00000298 wb_we=1 wb_rd=x4 wb_val=00000002 IF_pc=000002a8 IF_inst=00000213 ID_pc=000002a4 ID_inst=01000193 EX_pc=000002a0 EX_alu=00000284 mem_we=0 mem_addr=00000002 mem_wd=00000040 mem_rd=0540006f
COMMIT t=2595000 wb_pc=0000029c wb_we=1 wb_rd=x5 wb_val=00000002 IF_pc=000002ac IF_inst=f00000b7 ID_pc=000002a8 ID_inst=00000213 EX_pc=000002a4 EX_alu=00000010 mem_we=0 mem_addr=00000284 mem_wd=00000002 mem_rd=f00000b7
COMMIT t=2605000 wb_pc=000002a0 wb_we=0 wb_rd=x5 wb_val=00000284 IF_pc=000002b0 IF_inst=fff08093 ID_pc=000002ac ID_inst=f00000b7 EX_pc=000002a8 EX_alu=00000000 mem_we=0 mem_addr=00000010 mem_wd=00000000 mem_rd=00900f93
COMMIT t=2615000 wb_pc=000002a4 wb_we=1 wb_rd=x3 wb_val=00000010 IF_pc=000002b4 IF_inst=00000013 ID_pc=000002b0 ID_inst=fff08093 EX_pc=000002ac EX_alu=f0000000 mem_we=0 mem_addr=00000000 mem_wd=ffffff00 mem_rd=0540006f
COMMIT t=2625000 wb_pc=000002a8 wb_we=1 wb_rd=x4 wb_val=00000000 IF_pc=000002b8 IF_inst=f0000137 ID_pc=000002b4 ID_inst=00000013 EX_pc=000002b0 EX_alu=efffffff mem_we=0 mem_addr=f0000000 mem_wd=00000000 mem_rd=00000000
COMMIT t=2635000 wb_pc=000002ac wb_we=1 wb_rd=x1 wb_val=f0000000 IF_pc=000002bc IF_inst=00000013 ID_pc=000002b8 ID_inst=f0000137 EX_pc=000002b4 EX_alu=00000000 mem_we=0 mem_addr=efffffff mem_wd=00000000 mem_rd=00000000
COMMIT t=2645000 wb_pc=000002b0 wb_we=1 wb_rd=x1 wb_val=efffffff IF_pc=000002c0 IF_inst=1620f263 ID_pc=000002bc ID_inst=00000013 EX_pc=000002b8 EX_alu=f0000000 mem_we=0 mem_addr=00000000 mem_wd=00000000 mem_rd=0540006f
COMMIT t=2655000 wb_pc=000002b4 wb_we=1 wb_rd=x0 wb_val=00000000 IF_pc=000002c4 IF_inst=00120213 ID_pc=000002c0 ID_inst=1620f263 EX_pc=000002bc EX_alu=00000000 mem_we=0 mem_addr=f0000000 mem_wd=00000000 mem_rd=00000000
COMMIT t=2665000 wb_pc=000002b8 wb_we=1 wb_rd=x2 wb_val=f0000000 IF_pc=000002c8 IF_inst=00200293 ID_pc=000002c4 ID_inst=00120213 EX_pc=000002c0 EX_alu=00000424 mem_we=0 mem_addr=00000000 mem_wd=00000000 mem_rd=0540006f
COMMIT t=2675000 wb_pc=000002bc wb_we=1 wb_rd=x0 wb_val=00000000 IF_pc=000002cc IF_inst=fe5210e3 ID_pc=000002c8 ID_inst=00200293 EX_pc=000002c4 EX_alu=00000001 mem_we=0 mem_addr=00000424 mem_wd=f0000000 mem_rd=0ff0000f
COMMIT t=2685000 wb_pc=000002c0 wb_we=0 wb_rd=x4 wb_val=00000424 IF_pc=000002d0 IF_inst=01100193 ID_pc=000002cc ID_inst=fe5210e3 EX_pc=000002c8 EX_alu=00000002 mem_we=0 mem_addr=00000001 mem_wd=0ff0ff0f mem_rd=0540006f
COMMIT t=2695000 wb_pc=000002c4 wb_we=1 wb_rd=x4 wb_val=00000001 IF_pc=000002d4 IF_inst=00000213 ID_pc=000002d0 ID_inst=01100193 EX_pc=000002cc EX_alu=000002ac mem_we=0 mem_addr=00000002 mem_wd=00000000 mem_rd=0540006f
COMMIT t=2705000 wb_pc=000002c8 wb_we=1 wb_rd=x5 wb_val=00000002 IF_pc=00000000 IF_inst=00000013 ID_pc=00000000 ID_inst=00000013 EX_pc=00000000 EX_alu=00000000 mem_we=0 mem_addr=000002ac mem_wd=00000002 mem_rd=f00000b7
COMMIT t=2715000 wb_pc=000002cc wb_we=0 wb_rd=x1 wb_val=000002ac IF_pc=000002ac IF_inst=f00000b7 ID_pc=00000000 ID_inst=00000013 EX_pc=00000000 EX_alu=00000000 mem_we=0 mem_addr=00000000 mem_wd=00000000 mem_rd=0540006f
COMMIT t=2745000 wb_pc=00000000 wb_we=1 wb_rd=x0 wb_val=00000000 IF_pc=000002b8 IF_inst=f0000137 ID_pc=000002b4 ID_inst=00000013 EX_pc=000002b0 EX_alu=efffffff mem_we=0 mem_addr=f0000000 mem_wd=00000000 mem_rd=00000000
COMMIT t=2755000 wb_pc=000002ac wb_we=1 wb_rd=x1 wb_val=f0000000 IF_pc=000002bc IF_inst=00000013 ID_pc=000002b8 ID_inst=f0000137 EX_pc=000002b4 EX_alu=00000000 mem_we=0 mem_addr=efffffff mem_wd=00000000 mem_rd=00000000
COMMIT t=2765000 wb_pc=000002b0 wb_we=1 wb_rd=x1 wb_val=efffffff IF_pc=000002c0 IF_inst=1620f263 ID_pc=000002bc ID_inst=00000013 EX_pc=000002b8 EX_alu=f0000000 mem_we=0 mem_addr=00000000 mem_wd=00000000 mem_rd=0540006f
COMMIT t=2775000 wb_pc=000002b4 wb_we=1 wb_rd=x0 wb_val=00000000 IF_pc=000002c4 IF_inst=00120213 ID_pc=000002c0 ID_inst=1620f263 EX_pc=000002bc EX_alu=00000000 mem_we=0 mem_addr=f0000000 mem_wd=00000000 mem_rd=00000000
COMMIT t=2785000 wb_pc=000002b8 wb_we=1 wb_rd=x2 wb_val=f0000000 IF_pc=000002c8 IF_inst=00200293 ID_pc=000002c4 ID_inst=00120213 EX_pc=000002c0 EX_alu=00000424 mem_we=0 mem_addr=00000000 mem_wd=00000000 mem_rd=0540006f
COMMIT t=2795000 wb_pc=000002bc wb_we=1 wb_rd=x0 wb_val=00000000 IF_pc=000002cc IF_inst=fe5210e3 ID_pc=000002c8 ID_inst=00200293 EX_pc=000002c4 EX_alu=00000002 mem_we=0 mem_addr=00000424 mem_wd=f0000000 mem_rd=0ff0000f
COMMIT t=2805000 wb_pc=000002c0 wb_we=0 wb_rd=x4 wb_val=00000424 IF_pc=000002d0 IF_inst=01100193 ID_pc=000002cc ID_inst=fe5210e3 EX_pc=000002c8 EX_alu=00000002 mem_we=0 mem_addr=00000002 mem_wd=0fff000f mem_rd=0540006f
COMMIT t=2815000 wb_pc=000002c4 wb_we=1 wb_rd=x4 wb_val=00000002 IF_pc=000002d4 IF_inst=00000213 ID_pc=000002d0 ID_inst=01100193 EX_pc=000002cc EX_alu=000002ac mem_we=0 mem_addr=00000002 mem_wd=00000040 mem_rd=0540006f
COMMIT t=2825000 wb_pc=000002c8 wb_we=1 wb_rd=x5 wb_val=00000002 IF_pc=000002d8 IF_inst=f00000b7 ID_pc=000002d4 ID_inst=00000213 EX_pc=000002d0 EX_alu=00000011 mem_we=0 mem_addr=000002ac mem_wd=00000002 mem_rd=f00000b7
COMMIT t=2835000 wb_pc=000002cc wb_we=0 wb_rd=x1 wb_val=000002ac IF_pc=000002dc IF_inst=fff08093 ID_pc=000002d8 ID_inst=f00000b7 EX_pc=000002d4 EX_alu=00000000 mem_we=0 mem_addr=00000011 mem_wd=000000b7 mem_rd=00900f93
COMMIT t=2845000 wb_pc=000002d0 wb_we=1 wb_rd=x3 wb_val=00000011 IF_pc=000002e0 IF_inst=00000013 ID_pc=000002dc ID_inst=fff08093 EX_pc=000002d8 EX_alu=f0000000 mem_we=0 mem_addr=00000000 mem_wd=00000000 mem_rd=0540006f
COMMIT t=2855000 wb_pc=000002d4 wb_we=1 wb_rd=x4 wb_val=00000000 IF_pc=000002e4 IF_inst=00000013 ID_pc=000002e0 ID_inst=00000013 EX_pc=000002dc EX_alu=efffffff mem_we=0 mem_addr=f0000000 mem_wd=00000000 mem_rd=00000000
COMMIT t=2865000 wb_pc=000002d8 wb_we=1 wb_rd=x1 wb_val=f0000000 IF_pc=000002e8 IF_inst=f0000137 ID_pc=000002e4 ID_inst=00000013 EX_pc=000002e0 EX_alu=00000000 mem_we=0 mem_addr=efffffff mem_wd=00000000 mem_rd=00000000
COMMIT t=2875000 wb_pc=000002dc wb_we=1 wb_rd=x1 wb_val=efffffff IF_pc=000002ec IF_inst=1220fc63 ID_pc=000002e8 ID_inst=f0000137 EX_pc=000002e4 EX_alu=00000000 mem_we=0 mem_addr=00000000 mem_wd=00000000 mem_rd=0540006f
COMMIT t=2885000 wb_pc=000002e0 wb_we=1 wb_rd=x0 wb_val=00000000 IF_pc=000002f0 IF_inst=00120213 ID_pc=000002ec ID_inst=1220fc63 EX_pc=000002e8 EX_alu=f0000000 mem_we=0 mem_addr=00000000 mem_wd=00000000 mem_rd=0540006f
COMMIT t=2895000 wb_pc=000002e4 wb_we=1 wb_rd=x0 wb_val=00000000 IF_pc=000002f4 IF_inst=00200293 ID_pc=000002f0 ID_inst=00120213 EX_pc=000002ec EX_alu=00000424 mem_we=0 mem_addr=f0000000 mem_wd=00000000 mem_rd=00000000
COMMIT t=2905000 wb_pc=000002e8 wb_we=1 wb_rd=x2 wb_val=f0000000 IF_pc=000002f8 IF_inst=fe5210e3 ID_pc=000002f4 ID_inst=00200293 EX_pc=000002f0 EX_alu=00000001 mem_we=0 mem_addr=00000424 mem_wd=f0000000 mem_rd=0ff0000f
COMMIT t=2915000 wb_pc=000002ec wb_we=0 wb_rd=x24 wb_val=00000424 IF_pc=000002fc IF_inst=01200193 ID_pc=000002f8 ID_inst=fe5210e3 EX_pc=000002f4 EX_alu=00000002 mem_we=0 mem_addr=00000001 mem_wd=0ff0ff0f mem_rd=0540006f
COMMIT t=2925000 wb_pc=000002f0 wb_we=1 wb_rd=x4 wb_val=00000001 IF_pc=00000300 IF_inst=00000213 ID_pc=000002fc ID_inst=01200193 EX_pc=000002f8 EX_alu=000002d8 mem_we=0 mem_addr=00000002 mem_wd=00000000 mem_rd=0540006f
COMMIT t=2935000 wb_pc=000002f4 wb_we=1 wb_rd=x5 wb_val=00000002 IF_pc=00000000 IF_inst=00000013 ID_pc=00000000 ID_inst=00000013 EX_pc=00000000 EX_alu=00000000 mem_we=0 mem_addr=000002d8 mem_wd=00000002 mem_rd=f00000b7
COMMIT t=2945000 wb_pc=000002f8 wb_we=0 wb_rd=x1 wb_val=000002d8 IF_pc=000002d8 IF_inst=f00000b7 ID_pc=00000000 ID_inst=00000013 EX_pc=00000000 EX_alu=00000000 mem_we=0 mem_addr=00000000 mem_wd=00000000 mem_rd=0540006f
COMMIT t=2975000 wb_pc=00000000 wb_we=1 wb_rd=x0 wb_val=00000000 IF_pc=000002e4 IF_inst=00000013 ID_pc=000002e0 ID_inst=00000013 EX_pc=000002dc EX_alu=efffffff mem_we=0 mem_addr=f0000000 mem_wd=00000000 mem_rd=00000000
COMMIT t=2985000 wb_pc=000002d8 wb_we=1 wb_rd=x1 wb_val=f0000000 IF_pc=000002e8 IF_inst=f0000137 ID_pc=000002e4 ID_inst=00000013 EX_pc=000002e0 EX_alu=00000000 mem_we=0 mem_addr=efffffff mem_wd=00000000 mem_rd=00000000
COMMIT t=2995000 wb_pc=000002dc wb_we=1 wb_rd=x1 wb_val=efffffff IF_pc=000002ec IF_inst=1220fc63 ID_pc=000002e8 ID_inst=f0000137 EX_pc=000002e4 EX_alu=00000000 mem_we=0 mem_addr=00000000 mem_wd=00000000 mem_rd=0540006f
COMMIT t=3005000 wb_pc=000002e0 wb_we=1 wb_rd=x0 wb_val=00000000 IF_pc=000002f0 IF_inst=00120213 ID_pc=000002ec ID_inst=1220fc63 EX_pc=000002e8 EX_alu=f0000000 mem_we=0 mem_addr=00000000 mem_wd=00000000 mem_rd=0540006f
COMMIT t=3015000 wb_pc=000002e4 wb_we=1 wb_rd=x0 wb_val=00000000 IF_pc=000002f4 IF_inst=00200293 ID_pc=000002f0 ID_inst=00120213 EX_pc=000002ec EX_alu=00000424 mem_we=0 mem_addr=f0000000 mem_wd=00000000 mem_rd=00000000
COMMIT t=3025000 wb_pc=000002e8 wb_we=1 wb_rd=x2 wb_val=f0000000 IF_pc=000002f8 IF_inst=fe5210e3 ID_pc=000002f4 ID_inst=00200293 EX_pc=000002f0 EX_alu=00000002 mem_we=0 mem_addr=00000424 mem_wd=f0000000 mem_rd=0ff0000f
COMMIT t=3035000 wb_pc=000002ec wb_we=0 wb_rd=x24 wb_val=00000424 IF_pc=000002fc IF_inst=01200193 ID_pc=000002f8 ID_inst=fe5210e3 EX_pc=000002f4 EX_alu=00000002 mem_we=0 mem_addr=00000002 mem_wd=0fff000f mem_rd=0540006f
COMMIT t=3045000 wb_pc=000002f0 wb_we=1 wb_rd=x4 wb_val=00000002 IF_pc=00000300 IF_inst=00000213 ID_pc=000002fc ID_inst=01200193 EX_pc=000002f8 EX_alu=000002d8 mem_we=0 mem_addr=00000002 mem_wd=00000040 mem_rd=0540006f
COMMIT t=3055000 wb_pc=000002f4 wb_we=1 wb_rd=x5 wb_val=00000002 IF_pc=00000304 IF_inst=f00000b7 ID_pc=00000300 ID_inst=00000213 EX_pc=000002fc EX_alu=00000012 mem_we=0 mem_addr=000002d8 mem_wd=00000002 mem_rd=f00000b7
COMMIT t=3065000 wb_pc=000002f8 wb_we=0 wb_rd=x1 wb_val=000002d8 IF_pc=00000308 IF_inst=fff08093 ID_pc=00000304 ID_inst=f00000b7 EX_pc=00000300 EX_alu=00000000 mem_we=0 mem_addr=00000012 mem_wd=000000b7 mem_rd=00900f93
COMMIT t=3075000 wb_pc=000002fc wb_we=1 wb_rd=x3 wb_val=00000012 IF_pc=0000030c IF_inst=f0000137 ID_pc=00000308 ID_inst=fff08093 EX_pc=00000304 EX_alu=f0000000 mem_we=0 mem_addr=00000000 mem_wd=ffffff00 mem_rd=0540006f
COMMIT t=3085000 wb_pc=00000300 wb_we=1 wb_rd=x4 wb_val=00000000 IF_pc=00000310 IF_inst=1020fa63 ID_pc=0000030c ID_inst=f0000137 EX_pc=00000308 EX_alu=efffffff mem_we=0 mem_addr=f0000000 mem_wd=00000000 mem_rd=00000000
COMMIT t=3095000 wb_pc=00000304 wb_we=1 wb_rd=x1 wb_val=f0000000 IF_pc=00000314 IF_inst=00120213 ID_pc=00000310 ID_inst=1020fa63 EX_pc=0000030c EX_alu=f0000000 mem_we=0 mem_addr=efffffff mem_wd=00000000 mem_rd=00000000
COMMIT t=3105000 wb_pc=00000308 wb_we=1 wb_rd=x1 wb_val=efffffff IF_pc=00000318 IF_inst=00200293 ID_pc=00000314 ID_inst=00120213 EX_pc=00000310 EX_alu=00000424 mem_we=0 mem_addr=f0000000 mem_wd=00000000 mem_rd=00000000
COMMIT t=3115000 wb_pc=0000030c wb_we=1 wb_rd=x2 wb_val=f0000000 IF_pc=0000031c IF_inst=fe5214e3 ID_pc=00000318 ID_inst=00200293 EX_pc=00000314 EX_alu=00000001 mem_we=0 mem_addr=00000424 mem_wd=f0000000 mem_rd=0ff0000f
COMMIT t=3125000 wb_pc=00000310 wb_we=0 wb_rd=x20 wb_val=00000424 IF_pc=00000320 IF_inst=01300193 ID_pc=0000031c ID_inst=fe5214e3 EX_pc=00000318 EX_alu=00000002 mem_we=0 mem_addr=00000001 mem_wd=0ff0ff0f mem_rd=0540006f
COMMIT t=3135000 wb_pc=00000314 wb_we=1 wb_rd=x4 wb_val=00000001 IF_pc=00000324 IF_inst=00000213 ID_pc=00000320 ID_inst=01300193 EX_pc=0000031c EX_alu=00000304 mem_we=0 mem_addr=00000002 mem_wd=00000000 mem_rd=0540006f
COMMIT t=3145000 wb_pc=00000318 wb_we=1 wb_rd=x5 wb_val=00000002 IF_pc=00000000 IF_inst=00000013 ID_pc=00000000 ID_inst=00000013 EX_pc=00000000 EX_alu=00000000 mem_we=0 mem_addr=00000304 mem_wd=00000002 mem_rd=f00000b7
COMMIT t=3155000 wb_pc=0000031c wb_we=0 wb_rd=x9 wb_val=00000304 IF_pc=00000304 IF_inst=f00000b7 ID_pc=00000000 ID_inst=00000013 EX_pc=00000000 EX_alu=00000000 mem_we=0 mem_addr=00000000 mem_wd=00000000 mem_rd=0540006f
COMMIT t=3185000 wb_pc=00000000 wb_we=1 wb_rd=x0 wb_val=00000000 IF_pc=00000310 IF_inst=1020fa63 ID_pc=0000030c ID_inst=f0000137 EX_pc=00000308 EX_alu=efffffff mem_we=0 mem_addr=f0000000 mem_wd=00000000 mem_rd=00000000
COMMIT t=3195000 wb_pc=00000304 wb_we=1 wb_rd=x1 wb_val=f0000000 IF_pc=00000314 IF_inst=00120213 ID_pc=00000310 ID_inst=1020fa63 EX_pc=0000030c EX_alu=f0000000 mem_we=0 mem_addr=efffffff mem_wd=00000000 mem_rd=00000000
COMMIT t=3205000 wb_pc=00000308 wb_we=1 wb_rd=x1 wb_val=efffffff IF_pc=00000318 IF_inst=00200293 ID_pc=00000314 ID_inst=00120213 EX_pc=00000310 EX_alu=00000424 mem_we=0 mem_addr=f0000000 mem_wd=00000000 mem_rd=00000000
COMMIT t=3215000 wb_pc=0000030c wb_we=1 wb_rd=x2 wb_val=f0000000 IF_pc=0000031c IF_inst=fe5214e3 ID_pc=00000318 ID_inst=00200293 EX_pc=00000314 EX_alu=00000002 mem_we=0 mem_addr=00000424 mem_wd=f0000000 mem_rd=0ff0000f
COMMIT t=3225000 wb_pc=00000310 wb_we=0 wb_rd=x20 wb_val=00000424 IF_pc=00000320 IF_inst=01300193 ID_pc=0000031c ID_inst=fe5214e3 EX_pc=00000318 EX_alu=00000002 mem_we=0 mem_addr=00000002 mem_wd=0fff000f mem_rd=0540006f
COMMIT t=3235000 wb_pc=00000314 wb_we=1 wb_rd=x4 wb_val=00000002 IF_pc=00000324 IF_inst=00000213 ID_pc=00000320 ID_inst=01300193 EX_pc=0000031c EX_alu=00000304 mem_we=0 mem_addr=00000002 mem_wd=00000040 mem_rd=0540006f
COMMIT t=3245000 wb_pc=00000318 wb_we=1 wb_rd=x5 wb_val=00000002 IF_pc=00000328 IF_inst=f00000b7 ID_pc=00000324 ID_inst=00000213 EX_pc=00000320 EX_alu=00000013 mem_we=0 mem_addr=00000304 mem_wd=00000002 mem_rd=f00000b7
COMMIT t=3255000 wb_pc=0000031c wb_we=0 wb_rd=x9 wb_val=00000304 IF_pc=0000032c IF_inst=fff08093 ID_pc=00000328 ID_inst=f00000b7 EX_pc=00000324 EX_alu=00000000 mem_we=0 mem_addr=00000013 mem_wd=000000b7 mem_rd=00900f93
COMMIT t=3265000 wb_pc=00000320 wb_we=1 wb_rd=x3 wb_val=00000013 IF_pc=00000330 IF_inst=f0000137 ID_pc=0000032c ID_inst=fff08093 EX_pc=00000328 EX_alu=f0000000 mem_we=0 mem_addr=00000000 mem_wd=00000000 mem_rd=0540006f
COMMIT t=3275000 wb_pc=00000324 wb_we=1 wb_rd=x4 wb_val=00000000 IF_pc=00000334 IF_inst=00000013 ID_pc=00000330 ID_inst=f0000137 EX_pc=0000032c EX_alu=efffffff mem_we=0 mem_addr=f0000000 mem_wd=00000000 mem_rd=00000000
COMMIT t=3285000 wb_pc=00000328 wb_we=1 wb_rd=x1 wb_val=f0000000 IF_pc=00000338 IF_inst=0e20f663 ID_pc=00000334 ID_inst=00000013 EX_pc=00000330 EX_alu=f0000000 mem_we=0 mem_addr=efffffff mem_wd=00000000 mem_rd=00000000
COMMIT t=3295000 wb_pc=0000032c wb_we=1 wb_rd=x1 wb_val=efffffff IF_pc=0000033c IF_inst=00120213 ID_pc=00000338 ID_inst=0e20f663 EX_pc=00000334 EX_alu=00000000 mem_we=0 mem_addr=f0000000 mem_wd=00000000 mem_rd=00000000
COMMIT t=3305000 wb_pc=00000330 wb_we=1 wb_rd=x2 wb_val=f0000000 IF_pc=00000340 IF_inst=00200293 ID_pc=0000033c ID_inst=00120213 EX_pc=00000338 EX_alu=00000424 mem_we=0 mem_addr=00000000 mem_wd=00000000 mem_rd=0540006f
COMMIT t=3315000 wb_pc=00000334 wb_we=1 wb_rd=x0 wb_val=00000000 IF_pc=00000344 IF_inst=fe5212e3 ID_pc=00000340 ID_inst=00200293 EX_pc=0000033c EX_alu=00000001 mem_we=0 mem_addr=00000424 mem_wd=f0000000 mem_rd=0ff0000f
COMMIT t=3325000 wb_pc=00000338 wb_we=0 wb_rd=x12 wb_val=00000424 IF_pc=00000348 IF_inst=01400193 ID_pc=00000344 ID_inst=fe5212e3 EX_pc=00000340 EX_alu=00000002 mem_we=0 mem_addr=00000001 mem_wd=0ff0ff0f mem_rd=0540006f
COMMIT t=3335000 wb_pc=0000033c wb_we=1 wb_rd=x4 wb_val=00000001 IF_pc=0000034c IF_inst=00000213 ID_pc=00000348 ID_inst=01400193 EX_pc=00000344 EX_alu=00000328 mem_we=0 mem_addr=00000002 mem_wd=00000000 mem_rd=0540006f
COMMIT t=3345000 wb_pc=00000340 wb_we=1 wb_rd=x5 wb_val=00000002 IF_pc=00000000 IF_inst=00000013 ID_pc=00000000 ID_inst=00000013 EX_pc=00000000 EX_alu=00000000 mem_we=0 mem_addr=00000328 mem_wd=00000002 mem_rd=f00000b7
COMMIT t=3355000 wb_pc=00000344 wb_we=0 wb_rd=x5 wb_val=00000328 IF_pc=00000328 IF_inst=f00000b7 ID_pc=00000000 ID_inst=00000013 EX_pc=00000000 EX_alu=00000000 mem_we=0 mem_addr=00000000 mem_wd=00000000 mem_rd=0540006f
COMMIT t=3385000 wb_pc=00000000 wb_we=1 wb_rd=x0 wb_val=00000000 IF_pc=00000334 IF_inst=00000013 ID_pc=00000330 ID_inst=f0000137 EX_pc=0000032c EX_alu=efffffff mem_we=0 mem_addr=f0000000 mem_wd=00000000 mem_rd=00000000
COMMIT t=3395000 wb_pc=00000328 wb_we=1 wb_rd=x1 wb_val=f0000000 IF_pc=00000338 IF_inst=0e20f663 ID_pc=00000334 ID_inst=00000013 EX_pc=00000330 EX_alu=f0000000 mem_we=0 mem_addr=efffffff mem_wd=00000000 mem_rd=00000000
COMMIT t=3405000 wb_pc=0000032c wb_we=1 wb_rd=x1 wb_val=efffffff IF_pc=0000033c IF_inst=00120213 ID_pc=00000338 ID_inst=0e20f663 EX_pc=00000334 EX_alu=00000000 mem_we=0 mem_addr=f0000000 mem_wd=00000000 mem_rd=00000000
COMMIT t=3415000 wb_pc=00000330 wb_we=1 wb_rd=x2 wb_val=f0000000 IF_pc=00000340 IF_inst=00200293 ID_pc=0000033c ID_inst=00120213 EX_pc=00000338 EX_alu=00000424 mem_we=0 mem_addr=00000000 mem_wd=00000000 mem_rd=0540006f
COMMIT t=3425000 wb_pc=00000334 wb_we=1 wb_rd=x0 wb_val=00000000 IF_pc=00000344 IF_inst=fe5212e3 ID_pc=00000340 ID_inst=00200293 EX_pc=0000033c EX_alu=00000002 mem_we=0 mem_addr=00000424 mem_wd=f0000000 mem_rd=0ff0000f
COMMIT t=3435000 wb_pc=00000338 wb_we=0 wb_rd=x12 wb_val=00000424 IF_pc=00000348 IF_inst=01400193 ID_pc=00000344 ID_inst=fe5212e3 EX_pc=00000340 EX_alu=00000002 mem_we=0 mem_addr=00000002 mem_wd=0fff000f mem_rd=0540006f
COMMIT t=3445000 wb_pc=0000033c wb_we=1 wb_rd=x4 wb_val=00000002 IF_pc=0000034c IF_inst=00000213 ID_pc=00000348 ID_inst=01400193 EX_pc=00000344 EX_alu=00000328 mem_we=0 mem_addr=00000002 mem_wd=00000040 mem_rd=0540006f
COMMIT t=3455000 wb_pc=00000340 wb_we=1 wb_rd=x5 wb_val=00000002 IF_pc=00000350 IF_inst=f00000b7 ID_pc=0000034c ID_inst=00000213 EX_pc=00000348 EX_alu=00000014 mem_we=0 mem_addr=00000328 mem_wd=00000002 mem_rd=f00000b7
COMMIT t=3465000 wb_pc=00000344 wb_we=0 wb_rd=x5 wb_val=00000328 IF_pc=00000354 IF_inst=fff08093 ID_pc=00000350 ID_inst=f00000b7 EX_pc=0000034c EX_alu=00000000 mem_we=0 mem_addr=00000014 mem_wd=00000000 mem_rd=03ff0663
COMMIT t=3475000 wb_pc=00000348 wb_we=1 wb_rd=x3 wb_val=00000014 IF_pc=00000358 IF_inst=f0000137 ID_pc=00000354 ID_inst=fff08093 EX_pc=00000350 EX_alu=f0000000 mem_we=0 mem_addr=00000000 mem_wd=00000000 mem_rd=0540006f
COMMIT t=3485000 wb_pc=0000034c wb_we=1 wb_rd=x4 wb_val=00000000 IF_pc=0000035c IF_inst=00000013 ID_pc=00000358 ID_inst=f0000137 EX_pc=00000354 EX_alu=efffffff mem_we=0 mem_addr=f0000000 mem_wd=00000000 mem_rd=00000000
COMMIT t=3495000 wb_pc=00000350 wb_we=1 wb_rd=x1 wb_val=f0000000 IF_pc=00000360 IF_inst=00000013 ID_pc=0000035c ID_inst=00000013 EX_pc=00000358 EX_alu=f0000000 mem_we=0 mem_addr=efffffff mem_wd=00000000 mem_rd=00000000
COMMIT t=3505000 wb_pc=00000354 wb_we=1 wb_rd=x1 wb_val=efffffff IF_pc=00000364 IF_inst=0c20f063 ID_pc=00000360 ID_inst=00000013 EX_pc=0000035c EX_alu=00000000 mem_we=0 mem_addr=f0000000 mem_wd=00000000 mem_rd=00000000
COMMIT t=3515000 wb_pc=00000358 wb_we=1 wb_rd=x2 wb_val=f0000000 IF_pc=00000368 IF_inst=00120213 ID_pc=00000364 ID_inst=0c20f063 EX_pc=00000360 EX_alu=00000000 mem_we=0 mem_addr=00000000 mem_wd=00000000 mem_rd=0540006f
COMMIT t=3525000 wb_pc=0000035c wb_we=1 wb_rd=x0 wb_val=00000000 IF_pc=0000036c IF_inst=00200293 ID_pc=00000368 ID_inst=00120213 EX_pc=00000364 EX_alu=00000424 mem_we=0 mem_addr=00000000 mem_wd=00000000 mem_rd=0540006f
COMMIT t=3535000 wb_pc=00000360 wb_we=1 wb_rd=x0 wb_val=00000000 IF_pc=00000370 IF_inst=fe5210e3 ID_pc=0000036c ID_inst=00200293 EX_pc=00000368 EX_alu=00000001 mem_we=0 mem_addr=00000424 mem_wd=f0000000 mem_rd=0ff0000f
COMMIT t=3545000 wb_pc=00000364 wb_we=0 wb_rd=x0 wb_val=00000424 IF_pc=00000374 IF_inst=01500193 ID_pc=00000370 ID_inst=fe5210e3 EX_pc=0000036c EX_alu=00000002 mem_we=0 mem_addr=00000001 mem_wd=0ff0ff0f mem_rd=0540006f
COMMIT t=3555000 wb_pc=00000368 wb_we=1 wb_rd=x4 wb_val=00000001 IF_pc=00000378 IF_inst=00000213 ID_pc=00000374 ID_inst=01500193 EX_pc=00000370 EX_alu=00000350 mem_we=0 mem_addr=00000002 mem_wd=00000000 mem_rd=0540006f
COMMIT t=3565000 wb_pc=0000036c wb_we=1 wb_rd=x5 wb_val=00000002 IF_pc=00000000 IF_inst=00000013 ID_pc=00000000 ID_inst=00000013 EX_pc=00000000 EX_alu=00000000 mem_we=0 mem_addr=00000350 mem_wd=00000002 mem_rd=f00000b7
COMMIT t=3575000 wb_pc=00000370 wb_we=0 wb_rd=x1 wb_val=00000350 IF_pc=00000350 IF_inst=f00000b7 ID_pc=00000000 ID_inst=00000013 EX_pc=00000000 EX_alu=00000000 mem_we=0 mem_addr=00000000 mem_wd=00000000 mem_rd=0540006f
COMMIT t=3605000 wb_pc=00000000 wb_we=1 wb_rd=x0 wb_val=00000000 IF_pc=0000035c IF_inst=00000013 ID_pc=00000358 ID_inst=f0000137 EX_pc=00000354 EX_alu=efffffff mem_we=0 mem_addr=f0000000 mem_wd=00000000 mem_rd=00000000
COMMIT t=3615000 wb_pc=00000350 wb_we=1 wb_rd=x1 wb_val=f0000000 IF_pc=00000360 IF_inst=00000013 ID_pc=0000035c ID_inst=00000013 EX_pc=00000358 EX_alu=f0000000 mem_we=0 mem_addr=efffffff mem_wd=00000000 mem_rd=00000000
COMMIT t=3625000 wb_pc=00000354 wb_we=1 wb_rd=x1 wb_val=efffffff IF_pc=00000364 IF_inst=0c20f063 ID_pc=00000360 ID_inst=00000013 EX_pc=0000035c EX_alu=00000000 mem_we=0 mem_addr=f0000000 mem_wd=00000000 mem_rd=00000000
COMMIT t=3635000 wb_pc=00000358 wb_we=1 wb_rd=x2 wb_val=f0000000 IF_pc=00000368 IF_inst=00120213 ID_pc=00000364 ID_inst=0c20f063 EX_pc=00000360 EX_alu=00000000 mem_we=0 mem_addr=00000000 mem_wd=00000000 mem_rd=0540006f
COMMIT t=3645000 wb_pc=0000035c wb_we=1 wb_rd=x0 wb_val=00000000 IF_pc=0000036c IF_inst=00200293 ID_pc=00000368 ID_inst=00120213 EX_pc=00000364 EX_alu=00000424 mem_we=0 mem_addr=00000000 mem_wd=00000000 mem_rd=0540006f
COMMIT t=3655000 wb_pc=00000360 wb_we=1 wb_rd=x0 wb_val=00000000 IF_pc=00000370 IF_inst=fe5210e3 ID_pc=0000036c ID_inst=00200293 EX_pc=00000368 EX_alu=00000002 mem_we=0 mem_addr=00000424 mem_wd=f0000000 mem_rd=0ff0000f
COMMIT t=3665000 wb_pc=00000364 wb_we=0 wb_rd=x0 wb_val=00000424 IF_pc=00000374 IF_inst=01500193 ID_pc=00000370 ID_inst=fe5210e3 EX_pc=0000036c EX_alu=00000002 mem_we=0 mem_addr=00000002 mem_wd=0fff000f mem_rd=0540006f
COMMIT t=3675000 wb_pc=00000368 wb_we=1 wb_rd=x4 wb_val=00000002 IF_pc=00000378 IF_inst=00000213 ID_pc=00000374 ID_inst=01500193 EX_pc=00000370 EX_alu=00000350 mem_we=0 mem_addr=00000002 mem_wd=00000040 mem_rd=0540006f
COMMIT t=3685000 wb_pc=0000036c wb_we=1 wb_rd=x5 wb_val=00000002 IF_pc=0000037c IF_inst=f00000b7 ID_pc=00000378 ID_inst=00000213 EX_pc=00000374 EX_alu=00000015 mem_we=0 mem_addr=00000350 mem_wd=00000002 mem_rd=f00000b7
COMMIT t=3695000 wb_pc=00000370 wb_we=0 wb_rd=x1 wb_val=00000350 IF_pc=00000380 IF_inst=fff08093 ID_pc=0000037c ID_inst=f00000b7 EX_pc=00000378 EX_alu=00000000 mem_we=0 mem_addr=00000015 mem_wd=000000b7 mem_rd=03ff0663
COMMIT t=3705000 wb_pc=00000374 wb_we=1 wb_rd=x3 wb_val=00000015 IF_pc=00000384 IF_inst=00000013 ID_pc=00000380 ID_inst=fff08093 EX_pc=0000037c EX_alu=f0000000 mem_we=0 mem_addr=00000000 mem_wd=00000000 mem_rd=0540006f
COMMIT t=3715000 wb_pc=00000378 wb_we=1 wb_rd=x4 wb_val=00000000 IF_pc=00000388 IF_inst=f0000137 ID_pc=00000384 ID_inst=00000013 EX_pc=00000380 EX_alu=efffffff mem_we=0 mem_addr=f0000000 mem_wd=00000000 mem_rd=00000000
COMMIT t=3725000 wb_pc=0000037c wb_we=1 wb_rd=x1 wb_val=f0000000 IF_pc=0000038c IF_inst=0820fc63 ID_pc=00000388 ID_inst=f0000137 EX_pc=00000384 EX_alu=00000000 mem_we=0 mem_addr=efffffff mem_wd=00000000 mem_rd=00000000
COMMIT t=3735000 wb_pc=00000380 wb_we=1 wb_rd=x1 wb_val=efffffff IF_pc=00000390 IF_inst=00120213 ID_pc=0000038c ID_inst=0820fc63 EX_pc=00000388 EX_alu=f0000000 mem_we=0 mem_addr=00000000 mem_wd=00000000 mem_rd=0540006f
COMMIT t=3745000 wb_pc=00000384 wb_we=1 wb_rd=x0 wb_val=00000000 IF_pc=00000394 IF_inst=00200293 ID_pc=00000390 ID_inst=00120213 EX_pc=0000038c EX_alu=00000424 mem_we=0 mem_addr=f0000000 mem_wd=00000000 mem_rd=00000000
COMMIT t=3755000 wb_pc=00000388 wb_we=1 wb_rd=x2 wb_val=f0000000 IF_pc=00000398 IF_inst=fe5212e3 ID_pc=00000394 ID_inst=00200293 EX_pc=00000390 EX_alu=00000001 mem_we=0 mem_addr=00000424 mem_wd=f0000000 mem_rd=0ff0000f
COMMIT t=3765000 wb_pc=0000038c wb_we=0 wb_rd=x24 wb_val=00000424 IF_pc=0000039c IF_inst=01600193 ID_pc=00000398 ID_inst=fe5212e3 EX_pc=00000394 EX_alu=00000002 mem_we=0 mem_addr=00000001 mem_wd=0ff0ff0f mem_rd=0540006f
COMMIT t=3775000 wb_pc=00000390 wb_we=1 wb_rd=x4 wb_val=00000001 IF_pc=000003a0 IF_inst=00000213 ID_pc=0000039c ID_inst=01600193 EX_pc=00000398 EX_alu=0000037c mem_we=0 mem_addr=00000002 mem_wd=00000000 mem_rd=0540006f
COMMIT t=3785000 wb_pc=00000394 wb_we=1 wb_rd=x5 wb_val=00000002 IF_pc=00000000 IF_inst=00000013 ID_pc=00000000 ID_inst=00000013 EX_pc=00000000 EX_alu=00000000 mem_we=0 mem_addr=0000037c mem_wd=00000002 mem_rd=f00000b7
COMMIT t=3795000 wb_pc=00000398 wb_we=0 wb_rd=x5 wb_val=0000037c IF_pc=0000037c IF_inst=f00000b7 ID_pc=00000000 ID_inst=00000013 EX_pc=00000000 EX_alu=00000000 mem_we=0 mem_addr=00000000 mem_wd=00000000 mem_rd=0540006f
COMMIT t=3825000 wb_pc=00000000 wb_we=1 wb_rd=x0 wb_val=00000000 IF_pc=00000388 IF_inst=f0000137 ID_pc=00000384 ID_inst=00000013 EX_pc=00000380 EX_alu=efffffff mem_we=0 mem_addr=f0000000 mem_wd=00000000 mem_rd=00000000
COMMIT t=3835000 wb_pc=0000037c wb_we=1 wb_rd=x1 wb_val=f0000000 IF_pc=0000038c IF_inst=0820fc63 ID_pc=00000388 ID_inst=f0000137 EX_pc=00000384 EX_alu=00000000 mem_we=0 mem_addr=efffffff mem_wd=00000000 mem_rd=00000000
COMMIT t=3845000 wb_pc=00000380 wb_we=1 wb_rd=x1 wb_val=efffffff IF_pc=00000390 IF_inst=00120213 ID_pc=0000038c ID_inst=0820fc63 EX_pc=00000388 EX_alu=f0000000 mem_we=0 mem_addr=00000000 mem_wd=00000000 mem_rd=0540006f
COMMIT t=3855000 wb_pc=00000384 wb_we=1 wb_rd=x0 wb_val=00000000 IF_pc=00000394 IF_inst=00200293 ID_pc=00000390 ID_inst=00120213 EX_pc=0000038c EX_alu=00000424 mem_we=0 mem_addr=f0000000 mem_wd=00000000 mem_rd=00000000
COMMIT t=3865000 wb_pc=00000388 wb_we=1 wb_rd=x2 wb_val=f0000000 IF_pc=00000398 IF_inst=fe5212e3 ID_pc=00000394 ID_inst=00200293 EX_pc=00000390 EX_alu=00000002 mem_we=0 mem_addr=00000424 mem_wd=f0000000 mem_rd=0ff0000f
COMMIT t=3875000 wb_pc=0000038c wb_we=0 wb_rd=x24 wb_val=00000424 IF_pc=0000039c IF_inst=01600193 ID_pc=00000398 ID_inst=fe5212e3 EX_pc=00000394 EX_alu=00000002 mem_we=0 mem_addr=00000002 mem_wd=0fff000f mem_rd=0540006f
COMMIT t=3885000 wb_pc=00000390 wb_we=1 wb_rd=x4 wb_val=00000002 IF_pc=000003a0 IF_inst=00000213 ID_pc=0000039c ID_inst=01600193 EX_pc=00000398 EX_alu=0000037c mem_we=0 mem_addr=00000002 mem_wd=00000040 mem_rd=0540006f
COMMIT t=3895000 wb_pc=00000394 wb_we=1 wb_rd=x5 wb_val=00000002 IF_pc=000003a4 IF_inst=f00000b7 ID_pc=000003a0 ID_inst=00000213 EX_pc=0000039c EX_alu=00000016 mem_we=0 mem_addr=0000037c mem_wd=00000002 mem_rd=f00000b7
COMMIT t=3905000 wb_pc=00000398 wb_we=0 wb_rd=x5 wb_val=0000037c IF_pc=000003a8 IF_inst=fff08093 ID_pc=000003a4 ID_inst=f00000b7 EX_pc=000003a0 EX_alu=00000000 mem_we=0 mem_addr=00000016 mem_wd=000000b7 mem_rd=03ff0663
COMMIT t=3915000 wb_pc=0000039c wb_we=1 wb_rd=x3 wb_val=00000016 IF_pc=000003ac IF_inst=00000013 ID_pc=000003a8 ID_inst=fff08093 EX_pc=000003a4 EX_alu=f0000000 mem_we=0 mem_addr=00000000 mem_wd=ffffff00 mem_rd=0540006f
COMMIT t=3925000 wb_pc=000003a0 wb_we=1 wb_rd=x4 wb_val=00000000 IF_pc=000003b0 IF_inst=f0000137 ID_pc=000003ac ID_inst=00000013 EX_pc=000003a8 EX_alu=efffffff mem_we=0 mem_addr=f0000000 mem_wd=00000000 mem_rd=00000000
COMMIT t=3935000 wb_pc=000003a4 wb_we=1 wb_rd=x1 wb_val=f0000000 IF_pc=000003b4 IF_inst=00000013 ID_pc=000003b0 ID_inst=f0000137 EX_pc=000003ac EX_alu=00000000 mem_we=0 mem_addr=efffffff mem_wd=00000000 mem_rd=00000000
COMMIT t=3945000 wb_pc=000003a8 wb_we=1 wb_rd=x1 wb_val=efffffff IF_pc=000003b8 IF_inst=0620f663 ID_pc=000003b4 ID_inst=00000013 EX_pc=000003b0 EX_alu=f0000000 mem_we=0 mem_addr=00000000 mem_wd=00000000 mem_rd=0540006f
COMMIT t=3955000 wb_pc=000003ac wb_we=1 wb_rd=x0 wb_val=00000000 IF_pc=000003bc IF_inst=00120213 ID_pc=000003b8 ID_inst=0620f663 EX_pc=000003b4 EX_alu=00000000 mem_we=0 mem_addr=f0000000 mem_wd=00000000 mem_rd=00000000
COMMIT t=3965000 wb_pc=000003b0 wb_we=1 wb_rd=x2 wb_val=f0000000 IF_pc=000003c0 IF_inst=00200293 ID_pc=000003bc ID_inst=00120213 EX_pc=000003b8 EX_alu=00000424 mem_we=0 mem_addr=00000000 mem_wd=00000000 mem_rd=0540006f
COMMIT t=3975000 wb_pc=000003b4 wb_we=1 wb_rd=x0 wb_val=00000000 IF_pc=000003c4 IF_inst=fe5210e3 ID_pc=000003c0 ID_inst=00200293 EX_pc=000003bc EX_alu=00000001 mem_we=0 mem_addr=00000424 mem_wd=f0000000 mem_rd=0ff0000f
COMMIT t=3985000 wb_pc=000003b8 wb_we=0 wb_rd=x12 wb_val=00000424 IF_pc=000003c8 IF_inst=01700193 ID_pc=000003c4 ID_inst=fe5210e3 EX_pc=000003c0 EX_alu=00000002 mem_we=0 mem_addr=00000001 mem_wd=0ff0ff0f mem_rd=0540006f
COMMIT t=3995000 wb_pc=000003bc wb_we=1 wb_rd=x4 wb_val=00000001 IF_pc=000003cc IF_inst=00000213 ID_pc=000003c8 ID_inst=01700193 EX_pc=000003c4 EX_alu=000003a4 mem_we=0 mem_addr=00000002 mem_wd=00000000 mem_rd=0540006f
COMMIT t=4005000 wb_pc=000003c0 wb_we=1 wb_rd=x5 wb_val=00000002 IF_pc=00000000 IF_inst=00000013 ID_pc=00000000 ID_inst=00000013 EX_pc=00000000 EX_alu=00000000 mem_we=0 mem_addr=000003a4 mem_wd=00000002 mem_rd=f00000b7
COMMIT t=4015000 wb_pc=000003c4 wb_we=0 wb_rd=x1 wb_val=000003a4 IF_pc=000003a4 IF_inst=f00000b7 ID_pc=00000000 ID_inst=00000013 EX_pc=00000000 EX_alu=00000000 mem_we=0 mem_addr=00000000 mem_wd=00000000 mem_rd=0540006f
COMMIT t=4045000 wb_pc=00000000 wb_we=1 wb_rd=x0 wb_val=00000000 IF_pc=000003b0 IF_inst=f0000137 ID_pc=000003ac ID_inst=00000013 EX_pc=000003a8 EX_alu=efffffff mem_we=0 mem_addr=f0000000 mem_wd=00000000 mem_rd=00000000
COMMIT t=4055000 wb_pc=000003a4 wb_we=1 wb_rd=x1 wb_val=f0000000 IF_pc=000003b4 IF_inst=00000013 ID_pc=000003b0 ID_inst=f0000137 EX_pc=000003ac EX_alu=00000000 mem_we=0 mem_addr=efffffff mem_wd=00000000 mem_rd=00000000
COMMIT t=4065000 wb_pc=000003a8 wb_we=1 wb_rd=x1 wb_val=efffffff IF_pc=000003b8 IF_inst=0620f663 ID_pc=000003b4 ID_inst=00000013 EX_pc=000003b0 EX_alu=f0000000 mem_we=0 mem_addr=00000000 mem_wd=00000000 mem_rd=0540006f
COMMIT t=4075000 wb_pc=000003ac wb_we=1 wb_rd=x0 wb_val=00000000 IF_pc=000003bc IF_inst=00120213 ID_pc=000003b8 ID_inst=0620f663 EX_pc=000003b4 EX_alu=00000000 mem_we=0 mem_addr=f0000000 mem_wd=00000000 mem_rd=00000000
COMMIT t=4085000 wb_pc=000003b0 wb_we=1 wb_rd=x2 wb_val=f0000000 IF_pc=000003c0 IF_inst=00200293 ID_pc=000003bc ID_inst=00120213 EX_pc=000003b8 EX_alu=00000424 mem_we=0 mem_addr=00000000 mem_wd=00000000 mem_rd=0540006f
COMMIT t=4095000 wb_pc=000003b4 wb_we=1 wb_rd=x0 wb_val=00000000 IF_pc=000003c4 IF_inst=fe5210e3 ID_pc=000003c0 ID_inst=00200293 EX_pc=000003bc EX_alu=00000002 mem_we=0 mem_addr=00000424 mem_wd=f0000000 mem_rd=0ff0000f
COMMIT t=4105000 wb_pc=000003b8 wb_we=0 wb_rd=x12 wb_val=00000424 IF_pc=000003c8 IF_inst=01700193 ID_pc=000003c4 ID_inst=fe5210e3 EX_pc=000003c0 EX_alu=00000002 mem_we=0 mem_addr=00000002 mem_wd=0fff000f mem_rd=0540006f
COMMIT t=4115000 wb_pc=000003bc wb_we=1 wb_rd=x4 wb_val=00000002 IF_pc=000003cc IF_inst=00000213 ID_pc=000003c8 ID_inst=01700193 EX_pc=000003c4 EX_alu=000003a4 mem_we=0 mem_addr=00000002 mem_wd=00000040 mem_rd=0540006f
COMMIT t=4125000 wb_pc=000003c0 wb_we=1 wb_rd=x5 wb_val=00000002 IF_pc=000003d0 IF_inst=f00000b7 ID_pc=000003cc ID_inst=00000213 EX_pc=000003c8 EX_alu=00000017 mem_we=0 mem_addr=000003a4 mem_wd=00000002 mem_rd=f00000b7
COMMIT t=4135000 wb_pc=000003c4 wb_we=0 wb_rd=x1 wb_val=000003a4 IF_pc=000003d4 IF_inst=fff08093 ID_pc=000003d0 ID_inst=f00000b7 EX_pc=000003cc EX_alu=00000000 mem_we=0 mem_addr=00000017 mem_wd=000000b7 mem_rd=03ff0663
COMMIT t=4145000 wb_pc=000003c8 wb_we=1 wb_rd=x3 wb_val=00000017 IF_pc=000003d8 IF_inst=00000013 ID_pc=000003d4 ID_inst=fff08093 EX_pc=000003d0 EX_alu=f0000000 mem_we=0 mem_addr=00000000 mem_wd=00000000 mem_rd=0540006f
COMMIT t=4155000 wb_pc=000003cc wb_we=1 wb_rd=x4 wb_val=00000000 IF_pc=000003dc IF_inst=00000013 ID_pc=000003d8 ID_inst=00000013 EX_pc=000003d4 EX_alu=efffffff mem_we=0 mem_addr=f0000000 mem_wd=00000000 mem_rd=00000000
COMMIT t=4165000 wb_pc=000003d0 wb_we=1 wb_rd=x1 wb_val=f0000000 IF_pc=000003e0 IF_inst=f0000137 ID_pc=000003dc ID_inst=00000013 EX_pc=000003d8 EX_alu=00000000 mem_we=0 mem_addr=efffffff mem_wd=00000000 mem_rd=00000000
COMMIT t=4175000 wb_pc=000003d4 wb_we=1 wb_rd=x1 wb_val=efffffff IF_pc=000003e4 IF_inst=0420f063 ID_pc=000003e0 ID_inst=f0000137 EX_pc=000003dc EX_alu=00000000 mem_we=0 mem_addr=00000000 mem_wd=00000000 mem_rd=0540006f
COMMIT t=4185000 wb_pc=000003d8 wb_we=1 wb_rd=x0 wb_val=00000000 IF_pc=000003e8 IF_inst=00120213 ID_pc=000003e4 ID_inst=0420f063 EX_pc=000003e0 EX_alu=f0000000 mem_we=0 mem_addr=00000000 mem_wd=00000000 mem_rd=0540006f
COMMIT t=4195000 wb_pc=000003dc wb_we=1 wb_rd=x0 wb_val=00000000 IF_pc=000003ec IF_inst=00200293 ID_pc=000003e8 ID_inst=00120213 EX_pc=000003e4 EX_alu=00000424 mem_we=0 mem_addr=f0000000 mem_wd=00000000 mem_rd=00000000
COMMIT t=4205000 wb_pc=000003e0 wb_we=1 wb_rd=x2 wb_val=f0000000 IF_pc=000003f0 IF_inst=fe5210e3 ID_pc=000003ec ID_inst=00200293 EX_pc=000003e8 EX_alu=00000001 mem_we=0 mem_addr=00000424 mem_wd=f0000000 mem_rd=0ff0000f
COMMIT t=4215000 wb_pc=000003e4 wb_we=0 wb_rd=x0 wb_val=00000424 IF_pc=000003f4 IF_inst=01800193 ID_pc=000003f0 ID_inst=fe5210e3 EX_pc=000003ec EX_alu=00000002 mem_we=0 mem_addr=00000001 mem_wd=0ff0ff0f mem_rd=0540006f
COMMIT t=4225000 wb_pc=000003e8 wb_we=1 wb_rd=x4 wb_val=00000001 IF_pc=000003f8 IF_inst=00100093 ID_pc=000003f4 ID_inst=01800193 EX_pc=000003f0 EX_alu=000003d0 mem_we=0 mem_addr=00000002 mem_wd=00000000 mem_rd=0540006f
COMMIT t=4235000 wb_pc=000003ec wb_we=1 wb_rd=x5 wb_val=00000002 IF_pc=00000000 IF_inst=00000013 ID_pc=00000000 ID_inst=00000013 EX_pc=00000000 EX_alu=00000000 mem_we=0 mem_addr=000003d0 mem_wd=00000002 mem_rd=f00000b7
COMMIT t=4245000 wb_pc=000003f0 wb_we=0 wb_rd=x1 wb_val=000003d0 IF_pc=000003d0 IF_inst=f00000b7 ID_pc=00000000 ID_inst=00000013 EX_pc=00000000 EX_alu=00000000 mem_we=0 mem_addr=00000000 mem_wd=00000000 mem_rd=0540006f
COMMIT t=4275000 wb_pc=00000000 wb_we=1 wb_rd=x0 wb_val=00000000 IF_pc=000003dc IF_inst=00000013 ID_pc=000003d8 ID_inst=00000013 EX_pc=000003d4 EX_alu=efffffff mem_we=0 mem_addr=f0000000 mem_wd=00000000 mem_rd=00000000
COMMIT t=4285000 wb_pc=000003d0 wb_we=1 wb_rd=x1 wb_val=f0000000 IF_pc=000003e0 IF_inst=f0000137 ID_pc=000003dc ID_inst=00000013 EX_pc=000003d8 EX_alu=00000000 mem_we=0 mem_addr=efffffff mem_wd=00000000 mem_rd=00000000
COMMIT t=4295000 wb_pc=000003d4 wb_we=1 wb_rd=x1 wb_val=efffffff IF_pc=000003e4 IF_inst=0420f063 ID_pc=000003e0 ID_inst=f0000137 EX_pc=000003dc EX_alu=00000000 mem_we=0 mem_addr=00000000 mem_wd=00000000 mem_rd=0540006f
COMMIT t=4305000 wb_pc=000003d8 wb_we=1 wb_rd=x0 wb_val=00000000 IF_pc=000003e8 IF_inst=00120213 ID_pc=000003e4 ID_inst=0420f063 EX_pc=000003e0 EX_alu=f0000000 mem_we=0 mem_addr=00000000 mem_wd=00000000 mem_rd=0540006f
COMMIT t=4315000 wb_pc=000003dc wb_we=1 wb_rd=x0 wb_val=00000000 IF_pc=000003ec IF_inst=00200293 ID_pc=000003e8 ID_inst=00120213 EX_pc=000003e4 EX_alu=00000424 mem_we=0 mem_addr=f0000000 mem_wd=00000000 mem_rd=00000000
COMMIT t=4325000 wb_pc=000003e0 wb_we=1 wb_rd=x2 wb_val=f0000000 IF_pc=000003f0 IF_inst=fe5210e3 ID_pc=000003ec ID_inst=00200293 EX_pc=000003e8 EX_alu=00000002 mem_we=0 mem_addr=00000424 mem_wd=f0000000 mem_rd=0ff0000f
COMMIT t=4335000 wb_pc=000003e4 wb_we=0 wb_rd=x0 wb_val=00000424 IF_pc=000003f4 IF_inst=01800193 ID_pc=000003f0 ID_inst=fe5210e3 EX_pc=000003ec EX_alu=00000002 mem_we=0 mem_addr=00000002 mem_wd=0fff000f mem_rd=0540006f
COMMIT t=4345000 wb_pc=000003e8 wb_we=1 wb_rd=x4 wb_val=00000002 IF_pc=000003f8 IF_inst=00100093 ID_pc=000003f4 ID_inst=01800193 EX_pc=000003f0 EX_alu=000003d0 mem_we=0 mem_addr=00000002 mem_wd=00000040 mem_rd=0540006f
COMMIT t=4355000 wb_pc=000003ec wb_we=1 wb_rd=x5 wb_val=00000002 IF_pc=000003fc IF_inst=0000fa63 ID_pc=000003f8 ID_inst=00100093 EX_pc=000003f4 EX_alu=00000018 mem_we=0 mem_addr=000003d0 mem_wd=00000002 mem_rd=f00000b7
COMMIT t=4365000 wb_pc=000003f0 wb_we=0 wb_rd=x1 wb_val=000003d0 IF_pc=00000400 IF_inst=00108093 ID_pc=000003fc ID_inst=0000fa63 EX_pc=000003f8 EX_alu=00000001 mem_we=0 mem_addr=00000018 mem_wd=00000000 mem_rd=00b00f93
COMMIT t=4375000 wb_pc=000003f4 wb_we=1 wb_rd=x3 wb_val=00000018 IF_pc=00000404 IF_inst=00108093 ID_pc=00000400 ID_inst=00108093 EX_pc=000003fc EX_alu=00000410 mem_we=0 mem_addr=00000001 mem_wd=ffffff93 mem_rd=0540006f
COMMIT t=4385000 wb_pc=000003f8 wb_we=1 wb_rd=x1 wb_val=00000001 IF_pc=00000000 IF_inst=00000013 ID_pc=00000000 ID_inst=00000013 EX_pc=00000000 EX_alu=00000000 mem_we=0 mem_addr=00000410 mem_wd=00000000 mem_rd=00108093
COMMIT t=4395000 wb_pc=000003fc wb_we=0 wb_rd=x20 wb_val=00000410 IF_pc=00000410 IF_inst=00108093 ID_pc=00000000 ID_inst=00000013 EX_pc=00000000 EX_alu=00000000 mem_we=0 mem_addr=00000000 mem_wd=00000000 mem_rd=0540006f
COMMIT t=4425000 wb_pc=00000000 wb_we=1 wb_rd=x0 wb_val=00000000 IF_pc=0000041c IF_inst=00709463 ID_pc=00000418 ID_inst=00300393 EX_pc=00000414 EX_alu=00000003 mem_we=0 mem_addr=00000002 mem_wd=0001006f mem_rd=0540006f
COMMIT t=4435000 wb_pc=00000410 wb_we=1 wb_rd=x1 wb_val=00000002 IF_pc=00000420 IF_inst=00301c63 ID_pc=0000041c ID_inst=00709463 EX_pc=00000418 EX_alu=00000003 mem_we=0 mem_addr=00000003 mem_wd=02000040 mem_rd=0540006f
COMMIT t=4445000 wb_pc=00000414 wb_we=1 wb_rd=x1 wb_val=00000003 IF_pc=00000424 IF_inst=0ff0000f ID_pc=00000420 ID_inst=00301c63 EX_pc=0000041c EX_alu=00000424 mem_we=0 mem_addr=00000003 mem_wd=18000005 mem_rd=0540006f
COMMIT t=4455000 wb_pc=00000418 wb_we=1 wb_rd=x7 wb_val=00000003 IF_pc=00000428 IF_inst=800002b7 ID_pc=00000424 ID_inst=0ff0000f EX_pc=00000420 EX_alu=00000438 mem_we=0 mem_addr=00000424 mem_wd=00000003 mem_rd=0ff0000f
COMMIT t=4465000 wb_pc=0000041c wb_we=0 wb_rd=x8 wb_val=00000424 IF_pc=00000000 IF_inst=00000013 ID_pc=00000000 ID_inst=00000013 EX_pc=00000000 EX_alu=00000000 mem_we=0 mem_addr=00000438 mem_wd=00000018 mem_rd=0ff0000f
COMMIT t=4475000 wb_pc=00000420 wb_we=0 wb_rd=x24 wb_val=00000438 IF_pc=00000438 IF_inst=0ff0000f ID_pc=00000000 ID_inst=00000013 EX_pc=00000000 EX_alu=00000000 mem_we=0 mem_addr=00000000 mem_wd=00000000 mem_rd=0540006f
COMMIT t=4505000 wb_pc=00000000 wb_we=1 wb_rd=x0 wb_val=00000000 IF_pc=00000444 IF_inst=0062a023 ID_pc=00000440 ID_inst=00100313 EX_pc=0000043c EX_alu=80000000 mem_we=0 mem_addr=000000ff mem_wd=0000006f mem_rd=0020f663
COMMIT t=4515000 wb_pc=00000438 wb_we=1 wb_rd=x0 wb_val=000000ff IF_pc=00000448 IF_inst=0000006f ID_pc=00000444 ID_inst=0062a023 EX_pc=00000440 EX_alu=00000001 mem_we=0 mem_addr=80000000 mem_wd=00000000 mem_rd=00000000
COMMIT t=4525000 wb_pc=0000043c wb_we=1 wb_rd=x5 wb_val=80000000 IF_pc=0000044c IF_inst=c0001073 ID_pc=00000448 ID_inst=0000006f EX_pc=00000444 EX_alu=80000000 mem_we=0 mem_addr=00000001 mem_wd=00000300 mem_rd=0540006f
COMMIT t=4535000 wb_pc=00000440 wb_we=1 wb_rd=x6 wb_val=00000001 IF_pc=00000450 IF_inst=00000000 ID_pc=0000044c ID_inst=c0001073 EX_pc=00000448 EX_alu=00000448 mem_we=1 mem_addr=80000000 mem_wd=00000001 mem_rd=00000000
MEM_WRITE t=4535000 pc=00000440 addr=80000000 wd=00000001 ctrl=1
RESULT PASS pc=00000440 time=4535000
