START official_test.mem
COMMIT t=155000 wb_pc=00000000 wb_we=1 wb_rd=x0 wb_val=00000004 IF_pc=00000054 IF_inst=00000093 ID_pc=00000000 ID_inst=00000013 EX_pc=00000000 EX_alu=00000000 mem_we=0 mem_addr=00000000 mem_wd=00000000 mem_rd=0540006f
COMMIT t=185000 wb_pc=00000000 wb_we=1 wb_rd=x0 wb_val=00000000 IF_pc=00000060 IF_inst=00000213 ID_pc=0000005c ID_inst=00000193 EX_pc=00000058 EX_alu=00000000 mem_we=0 mem_addr=00000000 mem_wd=00000000 mem_rd=0540006f
COMMIT t=195000 wb_pc=00000054 wb_we=1 wb_rd=x1 wb_val=00000000 IF_pc=00000064 IF_inst=00000293 ID_pc=00000060 ID_inst=00000213 EX_pc=0000005c EX_alu=00000000 mem_we=0 mem_addr=00000000 mem_wd=00000000 mem_rd=0540006f
COMMIT t=205000 wb_pc=00000058 wb_we=1 wb_rd=x2 wb_val=00000000 IF_pc=00000068 IF_inst=00000313 ID_pc=00000064 ID_inst=00000293 EX_pc=00000060 EX_alu=00000000 mem_we=0 mem_addr=00000000 mem_wd=00000000 mem_rd=0540006f
COMMIT t=215000 wb_pc=0000005c wb_we=1 wb_rd=x3 wb_val=00000000 IF_pc=0000006c IF_inst=00000393 ID_pc=00000068 ID_inst=00000313 EX_pc=00000064 EX_alu=00000000 mem_we=0 mem_addr=00000000 mem_wd=00000000 mem_rd=0540006f
COMMIT t=225000 wb_pc=00000060 wb_we=1 wb_rd=x4 wb_val=00000000 IF_pc=00000070 IF_inst=00000413 ID_pc=0000006c ID_inst=00000393 EX_pc=00000068 EX_alu=00000000 mem_we=0 mem_addr=00000000 mem_wd=00000000 mem_rd=0540006f
COMMIT t=235000 wb_pc=00000064 wb_we=1 wb_rd=x5 wb_val=00000000 IF_pc=00000074 IF_inst=00000493 ID_pc=00000070 ID_inst=00000413 EX_pc=0000006c EX_alu=00000000 mem_we=0 mem_addr=00000000 mem_wd=00000000 mem_rd=0540006f
COMMIT t=245000 wb_pc=00000068 wb_we=1 wb_rd=x6 wb_val=00000000 IF_pc=00000078 IF_inst=00000513 ID_pc=00000074 ID_inst=00000493 EX_pc=00000070 EX_alu=00000000 mem_we=0 mem_addr=00000000 mem_wd=00000000 mem_rd=0540006f
COMMIT t=255000 wb_pc=0000006c wb_we=1 wb_rd=x7 wb_val=00000000 IF_pc=0000007c IF_inst=00000593 ID_pc=00000078 ID_inst=00000513 EX_pc=00000074 EX_alu=00000000 mem_we=0 mem_addr=00000000 mem_wd=00000000 mem_rd=0540006f
COMMIT t=265000 wb_pc=00000070 wb_we=1 wb_rd=x8 wb_val=00000000 IF_pc=00000080 IF_inst=00000613 ID_pc=0000007c ID_inst=00000593 EX_pc=00000078 EX_alu=00000000 mem_we=0 mem_addr=00000000 mem_wd=00000000 mem_rd=0540006f
COMMIT t=275000 wb_pc=00000074 wb_we=1 wb_rd=x9 wb_val=00000000 IF_pc=00000084 IF_inst=00000693 ID_pc=00000080 ID_inst=00000613 EX_pc=0000007c EX_alu=00000000 mem_we=0 mem_addr=00000000 mem_wd=00000000 mem_rd=0540006f
COMMIT t=285000 wb_pc=00000078 wb_we=1 wb_rd=x10 wb_val=00000000 IF_pc=00000088 IF_inst=00000713 ID_pc=00000084 ID_inst=00000693 EX_pc=00000080 EX_alu=00000000 mem_we=0 mem_addr=00000000 mem_wd=00000000 mem_rd=0540006f
COMMIT t=295000 wb_pc=0000007c wb_we=1 wb_rd=x11 wb_val=00000000 IF_pc=0000008c IF_inst=00000793 ID_pc=00000088 ID_inst=00000713 EX_pc=00000084 EX_alu=00000000 mem_we=0 mem_addr=00000000 mem_wd=00000000 mem_rd=0540006f
COMMIT t=305000 wb_pc=00000080 wb_we=1 wb_rd=x12 wb_val=00000000 IF_pc=00000090 IF_inst=00000813 ID_pc=0000008c ID_inst=00000793 EX_pc=00000088 EX_alu=00000000 mem_we=0 mem_addr=00000000 mem_wd=00000000 mem_rd=0540006f
COMMIT t=315000 wb_pc=00000084 wb_we=1 wb_rd=x13 wb_val=00000000 IF_pc=00000094 IF_inst=00000893 ID_pc=00000090 ID_inst=00000813 EX_pc=0000008c EX_alu=00000000 mem_we=0 mem_addr=00000000 mem_wd=00000000 mem_rd=0540006f
COMMIT t=325000 wb_pc=00000088 wb_we=1 wb_rd=x14 wb_val=00000000 IF_pc=00000098 IF_inst=00000913 ID_pc=00000094 ID_inst=00000893 EX_pc=00000090 EX_alu=00000000 mem_we=0 mem_addr=00000000 mem_wd=00000000 mem_rd=0540006f
COMMIT t=335000 wb_pc=0000008c wb_we=1 wb_rd=x15 wb_val=00000000 IF_pc=0000009c IF_inst=00000993 ID_pc=00000098 ID_inst=00000913 EX_pc=00000094 EX_alu=00000000 mem_we=0 mem_addr=00000000 mem_wd=00000000 mem_rd=0540006f
COMMIT t=345000 wb_pc=00000090 wb_we=1 wb_rd=x16 wb_val=00000000 IF_pc=000000a0 IF_inst=00000a13 ID_pc=0000009c ID_inst=00000993 EX_pc=00000098 EX_alu=00000000 mem_we=0 mem_addr=00000000 mem_wd=00000000 mem_rd=0540006f
COMMIT t=355000 wb_pc=00000094 wb_we=1 wb_rd=x17 wb_val=00000000 IF_pc=000000a4 IF_inst=00000a93 ID_pc=000000a0 ID_inst=00000a13 EX_pc=0000009c EX_alu=00000000 mem_we=0 mem_addr=00000000 mem_wd=00000000 mem_rd=0540006f
COMMIT t=365000 wb_pc=00000098 wb_we=1 wb_rd=x18 wb_val=00000000 IF_pc=000000a8 IF_inst=00000b13 ID_pc=000000a4 ID_inst=00000a93 EX_pc=000000a0 EX_alu=00000000 mem_we=0 mem_addr=00000000 mem_wd=00000000 mem_rd=0540006f
COMMIT t=375000 wb_pc=0000009c wb_we=1 wb_rd=x19 wb_val=00000000 IF_pc=000000ac IF_inst=00000b93 ID_pc=000000a8 ID_inst=00000b13 EX_pc=000000a4 EX_alu=00000000 mem_we=0 mem_addr=00000000 mem_wd=00000000 mem_rd=0540006f
COMMIT t=385000 wb_pc=000000a0 wb_we=1 wb_rd=x20 wb_val=00000000 IF_pc=000000b0 IF_inst=00000c13 ID_pc=000000ac ID_inst=00000b93 EX_pc=000000a8 EX_alu=00000000 mem_we=0 mem_addr=00000000 mem_wd=00000000 mem_rd=0540006f
COMMIT t=395000 wb_pc=000000a4 wb_we=1 wb_rd=x21 wb_val=00000000 IF_pc=000000b4 IF_inst=00000c93 ID_pc=000000b0 ID_inst=00000c13 EX_pc=000000ac EX_alu=00000000 mem_we=0 mem_addr=00000000 mem_wd=00000000 mem_rd=0540006f
COMMIT t=405000 wb_pc=000000a8 wb_we=1 wb_rd=x22 wb_val=00000000 IF_pc=000000b8 IF_inst=00000d13 ID_pc=000000b4 ID_inst=00000c93 EX_pc=000000b0 EX_alu=00000000 mem_we=0 mem_addr=00000000 mem_wd=00000000 mem_rd=0540006f
COMMIT t=415000 wb_pc=000000ac wb_we=1 wb_rd=x23 wb_val=00000000 IF_pc=000000bc IF_inst=00000d93 ID_pc=000000b8 ID_inst=00000d13 EX_pc=000000b4 EX_alu=00000000 mem_we=0 mem_addr=00000000 mem_wd=00000000 mem_rd=0540006f
COMMIT t=425000 wb_pc=000000b0 wb_we=1 wb_rd=x24 wb_val=00000000 IF_pc=000000c0 IF_inst=00000e13 ID_pc=000000bc ID_inst=00000d93 EX_pc=000000b8 EX_alu=00000000 mem_we=0 mem_addr=00000000 mem_wd=00000000 mem_rd=0540006f
COMMIT t=435000 wb_pc=000000b4 wb_we=1 wb_rd=x25 wb_val=00000000 IF_pc=000000c4 IF_inst=00000e93 ID_pc=000000c0 ID_inst=00000e13 EX_pc=000000bc EX_alu=00000000 mem_we=0 mem_addr=00000000 mem_wd=00000000 mem_rd=0540006f
COMMIT t=445000 wb_pc=000000b8 wb_we=1 wb_rd=x26 wb_val=00000000 IF_pc=000000c8 IF_inst=00000f13 ID_pc=000000c4 ID_inst=00000e93 EX_pc=000000c0 EX_alu=00000000 mem_we=0 mem_addr=00000000 mem_wd=00000000 mem_rd=0540006f
COMMIT t=455000 wb_pc=000000bc wb_we=1 wb_rd=x27 wb_val=00000000 IF_pc=000000cc IF_inst=00000f93 ID_pc=000000c8 ID_inst=00000f13 EX_pc=000000c4 EX_alu=00000000 mem_we=0 mem_addr=00000000 mem_wd=00000000 mem_rd=0540006f
COMMIT t=465000 wb_pc=000000c0 wb_we=1 wb_rd=x28 wb_val=00000000 IF_pc=000000d0 IF_inst=00200193 ID_pc=000000cc ID_inst=00000f93 EX_pc=000000c8 EX_alu=00000000 mem_we=0 mem_addr=00000000 mem_wd=00000000 mem_rd=0540006f
COMMIT t=475000 wb_pc=000000c4 wb_we=1 wb_rd=x29 wb_val=00000000 IF_pc=000000d4 IF_inst=00000693 ID_pc=000000d0 ID_inst=00200193 EX_pc=000000cc EX_alu=00000000 mem_we=0 mem_addr=00000000 mem_wd=00000000 mem_rd=0540006f
COMMIT t=485000 wb_pc=000000c8 wb_we=1 wb_rd=x30 wb_val=00000000 IF_pc=000000d8 IF_inst=0006a713 ID_pc=000000d4 ID_inst=00000693 EX_pc=000000d0 EX_alu=00000002 mem_we=0 mem_addr=00000000 mem_wd=00000000 mem_rd=0540006f
COMMIT t=495000 wb_pc=000000cc wb_we=1 wb_rd=x31 wb_val=00000000 IF_pc=000000dc IF_inst=00000393 ID_pc=000000d8 ID_inst=0006a713 EX_pc=000000d4 EX_alu=00000000 mem_we=0 mem_addr=00000002 mem_wd=0000006f mem_rd=0540006f
COMMIT t=505000 wb_pc=000000d0 wb_we=1 wb_rd=x3 wb_val=00000002 IF_pc=000000e0 IF_inst=26771263 ID_pc=000000dc ID_inst=00000393 EX_pc=000000d8 EX_alu=000000d8 mem_we=0 mem_addr=00000000 mem_wd=00000000 mem_rd=0540006f
COMMIT t=515000 wb_pc=000000d4 wb_we=1 wb_rd=x13 wb_val=00000000 IF_pc=000000e4 IF_inst=00300193 ID_pc=000000e0 ID_inst=26771263 EX_pc=000000dc EX_alu=00000000 mem_we=0 mem_addr=000000d8 mem_wd=00000000 mem_rd=0006a713
COMMIT t=525000 wb_pc=000000d8 wb_we=1 wb_rd=x14 wb_val=00000000 IF_pc=000000e8 IF_inst=00100693 ID_pc=000000e4 ID_inst=00300193 EX_pc=000000e0 EX_alu=00000344 mem_we=0 mem_addr=00000000 mem_wd=0006a700 mem_rd=0540006f
COMMIT t=535000 wb_pc=000000dc wb_we=1 wb_rd=x7 wb_val=00000000 IF_pc=000000ec IF_inst=0016a713 ID_pc=000000e8 ID_inst=00100693 EX_pc=000000e4 EX_alu=00000003 mem_we=0 mem_addr=00000344 mem_wd=00000000 mem_rd=0ff0000f
COMMIT t=545000 wb_pc=000000e0 wb_we=0 wb_rd=x4 wb_val=00000344 IF_pc=000000f0 IF_inst=00000393 ID_pc=000000ec ID_inst=0016a713 EX_pc=000000e8 EX_alu=00000001 mem_we=0 mem_addr=00000003 mem_wd=0200000f mem_rd=0540006f
COMMIT t=555000 wb_pc=000000e4 wb_we=1 wb_rd=x3 wb_val=00000003 IF_pc=000000f4 IF_inst=24771863 ID_pc=000000f0 ID_inst=00000393 EX_pc=000000ec EX_alu=000000ec mem_we=0 mem_addr=00000001 mem_wd=00000005 mem_rd=0540006f
COMMIT t=565000 wb_pc=000000e8 wb_we=1 wb_rd=x13 wb_val=00000001 IF_pc=000000f8 IF_inst=00400193 ID_pc=000000f4 ID_inst=24771863 EX_pc=000000f0 EX_alu=00000000 mem_we=0 mem_addr=000000ec mem_wd=00000001 mem_rd=0016a713
COMMIT t=575000 wb_pc=000000ec wb_we=1 wb_rd=x14 wb_val=00000000 IF_pc=000000fc IF_inst=00300693 ID_pc=000000f8 ID_inst=00400193 EX_pc=000000f4 EX_alu=00000344 mem_we=0 mem_addr=00000000 mem_wd=0016a700 mem_rd=0540006f
COMMIT t=585000 wb_pc=000000f0 wb_we=1 wb_rd=x7 wb_val=00000000 IF_pc=00000100 IF_inst=0076a713 ID_pc=000000fc ID_inst=00300693 EX_pc=000000f8 EX_alu=00000004 mem_we=0 mem_addr=00000344 mem_wd=00000000 mem_rd=0ff0000f
COMMIT t=595000 wb_pc=000000f4 wb_we=0 wb_rd=x16 wb_val=00000344 IF_pc=00000104 IF_inst=00100393 ID_pc=00000100 ID_inst=0076a713 EX_pc=000000fc EX_alu=00000003 mem_we=0 mem_addr=00000004 mem_wd=00000000 mem_rd=34202f73
COMMIT t=605000 wb_pc=000000f8 wb_we=1 wb_rd=x3 wb_val=00000004 IF_pc=00000108 IF_inst=22771e63 ID_pc=00000104 ID_inst=00100393 EX_pc=00000100 EX_alu=00000100 mem_we=0 mem_addr=00000003 mem_wd=04000073 mem_rd=0540006f
COMMIT t=615000 wb_pc=000000fc wb_we=1 wb_rd=x13 wb_val=00000003 IF_pc=0000010c IF_inst=00500193 ID_pc=00000108 ID_inst=22771e63 EX_pc=00000104 EX_alu=00000001 mem_we=0 mem_addr=00000100 mem_wd=00000007 mem_rd=0076a713
COMMIT t=625000 wb_pc=00000100 wb_we=1 wb_rd=x14 wb_val=00000001 IF_pc=00000110 IF_inst=00700693 ID_pc=0000010c ID_inst=00500193 EX_pc=00000108 EX_alu=00000344 mem_we=0 mem_addr=00000001 mem_wd=00760013 mem_rd=0540006f
COMMIT t=635000 wb_pc=00000104 wb_we=1 wb_rd=x7 wb_val=00000001 IF_pc=00000114 IF_inst=0036a713 ID_pc=00000110 ID_inst=00700693 EX_pc=0000010c EX_alu=00000005 mem_we=0 mem_addr=00000344 mem_wd=00000001 mem_rd=0ff0000f
COMMIT t=645000 wb_pc=00000108 wb_we=0 wb_rd=x28 wb_val=00000344 IF_pc=00000118 IF_inst=00000393 ID_pc=00000114 ID_inst=0036a713 EX_pc=00000110 EX_alu=00000007 mem_we=0 mem_addr=00000005 mem_wd=0000000f mem_rd=34202f73
COMMIT t=655000 wb_pc=0000010c wb_we=1 wb_rd=x3 wb_val=00000005 IF_pc=0000011c IF_inst=22771463 ID_pc=00000118 ID_inst=00000393 EX_pc=00000114 EX_alu=00000119 mem_we=0 mem_addr=00000007 mem_wd=0100002f mem_rd=34202f73
COMMIT t=665000 wb_pc=00000110 wb_we=1 wb_rd=x13 wb_val=00000007 IF_pc=00000120 IF_inst=00600193 ID_pc=0000011c ID_inst=22771463 EX_pc=00000118 EX_alu=00000000 mem_we=0 mem_addr=00000119 mem_wd=00000334 mem_rd=00000393
COMMIT t=675000 wb_pc=00000114 wb_we=1 wb_rd=x14 wb_val=00000000 IF_pc=00000124 IF_inst=00000693 ID_pc=00000120 ID_inst=00600193 EX_pc=0000011c EX_alu=00000344 mem_we=0 mem_addr=00000000 mem_wd=00000300 mem_rd=0540006f
COMMIT t=685000 wb_pc=00000118 wb_we=1 wb_rd=x7 wb_val=00000000 IF_pc=00000128 IF_inst=8006a713 ID_pc=00000124 ID_inst=00000693 EX_pc=00000120 EX_alu=00000006 mem_we=0 mem_addr=00000344 mem_wd=00000000 mem_rd=0ff0000f
COMMIT t=695000 wb_pc=0000011c wb_we=0 wb_rd=x8 wb_val=00000344 IF_pc=0000012c IF_inst=00000393 ID_pc=00000128 ID_inst=8006a713 EX_pc=00000124 EX_alu=00000000 mem_we=0 mem_addr=00000006 mem_wd=0000000f mem_rd=34202f73
COMMIT t=705000 wb_pc=00000120 wb_we=1 wb_rd=x3 wb_val=00000006 IF_pc=00000130 IF_inst=20771a63 ID_pc=0000012c ID_inst=00000393 EX_pc=00000128 EX_alu=00000128 mem_we=0 mem_addr=00000000 mem_wd=00000000 mem_rd=0540006f
COMMIT t=715000 wb_pc=00000124 wb_we=1 wb_rd=x13 wb_val=00000000 IF_pc=00000134 IF_inst=00700193 ID_pc=00000130 ID_inst=20771a63 EX_pc=0000012c EX_alu=00000000 mem_we=0 mem_addr=00000128 mem_wd=fffff800 mem_rd=8006a713
COMMIT t=725000 wb_pc=00000128 wb_we=1 wb_rd=x14 wb_val=00000000 IF_pc=00000138 IF_inst=800006b7 ID_pc=00000134 ID_inst=00700193 EX_pc=00000130 EX_alu=00000344 mem_we=0 mem_addr=00000000 mem_wd=8006a700 mem_rd=0540006f
COMMIT t=735000 wb_pc=0000012c wb_we=1 wb_rd=x7 wb_val=00000000 IF_pc=0000013c IF_inst=0006a713 ID_pc=00000138 ID_inst=800006b7 EX_pc=00000134 EX_alu=00000007 mem_we=0 mem_addr=00000344 mem_wd=00000000 mem_rd=0ff0000f
COMMIT t=745000 wb_pc=00000130 wb_we=0 wb_rd=x20 wb_val=00000344 IF_pc=00000140 IF_inst=00100393 ID_pc=0000013c ID_inst=0006a713 EX_pc=00000138 EX_alu=80000000 mem_we=0 mem_addr=00000007 mem_wd=0000000f mem_rd=34202f73
COMMIT t=755000 wb_pc=00000134 wb_we=1 wb_rd=x3 wb_val=00000007 IF_pc=00000144 IF_inst=20771063 ID_pc=00000140 ID_inst=00100393 EX_pc=0000013c EX_alu=0000013c mem_we=0 mem_addr=80000000 mem_wd=00000000 mem_rd=00000000
COMMIT t=765000 wb_pc=00000138 wb_we=1 wb_rd=x13 wb_val=80000000 IF_pc=00000148 IF_inst=00800193 ID_pc=00000144 ID_inst=20771063 EX_pc=00000140 EX_alu=00000001 mem_we=0 mem_addr=0000013c mem_wd=00000000 mem_rd=0006a713
COMMIT t=775000 wb_pc=0000013c wb_we=1 wb_rd=x14 wb_val=00000001 IF_pc=0000014c IF_inst=800006b7 ID_pc=00000148 ID_inst=00800193 EX_pc=00000144 EX_alu=00000344 mem_we=0 mem_addr=00000001 mem_wd=00060013 mem_rd=0540006f
COMMIT t=785000 wb_pc=00000140 wb_we=1 wb_rd=x7 wb_val=00000001 IF_pc=00000150 IF_inst=8006a713 ID_pc=0000014c ID_inst=800006b7 EX_pc=00000148 EX_alu=00000008 mem_we=0 mem_addr=00000344 mem_wd=00000001 mem_rd=0ff0000f
COMMIT t=795000 wb_pc=00000144 wb_we=0 wb_rd=x0 wb_val=00000344 IF_pc=00000154 IF_inst=00100393 ID_pc=00000150 ID_inst=8006a713 EX_pc=0000014c EX_alu=80000000 mem_we=0 mem_addr=00000008 mem_wd=00000000 mem_rd=00800f93
COMMIT t=805000 wb_pc=00000148 wb_we=1 wb_rd=x3 wb_val=00000008 IF_pc=00000158 IF_inst=1e771663 ID_pc=00000154 ID_inst=00100393 EX_pc=00000150 EX_alu=00000150 mem_we=0 mem_addr=80000000 mem_wd=ffffff00 mem_rd=00000000
COMMIT t=815000 wb_pc=0000014c wb_we=1 wb_rd=x13 wb_val=80000000 IF_pc=0000015c IF_inst=00900193 ID_pc=00000158 ID_inst=1e771663 EX_pc=00000154 EX_alu=00000001 mem_we=0 mem_addr=00000150 mem_wd=fffff800 mem_rd=8006a713
COMMIT t=825000 wb_pc=00000150 wb_we=1 wb_rd=x14 wb_val=00000001 IF_pc=00000160 IF_inst=00000693 ID_pc=0000015c ID_inst=00900193 EX_pc=00000158 EX_alu=00000344 mem_we=0 mem_addr=00000001 mem_wd=80060013 mem_rd=0540006f
COMMIT t=835000 wb_pc=00000154 wb_we=1 wb_rd=x7 wb_val=00000001 IF_pc=00000164 IF_inst=7ff6a713 ID_pc=00000160 ID_inst=00000693 EX_pc=0000015c EX_alu=00000009 mem_we=0 mem_addr=00000344 mem_wd=00000001 mem_rd=0ff0000f
COMMIT t=845000 wb_pc=00000158 wb_we=0 wb_rd=x12 wb_val=00000344 IF_pc=00000168 IF_inst=00100393 ID_pc=00000164 ID_inst=7ff6a713 EX_pc=00000160 EX_alu=00000000 mem_we=0 mem_addr=00000009 mem_wd=0000000f mem_rd=00800f93
COMMIT t=855000 wb_pc=0000015c wb_we=1 wb_rd=x3 wb_val=00000009 IF_pc=0000016c IF_inst=1c771c63 ID_pc=00000168 ID_inst=00100393 EX_pc=00000164 EX_alu=00000164 mem_we=0 mem_addr=00000000 mem_wd=00000000 mem_rd=0540006f
COMMIT t=865000 wb_pc=00000160 wb_we=1 wb_rd=x13 wb_val=00000000 IF_pc=00000170 IF_inst=00a00193 ID_pc=0000016c ID_inst=1c771c63 EX_pc=00000168 EX_alu=00000001 mem_we=0 mem_addr=00000164 mem_wd=000007ff mem_rd=7ff6a713
COMMIT t=875000 wb_pc=00000164 wb_we=1 wb_rd=x14 wb_val=00000001 IF_pc=00000174 IF_inst=800006b7 ID_pc=00000170 ID_inst=00a00193 EX_pc=0000016c EX_alu=00000344 mem_we=0 mem_addr=00000001 mem_wd=7ff60013 mem_rd=0540006f
COMMIT t=885000 wb_pc=00000168 wb_we=1 wb_rd=x7 wb_val=00000001 IF_pc=00000178 IF_inst=fff68693 ID_pc=00000174 ID_inst=800006b7 EX_pc=00000170 EX_alu=0000000a mem_we=0 mem_addr=00000344 mem_wd=00000001 mem_rd=0ff0000f
COMMIT t=895000 wb_pc=0000016c wb_we=0 wb_rd=x24 wb_val=00000344 IF_pc=0000017c IF_inst=0006a713 ID_pc=00000178 ID_inst=fff68693 EX_pc=00000174 EX_alu=80000000 mem_we=0 mem_addr=0000000a mem_wd=0000000f mem_rd=00800f93
COMMIT t=905000 wb_pc=00000170 wb_we=1 wb_rd=x3 wb_val=0000000a IF_pc=00000180 IF_inst=00000393 ID_pc=0000017c ID_inst=0006a713 EX_pc=00000178 EX_alu=7fffffff mem_we=0 mem_addr=80000000 mem_wd=ffffff00 mem_rd=00000000
COMMIT t=915000 wb_pc=00000174 wb_we=1 wb_rd=x13 wb_val=80000000 IF_pc=00000184 IF_inst=1c771063 ID_pc=00000180 ID_inst=00000393 EX_pc=0000017c EX_alu=0000017c mem_we=0 mem_addr=7fffffff mem_wd=00000000 mem_rd=00000000
COMMIT t=925000 wb_pc=00000178 wb_we=1 wb_rd=x13 wb_val=7fffffff IF_pc=00000188 IF_inst=00b00193 ID_pc=00000184 ID_inst=1c771063 EX_pc=00000180 EX_alu=00000000 mem_we=0 mem_addr=0000017c mem_wd=00000000 mem_rd=0006a713
COMMIT t=935000 wb_pc=0000017c wb_we=1 wb_rd=x14 wb_val=00000000 IF_pc=0000018c IF_inst=800006b7 ID_pc=00000188 ID_inst=00b00193 EX_pc=00000184 EX_alu=00000344 mem_we=0 mem_addr=00000000 mem_wd=0006a700 mem_rd=0540006f
COMMIT t=945000 wb_pc=00000180 wb_we=1 wb_rd=x7 wb_val=00000000 IF_pc=00000190 IF_inst=fff68693 ID_pc=0000018c ID_inst=800006b7 EX_pc=00000188 EX_alu=0000000b mem_we=0 mem_addr=00000344 mem_wd=00000000 mem_rd=0ff0000f
COMMIT t=955000 wb_pc=00000184 wb_we=0 wb_rd=x0 wb_val=00000344 IF_pc=00000194 IF_inst=7ff6a713 ID_pc=00000190 ID_inst=fff68693 EX_pc=0000018c EX_alu=80000000 mem_we=0 mem_addr=0000000b mem_wd=0000000f mem_rd=00800f93
COMMIT t=965000 wb_pc=00000188 wb_we=1 wb_rd=x3 wb_val=0000000b IF_pc=00000198 IF_inst=00000393 ID_pc=00000194 ID_inst=7ff6a713 EX_pc=00000190 EX_alu=7fffffff mem_we=0 mem_addr=80000000 mem_wd=00000000 mem_rd=00000000
COMMIT t=975000 wb_pc=0000018c wb_we=1 wb_rd=x13 wb_val=80000000 IF_pc=0000019c IF_inst=1a771463 ID_pc=00000198 ID_inst=00000393 EX_pc=00000194 EX_alu=00000194 mem_we=0 mem_addr=7fffffff mem_wd=00000000 mem_rd=00000000
COMMIT t=985000 wb_pc=00000190 wb_we=1 wb_rd=x13 wb_val=7fffffff IF_pc=000001a0 IF_inst=00c00193 ID_pc=0000019c ID_inst=1a771463 EX_pc=00000198 EX_alu=00000000 mem_we=0 mem_addr=00000194 mem_wd=000007ff mem_rd=7ff6a713
COMMIT t=995000 wb_pc=00000194 wb_we=1 wb_rd=x14 wb_val=00000000 IF_pc=000001a4 IF_inst=800006b7 ID_pc=000001a0 ID_inst=00c00193 EX_pc=0000019c EX_alu=00000344 mem_we=0 mem_addr=00000000 mem_wd=7ff6a700 mem_rd=0540006f
COMMIT t=1005000 wb_pc=00000198 wb_we=1 wb_rd=x7 wb_val=00000000 IF_pc=000001a8 IF_inst=7ff6a713 ID_pc=000001a4 ID_inst=800006b7 EX_pc=000001a0 EX_alu=0000000c mem_we=0 mem_addr=00000344 mem_wd=00000000 mem_rd=0ff0000f
COMMIT t=1015000 wb_pc=0000019c wb_we=0 wb_rd=x8 wb_val=00000344 IF_pc=000001ac IF_inst=00100393 ID_pc=000001a8 ID_inst=7ff6a713 EX_pc=000001a4 EX_alu=80000000 mem_we=0 mem_addr=0000000c mem_wd=00000000 mem_rd=03ff0a63
COMMIT t=1025000 wb_pc=000001a0 wb_we=1 wb_rd=x3 wb_val=0000000c IF_pc=000001b0 IF_inst=18771a63 ID_pc=000001ac ID_inst=00100393 EX_pc=000001a8 EX_alu=000001a8 mem_we=0 mem_addr=80000000 mem_wd=00000000 mem_rd=00000000
COMMIT t=1035000 wb_pc=000001a4 wb_we=1 wb_rd=x13 wb_val=80000000 IF_pc=000001b4 IF_inst=00d00193 ID_pc=000001b0 ID_inst=18771a63 EX_pc=000001ac EX_alu=00000001 mem_we=0 mem_addr=000001a8 mem_wd=000007ff mem_rd=7ff6a713
COMMIT t=1045000 wb_pc=000001a8 wb_we=1 wb_rd=x14 wb_val=00000001 IF_pc=000001b8 IF_inst=800006b7 ID_pc=000001b4 ID_inst=00d00193 EX_pc=000001b0 EX_alu=00000344 mem_we=0 mem_addr=00000001 mem_wd=7ff60013 mem_rd=0540006f
COMMIT t=1055000 wb_pc=000001ac wb_we=1 wb_rd=x7 wb_val=00000001 IF_pc=000001bc IF_inst=fff68693 ID_pc=000001b8 ID_inst=800006b7 EX_pc=000001b4 EX_alu=0000000d mem_we=0 mem_addr=00000344 mem_wd=00000001 mem_rd=0ff0000f
COMMIT t=1065000 wb_pc=000001b0 wb_we=0 wb_rd=x20 wb_val=00000344 IF_pc=000001c0 IF_inst=8006a713 ID_pc=000001bc ID_inst=fff68693 EX_pc=000001b8 EX_alu=80000000 mem_we=0 mem_addr=0000000d mem_wd=0000000f mem_rd=03ff0a63
COMMIT t=1075000 wb_pc=000001b4 wb_we=1 wb_rd=x3 wb_val=0000000d IF_pc=000001c4 IF_inst=00000393 ID_pc=000001c0 ID_inst=8006a713 EX_pc=000001bc EX_alu=7fffffff mem_we=0 mem_addr=80000000 mem_wd=00000000 mem_rd=00000000
COMMIT t=1085000 wb_pc=000001b8 wb_we=1 wb_rd=x13 wb_val=80000000 IF_pc=000001c8 IF_inst=16771e63 ID_pc=000001c4 ID_inst=00000393 EX_pc=000001c0 EX_alu=000001c0 mem_we=0 mem_addr=7fffffff mem_wd=00000000 mem_rd=00000000
COMMIT t=1095000 wb_pc=000001bc wb_we=1 wb_rd=x13 wb_val=7fffffff IF_pc=000001cc IF_inst=00e00193 ID_pc=000001c8 ID_inst=16771e63 EX_pc=000001c4 EX_alu=00000000 mem_we=0 mem_addr=000001c0 mem_wd=fffff800 mem_rd=8006a713
COMMIT t=1105000 wb_pc=000001c0 wb_we=1 wb_rd=x14 wb_val=00000000 IF_pc=000001d0 IF_inst=00000693 ID_pc=000001cc ID_inst=00e00193 EX_pc=000001c8 EX_alu=00000344 mem_we=0 mem_addr=00000000 mem_wd=8006a700 mem_rd=0540006f
COMMIT t=1115000 wb_pc=000001c4 wb_we=1 wb_rd=x7 wb_val=00000000 IF_pc=000001d4 IF_inst=fff6a713 ID_pc=000001d0 ID_inst=00000693 EX_pc=000001cc EX_alu=0000000e mem_we=0 mem_addr=00000344 mem_wd=00000000 mem_rd=0ff0000f
COMMIT t=1125000 wb_pc=000001c8 wb_we=0 wb_rd=x28 wb_val=00000344 IF_pc=000001d8 IF_inst=00000393 ID_pc=000001d4 ID_inst=fff6a713 EX_pc=000001d0 EX_alu=00000000 mem_we=0 mem_addr=0000000e mem_wd=0000000f mem_rd=03ff0a63
COMMIT t=1135000 wb_pc=000001cc wb_we=1 wb_rd=x3 wb_val=0000000e IF_pc=000001dc IF_inst=16771463 ID_pc=000001d8 ID_inst=00000393 EX_pc=000001d4 EX_alu=000001d4 mem_we=0 mem_addr=00000000 mem_wd=ffffff00 mem_rd=0540006f
COMMIT t=1145000 wb_pc=000001d0 wb_we=1 wb_rd=x13 wb_val=00000000 IF_pc=000001e0 IF_inst=00f00193 ID_pc=000001dc ID_inst=16771463 EX_pc=000001d8 EX_alu=00000000 mem_we=0 mem_addr=000001d4 mem_wd=ffffffff mem_rd=fff6a713
COMMIT t=1155000 wb_pc=000001d4 wb_we=1 wb_rd=x14 wb_val=00000000 IF_pc=000001e4 IF_inst=fff00693 ID_pc=000001e0 ID_inst=00f00193 EX_pc=000001dc EX_alu=00000344 mem_we=0 mem_addr=00000000 mem_wd=fff6a700 mem_rd=0540006f
COMMIT t=1165000 wb_pc=000001d8 wb_we=1 wb_rd=x7 wb_val=00000000 IF_pc=000001e8 IF_inst=0016a713 ID_pc=000001e4 ID_inst=fff00693 EX_pc=000001e0 EX_alu=0000000f mem_we=0 mem_addr=00000344 mem_wd=00000000 mem_rd=0ff0000f
COMMIT t=1175000 wb_pc=000001dc wb_we=0 wb_rd=x8 wb_val=00000344 IF_pc=000001ec IF_inst=00100393 ID_pc=000001e8 ID_inst=0016a713 EX_pc=000001e4 EX_alu=ffffffff mem_we=0 mem_addr=0000000f mem_wd=0000000f mem_rd=03ff0a63
COMMIT t=1185000 wb_pc=000001e0 wb_we=1 wb_rd=x3 wb_val=0000000f IF_pc=000001f0 IF_inst=14771a63 ID_pc=000001ec ID_inst=00100393 EX_pc=000001e8 EX_alu=000001e8 mem_we=0 mem_addr=ffffffff mem_wd=00000003 mem_rd=00000000
COMMIT t=1195000 wb_pc=000001e4 wb_we=1 wb_rd=x13 wb_val=ffffffff IF_pc=000001f4 IF_inst=01000193 ID_pc=000001f0 ID_inst=14771a63 EX_pc=000001ec EX_alu=00000001 mem_we=0 mem_addr=000001e8 mem_wd=00000001 mem_rd=0016a713
COMMIT t=1205000 wb_pc=000001e8 wb_we=1 wb_rd=x14 wb_val=00000001 IF_pc=000001f8 IF_inst=fff00693 ID_pc=000001f4 ID_inst=01000193 EX_pc=000001f0 EX_alu=00000344 mem_we=0 mem_addr=00000001 mem_wd=00160013 mem_rd=0540006f
COMMIT t=1215000 wb_pc=000001ec wb_we=1 wb_rd=x7 wb_val=00000001 IF_pc=000001fc IF_inst=fff6a713 ID_pc=000001f8 ID_inst=fff00693 EX_pc=000001f4 EX_alu=00000010 mem_we=0 mem_addr=00000344 mem_wd=00000001 mem_rd=0ff0000f
COMMIT t=1225000 wb_pc=000001f0 wb_we=0 wb_rd=x20 wb_val=00000344 IF_pc=00000200 IF_inst=00000393 ID_pc=000001fc ID_inst=fff6a713 EX_pc=000001f8 EX_alu=ffffffff mem_we=0 mem_addr=00000010 mem_wd=00000000 mem_rd=00900f93
COMMIT t=1235000 wb_pc=000001f4 wb_we=1 wb_rd=x3 wb_val=00000010 IF_pc=00000204 IF_inst=14771063 ID_pc=00000200 ID_inst=00000393 EX_pc=000001fc EX_alu=000001fc mem_we=0 mem_addr=ffffffff mem_wd=00ffff93 mem_rd=00000000
COMMIT t=1245000 wb_pc=000001f8 wb_we=1 wb_rd=x13 wb_val=ffffffff IF_pc=00000208 IF_inst=01100193 ID_pc=00000204 ID_inst=14771063 EX_pc=00000200 EX_alu=00000000 mem_we=0 mem_addr=000001fc mem_wd=ffffffff mem_rd=fff6a713
COMMIT t=1255000 wb_pc=000001fc wb_we=1 wb_rd=x14 wb_val=00000000 IF_pc=0000020c IF_inst=00b00593 ID_pc=00000208 ID_inst=01100193 EX_pc=00000204 EX_alu=00000344 mem_we=0 mem_addr=00000000 mem_wd=fff6a700 mem_rd=0540006f
COMMIT t=1265000 wb_pc=00000200 wb_we=1 wb_rd=x7 wb_val=00000000 IF_pc=00000210 IF_inst=00d5a593 ID_pc=0000020c ID_inst=00b00593 EX_pc=00000208 EX_alu=00000011 mem_we=0 mem_addr=00000344 mem_wd=00000000 mem_rd=0ff0000f
COMMIT t=1275000 wb_pc=00000204 wb_we=0 wb_rd=x0 wb_val=00000344 IF_pc=00000214 IF_inst=00100393 ID_pc=00000210 ID_inst=00d5a593 EX_pc=0000020c EX_alu=0000000b mem_we=0 mem_addr=00000011 mem_wd=0000000f mem_rd=00900f93
COMMIT t=1285000 wb_pc=00000208 wb_we=1 wb_rd=x3 wb_val=00000011 IF_pc=00000218 IF_inst=12759663 ID_pc=00000214 ID_inst=00100393 EX_pc=00000210 EX_alu=0000020f mem_we=0 mem_addr=0000000b mem_wd=0000000f mem_rd=00800f93
COMMIT t=1295000 wb_pc=0000020c wb_we=1 wb_rd=x11 wb_val=0000000b IF_pc=0000021c IF_inst=01200193 ID_pc=00000218 ID_inst=12759663 EX_pc=00000214 EX_alu=00000001 mem_we=0 mem_addr=0000020f mem_wd=0d000000 mem_rd=00b00593
COMMIT t=1305000 wb_pc=00000210 wb_we=1 wb_rd=x11 wb_val=00000001 IF_pc=00000220 IF_inst=00000213 ID_pc=0000021c ID_inst=01200193 EX_pc=00000218 EX_alu=00000344 mem_we=0 mem_addr=00000001 mem_wd=00b00093 mem_rd=0540006f
COMMIT t=1315000 wb_pc=00000214 wb_we=1 wb_rd=x7 wb_val=00000001 IF_pc=00000224 IF_inst=00f00093 ID_pc=00000220 ID_inst=00000213 EX_pc=0000021c EX_alu=00000012 mem_we=0 mem_addr=00000344 mem_wd=00000001 mem_rd=0ff0000f
COMMIT t=1325000 wb_pc=00000218 wb_we=0 wb_rd=x12 wb_val=00000344 IF_pc=00000228 IF_inst=00a0a713 ID_pc=00000224 ID_inst=00f00093 EX_pc=00000220 EX_alu=00000000 mem_we=0 mem_addr=00000012 mem_wd=0000000f mem_rd=00900f93
COMMIT t=1335000 wb_pc=0000021c wb_we=1 wb_rd=x3 wb_val=00000012 IF_pc=0000022c IF_inst=00070313 ID_pc=00000228 ID_inst=00a0a713 EX_pc=00000224 EX_alu=0000000f mem_we=0 mem_addr=00000000 mem_wd=ffffff00 mem_rd=0540006f
COMMIT t=1345000 wb_pc=00000220 wb_we=1 wb_rd=x4 wb_val=00000000 IF_pc=00000230 IF_inst=00120213 ID_pc=0000022c ID_inst=00070313 EX_pc=00000228 EX_alu=00000228 mem_we=0 mem_addr=0000000f mem_wd=0000006f mem_rd=03ff0a63
COMMIT t=1355000 wb_pc=00000224 wb_we=1 wb_rd=x1 wb_val=0000000f IF_pc=00000234 IF_inst=00200293 ID_pc=00000230 ID_inst=00120213 EX_pc=0000022c EX_alu=00000000 mem_we=0 mem_addr=00000228 mem_wd=0000000a mem_rd=00a0a713
COMMIT t=1365000 wb_pc=00000228 wb_we=1 wb_rd=x14 wb_val=00000000 IF_pc=00000238 IF_inst=fe5216e3 ID_pc=00000234 ID_inst=00200293 EX_pc=00000230 EX_alu=00000001 mem_we=0 mem_addr=00000000 mem_wd=00a0a700 mem_rd=0540006f
COMMIT t=1375000 wb_pc=0000022c wb_we=1 wb_rd=x6 wb_val=00000000 IF_pc=0000023c IF_inst=00000393 ID_pc=00000238 ID_inst=fe5216e3 EX_pc=00000234 EX_alu=00000002 mem_we=0 mem_addr=00000001 mem_wd=00000f6f mem_rd=0540006f
COMMIT t=1385000 wb_pc=00000230 wb_we=1 wb_rd=x4 wb_val=00000001 IF_pc=00000240 IF_inst=10731263 ID_pc=0000023c ID_inst=00000393 EX_pc=00000238 EX_alu=00000224 mem_we=0 mem_addr=00000002 mem_wd=00000000 mem_rd=0540006f
COMMIT t=1395000 wb_pc=00000234 wb_we=1 wb_rd=x5 wb_val=00000002 IF_pc=00000000 IF_inst=00000013 ID_pc=00000000 ID_inst=00000013 EX_pc=00000000 EX_alu=00000000 mem_we=0 mem_addr=00000224 mem_wd=00000002 mem_rd=00f00093
COMMIT t=1405000 wb_pc=00000238 wb_we=0 wb_rd=x13 wb_val=00000224 IF_pc=00000224 IF_inst=00f00093 ID_pc=00000000 ID_inst=00000013 EX_pc=00000000 EX_alu=00000000 mem_we=0 mem_addr=00000000 mem_wd=00000000 mem_rd=0540006f
COMMIT t=1435000 wb_pc=00000000 wb_we=1 wb_rd=x0 wb_val=00000000 IF_pc=00000230 IF_inst=00120213 ID_pc=0000022c ID_inst=00070313 EX_pc=00000228 EX_alu=00000228 mem_we=0 mem_addr=0000000f mem_wd=0000006f mem_rd=03ff0a63
COMMIT t=1445000 wb_pc=00000224 wb_we=1 wb_rd=x1 wb_val=0000000f IF_pc=00000234 IF_inst=00200293 ID_pc=00000230 ID_inst=00120213 EX_pc=0000022c EX_alu=00000000 mem_we=0 mem_addr=00000228 mem_wd=0000000a mem_rd=00a0a713
COMMIT t=1455000 wb_pc=00000228 wb_we=1 wb_rd=x14 wb_val=00000000 IF_pc=00000238 IF_inst=fe5216e3 ID_pc=00000234 ID_inst=00200293 EX_pc=00000230 EX_alu=00000002 mem_we=0 mem_addr=00000000 mem_wd=00a0a700 mem_rd=0540006f
COMMIT t=1465000 wb_pc=0000022c wb_we=1 wb_rd=x6 wb_val=00000000 IF_pc=0000023c IF_inst=00000393 ID_pc=00000238 ID_inst=fe5216e3 EX_pc=00000234 EX_alu=00000002 mem_we=0 mem_addr=00000002 mem_wd=000f006f mem_rd=0540006f
COMMIT t=1475000 wb_pc=00000230 wb_we=1 wb_rd=x4 wb_val=00000002 IF_pc=00000240 IF_inst=10731263 ID_pc=0000023c ID_inst=00000393 EX_pc=00000238 EX_alu=00000224 mem_we=0 mem_addr=00000002 mem_wd=00000040 mem_rd=0540006f
COMMIT t=1485000 wb_pc=00000234 wb_we=1 wb_rd=x5 wb_val=00000002 IF_pc=00000244 IF_inst=01300193 ID_pc=00000240 ID_inst=10731263 EX_pc=0000023c EX_alu=00000000 mem_we=0 mem_addr=00000224 mem_wd=00000002 mem_rd=00f00093
COMMIT t=1495000 wb_pc=00000238 wb_we=0 wb_rd=x13 wb_val=00000224 IF_pc=00000248 IF_inst=00000213 ID_pc=00000244 ID_inst=01300193 EX_pc=00000240 EX_alu=00000344 mem_we=0 mem_addr=00000000 mem_wd=00000000 mem_rd=0540006f
COMMIT t=1505000 wb_pc=0000023c wb_we=1 wb_rd=x7 wb_val=00000000 IF_pc=0000024c IF_inst=00a00093 ID_pc=00000248 ID_inst=00000213 EX_pc=00000244 EX_alu=00000013 mem_we=0 mem_addr=00000344 mem_wd=00000000 mem_rd=0ff0000f
COMMIT t=1515000 wb_pc=00000240 wb_we=0 wb_rd=x4 wb_val=00000344 IF_pc=00000250 IF_inst=0100a713 ID_pc=0000024c ID_inst=00a00093 EX_pc=00000248 EX_alu=00000000 mem_we=0 mem_addr=00000013 mem_wd=0000000f mem_rd=00900f93
COMMIT t=1525000 wb_pc=00000244 wb_we=1 wb_rd=x3 wb_val=00000013 IF_pc=00000254 IF_inst=00000013 ID_pc=00000250 ID_inst=0100a713 EX_pc=0000024c EX_alu=0000000a mem_we=0 mem_addr=00000000 mem_wd=00000000 mem_rd=0540006f
COMMIT t=1535000 wb_pc=00000248 wb_we=1 wb_rd=x4 wb_val=00000000 IF_pc=00000258 IF_inst=00070313 ID_pc=00000254 ID_inst=00000013 EX_pc=00000250 EX_alu=00000250 mem_we=0 mem_addr=0000000a mem_wd=0000006f mem_rd=00800f93
COMMIT t=1545000 wb_pc=0000024c wb_we=1 wb_rd=x1 wb_val=0000000a IF_pc=0000025c IF_inst=00120213 ID_pc=00000258 ID_inst=00070313 EX_pc=00000254 EX_alu=00000000 mem_we=0 mem_addr=00000250 mem_wd=00000010 mem_rd=0100a713
COMMIT t=1555000 wb_pc=00000250 wb_we=1 wb_rd=x14 wb_val=00000001 IF_pc=00000260 IF_inst=00200293 ID_pc=0000025c ID_inst=00120213 EX_pc=00000258 EX_alu=00000001 mem_we=0 mem_addr=00000000 mem_wd=0100a700 mem_rd=0540006f
COMMIT t=1565000 wb_pc=00000254 wb_we=1 wb_rd=x0 wb_val=00000000 IF_pc=00000264 IF_inst=fe5214e3 ID_pc=00000260 ID_inst=00200293 EX_pc=0000025c EX_alu=00000001 mem_we=0 mem_addr=00000001 mem_wd=0000006f mem_rd=0540006f
COMMIT t=1575000 wb_pc=00000258 wb_we=1 wb_rd=x6 wb_val=00000001 IF_pc=00000268 IF_inst=00100393 ID_pc=00000264 ID_inst=fe5214e3 EX_pc=00000260 EX_alu=00000002 mem_we=0 mem_addr=00000001 mem_wd=00000a00 mem_rd=0540006f
COMMIT t=1585000 wb_pc=0000025c wb_we=1 wb_rd=x4 wb_val=00000001 IF_pc=0000026c IF_inst=0c731c63 ID_pc=00000268 ID_inst=00100393 EX_pc=00000264 EX_alu=0000024c mem_we=0 mem_addr=00000002 mem_wd=00000000 mem_rd=0540006f
COMMIT t=1595000 wb_pc=00000260 wb_we=1 wb_rd=x5 wb_val=00000002 IF_pc=00000000 IF_inst=00000013 ID_pc=00000000 ID_inst=00000013 EX_pc=00000000 EX_alu=00000000 mem_we=0 mem_addr=0000024c mem_wd=00000002 mem_rd=00a00093
COMMIT t=1605000 wb_pc=00000264 wb_we=0 wb_rd=x9 wb_val=0000024c IF_pc=0000024c IF_inst=00a00093 ID_pc=00000000 ID_inst=00000013 EX_pc=00000000 EX_alu=00000000 mem_we=0 mem_addr=00000000 mem_wd=00000000 mem_rd=0540006f
COMMIT t=1635000 wb_pc=00000000 wb_we=1 wb_rd=x0 wb_val=00000000 IF_pc=00000258 IF_inst=00070313 ID_pc=00000254 ID_inst=00000013 EX_pc=00000250 EX_alu=00000250 mem_we=0 mem_addr=0000000a mem_wd=0000006f mem_rd=00800f93
COMMIT t=1645000 wb_pc=0000024c wb_we=1 wb_rd=x1 wb_val=0000000a IF_pc=0000025c IF_inst=00120213 ID_pc=00000258 ID_inst=00070313 EX_pc=00000254 EX_alu=00000000 mem_we=0 mem_addr=00000250 mem_wd=00000010 mem_rd=0100a713
COMMIT t=1655000 wb_pc=00000250 wb_we=1 wb_rd=x14 wb_val=00000001 IF_pc=00000260 IF_inst=00200293 ID_pc=0000025c ID_inst=00120213 EX_pc=00000258 EX_alu=00000001 mem_we=0 mem_addr=00000000 mem_wd=0100a700 mem_rd=0540006f
COMMIT t=1665000 wb_pc=00000254 wb_we=1 wb_rd=x0 wb_val=00000000 IF_pc=00000264 IF_inst=fe5214e3 ID_pc=00000260 ID_inst=00200293 EX_pc=0000025c EX_alu=00000002 mem_we=0 mem_addr=00000001 mem_wd=0000006f mem_rd=0540006f
COMMIT t=1675000 wb_pc=00000258 wb_we=1 wb_rd=x6 wb_val=00000001 IF_pc=00000268 IF_inst=00100393 ID_pc=00000264 ID_inst=fe5214e3 EX_pc=00000260 EX_alu=00000002 mem_we=0 mem_addr=00000002 mem_wd=000a0000 mem_rd=0540006f
COMMIT t=1685000 wb_pc=0000025c wb_we=1 wb_rd=x4 wb_val=00000002 IF_pc=0000026c IF_inst=0c731c63 ID_pc=00000268 ID_inst=00100393 EX_pc=00000264 EX_alu=0000024c mem_we=0 mem_addr=00000002 mem_wd=00000040 mem_rd=0540006f
COMMIT t=1695000 wb_pc=00000260 wb_we=1 wb_rd=x5 wb_val=00000002 IF_pc=00000270 IF_inst=01400193 ID_pc=0000026c ID_inst=0c731c63 EX_pc=00000268 EX_alu=00000001 mem_we=0 mem_addr=0000024c mem_wd=00000002 mem_rd=00a00093
COMMIT t=1705000 wb_pc=00000264 wb_we=0 wb_rd=x9 wb_val=0000024c IF_pc=00000274 IF_inst=00000213 ID_pc=00000270 ID_inst=01400193 EX_pc=0000026c EX_alu=00000344 mem_we=0 mem_addr=00000001 mem_wd=00000a93 mem_rd=0540006f
COMMIT t=1715000 wb_pc=00000268 wb_we=1 wb_rd=x7 wb_val=00000001 IF_pc=00000278 IF_inst=01000093 ID_pc=00000274 ID_inst=00000213 EX_pc=00000270 EX_alu=00000014 mem_we=0 mem_addr=00000344 mem_wd=00000001 mem_rd=0ff0000f
COMMIT t=1725000 wb_pc=0000026c wb_we=0 wb_rd=x24 wb_val=00000344 IF_pc=0000027c IF_inst=0090a713 ID_pc=00000278 ID_inst=01000093 EX_pc=00000274 EX_alu=00000000 mem_we=0 mem_addr=00000014 mem_wd=00000000 mem_rd=03ff0663
COMMIT t=1735000 wb_pc=00000270 wb_we=1 wb_rd=x3 wb_val=00000014 IF_pc=00000280 IF_inst=00000013 ID_pc=0000027c ID_inst=0090a713 EX_pc=00000278 EX_alu=00000010 mem_we=0 mem_addr=00000000 mem_wd=00000000 mem_rd=0540006f
COMMIT t=1745000 wb_pc=00000274 wb_we=1 wb_rd=x4 wb_val=00000000 IF_pc=00000284 IF_inst=00000013 ID_pc=00000280 ID_inst=00000013 EX_pc=0000027c EX_alu=0000027c mem_we=0 mem_addr=00000010 mem_wd=00000000 mem_rd=00900f93
COMMIT t=1755000 wb_pc=00000278 wb_we=1 wb_rd=x1 wb_val=00000010 IF_pc=00000288 IF_inst=00070313 ID_pc=00000284 ID_inst=00000013 EX_pc=00000280 EX_alu=00000000 mem_we=0 mem_addr=0000027c mem_wd=00000009 mem_rd=0090a713
COMMIT t=1765000 wb_pc=0000027c wb_we=1 wb_rd=x14 wb_val=00000000 IF_pc=0000028c IF_inst=00120213 ID_pc=00000288 ID_inst=00070313 EX_pc=00000284 EX_alu=00000000 mem_we=0 mem_addr=00000000 mem_wd=0090a700 mem_rd=0540006f
COMMIT t=1775000 wb_pc=00000280 wb_we=1 wb_rd=x0 wb_val=00000000 IF_pc=00000290 IF_inst=00200293 ID_pc=0000028c ID_inst=00120213 EX_pc=00000288 EX_alu=00000000 mem_we=0 mem_addr=00000000 mem_wd=00000000 mem_rd=0540006f
COMMIT t=1785000 wb_pc=00000284 wb_we=1 wb_rd=x0 wb_val=00000000 IF_pc=00000294 IF_inst=fe5212e3 ID_pc=00000290 ID_inst=00200293 EX_pc=0000028c EX_alu=00000001 mem_we=0 mem_addr=00000000 mem_wd=00000000 mem_rd=0540006f
COMMIT t=1795000 wb_pc=00000288 wb_we=1 wb_rd=x6 wb_val=00000000 IF_pc=00000298 IF_inst=00000393 ID_pc=00000294 ID_inst=fe5212e3 EX_pc=00000290 EX_alu=00000002 mem_we=0 mem_addr=00000001 mem_wd=0000106f mem_rd=0540006f
COMMIT t=1805000 wb_pc=0000028c wb_we=1 wb_rd=x4 wb_val=00000001 IF_pc=0000029c IF_inst=0a731463 ID_pc=00000298 ID_inst=00000393 EX_pc=00000294 EX_alu=00000278 mem_we=0 mem_addr=00000002 mem_wd=00000000 mem_rd=0540006f
COMMIT t=1815000 wb_pc=00000290 wb_we=1 wb_rd=x5 wb_val=00000002 IF_pc=00000000 IF_inst=00000013 ID_pc=00000000 ID_inst=00000013 EX_pc=00000000 EX_alu=00000000 mem_we=0 mem_addr=00000278 mem_wd=00000002 mem_rd=01000093
COMMIT t=1825000 wb_pc=00000294 wb_we=0 wb_rd=x5 wb_val=00000278 IF_pc=00000278 IF_inst=01000093 ID_pc=00000000 ID_inst=00000013 EX_pc=00000000 EX_alu=00000000 mem_we=0 mem_addr=00000000 mem_wd=00000000 mem_rd=0540006f
COMMIT t=1855000 wb_pc=00000000 wb_we=1 wb_rd=x0 wb_val=00000000 IF_pc=00000284 IF_inst=00000013 ID_pc=00000280 ID_inst=00000013 EX_pc=0000027c EX_alu=0000027c mem_we=0 mem_addr=00000010 mem_wd=00000000 mem_rd=00900f93
COMMIT t=1865000 wb_pc=00000278 wb_we=1 wb_rd=x1 wb_val=00000010 IF_pc=00000288 IF_inst=00070313 ID_pc=00000284 ID_inst=00000013 EX_pc=00000280 EX_alu=00000000 mem_we=0 mem_addr=0000027c mem_wd=00000009 mem_rd=0090a713
COMMIT t=1875000 wb_pc=0000027c wb_we=1 wb_rd=x14 wb_val=00000000 IF_pc=0000028c IF_inst=00120213 ID_pc=00000288 ID_inst=00070313 EX_pc=00000284 EX_alu=00000000 mem_we=0 mem_addr=00000000 mem_wd=0090a700 mem_rd=0540006f
COMMIT t=1885000 wb_pc=00000280 wb_we=1 wb_rd=x0 wb_val=00000000 IF_pc=00000290 IF_inst=00200293 ID_pc=0000028c ID_inst=00120213 EX_pc=00000288 EX_alu=00000000 mem_we=0 mem_addr=00000000 mem_wd=00000000 mem_rd=0540006f
COMMIT t=1895000 wb_pc=00000284 wb_we=1 wb_rd=x0 wb_val=00000000 IF_pc=00000294 IF_inst=fe5212e3 ID_pc=00000290 ID_inst=00200293 EX_pc=0000028c EX_alu=00000002 mem_we=0 mem_addr=00000000 mem_wd=00000000 mem_rd=0540006f
COMMIT t=1905000 wb_pc=00000288 wb_we=1 wb_rd=x6 wb_val=00000000 IF_pc=00000298 IF_inst=00000393 ID_pc=00000294 ID_inst=fe5212e3 EX_pc=00000290 EX_alu=00000002 mem_we=0 mem_addr=00000002 mem_wd=0010006f mem_rd=0540006f
COMMIT t=1915000 wb_pc=0000028c wb_we=1 wb_rd=x4 wb_val=00000002 IF_pc=0000029c IF_inst=0a731463 ID_pc=00000298 ID_inst=00000393 EX_pc=00000294 EX_alu=00000278 mem_we=0 mem_addr=00000002 mem_wd=00000040 mem_rd=0540006f
COMMIT t=1925000 wb_pc=00000290 wb_we=1 wb_rd=x5 wb_val=00000002 IF_pc=000002a0 IF_inst=01500193 ID_pc=0000029c ID_inst=0a731463 EX_pc=00000298 EX_alu=00000000 mem_we=0 mem_addr=00000278 mem_wd=00000002 mem_rd=01000093
COMMIT t=1935000 wb_pc=00000294 wb_we=0 wb_rd=x5 wb_val=00000278 IF_pc=000002a4 IF_inst=00000213 ID_pc=000002a0 ID_inst=01500193 EX_pc=0000029c EX_alu=00000344 mem_we=0 mem_addr=00000000 mem_wd=00000000 mem_rd=0540006f
COMMIT t=1945000 wb_pc=00000298 wb_we=1 wb_rd=x7 wb_val=00000000 IF_pc=000002a8 IF_inst=00b00093 ID_pc=000002a4 ID_inst=00000213 EX_pc=000002a0 EX_alu=00000015 mem_we=0 mem_addr=00000344 mem_wd=00000000 mem_rd=0ff0000f
COMMIT t=1955000 wb_pc=0000029c wb_we=0 wb_rd=x8 wb_val=00000344 IF_pc=000002ac IF_inst=00f0a713 ID_pc=000002a8 ID_inst=00b00093 EX_pc=000002a4 EX_alu=00000000 mem_we=0 mem_addr=00000015 mem_wd=0000000f mem_rd=03ff0663
COMMIT t=1965000 wb_pc=000002a0 wb_we=1 wb_rd=x3 wb_val=00000015 IF_pc=000002b0 IF_inst=00120213 ID_pc=000002ac ID_inst=00f0a713 EX_pc=000002a8 EX_alu=0000000b mem_we=0 mem_addr=00000000 mem_wd=00000000 mem_rd=0540006f
COMMIT t=1975000 wb_pc=000002a4 wb_we=1 wb_rd=x4 wb_val=00000000 IF_pc=000002b4 IF_inst=00200293 ID_pc=000002b0 ID_inst=00120213 EX_pc=000002ac EX_alu=000002ac mem_we=0 mem_addr=0000000b mem_wd=0100006f mem_rd=00800f93
COMMIT t=1985000 wb_pc=000002a8 wb_we=1 wb_rd=x1 wb_val=0000000b IF_pc=000002b8 IF_inst=fe5218e3 ID_pc=000002b4 ID_inst=00200293 EX_pc=000002b0 EX_alu=00000001 mem_we=0 mem_addr=000002ac mem_wd=0000000f mem_rd=00f0a713
COMMIT t=1995000 wb_pc=000002ac wb_we=1 wb_rd=x14 wb_val=00000001 IF_pc=000002bc IF_inst=00100393 ID_pc=000002b8 ID_inst=fe5218e3 EX_pc=000002b4 EX_alu=00000002 mem_we=0 mem_addr=00000001 mem_wd=00f00b13 mem_rd=0540006f
COMMIT t=2005000 wb_pc=000002b0 wb_we=1 wb_rd=x4 wb_val=00000001 IF_pc=000002c0 IF_inst=08771263 ID_pc=000002bc ID_inst=00100393 EX_pc=000002b8 EX_alu=000002a8 mem_we=0 mem_addr=00000002 mem_wd=00000000 mem_rd=0540006f
COMMIT t=2015000 wb_pc=000002b4 wb_we=1 wb_rd=x5 wb_val=00000002 IF_pc=00000000 IF_inst=00000013 ID_pc=00000000 ID_inst=00000013 EX_pc=00000000 EX_alu=00000000 mem_we=0 mem_addr=000002a8 mem_wd=00000002 mem_rd=00b00093
COMMIT t=2025000 wb_pc=000002b8 wb_we=0 wb_rd=x17 wb_val=000002a8 IF_pc=000002a8 IF_inst=00b00093 ID_pc=00000000 ID_inst=00000013 EX_pc=00000000 EX_alu=00000000 mem_we=0 mem_addr=00000000 mem_wd=00000000 mem_rd=0540006f
COMMIT t=2055000 wb_pc=00000000 wb_we=1 wb_rd=x0 wb_val=00000000 IF_pc=000002b4 IF_inst=00200293 ID_pc=000002b0 ID_inst=00120213 EX_pc=000002ac EX_alu=000002ac mem_we=0 mem_addr=0000000b mem_wd=0100006f mem_rd=00800f93
COMMIT t=2065000 wb_pc=000002a8 wb_we=1 wb_rd=x1 wb_val=0000000b IF_pc=000002b8 IF_inst=fe5218e3 ID_pc=000002b4 ID_inst=00200293 EX_pc=000002b0 EX_alu=00000002 mem_we=0 mem_addr=000002ac mem_wd=0000000f mem_rd=00f0a713
COMMIT t=2075000 wb_pc=000002ac wb_we=1 wb_rd=x14 wb_val=00000001 IF_pc=000002bc IF_inst=00100393 ID_pc=000002b8 ID_inst=fe5218e3 EX_pc=000002b4 EX_alu=00000002 mem_we=0 mem_addr=00000002 mem_wd=000ba713 mem_rd=0540006f
COMMIT t=2085000 wb_pc=000002b0 wb_we=1 wb_rd=x4 wb_val=00000002 IF_pc=000002c0 IF_inst=08771263 ID_pc=000002bc ID_inst=00100393 EX_pc=000002b8 EX_alu=000002a8 mem_we=0 mem_addr=00000002 mem_wd=00000040 mem_rd=0540006f
COMMIT t=2095000 wb_pc=000002b4 wb_we=1 wb_rd=x5 wb_val=00000002 IF_pc=000002c4 IF_inst=01600193 ID_pc=000002c0 ID_inst=08771263 EX_pc=000002bc EX_alu=00000001 mem_we=0 mem_addr=000002a8 mem_wd=00000002 mem_rd=00b00093
COMMIT t=2105000 wb_pc=000002b8 wb_we=0 wb_rd=x17 wb_val=000002a8 IF_pc=000002c8 IF_inst=00000213 ID_pc=000002c4 ID_inst=01600193 EX_pc=000002c0 EX_alu=00000344 mem_we=0 mem_addr=00000001 mem_wd=00000b93 mem_rd=0540006f
COMMIT t=2115000 wb_pc=000002bc wb_we=1 wb_rd=x7 wb_val=00000001 IF_pc=000002cc IF_inst=01100093 ID_pc=000002c8 ID_inst=00000213 EX_pc=000002c4 EX_alu=00000016 mem_we=0 mem_addr=00000344 mem_wd=00000001 mem_rd=0ff0000f
COMMIT t=2125000 wb_pc=000002c0 wb_we=0 wb_rd=x4 wb_val=00000344 IF_pc=000002d0 IF_inst=00000013 ID_pc=000002cc ID_inst=01100093 EX_pc=000002c8 EX_alu=00000000 mem_we=0 mem_addr=00000016 mem_wd=0000000f mem_rd=03ff0663
COMMIT t=2135000 wb_pc=000002c4 wb_we=1 wb_rd=x3 wb_val=00000016 IF_pc=000002d4 IF_inst=0080a713 ID_pc=000002d0 ID_inst=00000013 EX_pc=000002cc EX_alu=00000011 mem_we=0 mem_addr=00000000 mem_wd=ffffff00 mem_rd=0540006f
COMMIT t=2145000 wb_pc=000002c8 wb_we=1 wb_rd=x4 wb_val=00000000 IF_pc=000002d8 IF_inst=00120213 ID_pc=000002d4 ID_inst=0080a713 EX_pc=000002d0 EX_alu=00000000 mem_we=0 mem_addr=00000011 mem_wd=0000006f mem_rd=00900f93
COMMIT t=2155000 wb_pc=000002cc wb_we=1 wb_rd=x1 wb_val=00000011 IF_pc=000002dc IF_inst=00200293 ID_pc=000002d8 ID_inst=00120213 EX_pc=000002d4 EX_alu=000002d4 mem_we=0 mem_addr=00000000 mem_wd=00000000 mem_rd=0540006f
COMMIT t=2165000 wb_pc=000002d0 wb_we=1 wb_rd=x0 wb_val=00000000 IF_pc=000002e0 IF_inst=fe5216e3 ID_pc=000002dc ID_inst=00200293 EX_pc=000002d8 EX_alu=00000001 mem_we=0 mem_addr=000002d4 mem_wd=00000008 mem_rd=0080a713
COMMIT t=2175000 wb_pc=000002d4 wb_we=1 wb_rd=x14 wb_val=00000000 IF_pc=000002e4 IF_inst=00000393 ID_pc=000002e0 ID_inst=fe5216e3 EX_pc=000002dc EX_alu=00000002 mem_we=0 mem_addr=00000001 mem_wd=00801113 mem_rd=0540006f
COMMIT t=2185000 wb_pc=000002d8 wb_we=1 wb_rd=x4 wb_val=00000001 IF_pc=000002e8 IF_inst=04771e63 ID_pc=000002e4 ID_inst=00000393 EX_pc=000002e0 EX_alu=000002cc mem_we=0 mem_addr=00000002 mem_wd=00000000 mem_rd=0540006f
COMMIT t=2195000 wb_pc=000002dc wb_we=1 wb_rd=x5 wb_val=00000002 IF_pc=00000000 IF_inst=00000013 ID_pc=00000000 ID_inst=00000013 EX_pc=00000000 EX_alu=00000000 mem_we=0 mem_addr=000002cc mem_wd=00000002 mem_rd=01100093
COMMIT t=2205000 wb_pc=000002e0 wb_we=0 wb_rd=x13 wb_val=000002cc IF_pc=000002cc IF_inst=01100093 ID_pc=00000000 ID_inst=00000013 EX_pc=00000000 EX_alu=00000000 mem_we=0 mem_addr=00000000 mem_wd=00000000 mem_rd=0540006f
COMMIT t=2235000 wb_pc=00000000 wb_we=1 wb_rd=x0 wb_val=00000000 IF_pc=000002d8 IF_inst=00120213 ID_pc=000002d4 ID_inst=0080a713 EX_pc=000002d0 EX_alu=00000000 mem_we=0 mem_addr=00000011 mem_wd=0000006f mem_rd=00900f93
COMMIT t=2245000 wb_pc=000002cc wb_we=1 wb_rd=x1 wb_val=00000011 IF_pc=000002dc IF_inst=00200293 ID_pc=000002d8 ID_inst=00120213 EX_pc=000002d4 EX_alu=000002d4 mem_we=0 mem_addr=00000000 mem_wd=00000000 mem_rd=0540006f
COMMIT t=2255000 wb_pc=000002d0 wb_we=1 wb_rd=x0 wb_val=00000000 IF_pc=000002e0 IF_inst=fe5216e3 ID_pc=000002dc ID_inst=00200293 EX_pc=000002d8 EX_alu=00000002 mem_we=0 mem_addr=000002d4 mem_wd=00000008 mem_rd=0080a713
COMMIT t=2265000 wb_pc=000002d4 wb_we=1 wb_rd=x14 wb_val=00000000 IF_pc=000002e4 IF_inst=00000393 ID_pc=000002e0 ID_inst=fe5216e3 EX_pc=000002dc EX_alu=00000002 mem_we=0 mem_addr=00000002 mem_wd=0011a713 mem_rd=0540006f
COMMIT t=2275000 wb_pc=000002d8 wb_we=1 wb_rd=x4 wb_val=00000002 IF_pc=000002e8 IF_inst=04771e63 ID_pc=000002e4 ID_inst=00000393 EX_pc=000002e0 EX_alu=000002cc mem_we=0 mem_addr=00000002 mem_wd=00000040 mem_rd=0540006f
COMMIT t=2285000 wb_pc=000002dc wb_we=1 wb_rd=x5 wb_val=00000002 IF_pc=000002ec IF_inst=01700193 ID_pc=000002e8 ID_inst=04771e63 EX_pc=000002e4 EX_alu=00000000 mem_we=0 mem_addr=000002cc mem_wd=00000002 mem_rd=01100093
COMMIT t=2295000 wb_pc=000002e0 wb_we=0 wb_rd=x13 wb_val=000002cc IF_pc=000002f0 IF_inst=00000213 ID_pc=000002ec ID_inst=01700193 EX_pc=000002e8 EX_alu=00000344 mem_we=0 mem_addr=00000000 mem_wd=00000000 mem_rd=0540006f
COMMIT t=2305000 wb_pc=000002e4 wb_we=1 wb_rd=x7 wb_val=00000000 IF_pc=000002f4 IF_inst=00c00093 ID_pc=000002f0 ID_inst=00000213 EX_pc=000002ec EX_alu=00000017 mem_we=0 mem_addr=00000344 mem_wd=00000000 mem_rd=0ff0000f
COMMIT t=2315000 wb_pc=000002e8 wb_we=0 wb_rd=x28 wb_val=00000344 IF_pc=000002f8 IF_inst=00000013 ID_pc=000002f4 ID_inst=00c00093 EX_pc=000002f0 EX_alu=00000000 mem_we=0 mem_addr=00000017 mem_wd=0000000f mem_rd=03ff0663
COMMIT t=2325000 wb_pc=000002ec wb_we=1 wb_rd=x3 wb_val=00000017 IF_pc=000002fc IF_inst=00000013 ID_pc=000002f8 ID_inst=00000013 EX_pc=000002f4 EX_alu=0000000c mem_we=0 mem_addr=00000000 mem_wd=00000000 mem_rd=0540006f
COMMIT t=2335000 wb_pc=000002f0 wb_we=1 wb_rd=x4 wb_val=00000000 IF_pc=00000300 IF_inst=00e0a713 ID_pc=000002fc ID_inst=00000013 EX_pc=000002f8 EX_alu=00000000 mem_we=0 mem_addr=0000000c mem_wd=00000000 mem_rd=03ff0a63
COMMIT t=2345000 wb_pc=000002f4 wb_we=1 wb_rd=x1 wb_val=0000000c IF_pc=00000304 IF_inst=00120213 ID_pc=00000300 ID_inst=00e0a713 EX_pc=000002fc EX_alu=00000000 mem_we=0 mem_addr=00000000 mem_wd=00000000 mem_rd=0540006f
COMMIT t=2355000 wb_pc=000002f8 wb_we=1 wb_rd=x0 wb_val=00000000 IF_pc=00000308 IF_inst=00200293 ID_pc=00000304 ID_inst=00120213 EX_pc=00000300 EX_alu=00000300 mem_we=0 mem_addr=00000000 mem_wd=00000000 mem_rd=0540006f
COMMIT t=2365000 wb_pc=000002fc wb_we=1 wb_rd=x0 wb_val=00000000 IF_pc=0000030c IF_inst=fe5214e3 ID_pc=00000308 ID_inst=00200293 EX_pc=00000304 EX_alu=00000001 mem_we=0 mem_addr=00000300 mem_wd=0000000e mem_rd=00e0a713
COMMIT t=2375000 wb_pc=00000300 wb_we=1 wb_rd=x14 wb_val=00000001 IF_pc=00000310 IF_inst=00100393 ID_pc=0000030c ID_inst=fe5214e3 EX_pc=00000308 EX_alu=00000002 mem_we=0 mem_addr=00000001 mem_wd=00e00c13 mem_rd=0540006f
COMMIT t=2385000 wb_pc=00000304 wb_we=1 wb_rd=x4 wb_val=00000001 IF_pc=00000314 IF_inst=02771863 ID_pc=00000310 ID_inst=00100393 EX_pc=0000030c EX_alu=000002f4 mem_we=0 mem_addr=00000002 mem_wd=00000000 mem_rd=0540006f
COMMIT t=2395000 wb_pc=00000308 wb_we=1 wb_rd=x5 wb_val=00000002 IF_pc=00000000 IF_inst=00000013 ID_pc=00000000 ID_inst=00000013 EX_pc=00000000 EX_alu=00000000 mem_we=0 mem_addr=000002f4 mem_wd=00000002 mem_rd=00c00093
COMMIT t=2405000 wb_pc=0000030c wb_we=0 wb_rd=x9 wb_val=000002f4 IF_pc=000002f4 IF_inst=00c00093 ID_pc=00000000 ID_inst=00000013 EX_pc=00000000 EX_alu=00000000 mem_we=0 mem_addr=00000000 mem_wd=00000000 mem_rd=0540006f
COMMIT t=2435000 wb_pc=00000000 wb_we=1 wb_rd=x0 wb_val=00000000 IF_pc=00000300 IF_inst=00e0a713 ID_pc=000002fc ID_inst=00000013 EX_pc=000002f8 EX_alu=00000000 mem_we=0 mem_addr=0000000c mem_wd=00000000 mem_rd=03ff0a63
COMMIT t=2445000 wb_pc=000002f4 wb_we=1 wb_rd=x1 wb_val=0000000c IF_pc=00000304 IF_inst=00120213 ID_pc=00000300 ID_inst=00e0a713 EX_pc=000002fc EX_alu=00000000 mem_we=0 mem_addr=00000000 mem_wd=00000000 mem_rd=0540006f
COMMIT t=2455000 wb_pc=000002f8 wb_we=1 wb_rd=x0 wb_val=00000000 IF_pc=00000308 IF_inst=00200293 ID_pc=00000304 ID_inst=00120213 EX_pc=00000300 EX_alu=00000301 mem_we=0 mem_addr=00000000 mem_wd=00000000 mem_rd=0540006f
COMMIT t=2465000 wb_pc=000002fc wb_we=1 wb_rd=x0 wb_val=00000000 IF_pc=0000030c IF_inst=fe5214e3 ID_pc=00000308 ID_inst=00200293 EX_pc=00000304 EX_alu=00000002 mem_we=0 mem_addr=00000301 mem_wd=00000e6f mem_rd=00e0a713
COMMIT t=2475000 wb_pc=00000300 wb_we=1 wb_rd=x14 wb_val=00000001 IF_pc=00000310 IF_inst=00100393 ID_pc=0000030c ID_inst=fe5214e3 EX_pc=00000308 EX_alu=00000002 mem_we=0 mem_addr=00000002 mem_wd=000ca713 mem_rd=0540006f
COMMIT t=2485000 wb_pc=00000304 wb_we=1 wb_rd=x4 wb_val=00000002 IF_pc=00000314 IF_inst=02771863 ID_pc=00000310 ID_inst=00100393 EX_pc=0000030c EX_alu=000002f4 mem_we=0 mem_addr=00000002 mem_wd=00000040 mem_rd=0540006f
COMMIT t=2495000 wb_pc=00000308 wb_we=1 wb_rd=x5 wb_val=00000002 IF_pc=00000318 IF_inst=01800193 ID_pc=00000314 ID_inst=02771863 EX_pc=00000310 EX_alu=00000001 mem_we=0 mem_addr=000002f4 mem_wd=00000002 mem_rd=00c00093
COMMIT t=2505000 wb_pc=0000030c wb_we=0 wb_rd=x9 wb_val=000002f4 IF_pc=0000031c IF_inst=fff02093 ID_pc=00000318 ID_inst=01800193 EX_pc=00000314 EX_alu=00000344 mem_we=0 mem_addr=00000001 mem_wd=00000c93 mem_rd=0540006f
COMMIT t=2515000 wb_pc=00000310 wb_we=1 wb_rd=x7 wb_val=00000001 IF_pc=00000320 IF_inst=00000393 ID_pc=0000031c ID_inst=fff02093 EX_pc=00000318 EX_alu=00000018 mem_we=0 mem_addr=00000344 mem_wd=00000001 mem_rd=0ff0000f
COMMIT t=2525000 wb_pc=00000314 wb_we=0 wb_rd=x16 wb_val=00000344 IF_pc=00000324 IF_inst=02709063 ID_pc=00000320 ID_inst=00000393 EX_pc=0000031c EX_alu=0000031c mem_we=0 mem_addr=00000018 mem_wd=00000000 mem_rd=00b00f93
COMMIT t=2535000 wb_pc=00000318 wb_we=1 wb_rd=x3 wb_val=00000018 IF_pc=00000328 IF_inst=01900193 ID_pc=00000324 ID_inst=02709063 EX_pc=00000320 EX_alu=00000000 mem_we=0 mem_addr=0000031c mem_wd=ffffffff mem_rd=fff02093
COMMIT t=2545000 wb_pc=0000031c wb_we=1 wb_rd=x1 wb_val=00000000 IF_pc=0000032c IF_inst=00ff00b7 ID_pc=00000328 ID_inst=01900193 EX_pc=00000324 EX_alu=00000344 mem_we=0 mem_addr=00000000 mem_wd=fff02000 mem_rd=0540006f
COMMIT t=2555000 wb_pc=00000320 wb_we=1 wb_rd=x7 wb_val=00000000 IF_pc=00000330 IF_inst=0ff08093 ID_pc=0000032c ID_inst=00ff00b7 EX_pc=00000328 EX_alu=00000019 mem_we=0 mem_addr=00000344 mem_wd=00000000 mem_rd=0ff0000f
COMMIT t=2565000 wb_pc=00000324 wb_we=0 wb_rd=x0 wb_val=00000344 IF_pc=00000334 IF_inst=fff0a013 ID_pc=00000330 ID_inst=0ff08093 EX_pc=0000032c EX_alu=00ff0000 mem_we=0 mem_addr=00000019 mem_wd=0000000f mem_rd=00b00f93
COMMIT t=2575000 wb_pc=00000328 wb_we=1 wb_rd=x3 wb_val=00000019 IF_pc=00000338 IF_inst=00000393 ID_pc=00000334 ID_inst=fff0a013 EX_pc=00000330 EX_alu=00ff00ff mem_we=0 mem_addr=00ff0000 mem_wd=00000000 mem_rd=00000000
COMMIT t=2585000 wb_pc=0000032c wb_we=1 wb_rd=x1 wb_val=00ff0000 IF_pc=0000033c IF_inst=00701463 ID_pc=00000338 ID_inst=00000393 EX_pc=00000334 EX_alu=00000334 mem_we=0 mem_addr=00ff00ff mem_wd=00000000 mem_rd=00000000
COMMIT t=2595000 wb_pc=00000330 wb_we=1 wb_rd=x1 wb_val=00ff00ff IF_pc=00000340 IF_inst=00301c63 ID_pc=0000033c ID_inst=00701463 EX_pc=00000338 EX_alu=00000000 mem_we=0 mem_addr=00000334 mem_wd=ffffffff mem_rd=fff0a013
COMMIT t=2605000 wb_pc=00000334 wb_we=1 wb_rd=x0 wb_val=00000000 IF_pc=00000344 IF_inst=0ff0000f ID_pc=00000340 ID_inst=00301c63 EX_pc=0000033c EX_alu=00000344 mem_we=0 mem_addr=00000000 mem_wd=fff0a000 mem_rd=0540006f
COMMIT t=2615000 wb_pc=00000338 wb_we=1 wb_rd=x7 wb_val=00000000 IF_pc=00000348 IF_inst=800002b7 ID_pc=00000344 ID_inst=0ff0000f EX_pc=00000340 EX_alu=00000358 mem_we=0 mem_addr=00000344 mem_wd=00000000 mem_rd=0ff0000f
COMMIT t=2625000 wb_pc=0000033c wb_we=0 wb_rd=x8 wb_val=00000344 IF_pc=00000000 IF_inst=00000013 ID_pc=00000000 ID_inst=00000013 EX_pc=00000000 EX_alu=00000000 mem_we=0 mem_addr=00000358 mem_wd=00000019 mem_rd=0ff0000f
COMMIT t=2635000 wb_pc=00000340 wb_we=0 wb_rd=x24 wb_val=00000358 IF_pc=00000358 IF_inst=0ff0000f ID_pc=00000000 ID_inst=00000013 EX_pc=00000000 EX_alu=00000000 mem_we=0 mem_addr=00000000 mem_wd=00000000 mem_rd=0540006f
COMMIT t=2665000 wb_pc=00000000 wb_we=1 wb_rd=x0 wb_val=00000000 IF_pc=00000364 IF_inst=0062a023 ID_pc=00000360 ID_inst=00100313 EX_pc=0000035c EX_alu=80000000 mem_we=0 mem_addr=000000ff mem_wd=0000006f mem_rd=00300693
COMMIT t=2675000 wb_pc=00000358 wb_we=1 wb_rd=x0 wb_val=000000ff IF_pc=00000368 IF_inst=0000006f ID_pc=00000364 ID_inst=0062a023 EX_pc=00000360 EX_alu=00000001 mem_we=0 mem_addr=80000000 mem_wd=00000000 mem_rd=00000000
COMMIT t=2685000 wb_pc=0000035c wb_we=1 wb_rd=x5 wb_val=80000000 IF_pc=0000036c IF_inst=c0001073 ID_pc=00000368 ID_inst=0000006f EX_pc=00000364 EX_alu=80000000 mem_we=0 mem_addr=00000001 mem_wd=0000ff00 mem_rd=0540006f
COMMIT t=2695000 wb_pc=00000360 wb_we=1 wb_rd=x6 wb_val=00000001 IF_pc=00000370 IF_inst=00000000 ID_pc=0000036c ID_inst=c0001073 EX_pc=00000368 EX_alu=00000368 mem_we=1 mem_addr=80000000 mem_wd=00000001 mem_rd=00000000
MEM_WRITE t=2695000 pc=00000360 addr=80000000 wd=00000001 ctrl=1
RESULT PASS pc=00000360 time=2695000
