Copyright 1986-2021 Xilinx, Inc. All Rights Reserved.
-----------------------------------------------------------------------------------------------------------------------------------------
| Tool Version : Vivado v.2021.2 (win64) Build 3367213 Tue Oct 19 02:48:09 MDT 2021
| Date         : Mon May  4 15:46:58 2026
| Host         : WDDdLaptop running 64-bit major release  (build 9200)
| Command      : report_timing_summary -file D:/riscv32_pipeline_cache/report_artifacts/cache_lru_bram_impl/top_timing_impl_lru_bram.rpt
| Design       : top
| Device       : 7z020-clg400
| Speed File   : -2  PRODUCTION 1.12 2019-11-22
-----------------------------------------------------------------------------------------------------------------------------------------

Timing Summary Report

------------------------------------------------------------------------------------------------
| Timer Settings
| --------------
------------------------------------------------------------------------------------------------

  Enable Multi Corner Analysis               :  Yes
  Enable Pessimism Removal                   :  Yes
  Pessimism Removal Resolution               :  Nearest Common Node
  Enable Input Delay Default Clock           :  No
  Enable Preset / Clear Arcs                 :  No
  Disable Flight Delays                      :  No
  Ignore I/O Paths                           :  No
  Timing Early Launch at Borrowing Latches   :  No
  Borrow Time for Max Delay Exceptions       :  Yes
  Merge Timing Exceptions                    :  Yes

  Corner  Analyze    Analyze    
  Name    Max Paths  Min Paths  
  ------  ---------  ---------  
  Slow    Yes        Yes        
  Fast    Yes        Yes        


------------------------------------------------------------------------------------------------
| Report Methodology
| ------------------
------------------------------------------------------------------------------------------------

No report available as report_methodology has not been run prior. Run report_methodology on the current design for the summary of methodology violations.



check_timing report

Table of Contents
-----------------
1. checking no_clock (0)
2. checking constant_clock (0)
3. checking pulse_width_clock (0)
4. checking unconstrained_internal_endpoints (0)
5. checking no_input_delay (1)
6. checking no_output_delay (1)
7. checking multiple_clock (0)
8. checking generated_clocks (0)
9. checking loops (0)
10. checking partial_input_delay (0)
11. checking partial_output_delay (0)
12. checking latch_loops (0)

1. checking no_clock (0)
------------------------
 There are 0 register/latch pins with no clock.


2. checking constant_clock (0)
------------------------------
 There are 0 register/latch pins with constant_clock.


3. checking pulse_width_clock (0)
---------------------------------
 There are 0 register/latch pins which need pulse_width check


4. checking unconstrained_internal_endpoints (0)
------------------------------------------------
 There are 0 pins that are not constrained for maximum delay.

 There are 0 pins that are not constrained for maximum delay due to constant clock.


5. checking no_input_delay (1)
------------------------------
 There is 1 input port with no input delay specified. (HIGH)

 There are 0 input ports with no input delay but user has a false path constraint.


6. checking no_output_delay (1)
-------------------------------
 There is 1 port with no output delay specified. (HIGH)

 There are 0 ports with no output delay but user has a false path constraint

 There are 0 ports with no output delay but with a timing clock defined on it or propagating through it


7. checking multiple_clock (0)
------------------------------
 There are 0 register/latch pins with multiple clocks.


8. checking generated_clocks (0)
--------------------------------
 There are 0 generated clocks that are not connected to a clock source.


9. checking loops (0)
---------------------
 There are 0 combinational loops in the design.


10. checking partial_input_delay (0)
------------------------------------
 There are 0 input ports with partial input delay specified.


11. checking partial_output_delay (0)
-------------------------------------
 There are 0 ports with partial output delay specified.


12. checking latch_loops (0)
----------------------------
 There are 0 combinational latch loops in the design through latch input



------------------------------------------------------------------------------------------------
| Design Timing Summary
| ---------------------
------------------------------------------------------------------------------------------------

    WNS(ns)      TNS(ns)  TNS Failing Endpoints  TNS Total Endpoints      WHS(ns)      THS(ns)  THS Failing Endpoints  THS Total Endpoints     WPWS(ns)     TPWS(ns)  TPWS Failing Endpoints  TPWS Total Endpoints  
    -------      -------  ---------------------  -------------------      -------      -------  ---------------------  -------------------     --------     --------  ----------------------  --------------------  
     -5.536    -9710.736                   3274                17305        0.109        0.000                      0                17305        6.167        0.000                       0                  8496  


Timing constraints are not met.


------------------------------------------------------------------------------------------------
| Clock Summary
| -------------
------------------------------------------------------------------------------------------------

Clock                Waveform(ns)       Period(ns)      Frequency(MHz)
-----                ------------       ----------      --------------
sys_clk_pin          {0.000 10.000}     20.000          50.000          
  clk_out1_cpuclk_1  {0.000 6.667}      13.333          75.000          
  clkfbout_cpuclk_1  {0.000 20.000}     40.000          25.000          


------------------------------------------------------------------------------------------------
| Intra Clock Table
| -----------------
------------------------------------------------------------------------------------------------

Clock                    WNS(ns)      TNS(ns)  TNS Failing Endpoints  TNS Total Endpoints      WHS(ns)      THS(ns)  THS Failing Endpoints  THS Total Endpoints     WPWS(ns)     TPWS(ns)  TPWS Failing Endpoints  TPWS Total Endpoints  
-----                    -------      -------  ---------------------  -------------------      -------      -------  ---------------------  -------------------     --------     --------  ----------------------  --------------------  
sys_clk_pin                                                                                                                                                            7.000        0.000                       0                     1  
  clk_out1_cpuclk_1       -5.536    -9710.736                   3274                17305        0.109        0.000                      0                17305        6.167        0.000                       0                  8492  
  clkfbout_cpuclk_1                                                                                                                                                   12.633        0.000                       0                     3  


------------------------------------------------------------------------------------------------
| Inter Clock Table
| -----------------
------------------------------------------------------------------------------------------------

From Clock    To Clock          WNS(ns)      TNS(ns)  TNS Failing Endpoints  TNS Total Endpoints      WHS(ns)      THS(ns)  THS Failing Endpoints  THS Total Endpoints  
----------    --------          -------      -------  ---------------------  -------------------      -------      -------  ---------------------  -------------------  


------------------------------------------------------------------------------------------------
| Other Path Groups Table
| -----------------------
------------------------------------------------------------------------------------------------

Path Group    From Clock    To Clock          WNS(ns)      TNS(ns)  TNS Failing Endpoints  TNS Total Endpoints      WHS(ns)      THS(ns)  THS Failing Endpoints  THS Total Endpoints  
----------    ----------    --------          -------      -------  ---------------------  -------------------      -------      -------  ---------------------  -------------------  


------------------------------------------------------------------------------------------------
| Timing Details
| --------------
------------------------------------------------------------------------------------------------


---------------------------------------------------------------------------------------------------
From Clock:  sys_clk_pin
  To Clock:  sys_clk_pin

Setup :           NA  Failing Endpoints,  Worst Slack           NA  ,  Total Violation           NA
Hold  :           NA  Failing Endpoints,  Worst Slack           NA  ,  Total Violation           NA
PW    :            0  Failing Endpoints,  Worst Slack        7.000ns,  Total Violation        0.000ns
---------------------------------------------------------------------------------------------------


Pulse Width Checks
--------------------------------------------------------------------------------------
Clock Name:         sys_clk_pin
Waveform(ns):       { 0.000 10.000 }
Period(ns):         20.000
Sources:            { clk }

Check Type        Corner  Lib Pin           Reference Pin  Required(ns)  Actual(ns)  Slack(ns)  Location        Pin
Min Period        n/a     PLLE2_ADV/CLKIN1  n/a            1.249         20.000      18.751     PLLE2_ADV_X1Y1  cpuClk/inst/plle2_adv_inst/CLKIN1
Max Period        n/a     PLLE2_ADV/CLKIN1  n/a            52.633        20.000      32.633     PLLE2_ADV_X1Y1  cpuClk/inst/plle2_adv_inst/CLKIN1
Low Pulse Width   Slow    PLLE2_ADV/CLKIN1  n/a            3.000         10.000      7.000      PLLE2_ADV_X1Y1  cpuClk/inst/plle2_adv_inst/CLKIN1
High Pulse Width  Slow    PLLE2_ADV/CLKIN1  n/a            3.000         10.000      7.000      PLLE2_ADV_X1Y1  cpuClk/inst/plle2_adv_inst/CLKIN1



---------------------------------------------------------------------------------------------------
From Clock:  clk_out1_cpuclk_1
  To Clock:  clk_out1_cpuclk_1

Setup :         3274  Failing Endpoints,  Worst Slack       -5.536ns,  Total Violation    -9710.736ns
Hold  :            0  Failing Endpoints,  Worst Slack        0.109ns,  Total Violation        0.000ns
PW    :            0  Failing Endpoints,  Worst Slack        6.167ns,  Total Violation        0.000ns
---------------------------------------------------------------------------------------------------


Max Delay Paths
--------------------------------------------------------------------------------------
Slack (VIOLATED) :        -5.536ns  (required time - arrival time)
  Source:                 mini_rv_u/ex_mem/RegWe_o_reg[0]/C
                            (rising edge-triggered cell FDCE clocked by clk_out1_cpuclk_1  {rise@0.000ns fall@6.667ns period=13.333ns})
  Destination:            mini_rv_u/If/IF_icache/u_cache/tag1_reg[30][15]/CE
                            (rising edge-triggered cell FDRE clocked by clk_out1_cpuclk_1  {rise@0.000ns fall@6.667ns period=13.333ns})
  Path Group:             clk_out1_cpuclk_1
  Path Type:              Setup (Max at Slow Process Corner)
  Requirement:            13.333ns  (clk_out1_cpuclk_1 rise@13.333ns - clk_out1_cpuclk_1 rise@0.000ns)
  Data Path Delay:        18.295ns  (logic 5.208ns (28.467%)  route 13.087ns (71.533%))
  Logic Levels:           30  (CARRY4=6 LUT3=3 LUT5=6 LUT6=13 MUXF7=2)
  Clock Path Skew:        -0.271ns (DCD - SCD + CPR)
    Destination Clock Delay (DCD):    -1.551ns = ( 11.782 - 13.333 ) 
    Source Clock Delay      (SCD):    -1.830ns
    Clock Pessimism Removal (CPR):    -0.549ns
  Clock Uncertainty:      0.136ns  ((TSJ^2 + DJ^2)^1/2) / 2 + PE
    Total System Jitter     (TSJ):    0.071ns
    Discrete Jitter          (DJ):    0.263ns
    Phase Error              (PE):    0.000ns

    Location             Delay type                Incr(ns)  Path(ns)    Netlist Resource(s)
  -------------------------------------------------------------------    -------------------
                         (clock clk_out1_cpuclk_1 rise edge)
                                                      0.000     0.000 r  
    U18                                               0.000     0.000 r  clk (IN)
                         net (fo=0)                   0.000     0.000    cpuClk/inst/clk_in1
    U18                  IBUF (Prop_ibuf_I_O)         1.429     1.429 r  cpuClk/inst/clkin1_ibufg/O
                         net (fo=1, routed)           1.126     2.555    cpuClk/inst/clk_in1_cpuclk
    PLLE2_ADV_X1Y1       PLLE2_ADV (Prop_plle2_adv_CLKIN1_CLKOUT0)
                                                     -7.569    -5.014 r  cpuClk/inst/plle2_adv_inst/CLKOUT0
                         net (fo=1, routed)           1.594    -3.420    cpuClk/inst/clk_out1_cpuclk
    BUFGCTRL_X0Y16       BUFG (Prop_bufg_I_O)         0.085    -3.335 r  cpuClk/inst/clkout1_buf/O
                         net (fo=8490, routed)        1.505    -1.830    mini_rv_u/ex_mem/clk_out1
    SLICE_X96Y24         FDCE                                         r  mini_rv_u/ex_mem/RegWe_o_reg[0]/C
  -------------------------------------------------------------------    -------------------
    SLICE_X96Y24         FDCE (Prop_fdce_C_Q)         0.398    -1.432 r  mini_rv_u/ex_mem/RegWe_o_reg[0]/Q
                         net (fo=2, routed)           0.703    -0.729    mini_rv_u/ex_mem/RegWe_MEM
    SLICE_X97Y26         LUT6 (Prop_lut6_I0_O)        0.232    -0.497 f  mini_rv_u/ex_mem/num_orig_reg[31]_i_8/O
                         net (fo=2, routed)           0.505     0.009    mini_rv_u/id_ex/num_orig_reg_reg[31]_1
    SLICE_X96Y28         LUT6 (Prop_lut6_I5_O)        0.105     0.114 r  mini_rv_u/id_ex/num_orig_reg[31]_i_2/O
                         net (fo=98, routed)          1.175     1.288    mini_rv_u/id_ex/risk_EX_A
    SLICE_X93Y25         LUT5 (Prop_lut5_I2_O)        0.105     1.393 r  mini_rv_u/id_ex/num_orig_reg[10]_i_2/O
                         net (fo=2, routed)           0.304     1.698    mini_rv_u/id_ex/forwardingA[10]
    SLICE_X90Y24         LUT5 (Prop_lut5_I3_O)        0.105     1.803 r  mini_rv_u/id_ex/num_orig_reg[10]_i_1/O
                         net (fo=14, routed)          0.991     2.793    mini_rv_u/id_ex/Anum_EX_AfterForwarding[10]
    SLICE_X86Y27         LUT6 (Prop_lut6_I2_O)        0.105     2.898 r  mini_rv_u/id_ex/target_table[0][2]_i_12/O
                         net (fo=3, routed)           0.604     3.502    mini_rv_u/id_ex/target_table[0][2]_i_12_n_0
    SLICE_X83Y25         LUT6 (Prop_lut6_I2_O)        0.105     3.607 r  mini_rv_u/id_ex/target_table[0][0]_i_9/O
                         net (fo=1, routed)           0.396     4.003    mini_rv_u/id_ex/target_table[0][0]_i_9_n_0
    SLICE_X81Y25         LUT3 (Prop_lut3_I2_O)        0.105     4.108 r  mini_rv_u/id_ex/target_table[0][0]_i_8/O
                         net (fo=2, routed)           0.454     4.562    mini_rv_u/id_ex/target_table[0][0]_i_8_n_0
    SLICE_X77Y25         LUT6 (Prop_lut6_I5_O)        0.105     4.667 r  mini_rv_u/id_ex/target_table[0][0]_i_4/O
                         net (fo=1, routed)           0.465     5.133    mini_rv_u/id_ex/target_table[0][0]_i_4_n_0
    SLICE_X73Y25         LUT5 (Prop_lut5_I0_O)        0.105     5.238 r  mini_rv_u/id_ex/target_table[0][0]_i_2/O
                         net (fo=1, routed)           0.000     5.238    mini_rv_u/id_ex/target_table[0][0]_i_2_n_0
    SLICE_X73Y25         MUXF7 (Prop_muxf7_I0_O)      0.178     5.416 r  mini_rv_u/id_ex/target_table_reg[0][0]_i_1/O
                         net (fo=19, routed)          0.644     6.060    mini_rv_u/id_ex/ALUOut_EX[0]
    SLICE_X70Y29         LUT6 (Prop_lut6_I5_O)        0.252     6.312 r  mini_rv_u/id_ex/buf_count[3]_i_22/O
                         net (fo=1, routed)           0.000     6.312    mini_rv_u/id_ex/buf_count[3]_i_22_n_0
    SLICE_X70Y29         CARRY4 (Prop_carry4_S[0]_CO[3])
                                                      0.440     6.752 r  mini_rv_u/id_ex/buf_count_reg[3]_i_14/CO[3]
                         net (fo=1, routed)           0.000     6.752    mini_rv_u/id_ex/buf_count_reg[3]_i_14_n_0
    SLICE_X70Y30         CARRY4 (Prop_carry4_CI_CO[3])
                                                      0.098     6.850 r  mini_rv_u/id_ex/buf_count_reg[3]_i_10/CO[3]
                         net (fo=1, routed)           0.000     6.850    mini_rv_u/id_ex/buf_count_reg[3]_i_10_n_0
    SLICE_X70Y31         CARRY4 (Prop_carry4_CI_CO[2])
                                                      0.190     7.040 r  mini_rv_u/id_ex/buf_count_reg[3]_i_8/CO[2]
                         net (fo=4, routed)           0.397     7.437    mini_rv_u/id_ex/If/target_wrong0
    SLICE_X66Y31         LUT5 (Prop_lut5_I0_O)        0.261     7.698 r  mini_rv_u/id_ex/buf_count[3]_i_4/O
                         net (fo=122, routed)         0.415     8.113    mini_rv_u/Ex/m_div/pre_fetch_pc_d[0]_i_2
    SLICE_X66Y32         LUT3 (Prop_lut3_I1_O)        0.105     8.218 f  mini_rv_u/Ex/m_div/buf_count[3]_i_9/O
                         net (fo=33, routed)          0.155     8.373    mini_rv_u/id_ex/pre_fetch_pc_reg[1]
    SLICE_X66Y32         LUT6 (Prop_lut6_I5_O)        0.105     8.478 f  mini_rv_u/id_ex/buf_count[3]_i_6/O
                         net (fo=79, routed)          0.165     8.644    mini_rv_u/if_id/req_hit_reg
    SLICE_X66Y32         LUT6 (Prop_lut6_I0_O)        0.105     8.749 r  mini_rv_u/if_id/gen_icache_data.data_bram_i_71/O
                         net (fo=187, routed)         0.632     9.381    mini_rv_u/If/IF_icache/u_cache/tag1_reg[0][17]_0
    SLICE_X57Y41         LUT5 (Prop_lut5_I2_O)        0.105     9.486 r  mini_rv_u/If/IF_icache/u_cache/gen_icache_data.data_bram_i_5/O
                         net (fo=463, routed)         1.284    10.770    mini_rv_u/If/IF_icache/u_cache/cache_addr[3]
    SLICE_X47Y49         LUT6 (Prop_lut6_I2_O)        0.105    10.875 r  mini_rv_u/If/IF_icache/u_cache/wr_hit00_carry_i_124/O
                         net (fo=1, routed)           0.000    10.875    mini_rv_u/If/IF_icache/u_cache/wr_hit00_carry_i_124_n_0
    SLICE_X47Y49         MUXF7 (Prop_muxf7_I1_O)      0.206    11.081 r  mini_rv_u/If/IF_icache/u_cache/wr_hit00_carry_i_60/O
                         net (fo=1, routed)           0.455    11.537    mini_rv_u/If/IF_icache/u_cache/wr_hit00_carry_i_60_n_0
    SLICE_X49Y50         LUT6 (Prop_lut6_I5_O)        0.250    11.787 r  mini_rv_u/If/IF_icache/u_cache/wr_hit00_carry_i_23/O
                         net (fo=1, routed)           0.345    12.131    mini_rv_u/If/IF_icache/u_cache/wr_hit00_carry_i_23_n_0
    SLICE_X51Y51         LUT6 (Prop_lut6_I4_O)        0.105    12.236 r  mini_rv_u/If/IF_icache/u_cache/wr_hit00_carry_i_7/O
                         net (fo=1, routed)           0.455    12.692    mini_rv_u/If/IF_icache/u_cache/wr_hit00_carry_i_7_n_0
    SLICE_X50Y54         LUT5 (Prop_lut5_I4_O)        0.105    12.797 r  mini_rv_u/If/IF_icache/u_cache/wr_hit00_carry_i_1/O
                         net (fo=1, routed)           0.000    12.797    mini_rv_u/If/IF_icache/u_cache/wr_hit00_carry_i_1_n_0
    SLICE_X50Y54         CARRY4 (Prop_carry4_S[3]_CO[3])
                                                      0.314    13.111 r  mini_rv_u/If/IF_icache/u_cache/wr_hit00_carry/CO[3]
                         net (fo=1, routed)           0.000    13.111    mini_rv_u/If/IF_icache/u_cache/wr_hit00_carry_n_0
    SLICE_X50Y55         CARRY4 (Prop_carry4_CI_CO[3])
                                                      0.100    13.211 r  mini_rv_u/If/IF_icache/u_cache/wr_hit00_carry__0/CO[3]
                         net (fo=1, routed)           0.000    13.211    mini_rv_u/If/IF_icache/u_cache/wr_hit00_carry__0_n_0
    SLICE_X50Y56         CARRY4 (Prop_carry4_CI_CO[0])
                                                      0.207    13.418 f  mini_rv_u/If/IF_icache/u_cache/wr_hit00_carry__1/CO[0]
                         net (fo=1, routed)           0.386    13.804    mini_rv_u/If/IF_icache/u_cache/wr_hit00
    SLICE_X50Y57         LUT6 (Prop_lut6_I0_O)        0.297    14.101 f  mini_rv_u/If/IF_icache/u_cache/gen_icache_data.data_bram_i_73/O
                         net (fo=132, routed)         0.627    14.728    mini_rv_u/If/IF_icache/u_cache/wr_hit0__0
    SLICE_X50Y58         LUT3 (Prop_lut3_I0_O)        0.105    14.833 f  mini_rv_u/If/IF_icache/u_cache/tag0[31][24]_i_3__0/O
                         net (fo=63, routed)          1.025    15.858    mini_rv_u/If/IF_icache/u_cache/tag0[31][24]_i_3__0_n_0
    SLICE_X45Y51         LUT6 (Prop_lut6_I4_O)        0.105    15.963 r  mini_rv_u/If/IF_icache/u_cache/tag1[30][24]_i_1__0/O
                         net (fo=25, routed)          0.502    16.465    mini_rv_u/If/IF_icache/u_cache/tag1[30][24]_i_1__0_n_0
    SLICE_X47Y51         FDRE                                         r  mini_rv_u/If/IF_icache/u_cache/tag1_reg[30][15]/CE
  -------------------------------------------------------------------    -------------------

                         (clock clk_out1_cpuclk_1 rise edge)
                                                     13.333    13.333 r  
    U18                                               0.000    13.333 r  clk (IN)
                         net (fo=0)                   0.000    13.333    cpuClk/inst/clk_in1
    U18                  IBUF (Prop_ibuf_I_O)         1.363    14.697 r  cpuClk/inst/clkin1_ibufg/O
                         net (fo=1, routed)           1.019    15.715    cpuClk/inst/clk_in1_cpuclk
    PLLE2_ADV_X1Y1       PLLE2_ADV (Prop_plle2_adv_CLKIN1_CLKOUT0)
                                                     -6.696     9.020 r  cpuClk/inst/plle2_adv_inst/CLKOUT0
                         net (fo=1, routed)           1.451    10.471    cpuClk/inst/clk_out1_cpuclk
    BUFGCTRL_X0Y16       BUFG (Prop_bufg_I_O)         0.077    10.548 r  cpuClk/inst/clkout1_buf/O
                         net (fo=8490, routed)        1.234    11.782    mini_rv_u/If/IF_icache/u_cache/clk_out1
    SLICE_X47Y51         FDRE                                         r  mini_rv_u/If/IF_icache/u_cache/tag1_reg[30][15]/C
                         clock pessimism             -0.549    11.233    
                         clock uncertainty           -0.136    11.097    
    SLICE_X47Y51         FDRE (Setup_fdre_C_CE)      -0.168    10.929    mini_rv_u/If/IF_icache/u_cache/tag1_reg[30][15]
  -------------------------------------------------------------------
                         required time                         10.929    
                         arrival time                         -16.465    
  -------------------------------------------------------------------
                         slack                                 -5.536    





Min Delay Paths
--------------------------------------------------------------------------------------
Slack (MET) :             0.109ns  (arrival time - required time)
  Source:                 mini_rv_u/If/pre_fetch_pc_d_reg[26]/C
                            (rising edge-triggered cell FDCE clocked by clk_out1_cpuclk_1  {rise@0.000ns fall@6.667ns period=13.333ns})
  Destination:            mini_rv_u/If/if_buf_pc_reg[0][26]/D
                            (rising edge-triggered cell FDRE clocked by clk_out1_cpuclk_1  {rise@0.000ns fall@6.667ns period=13.333ns})
  Path Group:             clk_out1_cpuclk_1
  Path Type:              Hold (Min at Fast Process Corner)
  Requirement:            0.000ns  (clk_out1_cpuclk_1 rise@0.000ns - clk_out1_cpuclk_1 rise@0.000ns)
  Data Path Delay:        0.421ns  (logic 0.164ns (38.999%)  route 0.257ns (61.001%))
  Logic Levels:           0  
  Clock Path Skew:        0.241ns (DCD - SCD - CPR)
    Destination Clock Delay (DCD):    -0.348ns
    Source Clock Delay      (SCD):    -0.554ns
    Clock Pessimism Removal (CPR):    -0.035ns

    Location             Delay type                Incr(ns)  Path(ns)    Netlist Resource(s)
  -------------------------------------------------------------------    -------------------
                         (clock clk_out1_cpuclk_1 rise edge)
                                                      0.000     0.000 r  
    U18                                               0.000     0.000 r  clk (IN)
                         net (fo=0)                   0.000     0.000    cpuClk/inst/clk_in1
    U18                  IBUF (Prop_ibuf_I_O)         0.266     0.266 r  cpuClk/inst/clkin1_ibufg/O
                         net (fo=1, routed)           0.440     0.706    cpuClk/inst/clk_in1_cpuclk
    PLLE2_ADV_X1Y1       PLLE2_ADV (Prop_plle2_adv_CLKIN1_CLKOUT0)
                                                     -2.407    -1.700 r  cpuClk/inst/plle2_adv_inst/CLKOUT0
                         net (fo=1, routed)           0.544    -1.156    cpuClk/inst/clk_out1_cpuclk
    BUFGCTRL_X0Y16       BUFG (Prop_bufg_I_O)         0.026    -1.130 r  cpuClk/inst/clkout1_buf/O
                         net (fo=8490, routed)        0.577    -0.554    mini_rv_u/If/clk_out1
    SLICE_X54Y33         FDCE                                         r  mini_rv_u/If/pre_fetch_pc_d_reg[26]/C
  -------------------------------------------------------------------    -------------------
    SLICE_X54Y33         FDCE (Prop_fdce_C_Q)         0.164    -0.390 r  mini_rv_u/If/pre_fetch_pc_d_reg[26]/Q
                         net (fo=8, routed)           0.257    -0.133    mini_rv_u/If/pre_fetch_pc_d_reg_n_0_[26]
    SLICE_X48Y34         FDRE                                         r  mini_rv_u/If/if_buf_pc_reg[0][26]/D
  -------------------------------------------------------------------    -------------------

                         (clock clk_out1_cpuclk_1 rise edge)
                                                      0.000     0.000 r  
    U18                                               0.000     0.000 r  clk (IN)
                         net (fo=0)                   0.000     0.000    cpuClk/inst/clk_in1
    U18                  IBUF (Prop_ibuf_I_O)         0.454     0.454 r  cpuClk/inst/clkin1_ibufg/O
                         net (fo=1, routed)           0.481     0.935    cpuClk/inst/clk_in1_cpuclk
    PLLE2_ADV_X1Y1       PLLE2_ADV (Prop_plle2_adv_CLKIN1_CLKOUT0)
                                                     -2.727    -1.792 r  cpuClk/inst/plle2_adv_inst/CLKOUT0
                         net (fo=1, routed)           0.592    -1.200    cpuClk/inst/clk_out1_cpuclk
    BUFGCTRL_X0Y16       BUFG (Prop_bufg_I_O)         0.029    -1.171 r  cpuClk/inst/clkout1_buf/O
                         net (fo=8490, routed)        0.823    -0.348    mini_rv_u/If/clk_out1
    SLICE_X48Y34         FDRE                                         r  mini_rv_u/If/if_buf_pc_reg[0][26]/C
                         clock pessimism              0.035    -0.312    
    SLICE_X48Y34         FDRE (Hold_fdre_C_D)         0.070    -0.242    mini_rv_u/If/if_buf_pc_reg[0][26]
  -------------------------------------------------------------------
                         required time                          0.242    
                         arrival time                          -0.133    
  -------------------------------------------------------------------
                         slack                                  0.109    





Pulse Width Checks
--------------------------------------------------------------------------------------
Clock Name:         clk_out1_cpuclk_1
Waveform(ns):       { 0.000 6.667 }
Period(ns):         13.333
Sources:            { cpuClk/inst/plle2_adv_inst/CLKOUT0 }

Check Type        Corner  Lib Pin             Reference Pin  Required(ns)  Actual(ns)  Slack(ns)  Location        Pin
Min Period        n/a     RAMB36E1/CLKARDCLK  n/a            2.170         13.333      11.163     RAMB36_X4Y0     bus/interface_RAM/dRAM/RAM/U0/inst_blk_mem_gen/gnbram.gnativebmg.native_blk_mem_gen/valid.cstr/ramloop[0].ram.r/prim_noinit.ram/DEVICE_7SERIES.NO_BMM_INFO.SP.SIMPLE_PRIM36.ram/CLKARDCLK
Max Period        n/a     PLLE2_ADV/CLKOUT0   n/a            160.000       13.333      146.667    PLLE2_ADV_X1Y1  cpuClk/inst/plle2_adv_inst/CLKOUT0
Low Pulse Width   Slow    FDCE/C              n/a            0.500         6.667       6.167      SLICE_X72Y13    bus/gen_timer.interface_timer/timer_count_reg[0]/C
High Pulse Width  Slow    FDCE/C              n/a            0.500         6.667       6.167      SLICE_X72Y13    bus/gen_timer.interface_timer/timer_count_reg[0]/C



---------------------------------------------------------------------------------------------------
From Clock:  clkfbout_cpuclk_1
  To Clock:  clkfbout_cpuclk_1

Setup :           NA  Failing Endpoints,  Worst Slack           NA  ,  Total Violation           NA
Hold  :           NA  Failing Endpoints,  Worst Slack           NA  ,  Total Violation           NA
PW    :            0  Failing Endpoints,  Worst Slack       12.633ns,  Total Violation        0.000ns
---------------------------------------------------------------------------------------------------


Pulse Width Checks
--------------------------------------------------------------------------------------
Clock Name:         clkfbout_cpuclk_1
Waveform(ns):       { 0.000 20.000 }
Period(ns):         40.000
Sources:            { cpuClk/inst/plle2_adv_inst/CLKFBOUT }

Check Type  Corner  Lib Pin            Reference Pin  Required(ns)  Actual(ns)  Slack(ns)  Location        Pin
Min Period  n/a     BUFG/I             n/a            1.592         40.000      38.408     BUFGCTRL_X0Y17  cpuClk/inst/clkf_buf/I
Max Period  n/a     PLLE2_ADV/CLKFBIN  n/a            52.633        40.000      12.633     PLLE2_ADV_X1Y1  cpuClk/inst/plle2_adv_inst/CLKFBIN



