Branch predictor accuracy simulation start
mem file: D:/riscv32_pipeline_cache/riscv32_pipeline.ip_user_files/mem_init_files/coremark_uart.mem
cycle,pc_ex,pc_if,pc_id,actual_kind,actual_taken,predicted_taken,correct,risk_ctrl,bht_hit,btb_hit,bht_jump
11,0000001c,00000024,00000020,B,0,0,1,0,0,0,0
15,00000028,00000000,00000000,J,1,1,1,0,0,0,0
18,0000001c,00000024,00000020,B,0,0,1,0,0,0,0
22,00000028,00000000,00000000,J,1,1,1,0,0,0,0
25,0000001c,00000024,00000020,B,0,0,1,0,0,0,0
29,00000028,00000000,00000000,J,1,1,1,0,0,0,0
32,0000001c,00000024,00000020,B,0,0,1,0,0,0,0
36,00000028,00000000,00000000,J,1,1,1,0,0,0,0
39,0000001c,00000024,00000020,B,0,0,1,0,0,0,0
43,00000028,00000000,00000000,J,1,1,1,0,0,0,0
46,0000001c,00000024,00000020,B,0,0,1,0,0,0,0
50,00000028,00000000,00000000,J,1,1,1,0,0,0,0
53,0000001c,00000024,00000020,B,1,0,0,1,0,0,0
58,0000002c,00000000,00000000,J,1,1,1,0,0,0,0
104,00000880,000020c4,00000000,J,1,1,1,0,0,0,0
115,000020dc,00002474,00000000,J,1,1,1,0,0,0,0
162,000024d0,000024d8,000024d4,B,0,0,1,0,0,0,0
176,00002508,00002510,0000250c,B,0,0,1,0,0,0,0
185,0000251c,00000000,00000000,B,1,1,1,0,0,0,0
189,00002508,00002510,0000250c,B,0,0,1,0,0,0,0
198,0000251c,00000000,00000000,B,1,1,1,0,0,0,0
202,00002508,00002510,0000250c,B,0,0,1,0,0,0,0
211,0000251c,00000000,00000000,B,1,1,1,0,0,0,0
215,00002508,00002510,0000250c,B,0,0,1,0,0,0,0
224,0000251c,00000000,00000000,B,1,1,1,0,0,0,0
228,00002508,00002510,0000250c,B,0,0,1,0,0,0,0
237,0000251c,00000000,00000000,B,1,1,1,0,0,0,0
241,00002508,00002510,0000250c,B,0,0,1,0,0,0,0
250,0000251c,00000000,00000000,B,1,1,1,0,0,0,0
254,00002508,00002510,0000250c,B,0,0,1,0,0,0,0
263,0000251c,00000000,00000000,B,1,1,1,0,0,0,0
267,00002508,00002510,0000250c,B,0,0,1,0,0,0,0
276,0000251c,00000000,00000000,B,1,1,1,0,0,0,0
280,00002508,00002510,0000250c,B,0,0,1,0,0,0,0
289,0000251c,00000000,00000000,B,1,1,1,0,0,0,0
293,00002508,00002510,0000250c,B,0,0,1,0,0,0,0
302,0000251c,00000000,00000000,B,1,1,1,0,0,0,0
306,00002508,00002510,0000250c,B,0,0,1,0,0,0,0
315,0000251c,00000000,00000000,B,1,1,1,0,0,0,0
319,00002508,00002510,0000250c,B,0,0,1,0,0,0,0
328,0000251c,00000000,00000000,B,1,1,1,0,0,0,0
332,00002508,00002510,0000250c,B,0,0,1,0,0,0,0
341,0000251c,00000000,00000000,B,1,1,1,0,0,0,0
345,00002508,00002510,0000250c,B,0,0,1,0,0,0,0
354,0000251c,00000000,00000000,B,1,1,1,0,0,0,0
358,00002508,00002510,0000250c,B,0,0,1,0,0,0,0
367,0000251c,00000000,00000000,B,1,1,1,0,0,0,0
371,00002508,00002510,0000250c,B,0,0,1,0,0,0,0
380,0000251c,00000000,00000000,B,1,1,1,0,0,0,0
384,00002508,00002510,0000250c,B,0,0,1,0,0,0,0
393,0000251c,00000000,00000000,B,1,1,1,0,0,0,0
397,00002508,00002510,0000250c,B,0,0,1,0,0,0,0
406,0000251c,00000000,00000000,B,1,1,1,0,0,0,0
410,00002508,00002510,0000250c,B,0,0,1,0,0,0,0
419,0000251c,00000000,00000000,B,1,1,1,0,0,0,0
423,00002508,00002510,0000250c,B,0,0,1,0,0,0,0
432,0000251c,00000000,00000000,B,1,1,1,0,0,0,0
436,00002508,00002510,0000250c,B,0,0,1,0,0,0,0
445,0000251c,00000000,00000000,B,1,1,1,0,0,0,0
449,00002508,00002510,0000250c,B,0,0,1,0,0,0,0
458,0000251c,00000000,00000000,B,1,1,1,0,0,0,0
462,00002508,00002510,0000250c,B,0,0,1,0,0,0,0
471,0000251c,00000000,00000000,B,1,1,1,0,0,0,0
475,00002508,00002510,0000250c,B,0,0,1,0,0,0,0
484,0000251c,00000000,00000000,B,1,1,1,0,0,0,0
488,00002508,00002510,0000250c,B,0,0,1,0,0,0,0
497,0000251c,00000000,00000000,B,1,1,1,0,0,0,0
501,00002508,00002510,0000250c,B,0,0,1,0,0,0,0
510,0000251c,00000000,00000000,B,1,1,1,0,0,0,0
514,00002508,00002510,0000250c,B,0,0,1,0,0,0,0
523,0000251c,00000000,00000000,B,1,1,1,0,0,0,0
527,00002508,00002510,0000250c,B,0,0,1,0,0,0,0
536,0000251c,00000000,00000000,B,1,1,1,0,0,0,0
540,00002508,00002510,0000250c,B,0,0,1,0,0,0,0
549,0000251c,00000000,00000000,B,1,1,1,0,0,0,0
553,00002508,00002510,0000250c,B,0,0,1,0,0,0,0
562,0000251c,00000000,00000000,B,1,1,1,0,0,0,0
566,00002508,00002510,0000250c,B,0,0,1,0,0,0,0
575,0000251c,00000000,00000000,B,1,1,1,0,0,0,0
579,00002508,00002510,0000250c,B,0,0,1,0,0,0,0
588,0000251c,00000000,00000000,B,1,1,1,0,0,0,0
592,00002508,00002510,0000250c,B,0,0,1,0,0,0,0
601,0000251c,00000000,00000000,B,1,1,1,0,0,0,0
605,00002508,00002510,0000250c,B,0,0,1,0,0,0,0
614,0000251c,00000000,00000000,B,1,1,1,0,0,0,0
618,00002508,00002510,0000250c,B,0,0,1,0,0,0,0
627,0000251c,00000000,00000000,B,1,1,1,0,0,0,0
631,00002508,00002510,0000250c,B,0,0,1,0,0,0,0
640,0000251c,00000000,00000000,B,1,1,1,0,0,0,0
644,00002508,00002510,0000250c,B,0,0,1,0,0,0,0
653,0000251c,00000000,00000000,B,0,1,0,1,0,0,0
663,00002528,00002530,0000252c,B,0,0,1,0,0,0,0
670,0000253c,00002544,00002540,B,0,0,1,0,0,0,0
675,00002548,00000000,00000000,B,0,1,0,1,0,0,0
683,00002554,00000000,00000000,B,1,1,1,0,0,0,0
689,0000253c,00002544,00002540,B,1,0,0,1,0,0,0
695,00002668,00000000,00000000,J,1,1,1,0,0,0,0
705,00002440,00002448,00002444,B,0,0,1,0,0,0,0
711,00002450,00000000,00000000,B,0,1,0,1,0,0,0
723,00002464,0000246c,00002468,J,1,0,0,1,0,0,0
728,0000266c,00000000,00000000,J,1,1,1,0,0,0,0
735,00002548,00002550,0000254c,B,0,0,1,0,0,0,0
739,00002554,00000000,00000000,B,1,1,1,0,0,0,0
745,0000253c,00002544,00002540,B,0,0,1,0,0,0,0
750,00002548,00002550,0000254c,B,0,0,1,0,0,0,0
754,00002554,00000000,00000000,B,1,1,1,0,0,0,0
760,0000253c,00002544,00002540,B,0,0,1,0,0,0,0
765,00002548,00002550,0000254c,B,0,0,1,0,0,0,0
769,00002554,00000000,00000000,B,1,1,1,0,0,0,0
775,0000253c,00002544,00002540,B,0,0,1,0,0,0,0
780,00002548,00002550,0000254c,B,0,0,1,0,0,0,0
784,00002554,00000000,00000000,B,1,1,1,0,0,0,0
790,0000253c,00002544,00002540,B,0,0,1,0,0,0,0
795,00002548,00002550,0000254c,B,0,0,1,0,0,0,0
799,00002554,00000000,00000000,B,1,1,1,0,0,0,0
805,0000253c,00002544,00002540,B,0,0,1,0,0,0,0
810,00002548,00002550,0000254c,B,0,0,1,0,0,0,0
814,00002554,00000000,00000000,B,1,1,1,0,0,0,0
820,0000253c,00002544,00002540,B,0,0,1,0,0,0,0
825,00002548,00002550,0000254c,B,0,0,1,0,0,0,0
829,00002554,00000000,00000000,B,1,1,1,0,0,0,0
835,0000253c,00002544,00002540,B,0,0,1,0,0,0,0
840,00002548,00002550,0000254c,B,0,0,1,0,0,0,0
844,00002554,00000000,00000000,B,1,1,1,0,0,0,0
850,0000253c,00002544,00002540,B,0,0,1,0,0,0,0
855,00002548,00002550,0000254c,B,0,0,1,0,0,0,0
859,00002554,00000000,00000000,B,1,1,1,0,0,0,0
865,0000253c,00002544,00002540,B,0,0,1,0,0,0,0
870,00002548,00002550,0000254c,B,0,0,1,0,0,0,0
874,00002554,00000000,00000000,B,1,1,1,0,0,0,0
880,0000253c,00002544,00002540,B,0,0,1,0,0,0,0
885,00002548,00002550,0000254c,B,0,0,1,0,0,0,0
889,00002554,00000000,00000000,B,1,1,1,0,0,0,0
895,0000253c,00002544,00002540,B,0,0,1,0,0,0,0
900,00002548,00002550,0000254c,B,0,0,1,0,0,0,0
904,00002554,00000000,00000000,B,1,1,1,0,0,0,0
910,0000253c,00002544,00002540,B,0,0,1,0,0,0,0
915,00002548,00002550,0000254c,B,0,0,1,0,0,0,0
919,00002554,00000000,00000000,B,1,1,1,0,0,0,0
925,0000253c,00002544,00002540,B,0,0,1,0,0,0,0
930,00002548,00002550,0000254c,B,0,0,1,0,0,0,0
934,00002554,00000000,00000000,B,1,1,1,0,0,0,0
940,0000253c,00002544,00002540,B,0,0,1,0,0,0,0
945,00002548,00002550,0000254c,B,0,0,1,0,0,0,0
949,00002554,00000000,00000000,B,1,1,1,0,0,0,0
955,0000253c,00002544,00002540,B,0,0,1,0,0,0,0
960,00002548,00002550,0000254c,B,0,0,1,0,0,0,0
964,00002554,00000000,00000000,B,1,1,1,0,0,0,0
970,0000253c,00002544,00002540,B,0,0,1,0,0,0,0
975,00002548,00002550,0000254c,B,0,0,1,0,0,0,0
979,00002554,00000000,00000000,B,1,1,1,0,0,0,0
985,0000253c,00002544,00002540,B,0,0,1,0,0,0,0
990,00002548,00002550,0000254c,B,0,0,1,0,0,0,0
994,00002554,00000000,00000000,B,1,1,1,0,0,0,0
1000,0000253c,00002544,00002540,B,0,0,1,0,0,0,0
1005,00002548,00002550,0000254c,B,0,0,1,0,0,0,0
1009,00002554,00000000,00000000,B,1,1,1,0,0,0,0
1015,0000253c,00002544,00002540,B,0,0,1,0,0,0,0
1020,00002548,00002550,0000254c,B,0,0,1,0,0,0,0
1024,00002554,00000000,00000000,B,1,1,1,0,0,0,0
1030,0000253c,00002544,00002540,B,0,0,1,0,0,0,0
1035,00002548,00002550,0000254c,B,0,0,1,0,0,0,0
1039,00002554,00000000,00000000,B,1,1,1,0,0,0,0
1045,0000253c,00002544,00002540,B,0,0,1,0,0,0,0
1050,00002548,00002550,0000254c,B,0,0,1,0,0,0,0
1054,00002554,00000000,00000000,B,1,1,1,0,0,0,0
1060,0000253c,00002544,00002540,B,0,0,1,0,0,0,0
1065,00002548,00002550,0000254c,B,0,0,1,0,0,0,0
1069,00002554,00000000,00000000,B,1,1,1,0,0,0,0
1075,0000253c,00002544,00002540,B,0,0,1,0,0,0,0
1080,00002548,00002550,0000254c,B,0,0,1,0,0,0,0
1084,00002554,00000000,00000000,B,1,1,1,0,0,0,0
1090,0000253c,00002544,00002540,B,0,0,1,0,0,0,0
1095,00002548,00002550,0000254c,B,0,0,1,0,0,0,0
1099,00002554,00000000,00000000,B,1,1,1,0,0,0,0
1105,0000253c,00002544,00002540,B,0,0,1,0,0,0,0
1110,00002548,00002550,0000254c,B,0,0,1,0,0,0,0
1114,00002554,00000000,00000000,B,1,1,1,0,0,0,0
1120,0000253c,00002544,00002540,B,0,0,1,0,0,0,0
1125,00002548,00002550,0000254c,B,0,0,1,0,0,0,0
1129,00002554,00000000,00000000,B,1,1,1,0,0,0,0
1135,0000253c,00002544,00002540,B,0,0,1,0,0,0,0
1140,00002548,00002550,0000254c,B,0,0,1,0,0,0,0
1144,00002554,00000000,00000000,B,1,1,1,0,0,0,0
1150,0000253c,00002544,00002540,B,0,0,1,0,0,0,0
1155,00002548,00002550,0000254c,B,0,0,1,0,0,0,0
1159,00002554,00000000,00000000,B,1,1,1,0,0,0,0
1165,0000253c,00002544,00002540,B,0,0,1,0,0,0,0
1170,00002548,00002550,0000254c,B,0,0,1,0,0,0,0
1174,00002554,00000000,00000000,B,1,1,1,0,0,0,0
1180,0000253c,00002544,00002540,B,0,0,1,0,0,0,0
1185,00002548,00002550,0000254c,B,0,0,1,0,0,0,0
1189,00002554,00000000,00000000,B,1,1,1,0,0,0,0
1195,0000253c,00002544,00002540,B,0,0,1,0,0,0,0
1200,00002548,00002550,0000254c,B,0,0,1,0,0,0,0
1204,00002554,00000000,00000000,B,1,1,1,0,0,0,0
1210,0000253c,00002544,00002540,B,0,0,1,0,0,0,0
1215,00002548,00002550,0000254c,B,0,0,1,0,0,0,0
1219,00002554,00000000,00000000,B,1,1,1,0,0,0,0
1225,0000253c,00002544,00002540,B,0,0,1,0,0,0,0
1230,00002548,00002550,0000254c,B,0,0,1,0,0,0,0
1234,00002554,00000000,00000000,B,1,1,1,0,0,0,0
1240,0000253c,00002544,00002540,B,0,0,1,0,0,0,0
1245,00002548,00002550,0000254c,B,0,0,1,0,0,0,0
1249,00002554,00000000,00000000,B,1,1,1,0,0,0,0
1255,0000253c,00002544,00002540,B,1,0,0,1,0,0,0
1261,00002668,00000000,00000000,J,1,1,1,0,0,0,0
1271,00002440,00002448,00002444,B,0,0,1,0,0,0,0
1277,00002450,00002458,00002454,B,0,0,1,0,0,0,0
1285,00002464,00000000,00000000,J,1,1,1,0,0,0,0
1288,0000266c,00000000,00000000,J,1,1,1,0,0,0,0
1295,00002548,00002550,0000254c,B,0,0,1,0,0,0,0
1299,00002554,00000000,00000000,B,0,1,0,1,0,0,0
1331,00002590,00002598,00002594,J,1,0,0,1,0,0,0
1338,000020e8,00000000,00000000,J,1,1,1,0,0,0,0
1385,000024d0,000024d8,000024d4,B,0,0,1,0,0,0,0
1399,00002508,00002510,0000250c,B,0,0,1,0,0,0,0
1408,0000251c,00000000,00000000,B,1,1,1,0,0,0,0
1412,00002508,00002510,0000250c,B,0,0,1,0,0,0,0
1421,0000251c,00000000,00000000,B,1,1,1,0,0,0,0
1425,00002508,00002510,0000250c,B,0,0,1,0,0,0,0
1434,0000251c,00000000,00000000,B,1,1,1,0,0,0,0
1438,00002508,00002510,0000250c,B,0,0,1,0,0,0,0
1447,0000251c,00000000,00000000,B,1,1,1,0,0,0,0
1451,00002508,00002510,0000250c,B,0,0,1,0,0,0,0
1460,0000251c,00000000,00000000,B,1,1,1,0,0,0,0
1464,00002508,00002510,0000250c,B,0,0,1,0,0,0,0
1473,0000251c,00000000,00000000,B,1,1,1,0,0,0,0
1477,00002508,00002510,0000250c,B,0,0,1,0,0,0,0
1486,0000251c,00000000,00000000,B,1,1,1,0,0,0,0
1490,00002508,00002510,0000250c,B,0,0,1,0,0,0,0
1499,0000251c,00000000,00000000,B,1,1,1,0,0,0,0
1503,00002508,00002510,0000250c,B,0,0,1,0,0,0,0
1512,0000251c,00000000,00000000,B,1,1,1,0,0,0,0
1516,00002508,00002510,0000250c,B,0,0,1,0,0,0,0
1525,0000251c,00000000,00000000,B,1,1,1,0,0,0,0
1529,00002508,00002510,0000250c,B,0,0,1,0,0,0,0
1538,0000251c,00000000,00000000,B,1,1,1,0,0,0,0
1542,00002508,00002510,0000250c,B,0,0,1,0,0,0,0
1551,0000251c,00000000,00000000,B,1,1,1,0,0,0,0
1555,00002508,00002510,0000250c,B,0,0,1,0,0,0,0
1564,0000251c,00000000,00000000,B,1,1,1,0,0,0,0
1568,00002508,00002510,0000250c,B,0,0,1,0,0,0,0
1577,0000251c,00000000,00000000,B,1,1,1,0,0,0,0
1581,00002508,00002510,0000250c,B,0,0,1,0,0,0,0
1590,0000251c,00000000,00000000,B,1,1,1,0,0,0,0
1594,00002508,00002510,0000250c,B,0,0,1,0,0,0,0
1603,0000251c,00000000,00000000,B,1,1,1,0,0,0,0
1607,00002508,00002510,0000250c,B,0,0,1,0,0,0,0
1616,0000251c,00000000,00000000,B,1,1,1,0,0,0,0
1620,00002508,00002510,0000250c,B,0,0,1,0,0,0,0
1629,0000251c,00000000,00000000,B,1,1,1,0,0,0,0
1633,00002508,00002510,0000250c,B,0,0,1,0,0,0,0
1642,0000251c,00000000,00000000,B,1,1,1,0,0,0,0
1646,00002508,00002510,0000250c,B,0,0,1,0,0,0,0
1655,0000251c,00000000,00000000,B,1,1,1,0,0,0,0
1659,00002508,00002510,0000250c,B,0,0,1,0,0,0,0
1668,0000251c,00000000,00000000,B,1,1,1,0,0,0,0
1672,00002508,00002510,0000250c,B,0,0,1,0,0,0,0
1681,0000251c,00000000,00000000,B,1,1,1,0,0,0,0
1685,00002508,00002510,0000250c,B,0,0,1,0,0,0,0
1694,0000251c,00000000,00000000,B,1,1,1,0,0,0,0
1698,00002508,00002510,0000250c,B,0,0,1,0,0,0,0
1707,0000251c,00000000,00000000,B,1,1,1,0,0,0,0
1711,00002508,00002510,0000250c,B,0,0,1,0,0,0,0
1720,0000251c,00000000,00000000,B,1,1,1,0,0,0,0
1724,00002508,00002510,0000250c,B,0,0,1,0,0,0,0
1733,0000251c,00000000,00000000,B,1,1,1,0,0,0,0
1737,00002508,00002510,0000250c,B,0,0,1,0,0,0,0
1746,0000251c,00000000,00000000,B,1,1,1,0,0,0,0
1750,00002508,00002510,0000250c,B,0,0,1,0,0,0,0
1759,0000251c,00000000,00000000,B,1,1,1,0,0,0,0
1763,00002508,00002510,0000250c,B,0,0,1,0,0,0,0
1772,0000251c,00000000,00000000,B,1,1,1,0,0,0,0
1776,00002508,00002510,0000250c,B,0,0,1,0,0,0,0
1785,0000251c,00000000,00000000,B,1,1,1,0,0,0,0
1789,00002508,00002510,0000250c,B,0,0,1,0,0,0,0
1798,0000251c,00000000,00000000,B,1,1,1,0,0,0,0
1802,00002508,00002510,0000250c,B,0,0,1,0,0,0,0
1811,0000251c,00000000,00000000,B,1,1,1,0,0,0,0
1815,00002508,00002510,0000250c,B,0,0,1,0,0,0,0
1824,0000251c,00000000,00000000,B,0,1,0,1,0,0,0
1834,00002528,00002530,0000252c,B,0,0,1,0,0,0,0
1841,0000253c,00002544,00002540,B,0,0,1,0,0,0,0
1846,00002548,00002550,0000254c,B,0,0,1,0,0,0,0
1850,00002554,00000000,00000000,B,1,1,1,0,0,0,0
1856,0000253c,00002544,00002540,B,0,0,1,0,0,0,0
1861,00002548,00002550,0000254c,B,0,0,1,0,0,0,0
1865,00002554,00000000,00000000,B,1,1,1,0,0,0,0
1871,0000253c,00002544,00002540,B,0,0,1,0,0,0,0
1876,00002548,00002550,0000254c,B,0,0,1,0,0,0,0
1880,00002554,00000000,00000000,B,1,1,1,0,0,0,0
1886,0000253c,00002544,00002540,B,0,0,1,0,0,0,0
1891,00002548,00002550,0000254c,B,0,0,1,0,0,0,0
1895,00002554,00000000,00000000,B,1,1,1,0,0,0,0
1901,0000253c,00002544,00002540,B,0,0,1,0,0,0,0
1906,00002548,00002550,0000254c,B,0,0,1,0,0,0,0
1910,00002554,00000000,00000000,B,1,1,1,0,0,0,0
1916,0000253c,00002544,00002540,B,0,0,1,0,0,0,0
1921,00002548,00002550,0000254c,B,0,0,1,0,0,0,0
1925,00002554,00000000,00000000,B,1,1,1,0,0,0,0
1931,0000253c,00002544,00002540,B,0,0,1,0,0,0,0
1936,00002548,00002550,0000254c,B,0,0,1,0,0,0,0
1940,00002554,00000000,00000000,B,1,1,1,0,0,0,0
1946,0000253c,00002544,00002540,B,0,0,1,0,0,0,0
1951,00002548,00002550,0000254c,B,0,0,1,0,0,0,0
1955,00002554,00000000,00000000,B,1,1,1,0,0,0,0
1961,0000253c,00002544,00002540,B,0,0,1,0,0,0,0
1966,00002548,00002550,0000254c,B,0,0,1,0,0,0,0
1970,00002554,00000000,00000000,B,1,1,1,0,0,0,0
1976,0000253c,00002544,00002540,B,0,0,1,0,0,0,0
1981,00002548,00002550,0000254c,B,0,0,1,0,0,0,0
1985,00002554,00000000,00000000,B,1,1,1,0,0,0,0
1991,0000253c,00002544,00002540,B,0,0,1,0,0,0,0
1996,00002548,00002550,0000254c,B,0,0,1,0,0,0,0
2000,00002554,00000000,00000000,B,1,1,1,0,0,0,0
2006,0000253c,00002544,00002540,B,0,0,1,0,0,0,0
2011,00002548,00002550,0000254c,B,0,0,1,0,0,0,0
2015,00002554,00000000,00000000,B,1,1,1,0,0,0,0
2021,0000253c,00002544,00002540,B,0,0,1,0,0,0,0
2026,00002548,00002550,0000254c,B,0,0,1,0,0,0,0
2030,00002554,00000000,00000000,B,1,1,1,0,0,0,0
2036,0000253c,00002544,00002540,B,0,0,1,0,0,0,0
2041,00002548,00002550,0000254c,B,0,0,1,0,0,0,0
2045,00002554,00000000,00000000,B,1,1,1,0,0,0,0
2051,0000253c,00002544,00002540,B,0,0,1,0,0,0,0
2056,00002548,00002550,0000254c,B,0,0,1,0,0,0,0
2060,00002554,00000000,00000000,B,1,1,1,0,0,0,0
2066,0000253c,00002544,00002540,B,0,0,1,0,0,0,0
2071,00002548,00002550,0000254c,B,0,0,1,0,0,0,0
2075,00002554,00000000,00000000,B,1,1,1,0,0,0,0
2081,0000253c,00002544,00002540,B,0,0,1,0,0,0,0
2086,00002548,00002550,0000254c,B,0,0,1,0,0,0,0
2090,00002554,00000000,00000000,B,1,1,1,0,0,0,0
2096,0000253c,00002544,00002540,B,0,0,1,0,0,0,0
2101,00002548,00002550,0000254c,B,0,0,1,0,0,0,0
2105,00002554,00000000,00000000,B,1,1,1,0,0,0,0
2111,0000253c,00002544,00002540,B,0,0,1,0,0,0,0
2116,00002548,00002550,0000254c,B,0,0,1,0,0,0,0
2120,00002554,00000000,00000000,B,1,1,1,0,0,0,0
2126,0000253c,00002544,00002540,B,0,0,1,0,0,0,0
2131,00002548,00002550,0000254c,B,0,0,1,0,0,0,0
2135,00002554,00000000,00000000,B,1,1,1,0,0,0,0
2141,0000253c,00002544,00002540,B,0,0,1,0,0,0,0
2146,00002548,00002550,0000254c,B,0,0,1,0,0,0,0
2150,00002554,00000000,00000000,B,1,1,1,0,0,0,0
2156,0000253c,00002544,00002540,B,0,0,1,0,0,0,0
2161,00002548,00002550,0000254c,B,0,0,1,0,0,0,0
2165,00002554,00000000,00000000,B,1,1,1,0,0,0,0
2171,0000253c,00002544,00002540,B,0,0,1,0,0,0,0
2176,00002548,00002550,0000254c,B,0,0,1,0,0,0,0
2180,00002554,00000000,00000000,B,1,1,1,0,0,0,0
2186,0000253c,00002544,00002540,B,0,0,1,0,0,0,0
2191,00002548,00002550,0000254c,B,0,0,1,0,0,0,0
2195,00002554,00000000,00000000,B,1,1,1,0,0,0,0
2201,0000253c,00002544,00002540,B,0,0,1,0,0,0,0
2206,00002548,00002550,0000254c,B,0,0,1,0,0,0,0
2210,00002554,00000000,00000000,B,1,1,1,0,0,0,0
2216,0000253c,00002544,00002540,B,0,0,1,0,0,0,0
2221,00002548,00002550,0000254c,B,0,0,1,0,0,0,0
2225,00002554,00000000,00000000,B,1,1,1,0,0,0,0
2231,0000253c,00002544,00002540,B,0,0,1,0,0,0,0
2236,00002548,00002550,0000254c,B,0,0,1,0,0,0,0
2240,00002554,00000000,00000000,B,1,1,1,0,0,0,0
2246,0000253c,00002544,00002540,B,0,0,1,0,0,0,0
2251,00002548,00002550,0000254c,B,0,0,1,0,0,0,0
2255,00002554,00000000,00000000,B,1,1,1,0,0,0,0
2261,0000253c,00002544,00002540,B,0,0,1,0,0,0,0
2266,00002548,00002550,0000254c,B,0,0,1,0,0,0,0
2270,00002554,00000000,00000000,B,1,1,1,0,0,0,0
2276,0000253c,00002544,00002540,B,0,0,1,0,0,0,0
2281,00002548,00002550,0000254c,B,0,0,1,0,0,0,0
2285,00002554,00000000,00000000,B,1,1,1,0,0,0,0
2291,0000253c,00002544,00002540,B,0,0,1,0,0,0,0
2296,00002548,00002550,0000254c,B,0,0,1,0,0,0,0
2300,00002554,00000000,00000000,B,1,1,1,0,0,0,0
2306,0000253c,00002544,00002540,B,0,0,1,0,0,0,0
2311,00002548,00002550,0000254c,B,0,0,1,0,0,0,0
2315,00002554,00000000,00000000,B,1,1,1,0,0,0,0
2321,0000253c,00002544,00002540,B,1,0,0,1,0,0,0
2327,00002668,00000000,00000000,J,1,1,1,0,0,0,0
2337,00002440,00002448,00002444,B,0,0,1,0,0,0,0
2343,00002450,00002458,00002454,B,0,0,1,0,0,0,0
2351,00002464,00000000,00000000,J,1,1,1,0,0,0,0
2354,0000266c,00000000,00000000,J,1,1,1,0,0,0,0
2361,00002548,00002550,0000254c,B,0,0,1,0,0,0,0
2365,00002554,00000000,00000000,B,0,1,0,1,0,0,0
2397,00002590,00000000,00000000,J,1,1,0,1,0,0,0
2404,000020f4,00000000,00000000,J,1,1,1,0,0,0,0
2451,000024d0,000024d8,000024d4,B,0,0,1,0,0,0,0
2465,00002508,00002510,0000250c,B,0,0,1,0,0,0,0
2474,0000251c,00000000,00000000,B,1,1,1,0,0,0,0
2478,00002508,00002510,0000250c,B,0,0,1,0,0,0,0
2487,0000251c,00000000,00000000,B,1,1,1,0,0,0,0
2491,00002508,00002510,0000250c,B,0,0,1,0,0,0,0
2500,0000251c,00000000,00000000,B,1,1,1,0,0,0,0
2504,00002508,00002510,0000250c,B,0,0,1,0,0,0,0
2513,0000251c,00000000,00000000,B,1,1,1,0,0,0,0
2517,00002508,00002510,0000250c,B,0,0,1,0,0,0,0
2526,0000251c,00000000,00000000,B,1,1,1,0,0,0,0
2530,00002508,00002510,0000250c,B,0,0,1,0,0,0,0
2539,0000251c,00000000,00000000,B,1,1,1,0,0,0,0
2543,00002508,00002510,0000250c,B,0,0,1,0,0,0,0
2552,0000251c,00000000,00000000,B,1,1,1,0,0,0,0
2556,00002508,00002510,0000250c,B,0,0,1,0,0,0,0
2565,0000251c,00000000,00000000,B,1,1,1,0,0,0,0
2569,00002508,00002510,0000250c,B,0,0,1,0,0,0,0
2578,0000251c,00000000,00000000,B,1,1,1,0,0,0,0
2582,00002508,00002510,0000250c,B,0,0,1,0,0,0,0
2591,0000251c,00000000,00000000,B,1,1,1,0,0,0,0
2595,00002508,00002510,0000250c,B,0,0,1,0,0,0,0
2604,0000251c,00000000,00000000,B,1,1,1,0,0,0,0
2608,00002508,00002510,0000250c,B,0,0,1,0,0,0,0
2617,0000251c,00000000,00000000,B,1,1,1,0,0,0,0
2621,00002508,00002510,0000250c,B,0,0,1,0,0,0,0
2630,0000251c,00000000,00000000,B,1,1,1,0,0,0,0
2634,00002508,00002510,0000250c,B,0,0,1,0,0,0,0
2643,0000251c,00000000,00000000,B,1,1,1,0,0,0,0
2647,00002508,00002510,0000250c,B,0,0,1,0,0,0,0
2656,0000251c,00000000,00000000,B,1,1,1,0,0,0,0
2660,00002508,00002510,0000250c,B,0,0,1,0,0,0,0
2669,0000251c,00000000,00000000,B,1,1,1,0,0,0,0
2673,00002508,00002510,0000250c,B,0,0,1,0,0,0,0
2682,0000251c,00000000,00000000,B,1,1,1,0,0,0,0
2686,00002508,00002510,0000250c,B,0,0,1,0,0,0,0
2695,0000251c,00000000,00000000,B,1,1,1,0,0,0,0
2699,00002508,00002510,0000250c,B,0,0,1,0,0,0,0
2708,0000251c,00000000,00000000,B,1,1,1,0,0,0,0
2712,00002508,00002510,0000250c,B,0,0,1,0,0,0,0
2721,0000251c,00000000,00000000,B,1,1,1,0,0,0,0
2725,00002508,00002510,0000250c,B,0,0,1,0,0,0,0
2734,0000251c,00000000,00000000,B,1,1,1,0,0,0,0
2738,00002508,00002510,0000250c,B,0,0,1,0,0,0,0
2747,0000251c,00000000,00000000,B,1,1,1,0,0,0,0
2751,00002508,00002510,0000250c,B,0,0,1,0,0,0,0
2760,0000251c,00000000,00000000,B,1,1,1,0,0,0,0
2764,00002508,00002510,0000250c,B,0,0,1,0,0,0,0
2773,0000251c,00000000,00000000,B,0,1,0,1,0,0,0
2783,00002528,00002530,0000252c,B,0,0,1,0,0,0,0
2790,0000253c,00002544,00002540,B,0,0,1,0,0,0,0
2795,00002548,00002550,0000254c,B,0,0,1,0,0,0,0
2799,00002554,00000000,00000000,B,1,1,1,0,0,0,0
2805,0000253c,00002544,00002540,B,0,0,1,0,0,0,0
2810,00002548,00002550,0000254c,B,0,0,1,0,0,0,0
2814,00002554,00000000,00000000,B,1,1,1,0,0,0,0
2820,0000253c,00002544,00002540,B,0,0,1,0,0,0,0
2825,00002548,00002550,0000254c,B,0,0,1,0,0,0,0
2829,00002554,00000000,00000000,B,1,1,1,0,0,0,0
2835,0000253c,00002544,00002540,B,0,0,1,0,0,0,0
2840,00002548,00002550,0000254c,B,0,0,1,0,0,0,0
2844,00002554,00000000,00000000,B,1,1,1,0,0,0,0
2850,0000253c,00002544,00002540,B,0,0,1,0,0,0,0
2855,00002548,00002550,0000254c,B,0,0,1,0,0,0,0
2859,00002554,00000000,00000000,B,1,1,1,0,0,0,0
2865,0000253c,00002544,00002540,B,0,0,1,0,0,0,0
2870,00002548,00002550,0000254c,B,0,0,1,0,0,0,0
2874,00002554,00000000,00000000,B,1,1,1,0,0,0,0
2880,0000253c,00002544,00002540,B,0,0,1,0,0,0,0
2885,00002548,00002550,0000254c,B,0,0,1,0,0,0,0
2889,00002554,00000000,00000000,B,1,1,1,0,0,0,0
2895,0000253c,00002544,00002540,B,0,0,1,0,0,0,0
2900,00002548,00002550,0000254c,B,0,0,1,0,0,0,0
2904,00002554,00000000,00000000,B,1,1,1,0,0,0,0
2910,0000253c,00002544,00002540,B,0,0,1,0,0,0,0
2915,00002548,00002550,0000254c,B,0,0,1,0,0,0,0
2919,00002554,00000000,00000000,B,1,1,1,0,0,0,0
2925,0000253c,00002544,00002540,B,0,0,1,0,0,0,0
2930,00002548,00002550,0000254c,B,0,0,1,0,0,0,0
2934,00002554,00000000,00000000,B,1,1,1,0,0,0,0
2940,0000253c,00002544,00002540,B,0,0,1,0,0,0,0
2945,00002548,00002550,0000254c,B,0,0,1,0,0,0,0
2949,00002554,00000000,00000000,B,1,1,1,0,0,0,0
2955,0000253c,00002544,00002540,B,0,0,1,0,0,0,0
2960,00002548,00002550,0000254c,B,0,0,1,0,0,0,0
2964,00002554,00000000,00000000,B,1,1,1,0,0,0,0
2970,0000253c,00002544,00002540,B,0,0,1,0,0,0,0
2975,00002548,00002550,0000254c,B,0,0,1,0,0,0,0
2979,00002554,00000000,00000000,B,1,1,1,0,0,0,0
2985,0000253c,00002544,00002540,B,0,0,1,0,0,0,0
2990,00002548,00002550,0000254c,B,0,0,1,0,0,0,0
2994,00002554,00000000,00000000,B,1,1,1,0,0,0,0
3000,0000253c,00002544,00002540,B,0,0,1,0,0,0,0
3005,00002548,00002550,0000254c,B,0,0,1,0,0,0,0
3009,00002554,00000000,00000000,B,1,1,1,0,0,0,0
3015,0000253c,00002544,00002540,B,0,0,1,0,0,0,0
3020,00002548,00002550,0000254c,B,0,0,1,0,0,0,0
3024,00002554,00000000,00000000,B,1,1,1,0,0,0,0
3030,0000253c,00002544,00002540,B,0,0,1,0,0,0,0
3035,00002548,00002550,0000254c,B,0,0,1,0,0,0,0
3039,00002554,00000000,00000000,B,1,1,1,0,0,0,0
3045,0000253c,00002544,00002540,B,0,0,1,0,0,0,0
3050,00002548,00002550,0000254c,B,0,0,1,0,0,0,0
3054,00002554,00000000,00000000,B,1,1,1,0,0,0,0
3060,0000253c,00002544,00002540,B,0,0,1,0,0,0,0
3065,00002548,00002550,0000254c,B,0,0,1,0,0,0,0
3069,00002554,00000000,00000000,B,1,1,1,0,0,0,0
3075,0000253c,00002544,00002540,B,0,0,1,0,0,0,0
3080,00002548,00002550,0000254c,B,0,0,1,0,0,0,0
3084,00002554,00000000,00000000,B,1,1,1,0,0,0,0
3090,0000253c,00002544,00002540,B,0,0,1,0,0,0,0
3095,00002548,00002550,0000254c,B,0,0,1,0,0,0,0
3099,00002554,00000000,00000000,B,1,1,1,0,0,0,0
3105,0000253c,00002544,00002540,B,0,0,1,0,0,0,0
3110,00002548,00002550,0000254c,B,0,0,1,0,0,0,0
3114,00002554,00000000,00000000,B,1,1,1,0,0,0,0
3120,0000253c,00002544,00002540,B,0,0,1,0,0,0,0
3125,00002548,00002550,0000254c,B,0,0,1,0,0,0,0
3129,00002554,00000000,00000000,B,1,1,1,0,0,0,0
3135,0000253c,00002544,00002540,B,1,0,0,1,0,0,0
3141,00002668,00000000,00000000,J,1,1,1,0,0,0,0
3151,00002440,00002448,00002444,B,0,0,1,0,0,0,0
3157,00002450,00002458,00002454,B,0,0,1,0,0,0,0
3165,00002464,00000000,00000000,J,1,1,1,0,0,0,0
3168,0000266c,00000000,00000000,J,1,1,1,0,0,0,0
3175,00002548,00002550,0000254c,B,0,0,1,0,0,0,0
3179,00002554,00000000,00000000,B,0,1,0,1,0,0,0
3211,00002590,00000000,00000000,J,1,1,0,1,0,0,0
3218,00002100,00000000,00000000,J,1,1,1,0,0,0,0
3265,000024d0,000024d8,000024d4,B,0,0,1,0,0,0,0
3279,00002508,00002510,0000250c,B,0,0,1,0,0,0,0
3288,0000251c,00000000,00000000,B,1,1,1,0,0,0,0
3292,00002508,00002510,0000250c,B,0,0,1,0,0,0,0
3301,0000251c,00000000,00000000,B,1,1,1,0,0,0,0
3305,00002508,00002510,0000250c,B,0,0,1,0,0,0,0
3314,0000251c,00000000,00000000,B,1,1,1,0,0,0,0
3318,00002508,00002510,0000250c,B,0,0,1,0,0,0,0
3327,0000251c,00000000,00000000,B,1,1,1,0,0,0,0
3331,00002508,00002510,0000250c,B,0,0,1,0,0,0,0
3340,0000251c,00000000,00000000,B,1,1,1,0,0,0,0
3344,00002508,00002510,0000250c,B,0,0,1,0,0,0,0
3353,0000251c,00000000,00000000,B,1,1,1,0,0,0,0
3357,00002508,00002510,0000250c,B,0,0,1,0,0,0,0
3366,0000251c,00000000,00000000,B,1,1,1,0,0,0,0
3370,00002508,00002510,0000250c,B,0,0,1,0,0,0,0
3379,0000251c,00000000,00000000,B,1,1,1,0,0,0,0
3383,00002508,00002510,0000250c,B,0,0,1,0,0,0,0
3392,0000251c,00000000,00000000,B,1,1,1,0,0,0,0
3396,00002508,00002510,0000250c,B,0,0,1,0,0,0,0
3405,0000251c,00000000,00000000,B,1,1,1,0,0,0,0
3409,00002508,00002510,0000250c,B,0,0,1,0,0,0,0
3418,0000251c,00000000,00000000,B,1,1,1,0,0,0,0
3422,00002508,00002510,0000250c,B,0,0,1,0,0,0,0
3431,0000251c,00000000,00000000,B,1,1,1,0,0,0,0
3435,00002508,00002510,0000250c,B,0,0,1,0,0,0,0
3444,0000251c,00000000,00000000,B,1,1,1,0,0,0,0
3448,00002508,00002510,0000250c,B,0,0,1,0,0,0,0
3457,0000251c,00000000,00000000,B,1,1,1,0,0,0,0
3461,00002508,00002510,0000250c,B,0,0,1,0,0,0,0
3470,0000251c,00000000,00000000,B,1,1,1,0,0,0,0
3474,00002508,00002510,0000250c,B,0,0,1,0,0,0,0
3483,0000251c,00000000,00000000,B,1,1,1,0,0,0,0
3487,00002508,00002510,0000250c,B,0,0,1,0,0,0,0
3496,0000251c,00000000,00000000,B,1,1,1,0,0,0,0
3500,00002508,00002510,0000250c,B,0,0,1,0,0,0,0
3509,0000251c,00000000,00000000,B,1,1,1,0,0,0,0
3513,00002508,00002510,0000250c,B,0,0,1,0,0,0,0
3522,0000251c,00000000,00000000,B,1,1,1,0,0,0,0
3526,00002508,00002510,0000250c,B,0,0,1,0,0,0,0
3535,0000251c,00000000,00000000,B,1,1,1,0,0,0,0
3539,00002508,00002510,0000250c,B,0,0,1,0,0,0,0
3548,0000251c,00000000,00000000,B,1,1,1,0,0,0,0
3552,00002508,00002510,0000250c,B,0,0,1,0,0,0,0
3561,0000251c,00000000,00000000,B,1,1,1,0,0,0,0
3565,00002508,00002510,0000250c,B,0,0,1,0,0,0,0
3574,0000251c,00000000,00000000,B,1,1,1,0,0,0,0
3578,00002508,00002510,0000250c,B,0,0,1,0,0,0,0
3587,0000251c,00000000,00000000,B,1,1,1,0,0,0,0
3591,00002508,00002510,0000250c,B,0,0,1,0,0,0,0
3600,0000251c,00000000,00000000,B,1,1,1,0,0,0,0
3604,00002508,00002510,0000250c,B,0,0,1,0,0,0,0
3613,0000251c,00000000,00000000,B,1,1,1,0,0,0,0
3617,00002508,00002510,0000250c,B,0,0,1,0,0,0,0
3626,0000251c,00000000,00000000,B,1,1,1,0,0,0,0
3630,00002508,00002510,0000250c,B,0,0,1,0,0,0,0
3639,0000251c,00000000,00000000,B,1,1,1,0,0,0,0
3643,00002508,00002510,0000250c,B,0,0,1,0,0,0,0
3652,0000251c,00000000,00000000,B,1,1,1,0,0,0,0
3656,00002508,00002510,0000250c,B,0,0,1,0,0,0,0
3665,0000251c,00000000,00000000,B,1,1,1,0,0,0,0
3669,00002508,00002510,0000250c,B,0,0,1,0,0,0,0
3678,0000251c,00000000,00000000,B,1,1,1,0,0,0,0
3682,00002508,00002510,0000250c,B,0,0,1,0,0,0,0
3691,0000251c,00000000,00000000,B,1,1,1,0,0,0,0
3695,00002508,00002510,0000250c,B,0,0,1,0,0,0,0
3704,0000251c,00000000,00000000,B,1,1,1,0,0,0,0
3708,00002508,00002510,0000250c,B,0,0,1,0,0,0,0
3717,0000251c,00000000,00000000,B,1,1,1,0,0,0,0
3721,00002508,00002510,0000250c,B,0,0,1,0,0,0,0
3730,0000251c,00000000,00000000,B,1,1,1,0,0,0,0
3734,00002508,00002510,0000250c,B,0,0,1,0,0,0,0
3743,0000251c,00000000,00000000,B,1,1,1,0,0,0,0
3747,00002508,00002510,0000250c,B,0,0,1,0,0,0,0
3756,0000251c,00000000,00000000,B,1,1,1,0,0,0,0
3760,00002508,00002510,0000250c,B,0,0,1,0,0,0,0
3769,0000251c,00000000,00000000,B,1,1,1,0,0,0,0
3773,00002508,00002510,0000250c,B,0,0,1,0,0,0,0
3782,0000251c,00000000,00000000,B,1,1,1,0,0,0,0
3786,00002508,00002510,0000250c,B,0,0,1,0,0,0,0
3795,0000251c,00000000,00000000,B,1,1,1,0,0,0,0
3799,00002508,00002510,0000250c,B,0,0,1,0,0,0,0
3808,0000251c,00000000,00000000,B,0,1,0,1,0,0,0
3818,00002528,00002530,0000252c,B,0,0,1,0,0,0,0
3825,0000253c,00002544,00002540,B,0,0,1,0,0,0,0
3830,00002548,00002550,0000254c,B,0,0,1,0,0,0,0
3834,00002554,00000000,00000000,B,1,1,1,0,0,0,0
3840,0000253c,00002544,00002540,B,0,0,1,0,0,0,0
3845,00002548,00002550,0000254c,B,0,0,1,0,0,0,0
3849,00002554,00000000,00000000,B,1,1,1,0,0,0,0
3855,0000253c,00002544,00002540,B,0,0,1,0,0,0,0
3860,00002548,00002550,0000254c,B,0,0,1,0,0,0,0
3864,00002554,00000000,00000000,B,1,1,1,0,0,0,0
3870,0000253c,00002544,00002540,B,0,0,1,0,0,0,0
3875,00002548,00002550,0000254c,B,0,0,1,0,0,0,0
3879,00002554,00000000,00000000,B,1,1,1,0,0,0,0
3885,0000253c,00002544,00002540,B,0,0,1,0,0,0,0
3890,00002548,00002550,0000254c,B,0,0,1,0,0,0,0
3894,00002554,00000000,00000000,B,1,1,1,0,0,0,0
3900,0000253c,00002544,00002540,B,0,0,1,0,0,0,0
3905,00002548,00002550,0000254c,B,0,0,1,0,0,0,0
3909,00002554,00000000,00000000,B,1,1,1,0,0,0,0
3915,0000253c,00002544,00002540,B,0,0,1,0,0,0,0
3920,00002548,00002550,0000254c,B,0,0,1,0,0,0,0
3924,00002554,00000000,00000000,B,1,1,1,0,0,0,0
3930,0000253c,00002544,00002540,B,0,0,1,0,0,0,0
3935,00002548,00002550,0000254c,B,0,0,1,0,0,0,0
3939,00002554,00000000,00000000,B,1,1,1,0,0,0,0
3945,0000253c,00002544,00002540,B,0,0,1,0,0,0,0
3950,00002548,00002550,0000254c,B,0,0,1,0,0,0,0
3954,00002554,00000000,00000000,B,1,1,1,0,0,0,0
3960,0000253c,00002544,00002540,B,0,0,1,0,0,0,0
3965,00002548,00002550,0000254c,B,0,0,1,0,0,0,0
3969,00002554,00000000,00000000,B,1,1,1,0,0,0,0
3975,0000253c,00002544,00002540,B,0,0,1,0,0,0,0
3980,00002548,00002550,0000254c,B,0,0,1,0,0,0,0
3984,00002554,00000000,00000000,B,1,1,1,0,0,0,0
3990,0000253c,00002544,00002540,B,0,0,1,0,0,0,0
3995,00002548,00002550,0000254c,B,0,0,1,0,0,0,0
3999,00002554,00000000,00000000,B,1,1,1,0,0,0,0
4005,0000253c,00002544,00002540,B,0,0,1,0,0,0,0
4010,00002548,00002550,0000254c,B,0,0,1,0,0,0,0
4014,00002554,00000000,00000000,B,1,1,1,0,0,0,0
4020,0000253c,00002544,00002540,B,0,0,1,0,0,0,0
4025,00002548,00002550,0000254c,B,0,0,1,0,0,0,0
4029,00002554,00000000,00000000,B,1,1,1,0,0,0,0
4035,0000253c,00002544,00002540,B,0,0,1,0,0,0,0
4040,00002548,00002550,0000254c,B,0,0,1,0,0,0,0
4044,00002554,00000000,00000000,B,1,1,1,0,0,0,0
4050,0000253c,00002544,00002540,B,0,0,1,0,0,0,0
4055,00002548,00002550,0000254c,B,0,0,1,0,0,0,0
4059,00002554,00000000,00000000,B,1,1,1,0,0,0,0
4065,0000253c,00002544,00002540,B,0,0,1,0,0,0,0
4070,00002548,00002550,0000254c,B,0,0,1,0,0,0,0
4074,00002554,00000000,00000000,B,1,1,1,0,0,0,0
4080,0000253c,00002544,00002540,B,0,0,1,0,0,0,0
4085,00002548,00002550,0000254c,B,0,0,1,0,0,0,0
4089,00002554,00000000,00000000,B,1,1,1,0,0,0,0
4095,0000253c,00002544,00002540,B,0,0,1,0,0,0,0
4100,00002548,00002550,0000254c,B,0,0,1,0,0,0,0
4104,00002554,00000000,00000000,B,1,1,1,0,0,0,0
4110,0000253c,00002544,00002540,B,0,0,1,0,0,0,0
4115,00002548,00002550,0000254c,B,0,0,1,0,0,0,0
4119,00002554,00000000,00000000,B,1,1,1,0,0,0,0
4125,0000253c,00002544,00002540,B,0,0,1,0,0,0,0
4130,00002548,00002550,0000254c,B,0,0,1,0,0,0,0
4134,00002554,00000000,00000000,B,1,1,1,0,0,0,0
4140,0000253c,00002544,00002540,B,0,0,1,0,0,0,0
4145,00002548,00002550,0000254c,B,0,0,1,0,0,0,0
4149,00002554,00000000,00000000,B,1,1,1,0,0,0,0
4155,0000253c,00002544,00002540,B,0,0,1,0,0,0,0
4160,00002548,00002550,0000254c,B,0,0,1,0,0,0,0
4164,00002554,00000000,00000000,B,1,1,1,0,0,0,0
4170,0000253c,00002544,00002540,B,0,0,1,0,0,0,0
4175,00002548,00002550,0000254c,B,0,0,1,0,0,0,0
4179,00002554,00000000,00000000,B,1,1,1,0,0,0,0
4185,0000253c,00002544,00002540,B,0,0,1,0,0,0,0
4190,00002548,00002550,0000254c,B,0,0,1,0,0,0,0
4194,00002554,00000000,00000000,B,1,1,1,0,0,0,0
4200,0000253c,00002544,00002540,B,0,0,1,0,0,0,0
4205,00002548,00002550,0000254c,B,0,0,1,0,0,0,0
4209,00002554,00000000,00000000,B,1,1,1,0,0,0,0
4215,0000253c,00002544,00002540,B,0,0,1,0,0,0,0
4220,00002548,00002550,0000254c,B,0,0,1,0,0,0,0
4224,00002554,00000000,00000000,B,1,1,1,0,0,0,0
4230,0000253c,00002544,00002540,B,0,0,1,0,0,0,0
4235,00002548,00002550,0000254c,B,0,0,1,0,0,0,0
4239,00002554,00000000,00000000,B,1,1,1,0,0,0,0
4245,0000253c,00002544,00002540,B,0,0,1,0,0,0,0
4250,00002548,00002550,0000254c,B,0,0,1,0,0,0,0
4254,00002554,00000000,00000000,B,1,1,1,0,0,0,0
4260,0000253c,00002544,00002540,B,0,0,1,0,0,0,0
4265,00002548,00002550,0000254c,B,0,0,1,0,0,0,0
4269,00002554,00000000,00000000,B,1,1,1,0,0,0,0
4275,0000253c,00002544,00002540,B,0,0,1,0,0,0,0
4280,00002548,00002550,0000254c,B,0,0,1,0,0,0,0
4284,00002554,00000000,00000000,B,1,1,1,0,0,0,0
4290,0000253c,00002544,00002540,B,0,0,1,0,0,0,0
4295,00002548,00002550,0000254c,B,0,0,1,0,0,0,0
4299,00002554,00000000,00000000,B,1,1,1,0,0,0,0
4305,0000253c,00002544,00002540,B,0,0,1,0,0,0,0
4310,00002548,00002550,0000254c,B,0,0,1,0,0,0,0
4314,00002554,00000000,00000000,B,1,1,1,0,0,0,0
4320,0000253c,00002544,00002540,B,0,0,1,0,0,0,0
4325,00002548,00002550,0000254c,B,0,0,1,0,0,0,0
4329,00002554,00000000,00000000,B,1,1,1,0,0,0,0
4335,0000253c,00002544,00002540,B,0,0,1,0,0,0,0
4340,00002548,00002550,0000254c,B,0,0,1,0,0,0,0
4344,00002554,00000000,00000000,B,1,1,1,0,0,0,0
4350,0000253c,00002544,00002540,B,0,0,1,0,0,0,0
4355,00002548,00002550,0000254c,B,0,0,1,0,0,0,0
4359,00002554,00000000,00000000,B,1,1,1,0,0,0,0
4365,0000253c,00002544,00002540,B,0,0,1,0,0,0,0
4370,00002548,00002550,0000254c,B,0,0,1,0,0,0,0
4374,00002554,00000000,00000000,B,1,1,1,0,0,0,0
4380,0000253c,00002544,00002540,B,0,0,1,0,0,0,0
4385,00002548,00002550,0000254c,B,0,0,1,0,0,0,0
4389,00002554,00000000,00000000,B,1,1,1,0,0,0,0
4395,0000253c,00002544,00002540,B,0,0,1,0,0,0,0
4400,00002548,00002550,0000254c,B,0,0,1,0,0,0,0
4404,00002554,00000000,00000000,B,1,1,1,0,0,0,0
4410,0000253c,00002544,00002540,B,0,0,1,0,0,0,0
4415,00002548,00002550,0000254c,B,0,0,1,0,0,0,0
4419,00002554,00000000,00000000,B,1,1,1,0,0,0,0
4425,0000253c,00002544,00002540,B,1,0,0,1,0,0,0
4431,00002668,00000000,00000000,J,1,1,1,0,0,0,0
4441,00002440,00002448,00002444,B,0,0,1,0,0,0,0
4447,00002450,00002458,00002454,B,0,0,1,0,0,0,0
4455,00002464,00000000,00000000,J,1,1,1,0,0,0,0
4458,0000266c,00000000,00000000,J,1,1,1,0,0,0,0
4465,00002548,00002550,0000254c,B,0,0,1,0,0,0,0
4469,00002554,00000000,00000000,B,0,1,0,1,0,0,0
4501,00002590,00000000,00000000,J,1,1,0,1,0,0,0
4510,00002114,00000000,00000000,J,1,1,1,0,0,0,0
4557,000024d0,000024d8,000024d4,B,0,0,1,0,0,0,0
4571,00002508,00002510,0000250c,B,0,0,1,0,0,0,0
4580,0000251c,00000000,00000000,B,1,1,1,0,0,0,0
4584,00002508,00002510,0000250c,B,0,0,1,0,0,0,0
4593,0000251c,00000000,00000000,B,1,1,1,0,0,0,0
4597,00002508,00002510,0000250c,B,0,0,1,0,0,0,0
4606,0000251c,00000000,00000000,B,1,1,1,0,0,0,0
4610,00002508,00002510,0000250c,B,0,0,1,0,0,0,0
4619,0000251c,00000000,00000000,B,1,1,1,0,0,0,0
4623,00002508,00002510,0000250c,B,0,0,1,0,0,0,0
4632,0000251c,00000000,00000000,B,1,1,1,0,0,0,0
4636,00002508,00002510,0000250c,B,0,0,1,0,0,0,0
4645,0000251c,00000000,00000000,B,1,1,1,0,0,0,0
4649,00002508,00002510,0000250c,B,1,0,0,1,0,0,0
4661,000025ac,000025b4,000025b0,B,1,0,0,1,0,0,0
4669,000025ec,000025f4,000025f0,B,0,0,1,0,0,0,0
4672,000025f8,00002600,000025fc,B,0,0,1,0,0,0,0
4674,00002600,00002608,00002604,B,0,0,1,0,0,0,0
4677,0000260c,00002614,00002610,B,0,0,1,0,0,0,0
4681,0000261c,00002624,00002620,B,0,0,1,0,0,0,0
4688,00002630,00002638,00002634,J,1,0,0,1,0,0,0
4700,00002b9c,00000000,00000000,J,1,1,1,0,0,0,0
4703,00002734,00000000,00000000,J,1,1,1,0,0,0,0
4718,00002194,0000219c,00002198,B,0,0,1,0,0,0,0
4722,000021a4,000021ac,000021a8,B,0,0,1,0,0,0,1
4726,000021b4,000021bc,000021b8,B,1,0,0,1,0,0,0
4734,00002374,00000000,00000000,B,1,1,1,0,0,0,0
4737,000021c4,000021cc,000021c8,B,0,0,1,0,0,0,0
4739,000021cc,000021d4,000021d0,B,0,0,1,0,0,0,0
4742,000021d8,000021e0,000021dc,B,1,0,0,1,0,0,0
4747,000021e4,000021ec,000021e8,B,1,0,0,1,0,0,0
4752,000021fc,00002204,00002200,B,1,0,0,1,0,0,0
4759,00002398,00000000,00000000,J,1,1,1,0,0,0,0
4842,000023c4,0000239c,00000000,B,1,1,1,0,0,0,0
4926,000023c4,00000000,00000000,B,1,0,0,1,0,0,0
5012,000023c4,0000239c,00000000,B,1,1,1,0,0,0,0
5096,000023c4,0000239c,00000000,B,1,1,1,0,0,0,0
5180,000023c4,0000239c,00000000,B,1,1,1,0,0,0,0
5264,000023c4,0000239c,00000000,B,1,1,1,0,0,0,0
5348,000023c4,0000239c,00000000,B,1,1,1,0,0,0,0
5432,000023c4,00000000,00000000,B,0,1,0,1,0,0,0
5437,000023c8,00000000,00000000,J,1,1,1,0,0,0,0
5441,00002220,00002228,00002224,B,1,0,0,1,0,0,0
5448,00002230,00002238,00002234,B,0,0,1,0,0,0,0
5451,0000223c,00002244,00002240,B,1,0,0,1,0,0,0
5459,0000241c,00000000,00000000,J,1,1,1,0,0,0,0
5462,00002254,0000225c,00002258,B,1,0,0,1,0,0,0
5467,00002260,00002268,00002264,B,1,0,0,1,0,0,0
5472,00002274,0000227c,00002278,B,0,0,1,0,0,0,0
5475,00002280,00002288,00002284,B,1,0,0,1,0,0,0
5482,00002428,00000000,00000000,J,1,1,1,0,0,0,0
5488,000022c8,000022d0,000022cc,B,1,0,0,1,0,0,0
5494,0000240c,00000000,00000000,J,1,1,1,0,0,0,0
5500,000022e4,00000000,00000000,J,1,1,1,0,0,0,0
5512,00002304,00000000,00000000,B,1,1,1,0,0,0,0
5526,00002304,00000000,00000000,B,1,1,1,0,0,0,0
5540,00002304,00000000,00000000,B,1,1,1,0,0,0,0
5554,00002304,00000000,00000000,B,1,1,1,0,0,0,0
5568,00002304,00000000,00000000,B,1,1,1,0,0,0,0
5582,00002304,00000000,00000000,B,1,1,1,0,0,0,0
5596,00002304,00000000,00000000,B,1,1,1,0,0,0,0
5610,00002304,00000000,00000000,B,0,1,0,1,0,0,0
5616,0000230c,00002314,00002310,B,1,0,0,1,0,0,0
5630,0000235c,00002364,00002360,J,1,0,0,1,0,0,0
5638,00002740,00000000,00000000,B,1,1,1,0,0,0,0
5642,00002508,00002510,0000250c,B,0,0,1,0,0,0,0
5651,0000251c,00000000,00000000,B,1,1,1,0,0,0,0
5655,00002508,00002510,0000250c,B,0,0,1,0,0,0,0
5664,0000251c,00000000,00000000,B,1,1,1,0,0,0,0
5668,00002508,00002510,0000250c,B,0,0,1,0,0,0,0
5677,0000251c,00000000,00000000,B,1,1,1,0,0,0,0
5681,00002508,00002510,0000250c,B,0,0,1,0,0,0,0
5690,0000251c,00000000,00000000,B,1,1,1,0,0,0,0
5694,00002508,00002510,0000250c,B,0,0,1,0,0,0,0
5703,0000251c,00000000,00000000,B,0,1,0,1,0,0,0
5713,00002528,00002530,0000252c,B,0,0,1,0,0,0,0
5720,0000253c,00002544,00002540,B,0,0,1,0,0,0,0
5725,00002548,00002550,0000254c,B,0,0,1,0,0,0,0
5729,00002554,00000000,00000000,B,1,1,1,0,0,0,0
5735,0000253c,00002544,00002540,B,0,0,1,0,0,0,0
5740,00002548,00002550,0000254c,B,0,0,1,0,0,0,0
5744,00002554,00000000,00000000,B,1,1,1,0,0,0,0
5750,0000253c,00002544,00002540,B,0,0,1,0,0,0,0
5755,00002548,00002550,0000254c,B,0,0,1,0,0,0,0
5759,00002554,00000000,00000000,B,1,1,1,0,0,0,0
5765,0000253c,00002544,00002540,B,0,0,1,0,0,0,0
5770,00002548,00002550,0000254c,B,0,0,1,0,0,0,0
5774,00002554,00000000,00000000,B,1,1,1,0,0,0,0
5780,0000253c,00002544,00002540,B,0,0,1,0,0,0,0
5785,00002548,00002550,0000254c,B,0,0,1,0,0,0,0
5789,00002554,00000000,00000000,B,1,1,1,0,0,0,0
5795,0000253c,00002544,00002540,B,0,0,1,0,0,0,0
5800,00002548,00002550,0000254c,B,0,0,1,0,0,0,0
5804,00002554,00000000,00000000,B,1,1,1,0,0,0,0
5810,0000253c,00002544,00002540,B,0,0,1,0,0,0,0
5815,00002548,00002550,0000254c,B,0,0,1,0,0,0,0
5819,00002554,00000000,00000000,B,1,1,1,0,0,0,0
5825,0000253c,00002544,00002540,B,0,0,1,0,0,0,0
5830,00002548,00002550,0000254c,B,0,0,1,0,0,0,0
5834,00002554,00000000,00000000,B,1,1,1,0,0,0,0
5840,0000253c,00002544,00002540,B,0,0,1,0,0,0,0
5845,00002548,00002550,0000254c,B,0,0,1,0,0,0,0
5849,00002554,00000000,00000000,B,1,1,1,0,0,0,0
5855,0000253c,00002544,00002540,B,0,0,1,0,0,0,0
5860,00002548,00002550,0000254c,B,0,0,1,0,0,0,0
5864,00002554,00000000,00000000,B,1,1,1,0,0,0,0
5870,0000253c,00002544,00002540,B,0,0,1,0,0,0,0
5875,00002548,00002550,0000254c,B,0,0,1,0,0,0,0
5879,00002554,00000000,00000000,B,1,1,1,0,0,0,0
5885,0000253c,00002544,00002540,B,0,0,1,0,0,0,0
5890,00002548,00002550,0000254c,B,0,0,1,0,0,0,0
5894,00002554,00000000,00000000,B,1,1,1,0,0,0,0
5900,0000253c,00002544,00002540,B,0,0,1,0,0,0,0
5905,00002548,00002550,0000254c,B,0,0,1,0,0,0,0
5909,00002554,00000000,00000000,B,1,1,1,0,0,0,0
5915,0000253c,00002544,00002540,B,0,0,1,0,0,0,0
5920,00002548,00002550,0000254c,B,0,0,1,0,0,0,0
5924,00002554,00000000,00000000,B,1,1,1,0,0,0,0
5930,0000253c,00002544,00002540,B,0,0,1,0,0,0,0
5935,00002548,00002550,0000254c,B,0,0,1,0,0,0,0
5939,00002554,00000000,00000000,B,1,1,1,0,0,0,0
5945,0000253c,00002544,00002540,B,0,0,1,0,0,0,0
5950,00002548,00002550,0000254c,B,0,0,1,0,0,0,0
5954,00002554,00000000,00000000,B,1,1,1,0,0,0,0
5960,0000253c,00002544,00002540,B,0,0,1,0,0,0,0
5965,00002548,00002550,0000254c,B,0,0,1,0,0,0,0
5969,00002554,00000000,00000000,B,1,1,1,0,0,0,0
5975,0000253c,00002544,00002540,B,0,0,1,0,0,0,0
5980,00002548,00002550,0000254c,B,0,0,1,0,0,0,0
5984,00002554,00000000,00000000,B,1,1,1,0,0,0,0
5990,0000253c,00002544,00002540,B,1,0,0,1,0,0,0
5996,00002668,00000000,00000000,J,1,1,1,0,0,0,0
6006,00002440,00002448,00002444,B,0,0,1,0,0,0,0
6012,00002450,00002458,00002454,B,0,0,1,0,0,0,0
6020,00002464,0000246c,00002468,J,1,0,0,1,0,0,0
6025,0000266c,00000000,00000000,J,1,1,1,0,0,0,0
6032,00002548,00002550,0000254c,B,0,0,1,0,0,0,0
6036,00002554,00000000,00000000,B,0,1,0,1,0,0,0
6068,00002590,00000000,00000000,J,1,1,0,1,0,0,0
6075,00002120,00000000,00000000,J,1,1,1,0,0,0,0
6122,000024d0,000024d8,000024d4,B,0,0,1,0,0,0,0
6136,00002508,00002510,0000250c,B,0,0,1,0,0,0,0
6145,0000251c,00000000,00000000,B,1,1,1,0,0,0,0
6149,00002508,00002510,0000250c,B,0,0,1,0,0,0,0
6158,0000251c,00000000,00000000,B,1,1,1,0,0,0,0
6162,00002508,00002510,0000250c,B,0,0,1,0,0,0,0
6171,0000251c,00000000,00000000,B,1,1,1,0,0,0,0
6175,00002508,00002510,0000250c,B,0,0,1,0,0,0,0
6184,0000251c,00000000,00000000,B,1,1,1,0,0,0,0
6188,00002508,00002510,0000250c,B,0,0,1,0,0,0,0
6197,0000251c,00000000,00000000,B,1,1,1,0,0,0,0
6201,00002508,00002510,0000250c,B,0,0,1,0,0,0,0
6210,0000251c,00000000,00000000,B,1,1,1,0,0,0,0
6214,00002508,00002510,0000250c,B,0,0,1,0,0,0,0
6223,0000251c,00000000,00000000,B,1,1,1,0,0,0,0
6227,00002508,00002510,0000250c,B,0,0,1,0,0,0,0
6236,0000251c,00000000,00000000,B,1,1,1,0,0,0,0
6240,00002508,00002510,0000250c,B,0,0,1,0,0,0,0
6249,0000251c,00000000,00000000,B,1,1,1,0,0,0,0
6253,00002508,00002510,0000250c,B,0,0,1,0,0,0,0
6262,0000251c,00000000,00000000,B,1,1,1,0,0,0,0
6266,00002508,00002510,0000250c,B,0,0,1,0,0,0,0
6275,0000251c,00000000,00000000,B,1,1,1,0,0,0,0
6279,00002508,00002510,0000250c,B,0,0,1,0,0,0,0
6288,0000251c,00000000,00000000,B,1,1,1,0,0,0,0
6292,00002508,00002510,0000250c,B,0,0,1,0,0,0,0
6301,0000251c,00000000,00000000,B,1,1,1,0,0,0,0
6305,00002508,00002510,0000250c,B,0,0,1,0,0,0,0
6314,0000251c,00000000,00000000,B,1,1,1,0,0,0,0
6318,00002508,00002510,0000250c,B,0,0,1,0,0,0,0
6327,0000251c,00000000,00000000,B,1,1,1,0,0,0,0
6331,00002508,00002510,0000250c,B,0,0,1,0,0,0,0
6340,0000251c,00000000,00000000,B,1,1,1,0,0,0,0
6344,00002508,00002510,0000250c,B,0,0,1,0,0,0,0
6353,0000251c,00000000,00000000,B,1,1,1,0,0,0,0
6357,00002508,00002510,0000250c,B,0,0,1,0,0,0,0
6366,0000251c,00000000,00000000,B,1,1,1,0,0,0,0
6370,00002508,00002510,0000250c,B,0,0,1,0,0,0,0
6379,0000251c,00000000,00000000,B,1,1,1,0,0,0,0
6383,00002508,00002510,0000250c,B,0,0,1,0,0,0,0
6392,0000251c,00000000,00000000,B,1,1,1,0,0,0,0
6396,00002508,00002510,0000250c,B,0,0,1,0,0,0,0
6405,0000251c,00000000,00000000,B,1,1,1,0,0,0,0
6409,00002508,00002510,0000250c,B,0,0,1,0,0,0,0
6418,0000251c,00000000,00000000,B,1,1,1,0,0,0,0
6422,00002508,00002510,0000250c,B,0,0,1,0,0,0,0
6431,0000251c,00000000,00000000,B,1,1,1,0,0,0,0
6435,00002508,00002510,0000250c,B,0,0,1,0,0,0,0
6444,0000251c,00000000,00000000,B,1,1,1,0,0,0,0
6448,00002508,00002510,0000250c,B,0,0,1,0,0,0,0
6457,0000251c,00000000,00000000,B,1,1,1,0,0,0,0
6461,00002508,00002510,0000250c,B,0,0,1,0,0,0,0
6470,0000251c,00000000,00000000,B,1,1,1,0,0,0,0
6474,00002508,00002510,0000250c,B,0,0,1,0,0,0,0
6483,0000251c,00000000,00000000,B,1,1,1,0,0,0,0
6487,00002508,00002510,0000250c,B,0,0,1,0,0,0,0
6496,0000251c,00000000,00000000,B,1,1,1,0,0,0,0
6500,00002508,00002510,0000250c,B,0,0,1,0,0,0,0
6509,0000251c,00000000,00000000,B,1,1,1,0,0,0,0
6513,00002508,00002510,0000250c,B,0,0,1,0,0,0,0
6522,0000251c,00000000,00000000,B,1,1,1,0,0,0,0
6526,00002508,00002510,0000250c,B,0,0,1,0,0,0,0
6535,0000251c,00000000,00000000,B,1,1,1,0,0,0,0
6539,00002508,00002510,0000250c,B,0,0,1,0,0,0,0
6548,0000251c,00000000,00000000,B,1,1,1,0,0,0,0
6552,00002508,00002510,0000250c,B,0,0,1,0,0,0,0
6561,0000251c,00000000,00000000,B,1,1,1,0,0,0,0
6565,00002508,00002510,0000250c,B,0,0,1,0,0,0,0
6574,0000251c,00000000,00000000,B,1,1,1,0,0,0,0
6578,00002508,00002510,0000250c,B,0,0,1,0,0,0,0
6587,0000251c,00000000,00000000,B,0,1,0,1,0,0,0
6597,00002528,00002530,0000252c,B,0,0,1,0,0,0,0
6604,0000253c,00002544,00002540,B,0,0,1,0,0,0,0
6609,00002548,00002550,0000254c,B,0,0,1,0,0,0,0
6613,00002554,00000000,00000000,B,1,1,1,0,0,0,0
6619,0000253c,00002544,00002540,B,0,0,1,0,0,0,0
6624,00002548,00002550,0000254c,B,0,0,1,0,0,0,0
6628,00002554,00000000,00000000,B,1,1,1,0,0,0,0
6634,0000253c,00002544,00002540,B,0,0,1,0,0,0,0
6639,00002548,00002550,0000254c,B,0,0,1,0,0,0,0
6643,00002554,00000000,00000000,B,1,1,1,0,0,0,0
6649,0000253c,00002544,00002540,B,0,0,1,0,0,0,0
6654,00002548,00002550,0000254c,B,0,0,1,0,0,0,0
6658,00002554,00000000,00000000,B,1,1,1,0,0,0,0
6664,0000253c,00002544,00002540,B,0,0,1,0,0,0,0
6669,00002548,00002550,0000254c,B,0,0,1,0,0,0,0
6673,00002554,00000000,00000000,B,1,1,1,0,0,0,0
6679,0000253c,00002544,00002540,B,0,0,1,0,0,0,0
6684,00002548,00002550,0000254c,B,0,0,1,0,0,0,0
6688,00002554,00000000,00000000,B,1,1,1,0,0,0,0
6694,0000253c,00002544,00002540,B,0,0,1,0,0,0,0
6699,00002548,00002550,0000254c,B,0,0,1,0,0,0,0
6703,00002554,00000000,00000000,B,1,1,1,0,0,0,0
6709,0000253c,00002544,00002540,B,0,0,1,0,0,0,0
6714,00002548,00002550,0000254c,B,0,0,1,0,0,0,0
6718,00002554,00000000,00000000,B,1,1,1,0,0,0,0
6724,0000253c,00002544,00002540,B,0,0,1,0,0,0,0
6729,00002548,00002550,0000254c,B,0,0,1,0,0,0,0
6733,00002554,00000000,00000000,B,1,1,1,0,0,0,0
6739,0000253c,00002544,00002540,B,0,0,1,0,0,0,0
6744,00002548,00002550,0000254c,B,0,0,1,0,0,0,0
6748,00002554,00000000,00000000,B,1,1,1,0,0,0,0
6754,0000253c,00002544,00002540,B,0,0,1,0,0,0,0
6759,00002548,00002550,0000254c,B,0,0,1,0,0,0,0
6763,00002554,00000000,00000000,B,1,1,1,0,0,0,0
6769,0000253c,00002544,00002540,B,0,0,1,0,0,0,0
6774,00002548,00002550,0000254c,B,0,0,1,0,0,0,0
6778,00002554,00000000,00000000,B,1,1,1,0,0,0,0
6784,0000253c,00002544,00002540,B,0,0,1,0,0,0,0
6789,00002548,00002550,0000254c,B,0,0,1,0,0,0,0
6793,00002554,00000000,00000000,B,1,1,1,0,0,0,0
6799,0000253c,00002544,00002540,B,0,0,1,0,0,0,0
6804,00002548,00002550,0000254c,B,0,0,1,0,0,0,0
6808,00002554,00000000,00000000,B,1,1,1,0,0,0,0
6814,0000253c,00002544,00002540,B,0,0,1,0,0,0,0
6819,00002548,00002550,0000254c,B,0,0,1,0,0,0,0
6823,00002554,00000000,00000000,B,1,1,1,0,0,0,0
6829,0000253c,00002544,00002540,B,0,0,1,0,0,0,0
6834,00002548,00002550,0000254c,B,0,0,1,0,0,0,0
6838,00002554,00000000,00000000,B,1,1,1,0,0,0,0
6844,0000253c,00002544,00002540,B,0,0,1,0,0,0,0
6849,00002548,00002550,0000254c,B,0,0,1,0,0,0,0
6853,00002554,00000000,00000000,B,1,1,1,0,0,0,0
6859,0000253c,00002544,00002540,B,0,0,1,0,0,0,0
6864,00002548,00002550,0000254c,B,0,0,1,0,0,0,0
6868,00002554,00000000,00000000,B,1,1,1,0,0,0,0
6874,0000253c,00002544,00002540,B,0,0,1,0,0,0,0
6879,00002548,00002550,0000254c,B,0,0,1,0,0,0,0
6883,00002554,00000000,00000000,B,1,1,1,0,0,0,0
6889,0000253c,00002544,00002540,B,0,0,1,0,0,0,0
6894,00002548,00002550,0000254c,B,0,0,1,0,0,0,0
6898,00002554,00000000,00000000,B,1,1,1,0,0,0,0
6904,0000253c,00002544,00002540,B,0,0,1,0,0,0,0
6909,00002548,00002550,0000254c,B,0,0,1,0,0,0,0
6913,00002554,00000000,00000000,B,1,1,1,0,0,0,0
6919,0000253c,00002544,00002540,B,0,0,1,0,0,0,0
6924,00002548,00002550,0000254c,B,0,0,1,0,0,0,0
6928,00002554,00000000,00000000,B,1,1,1,0,0,0,0
6934,0000253c,00002544,00002540,B,0,0,1,0,0,0,0
6939,00002548,00002550,0000254c,B,0,0,1,0,0,0,0
6943,00002554,00000000,00000000,B,1,1,1,0,0,0,0
6949,0000253c,00002544,00002540,B,0,0,1,0,0,0,0
6954,00002548,00002550,0000254c,B,0,0,1,0,0,0,0
6958,00002554,00000000,00000000,B,1,1,1,0,0,0,0
6964,0000253c,00002544,00002540,B,0,0,1,0,0,0,0
6969,00002548,00002550,0000254c,B,0,0,1,0,0,0,0
6973,00002554,00000000,00000000,B,1,1,1,0,0,0,0
6979,0000253c,00002544,00002540,B,0,0,1,0,0,0,0
6984,00002548,00002550,0000254c,B,0,0,1,0,0,0,0
6988,00002554,00000000,00000000,B,1,1,1,0,0,0,0
6994,0000253c,00002544,00002540,B,0,0,1,0,0,0,0
6999,00002548,00002550,0000254c,B,0,0,1,0,0,0,0
7003,00002554,00000000,00000000,B,1,1,1,0,0,0,0
7009,0000253c,00002544,00002540,B,0,0,1,0,0,0,0
7014,00002548,00002550,0000254c,B,0,0,1,0,0,0,0
7018,00002554,00000000,00000000,B,1,1,1,0,0,0,0
7024,0000253c,00002544,00002540,B,0,0,1,0,0,0,0
7029,00002548,00002550,0000254c,B,0,0,1,0,0,0,0
7033,00002554,00000000,00000000,B,1,1,1,0,0,0,0
7039,0000253c,00002544,00002540,B,0,0,1,0,0,0,0
7044,00002548,00002550,0000254c,B,0,0,1,0,0,0,0
7048,00002554,00000000,00000000,B,1,1,1,0,0,0,0
7054,0000253c,00002544,00002540,B,0,0,1,0,0,0,0
7059,00002548,00002550,0000254c,B,0,0,1,0,0,0,0
7063,00002554,00000000,00000000,B,1,1,1,0,0,0,0
7069,0000253c,00002544,00002540,B,0,0,1,0,0,0,0
7074,00002548,00002550,0000254c,B,0,0,1,0,0,0,0
7078,00002554,00000000,00000000,B,1,1,1,0,0,0,0
7084,0000253c,00002544,00002540,B,0,0,1,0,0,0,0
7089,00002548,00002550,0000254c,B,0,0,1,0,0,0,0
7093,00002554,00000000,00000000,B,1,1,1,0,0,0,0
7099,0000253c,00002544,00002540,B,0,0,1,0,0,0,0
7104,00002548,00002550,0000254c,B,0,0,1,0,0,0,0
7108,00002554,00000000,00000000,B,1,1,1,0,0,0,0
7114,0000253c,00002544,00002540,B,1,0,0,1,0,0,0
7120,00002668,00000000,00000000,J,1,1,1,0,0,0,0
7130,00002440,00002448,00002444,B,0,0,1,0,0,0,0
7136,00002450,00002458,00002454,B,0,0,1,0,0,0,0
7144,00002464,00000000,00000000,J,1,1,1,0,0,0,0
7147,0000266c,00000000,00000000,J,1,1,1,0,0,0,0
7154,00002548,00002550,0000254c,B,0,0,1,0,0,0,0
7158,00002554,00000000,00000000,B,0,1,0,1,0,0,0
7190,00002590,00000000,00000000,J,1,1,0,1,0,0,0
7205,00002138,00002140,0000213c,J,1,0,0,1,0,0,1
7211,00000888,00000000,00000000,J,1,1,1,0,0,0,0
7215,00001f44,00001f4c,00001f48,B,0,0,1,0,0,0,0
7224,00001f60,00001f68,00001f64,J,1,0,0,1,0,0,0
7233,00001f7c,00000000,00000000,J,1,0,0,1,0,0,0
7246,00000898,00000000,00000000,J,1,1,1,0,0,0,0
7250,00001f44,00001f4c,00001f48,B,0,0,1,0,0,0,0
7259,00001f60,00000000,00000000,J,1,1,0,1,0,0,0
7268,00001f8c,00000000,00000000,J,1,0,0,1,0,0,0
7281,000008a8,00000000,00000000,J,1,1,1,0,0,0,0
7285,00001f44,00001f4c,00001f48,B,0,0,1,0,0,0,0
7294,00001f60,00000000,00000000,J,1,1,0,1,0,0,0
7303,00001f9c,00000000,00000000,J,1,0,0,1,0,0,0
7316,000008b8,00000000,00000000,J,1,1,1,0,0,0,0
7320,00001f44,00001f4c,00001f48,B,0,0,1,0,0,0,0
7329,00001f60,00000000,00000000,J,1,1,0,1,0,0,0
7337,00001fa8,00000000,00000000,J,1,0,0,1,0,0,0
7345,000008c4,00000000,00000000,J,1,1,1,0,0,0,0
7349,00001f44,00001f4c,00001f48,B,0,0,1,0,0,0,0
7358,00001f60,00000000,00000000,J,1,1,0,1,0,0,0
7366,00001f6c,00000000,00000000,J,1,0,0,1,0,0,0
7371,000008c8,000008d0,000008cc,B,1,0,0,1,0,0,0
7379,00001040,000008d0,00000000,J,1,1,1,0,0,0,0
7393,000008f0,000008f8,000008f4,B,0,0,1,0,0,0,0
7400,000008fc,00000904,00000900,B,0,0,1,0,0,0,1
BRANCH_ACC_SUMMARY cycles=2000000 total=1080 correct=1020 fail=60 acc=94.44% b_total=1012 b_acc=96.15% j_total=68 j_acc=69.12%
