Vivado Simulator v2021.2
Copyright 1986-1999, 2001-2021 Xilinx, Inc. All Rights Reserved.
Running: F:/Xilinx/Vivado/2021.2/bin/unwrapped/win64.o/xelab.exe --incr --debug typical --relax --mt 2 -L xil_defaultlib -L dist_mem_gen_v8_0_13 -L unisims_ver -L unimacro_ver -L secureip -L xpm --snapshot tb_rv32um_verbose_behav xil_defaultlib.tb_rv32um_verbose xil_defaultlib.glbl -log elaborate_rv32um_verbose.log 
Using 2 slave threads.
Starting static elaboration
Pass Through NonSizing Optimizer
Completed static elaboration
Starting simulation data flow analysis
Completed simulation data flow analysis
Time Resolution for simulation is 1ps
Compiling module xil_defaultlib.BHT
Compiling module xil_defaultlib.BTB
Compiling module xil_defaultlib.BranchPredictor
Compiling module xil_defaultlib.NPC
Compiling module xil_defaultlib.BranchCTRL
Compiling module dist_mem_gen_v8_0_13.dist_mem_gen_v8_0_13(C_FAMILY="z...
Compiling module xil_defaultlib.inst_mem
Compiling module xil_defaultlib.InstMem
Compiling module xil_defaultlib.IF
Compiling module xil_defaultlib.IF_ID
Compiling module xil_defaultlib.EX_IF
Compiling module xil_defaultlib.InstDivider
Compiling module xil_defaultlib.ALUope
Compiling module xil_defaultlib.CTRL
Compiling module xil_defaultlib.RegFile
Compiling module xil_defaultlib.ImmGen
Compiling module xil_defaultlib.ID
Compiling module xil_defaultlib.ID_EX
Compiling module xil_defaultlib.ALU
Compiling module xil_defaultlib.COMP
Compiling module xil_defaultlib.multiplier_16c
Compiling module xil_defaultlib.divider_32c
Compiling module xil_defaultlib.EX
Compiling module xil_defaultlib.EX_MEM
Compiling module xil_defaultlib.MEM
Compiling module xil_defaultlib.MEM_WB
Compiling module xil_defaultlib.WB
Compiling module xil_defaultlib.ForwardingUnit
Compiling module xil_defaultlib.ExceptionCTRL
Compiling module xil_defaultlib.mini_rv
Compiling module xil_defaultlib.tb_rv32um_verbose
Compiling module xil_defaultlib.glbl
Built simulation snapshot tb_rv32um_verbose_behav
