#-----------------------------------------------------------
# xsim v2021.2 (64-bit)
# SW Build 3367213 on Tue Oct 19 02:48:09 MDT 2021
# IP Build 3369179 on Thu Oct 21 08:25:16 MDT 2021
# Start of session at: Sat May  2 01:44:11 2026
# Process ID: 12852
# Current directory: D:/riscv32_pipeline/riscv32_pipeline.sim/sim_1/behav/xsim
# Command line: xsim.exe -log rv32um-p-divu_xsim.log -mode tcl -source {xsim.dir/tb_rv32um_verbose_behav/xsim_script.tcl}
# Log file: D:/riscv32_pipeline/riscv32_pipeline.sim/sim_1/behav/xsim/rv32um-p-divu_xsim.log
# Journal file: D:/riscv32_pipeline/riscv32_pipeline.sim/sim_1/behav/xsim\xsim.jou
# Running On: WDDdLaptop, OS: Windows, CPU Frequency: 3194 MHz, CPU Physical cores: 16, Host memory: 16366 MB
#-----------------------------------------------------------
source xsim.dir/tb_rv32um_verbose_behav/xsim_script.tcl
# xsim {tb_rv32um_verbose_behav} -autoloadwcfg -runall
Time resolution is 1 ps
run -all
WARNING: This core is supplied with a behavioral model. To model cycle-accurate behavior you must run timing simulation.
START official_test.mem
RESULT TIMEOUT pc=007a11c4 mem_addr=00000000 mem_we=0 mem_wd=00000000
$finish called at time : 20 ms : File "D:/riscv32_pipeline/riscv32_pipeline.sim/sim_1/behav/xsim/tb_rv32um_verbose.v" Line 106
run: Time (s): cpu = 00:00:04 ; elapsed = 00:01:55 . Memory (MB): peak = 1158.734 ; gain = 481.969
exit
INFO: xsimkernel Simulation Memory Usage: 12200 KB (Peak: 12200 KB), Simulation CPU Usage: 113843 ms
INFO: [Common 17-206] Exiting xsim at Sat May  2 01:46:08 2026...
