#-----------------------------------------------------------
# xsim v2021.2 (64-bit)
# SW Build 3367213 on Tue Oct 19 02:48:09 MDT 2021
# IP Build 3369179 on Thu Oct 21 08:25:16 MDT 2021
# Start of session at: Sat May  2 00:26:04 2026
# Process ID: 27324
# Current directory: D:/riscv32_pipeline/riscv32_pipeline.sim/sim_1/behav/xsim
# Command line: xsim.exe -log rv32ui-p-ma_data_fullwave.log -mode tcl -source {xsim.dir/tb_official_batch_behav/xsim_script.tcl}
# Log file: D:/riscv32_pipeline/riscv32_pipeline.sim/sim_1/behav/xsim/rv32ui-p-ma_data_fullwave.log
# Journal file: D:/riscv32_pipeline/riscv32_pipeline.sim/sim_1/behav/xsim\xsim.jou
# Running On: WDDdLaptop, OS: Windows, CPU Frequency: 3194 MHz, CPU Physical cores: 16, Host memory: 16366 MB
#-----------------------------------------------------------
source xsim.dir/tb_official_batch_behav/xsim_script.tcl
# xsim {tb_official_batch_behav} -wdb {rv32ui-p-ma_data_fullwave.wdb} -autoloadwcfg -tclbatch {run_wave_all.tcl}
Time resolution is 1 ps
source run_wave_all.tcl
## log_wave -recursive /*
## run all
WARNING: This core is supplied with a behavioral model. To model cycle-accurate behavior you must run timing simulation.
START official_test.mem
RESULT FAIL code=00000002 pc=00000624 wb_reg=6 wb_value=00000002 time=735000
$finish called at time : 735 ns : File "D:/riscv32_pipeline/riscv32_pipeline.sim/sim_1/behav/xsim/tb_official_batch.v" Line 73
## quit
INFO: [Common 17-206] Exiting xsim at Sat May  2 00:26:06 2026...
