#-----------------------------------------------------------
# xsim v2021.2 (64-bit)
# SW Build 3367213 on Tue Oct 19 02:48:09 MDT 2021
# IP Build 3369179 on Thu Oct 21 08:25:16 MDT 2021
# Start of session at: Sat May  2 02:01:46 2026
# Process ID: 8240
# Current directory: D:/riscv32_pipeline/riscv32_pipeline.sim/sim_1/behav/xsim
# Command line: xsim.exe -log rv32ui_add_regression_xsim.log -mode tcl -source {xsim.dir/tb_official_add_behav/xsim_script.tcl}
# Log file: D:/riscv32_pipeline/riscv32_pipeline.sim/sim_1/behav/xsim/rv32ui_add_regression_xsim.log
# Journal file: D:/riscv32_pipeline/riscv32_pipeline.sim/sim_1/behav/xsim\xsim.jou
# Running On: WDDdLaptop, OS: Windows, CPU Frequency: 3194 MHz, CPU Physical cores: 16, Host memory: 16366 MB
#-----------------------------------------------------------
source xsim.dir/tb_official_add_behav/xsim_script.tcl
# xsim {tb_official_add_behav} -autoloadwcfg -runall
Time resolution is 1 ps
run -all
WARNING: This core is supplied with a behavioral model. To model cycle-accurate behavior you must run timing simulation.
>>> official simulation started: D:/riscv32_pipeline/riscv32_pipeline.ip_user_files/mem_init_files/rv32ui-p-add_nocsr.mem
>>> PASS: rv32ui-p-add passed. time=5245000 pc=000005cc
$finish called at time : 5245 ns : File "D:/riscv32_pipeline/riscv32_pipeline.srcs/sim_1/new/tb_official_add.v" Line 82
exit
INFO: [Common 17-206] Exiting xsim at Sat May  2 02:01:49 2026...
