#-----------------------------------------------------------
# xsim v2021.2 (64-bit)
# SW Build 3367213 on Tue Oct 19 02:48:09 MDT 2021
# IP Build 3369179 on Thu Oct 21 08:25:16 MDT 2021
# Start of session at: Fri May  1 23:14:42 2026
# Process ID: 2360
# Current directory: D:/riscv32_pipeline/riscv32_pipeline.sim/sim_1/behav/xsim
# Command line: xsim.exe -log simulate_official_plus_beq.log -mode tcl -source {xsim.dir/tb_official_plus_behav/xsim_script.tcl}
# Log file: D:/riscv32_pipeline/riscv32_pipeline.sim/sim_1/behav/xsim/simulate_official_plus_beq.log
# Journal file: D:/riscv32_pipeline/riscv32_pipeline.sim/sim_1/behav/xsim\xsim.jou
# Running On: WDDdLaptop, OS: Windows, CPU Frequency: 3194 MHz, CPU Physical cores: 16, Host memory: 16366 MB
#-----------------------------------------------------------
source xsim.dir/tb_official_plus_behav/xsim_script.tcl
# xsim {tb_official_plus_behav} -autoloadwcfg -tclbatch {run_all_coremark.tcl}
Time resolution is 1 ps
source run_all_coremark.tcl
## run all
WARNING: This core is supplied with a behavioral model. To model cycle-accurate behavior you must run timing simulation.
>>> Reset released, official test starts. mem=                                                                                                               official_test.mem
!!! TIMEOUT: pc=00000000 mem_addr=00000000 mem_we=0 mem_wd=00000000
$finish called at time : 20 ms : File "D:/riscv32_pipeline/riscv32_pipeline.sim/sim_1/behav/xsim/tb_official_plus.v" Line 76
run: Time (s): cpu = 00:00:04 ; elapsed = 00:00:43 . Memory (MB): peak = 1157.520 ; gain = 480.840
xsim: Time (s): cpu = 00:00:04 ; elapsed = 00:00:44 . Memory (MB): peak = 1157.520 ; gain = 513.629
INFO: xsimkernel Simulation Memory Usage: 12076 KB (Peak: 12076 KB), Simulation CPU Usage: 42593 ms
INFO: [Common 17-206] Exiting xsim at Fri May  1 23:15:27 2026...
