#-----------------------------------------------------------
# xsim v2021.2 (64-bit)
# SW Build 3367213 on Tue Oct 19 02:48:09 MDT 2021
# IP Build 3369179 on Thu Oct 21 08:25:16 MDT 2021
# Start of session at: Fri May  1 22:31:05 2026
# Process ID: 30384
# Current directory: D:/riscv32_pipeline/riscv32_pipeline.sim/sim_1/behav/xsim
# Command line: xsim.exe -log simulate_official_check.log -mode tcl -source {xsim.dir/tb_official_check_behav/xsim_script.tcl}
# Log file: D:/riscv32_pipeline/riscv32_pipeline.sim/sim_1/behav/xsim/simulate_official_check.log
# Journal file: D:/riscv32_pipeline/riscv32_pipeline.sim/sim_1/behav/xsim\xsim.jou
# Running On: WDDdLaptop, OS: Windows, CPU Frequency: 3194 MHz, CPU Physical cores: 16, Host memory: 16366 MB
#-----------------------------------------------------------
source xsim.dir/tb_official_check_behav/xsim_script.tcl
# xsim {tb_official_check_behav} -autoloadwcfg -tclbatch {run_all_coremark.tcl}
Time resolution is 1 ps
source run_all_coremark.tcl
## run all
WARNING: This core is supplied with a behavioral model. To model cycle-accurate behavior you must run timing simulation.
>>> Reset released, official rv32ui-p-add starts running...
!!! FAILED: Official Test Error. code=00000002 time=1855000 pc=000005b8 wb_reg=6 wb_value=00000002
$finish called at time : 1855 ns : File "D:/riscv32_pipeline/riscv32_pipeline.sim/sim_1/behav/xsim/tb_official_check.v" Line 67
INFO: [Common 17-206] Exiting xsim at Fri May  1 22:31:07 2026...
