#-----------------------------------------------------------
# xsim v2021.2 (64-bit)
# SW Build 3367213 on Tue Oct 19 02:48:09 MDT 2021
# IP Build 3369179 on Thu Oct 21 08:25:16 MDT 2021
# Start of session at: Fri May  1 23:04:19 2026
# Process ID: 4960
# Current directory: D:/riscv32_pipeline/riscv32_pipeline.sim/sim_1/behav/xsim
# Command line: xsim.exe -log simulate_official_trace_after_flush.log -mode tcl -source {xsim.dir/tb_official_trace_behav/xsim_script.tcl}
# Log file: D:/riscv32_pipeline/riscv32_pipeline.sim/sim_1/behav/xsim/simulate_official_trace_after_flush.log
# Journal file: D:/riscv32_pipeline/riscv32_pipeline.sim/sim_1/behav/xsim\xsim.jou
# Running On: WDDdLaptop, OS: Windows, CPU Frequency: 3194 MHz, CPU Physical cores: 16, Host memory: 16366 MB
#-----------------------------------------------------------
source xsim.dir/tb_official_trace_behav/xsim_script.tcl
# xsim {tb_official_trace_behav} -autoloadwcfg -tclbatch {run_all_coremark.tcl}
Time resolution is 1 ps
source run_all_coremark.tcl
## run all
WARNING: This core is supplied with a behavioral model. To model cycle-accurate behavior you must run timing simulation.
>>> trace start
T=1605000 IDpc=00000294 EXpc=00000290 MEMpc=zzzzzzzz WBpc=00000288 instID=30761e63 rsEX=0/25 wrEX=7 wrMEM=12 wrWB=12 weMEM/WB=1/1 mux=0/0 f=00000000/00000000 cmpA=00000290 cmpB=00000000 comp=10 pcctrl=0000 risk=0 wb=1 r12=0000000b mem=0 00000019 00000000
T=1615000 IDpc=00000298 EXpc=00000294 MEMpc=zzzzzzzz WBpc=0000028c instID=01300193 rsEX=12/7 wrEX=28 wrMEM=7 wrWB=12 weMEM/WB=1/1 mux=1/1 f=00000019/00000019 cmpA=00000019 cmpB=00000019 comp=00 pcctrl=0101 risk=0 wb=1 r12=00000019 mem=0 00000019 00000000
T=1625000 IDpc=0000029c EXpc=00000298 MEMpc=zzzzzzzz WBpc=00000290 instID=00d00593 rsEX=0/19 wrEX=3 wrMEM=28 wrWB=7 weMEM/WB=0/1 mux=0/0 f=00000000/00000000 cmpA=00000298 cmpB=00000000 comp=10 pcctrl=0000 risk=0 wb=1 r7=00000019 mem=0 000005b0 00000019
T=1635000 IDpc=000002a0 EXpc=0000029c MEMpc=zzzzzzzz WBpc=00000294 instID=00b585b3 rsEX=0/13 wrEX=11 wrMEM=3 wrWB=28 weMEM/WB=1/0 mux=0/0 f=00000000/00000000 cmpA=0000029c cmpB=00000000 comp=10 pcctrl=0000 risk=0 wb=0 r28=000005b0 mem=0 00000013 00000000
T=1645000 IDpc=000002a4 EXpc=000002a0 MEMpc=zzzzzzzz WBpc=00000298 instID=01a00393 rsEX=11/11 wrEX=11 wrMEM=11 wrWB=3 weMEM/WB=1/1 mux=1/1 f=0000000d/0000000d cmpA=000002a0 cmpB=00000000 comp=10 pcctrl=0000 risk=0 wb=1 r3=00000013 mem=0 0000000d 00000000
T=1655000 IDpc=000002a8 EXpc=000002a4 MEMpc=zzzzzzzz WBpc=0000029c instID=30759463 rsEX=0/26 wrEX=7 wrMEM=11 wrWB=11 weMEM/WB=1/1 mux=0/0 f=00000000/00000000 cmpA=000002a4 cmpB=00000000 comp=10 pcctrl=0000 risk=0 wb=1 r11=0000000d mem=0 0000001a 00000000
T=1665000 IDpc=000002ac EXpc=000002a8 MEMpc=zzzzzzzz WBpc=000002a0 instID=01400193 rsEX=11/7 wrEX=8 wrMEM=7 wrWB=11 weMEM/WB=1/1 mux=1/1 f=0000001a/0000001a cmpA=0000001a cmpB=0000001a comp=00 pcctrl=0101 risk=0 wb=1 r11=0000001a mem=0 0000001a 00000000
T=1675000 IDpc=000002b0 EXpc=000002ac MEMpc=zzzzzzzz WBpc=000002a4 instID=00000213 rsEX=0/20 wrEX=3 wrMEM=8 wrWB=7 weMEM/WB=0/1 mux=0/0 f=00000000/00000000 cmpA=000002ac cmpB=00000000 comp=10 pcctrl=0000 risk=0 wb=1 r7=0000001a mem=0 000005b0 0000001a
T=1685000 IDpc=000002b4 EXpc=000002b0 MEMpc=zzzzzzzz WBpc=000002a8 instID=00d00093 rsEX=0/0 wrEX=4 wrMEM=3 wrWB=8 weMEM/WB=1/0 mux=0/0 f=00000000/00000000 cmpA=000002b0 cmpB=00000000 comp=10 pcctrl=0000 risk=0 wb=0 r8=000005b0 mem=0 00000014 00000000
T=1695000 IDpc=000002b8 EXpc=000002b4 MEMpc=zzzzzzzz WBpc=000002ac instID=00b00113 rsEX=0/13 wrEX=1 wrMEM=4 wrWB=3 weMEM/WB=1/1 mux=0/0 f=00000000/00000000 cmpA=000002b4 cmpB=00000000 comp=10 pcctrl=0000 risk=0 wb=1 r3=00000014 mem=0 00000000 00000000
T=1705000 IDpc=000002bc EXpc=000002b8 MEMpc=zzzzzzzz WBpc=000002b0 instID=00208733 rsEX=0/11 wrEX=2 wrMEM=1 wrWB=4 weMEM/WB=1/1 mux=0/0 f=00000000/00000000 cmpA=000002b8 cmpB=0000001a comp=10 pcctrl=0000 risk=0 wb=1 r4=00000000 mem=0 0000000d 00000000
T=1715000 IDpc=000002c0 EXpc=000002bc MEMpc=zzzzzzzz WBpc=000002b4 instID=00070313 rsEX=1/2 wrEX=14 wrMEM=2 wrWB=1 weMEM/WB=1/1 mux=1/1 f=0000000d/0000000b cmpA=000002bc cmpB=00000000 comp=10 pcctrl=0000 risk=0 wb=1 r1=0000000d mem=0 0000000b 1a000000
T=1725000 IDpc=000002c4 EXpc=000002c0 MEMpc=zzzzzzzz WBpc=000002b8 instID=00120213 rsEX=14/0 wrEX=6 wrMEM=14 wrWB=2 weMEM/WB=1/1 mux=1/0 f=00000018/00000000 cmpA=000002c0 cmpB=00000000 comp=10 pcctrl=0000 risk=0 wb=1 r2=0000000b mem=0 00000018 00000000
T=1735000 IDpc=000002c8 EXpc=000002c4 MEMpc=zzzzzzzz WBpc=000002bc instID=00200293 rsEX=4/1 wrEX=4 wrMEM=6 wrWB=14 weMEM/WB=1/1 mux=0/0 f=00000000/00000000 cmpA=000002c4 cmpB=0000000d comp=10 pcctrl=0000 risk=0 wb=1 r14=00000018 mem=0 00000018 00000000
T=1745000 IDpc=000002cc EXpc=000002c8 MEMpc=zzzzzzzz WBpc=000002c0 instID=fe5214e3 rsEX=0/2 wrEX=5 wrMEM=4 wrWB=6 weMEM/WB=1/1 mux=0/0 f=00000000/00000000 cmpA=000002c8 cmpB=0000000b comp=10 pcctrl=0000 risk=0 wb=1 r6=00000018 mem=0 00000001 00000d00
T=1755000 IDpc=000002d0 EXpc=000002cc MEMpc=zzzzzzzz WBpc=000002c4 instID=01800393 rsEX=4/5 wrEX=9 wrMEM=5 wrWB=4 weMEM/WB=1/1 mux=1/1 f=00000001/00000002 cmpA=00000001 cmpB=00000002 comp=01 pcctrl=0101 risk=1 wb=1 r4=00000001 mem=0 00000002 000b0000
T=1765000 IDpc=00000000 EXpc=00000000 MEMpc=zzzzzzzz WBpc=000002c8 instID=00000013 rsEX=0/0 wrEX=0 wrMEM=9 wrWB=5 weMEM/WB=0/1 mux=0/0 f=00000000/00000000 cmpA=00000000 cmpB=00000000 comp=00 pcctrl=0000 risk=0 wb=1 r5=00000002 mem=0 000002b4 00000002
T=1775000 IDpc=00000000 EXpc=00000000 MEMpc=zzzzzzzz WBpc=000002cc instID=00000013 rsEX=0/0 wrEX=0 wrMEM=0 wrWB=9 weMEM/WB=0/0 mux=0/0 f=00000000/00000000 cmpA=00000000 cmpB=00000000 comp=00 pcctrl=0000 risk=0 wb=0 r9=000002b4 mem=0 00000000 00000000
T=1785000 IDpc=000002b4 EXpc=00000000 MEMpc=zzzzzzzz WBpc=00000000 instID=00d00093 rsEX=0/0 wrEX=0 wrMEM=0 wrWB=0 weMEM/WB=1/0 mux=0/0 f=00000000/00000000 cmpA=00000000 cmpB=00000000 comp=00 pcctrl=0000 risk=0 wb=0 r0=00000004 mem=0 00000000 00000000
T=1795000 IDpc=000002b8 EXpc=000002b4 MEMpc=zzzzzzzz WBpc=00000000 instID=00b00113 rsEX=0/13 wrEX=1 wrMEM=0 wrWB=0 weMEM/WB=1/1 mux=0/0 f=00000000/00000000 cmpA=000002b4 cmpB=00000000 comp=10 pcctrl=0000 risk=0 wb=1 r0=00000000 mem=0 00000000 00000000
T=1805000 IDpc=000002bc EXpc=000002b8 MEMpc=zzzzzzzz WBpc=00000000 instID=00208733 rsEX=0/11 wrEX=2 wrMEM=1 wrWB=0 weMEM/WB=1/1 mux=0/0 f=00000000/00000000 cmpA=000002b8 cmpB=0000001a comp=10 pcctrl=0000 risk=0 wb=1 r0=00000000 mem=0 0000000d 00000000
T=1815000 IDpc=000002c0 EXpc=000002bc MEMpc=zzzzzzzz WBpc=000002b4 instID=00070313 rsEX=1/2 wrEX=14 wrMEM=2 wrWB=1 weMEM/WB=1/1 mux=1/1 f=0000000d/0000000b cmpA=000002bc cmpB=00000000 comp=10 pcctrl=0000 risk=0 wb=1 r1=0000000d mem=0 0000000b 1a000000
T=1825000 IDpc=000002c4 EXpc=000002c0 MEMpc=zzzzzzzz WBpc=000002b8 instID=00120213 rsEX=14/0 wrEX=6 wrMEM=14 wrWB=2 weMEM/WB=1/1 mux=1/0 f=00000018/00000000 cmpA=000002c0 cmpB=00000000 comp=10 pcctrl=0000 risk=0 wb=1 r2=0000000b mem=0 00000018 00000000
T=1835000 IDpc=000002c8 EXpc=000002c4 MEMpc=zzzzzzzz WBpc=000002bc instID=00200293 rsEX=4/1 wrEX=4 wrMEM=6 wrWB=14 weMEM/WB=1/1 mux=0/0 f=00000000/00000000 cmpA=000002c4 cmpB=0000000d comp=10 pcctrl=0000 risk=0 wb=1 r14=00000018 mem=0 00000018 00000000
T=1845000 IDpc=000002cc EXpc=000002c8 MEMpc=zzzzzzzz WBpc=000002c0 instID=fe5214e3 rsEX=0/2 wrEX=5 wrMEM=4 wrWB=6 weMEM/WB=1/1 mux=0/0 f=00000000/00000000 cmpA=000002c8 cmpB=0000000b comp=10 pcctrl=0000 risk=0 wb=1 r6=00000018 mem=0 00000002 000d0000
T=1855000 IDpc=000002d0 EXpc=000002cc MEMpc=zzzzzzzz WBpc=000002c4 instID=01800393 rsEX=4/5 wrEX=9 wrMEM=5 wrWB=4 weMEM/WB=1/1 mux=1/1 f=00000002/00000002 cmpA=00000002 cmpB=00000002 comp=00 pcctrl=0101 risk=0 wb=1 r4=00000002 mem=0 00000002 000b0000
T=1865000 IDpc=000002d4 EXpc=000002d0 MEMpc=zzzzzzzz WBpc=000002c8 instID=2c731e63 rsEX=0/24 wrEX=7 wrMEM=9 wrWB=5 weMEM/WB=0/1 mux=0/0 f=00000000/00000000 cmpA=000002d0 cmpB=00000000 comp=10 pcctrl=0000 risk=0 wb=1 r5=00000002 mem=0 000002b4 00000002
T=1875000 IDpc=000002d8 EXpc=000002d4 MEMpc=zzzzzzzz WBpc=000002cc instID=01500193 rsEX=6/7 wrEX=28 wrMEM=7 wrWB=9 weMEM/WB=1/0 mux=0/1 f=00000000/00000018 cmpA=00000018 cmpB=00000018 comp=00 pcctrl=0101 risk=0 wb=0 r9=000002b4 mem=0 00000018 00000000
T=1885000 IDpc=000002dc EXpc=000002d8 MEMpc=zzzzzzzz WBpc=000002d0 instID=00000213 rsEX=0/21 wrEX=3 wrMEM=28 wrWB=7 weMEM/WB=0/1 mux=0/0 f=00000000/00000000 cmpA=000002d8 cmpB=00000000 comp=10 pcctrl=0000 risk=0 wb=1 r7=00000018 mem=0 000005b0 00000018
T=1895000 IDpc=000002e0 EXpc=000002dc MEMpc=zzzzzzzz WBpc=000002d4 instID=00e00093 rsEX=0/0 wrEX=4 wrMEM=3 wrWB=28 weMEM/WB=1/0 mux=0/0 f=00000000/00000000 cmpA=000002dc cmpB=00000000 comp=10 pcctrl=0000 risk=0 wb=0 r28=000005b0 mem=0 00000015 00000000
T=1905000 IDpc=000002e4 EXpc=000002e0 MEMpc=zzzzzzzz WBpc=000002d8 instID=00b00113 rsEX=0/14 wrEX=1 wrMEM=4 wrWB=3 weMEM/WB=1/1 mux=0/0 f=00000000/00000000 cmpA=000002e0 cmpB=00000018 comp=10 pcctrl=0000 risk=0 wb=1 r3=00000015 mem=0 00000000 00000000
T=1915000 IDpc=000002e8 EXpc=000002e4 MEMpc=zzzzzzzz WBpc=000002dc instID=00208733 rsEX=0/11 wrEX=2 wrMEM=1 wrWB=4 weMEM/WB=1/1 mux=0/0 f=00000000/00000000 cmpA=000002e4 cmpB=0000001a comp=10 pcctrl=0000 risk=0 wb=1 r4=00000000 mem=0 0000000e 00180000
T=1925000 IDpc=000002ec EXpc=000002e8 MEMpc=zzzzzzzz WBpc=000002e0 instID=00000013 rsEX=1/2 wrEX=14 wrMEM=2 wrWB=1 weMEM/WB=1/1 mux=1/1 f=0000000e/0000000b cmpA=000002e8 cmpB=00000000 comp=10 pcctrl=0000 risk=0 wb=1 r1=0000000e mem=0 0000000b 1a000000
T=1935000 IDpc=000002f0 EXpc=000002ec MEMpc=zzzzzzzz WBpc=000002e4 instID=00070313 rsEX=0/0 wrEX=0 wrMEM=14 wrWB=2 weMEM/WB=1/1 mux=0/0 f=00000000/00000000 cmpA=000002ec cmpB=00000000 comp=10 pcctrl=0000 risk=0 wb=1 r2=0000000b mem=0 00000019 00000000
T=1945000 IDpc=000002f4 EXpc=000002f0 MEMpc=zzzzzzzz WBpc=000002e8 instID=00120213 rsEX=14/0 wrEX=6 wrMEM=0 wrWB=14 weMEM/WB=1/1 mux=1/0 f=00000019/00000000 cmpA=000002f0 cmpB=00000000 comp=10 pcctrl=0000 risk=0 wb=1 r14=00000019 mem=0 00000000 00000000
T=1955000 IDpc=000002f8 EXpc=000002f4 MEMpc=zzzzzzzz WBpc=000002ec instID=00200293 rsEX=4/1 wrEX=4 wrMEM=6 wrWB=0 weMEM/WB=1/1 mux=0/0 f=00000000/00000000 cmpA=000002f4 cmpB=0000000e comp=10 pcctrl=0000 risk=0 wb=1 r0=00000000 mem=0 00000019 00000000
T=1965000 IDpc=000002fc EXpc=000002f8 MEMpc=zzzzzzzz WBpc=000002f0 instID=fe5212e3 rsEX=0/2 wrEX=5 wrMEM=4 wrWB=6 weMEM/WB=1/1 mux=0/0 f=00000000/00000000 cmpA=000002f8 cmpB=0000000b comp=10 pcctrl=0000 risk=0 wb=1 r6=00000019 mem=0 00000001 00000e00
T=1975000 IDpc=00000300 EXpc=000002fc MEMpc=zzzzzzzz WBpc=000002f4 instID=01900393 rsEX=4/5 wrEX=5 wrMEM=5 wrWB=4 weMEM/WB=1/1 mux=1/1 f=00000001/00000002 cmpA=00000001 cmpB=00000002 comp=01 pcctrl=0101 risk=1 wb=1 r4=00000001 mem=0 00000002 000b0000
T=1985000 IDpc=00000000 EXpc=00000000 MEMpc=zzzzzzzz WBpc=000002f8 instID=00000013 rsEX=0/0 wrEX=0 wrMEM=5 wrWB=5 weMEM/WB=0/1 mux=0/0 f=00000000/00000000 cmpA=00000000 cmpB=00000000 comp=00 pcctrl=0000 risk=0 wb=1 r5=00000002 mem=0 000002e0 00000002
T=1995000 IDpc=00000000 EXpc=00000000 MEMpc=zzzzzzzz WBpc=000002fc instID=00000013 rsEX=0/0 wrEX=0 wrMEM=0 wrWB=5 weMEM/WB=0/0 mux=0/0 f=00000000/00000000 cmpA=00000000 cmpB=00000000 comp=00 pcctrl=0000 risk=0 wb=0 r5=000002e0 mem=0 00000000 00000000
T=2005000 IDpc=000002e0 EXpc=00000000 MEMpc=zzzzzzzz WBpc=00000000 instID=00e00093 rsEX=0/0 wrEX=0 wrMEM=0 wrWB=0 weMEM/WB=1/0 mux=0/0 f=00000000/00000000 cmpA=00000000 cmpB=00000000 comp=00 pcctrl=0000 risk=0 wb=0 r0=00000004 mem=0 00000000 00000000
T=2015000 IDpc=000002e4 EXpc=000002e0 MEMpc=zzzzzzzz WBpc=00000000 instID=00b00113 rsEX=0/14 wrEX=1 wrMEM=0 wrWB=0 weMEM/WB=1/1 mux=0/0 f=00000000/00000000 cmpA=000002e0 cmpB=00000019 comp=10 pcctrl=0000 risk=0 wb=1 r0=00000000 mem=0 00000000 00000000
T=2025000 IDpc=000002e8 EXpc=000002e4 MEMpc=zzzzzzzz WBpc=00000000 instID=00208733 rsEX=0/11 wrEX=2 wrMEM=1 wrWB=0 weMEM/WB=1/1 mux=0/0 f=00000000/00000000 cmpA=000002e4 cmpB=0000001a comp=10 pcctrl=0000 risk=0 wb=1 r0=00000000 mem=0 0000000e 00190000
T=2035000 IDpc=000002ec EXpc=000002e8 MEMpc=zzzzzzzz WBpc=000002e0 instID=00000013 rsEX=1/2 wrEX=14 wrMEM=2 wrWB=1 weMEM/WB=1/1 mux=1/1 f=0000000e/0000000b cmpA=000002e8 cmpB=00000000 comp=10 pcctrl=0000 risk=0 wb=1 r1=0000000e mem=0 0000000b 1a000000
T=2045000 IDpc=000002f0 EXpc=000002ec MEMpc=zzzzzzzz WBpc=000002e4 instID=00070313 rsEX=0/0 wrEX=0 wrMEM=14 wrWB=2 weMEM/WB=1/1 mux=0/0 f=00000000/00000000 cmpA=000002ec cmpB=00000000 comp=10 pcctrl=0000 risk=0 wb=1 r2=0000000b mem=0 00000019 00000000
T=2055000 IDpc=000002f4 EXpc=000002f0 MEMpc=zzzzzzzz WBpc=000002e8 instID=00120213 rsEX=14/0 wrEX=6 wrMEM=0 wrWB=14 weMEM/WB=1/1 mux=1/0 f=00000019/00000000 cmpA=000002f0 cmpB=00000000 comp=10 pcctrl=0000 risk=0 wb=1 r14=00000019 mem=0 00000000 00000000
T=2065000 IDpc=000002f8 EXpc=000002f4 MEMpc=zzzzzzzz WBpc=000002ec instID=00200293 rsEX=4/1 wrEX=4 wrMEM=6 wrWB=0 weMEM/WB=1/1 mux=0/0 f=00000000/00000000 cmpA=000002f4 cmpB=0000000e comp=10 pcctrl=0000 risk=0 wb=1 r0=00000000 mem=0 00000019 00000000
T=2075000 IDpc=000002fc EXpc=000002f8 MEMpc=zzzzzzzz WBpc=000002f0 instID=fe5212e3 rsEX=0/2 wrEX=5 wrMEM=4 wrWB=6 weMEM/WB=1/1 mux=0/0 f=00000000/00000000 cmpA=000002f8 cmpB=0000000b comp=10 pcctrl=0000 risk=0 wb=1 r6=00000019 mem=0 00000002 000e0000
T=2085000 IDpc=00000300 EXpc=000002fc MEMpc=zzzzzzzz WBpc=000002f4 instID=01900393 rsEX=4/5 wrEX=5 wrMEM=5 wrWB=4 weMEM/WB=1/1 mux=1/1 f=00000002/00000002 cmpA=00000002 cmpB=00000002 comp=00 pcctrl=0101 risk=0 wb=1 r4=00000002 mem=0 00000002 000b0000
T=2095000 IDpc=00000304 EXpc=00000300 MEMpc=zzzzzzzz WBpc=000002f8 instID=2a731663 rsEX=0/25 wrEX=7 wrMEM=5 wrWB=5 weMEM/WB=0/1 mux=0/0 f=00000000/00000000 cmpA=00000300 cmpB=00000000 comp=10 pcctrl=0000 risk=0 wb=1 r5=00000002 mem=0 000002e0 00000002
T=2105000 IDpc=00000308 EXpc=00000304 MEMpc=zzzzzzzz WBpc=000002fc instID=01600193 rsEX=6/7 wrEX=12 wrMEM=7 wrWB=5 weMEM/WB=1/0 mux=0/1 f=00000000/00000019 cmpA=00000019 cmpB=00000019 comp=00 pcctrl=0101 risk=0 wb=0 r5=000002e0 mem=0 00000019 00000000
T=2115000 IDpc=0000030c EXpc=00000308 MEMpc=zzzzzzzz WBpc=00000300 instID=00000213 rsEX=0/22 wrEX=3 wrMEM=12 wrWB=7 weMEM/WB=0/1 mux=0/0 f=00000000/00000000 cmpA=00000308 cmpB=00000000 comp=10 pcctrl=0000 risk=0 wb=1 r7=00000019 mem=0 000005b0 00000019
T=2125000 IDpc=00000310 EXpc=0000030c MEMpc=zzzzzzzz WBpc=00000304 instID=00f00093 rsEX=0/0 wrEX=4 wrMEM=3 wrWB=12 weMEM/WB=1/0 mux=0/0 f=00000000/00000000 cmpA=0000030c cmpB=00000000 comp=10 pcctrl=0000 risk=0 wb=0 r12=000005b0 mem=0 00000016 00000000
T=2135000 IDpc=00000314 EXpc=00000310 MEMpc=zzzzzzzz WBpc=00000308 instID=00b00113 rsEX=0/15 wrEX=1 wrMEM=4 wrWB=3 weMEM/WB=1/1 mux=0/0 f=00000000/00000000 cmpA=00000310 cmpB=00000000 comp=10 pcctrl=0000 risk=0 wb=1 r3=00000016 mem=0 00000000 00000000
T=2145000 IDpc=00000318 EXpc=00000314 MEMpc=zzzzzzzz WBpc=0000030c instID=00208733 rsEX=0/11 wrEX=2 wrMEM=1 wrWB=4 weMEM/WB=1/1 mux=0/0 f=00000000/00000000 cmpA=00000314 cmpB=0000001a comp=10 pcctrl=0000 risk=0 wb=1 r4=00000000 mem=0 0000000f 00000000
T=2155000 IDpc=0000031c EXpc=00000318 MEMpc=zzzzzzzz WBpc=00000310 instID=00000013 rsEX=1/2 wrEX=14 wrMEM=2 wrWB=1 weMEM/WB=1/1 mux=1/1 f=0000000f/0000000b cmpA=00000318 cmpB=00000000 comp=10 pcctrl=0000 risk=0 wb=1 r1=0000000f mem=0 0000000b 1a000000
T=2165000 IDpc=00000320 EXpc=0000031c MEMpc=zzzzzzzz WBpc=00000314 instID=00000013 rsEX=0/0 wrEX=0 wrMEM=14 wrWB=2 weMEM/WB=1/1 mux=0/0 f=00000000/00000000 cmpA=0000031c cmpB=00000000 comp=10 pcctrl=0000 risk=0 wb=1 r2=0000000b mem=0 0000001a 00000000
T=2175000 IDpc=00000324 EXpc=00000320 MEMpc=zzzzzzzz WBpc=00000318 instID=00070313 rsEX=0/0 wrEX=0 wrMEM=0 wrWB=14 weMEM/WB=1/1 mux=0/0 f=00000000/00000000 cmpA=00000320 cmpB=00000000 comp=10 pcctrl=0000 risk=0 wb=1 r14=0000001a mem=0 00000000 00000000
T=2185000 IDpc=00000328 EXpc=00000324 MEMpc=zzzzzzzz WBpc=0000031c instID=00120213 rsEX=14/0 wrEX=6 wrMEM=0 wrWB=0 weMEM/WB=1/1 mux=0/0 f=00000000/00000000 cmpA=00000324 cmpB=00000000 comp=10 pcctrl=0000 risk=0 wb=1 r0=00000000 mem=0 00000000 00000000
T=2195000 IDpc=0000032c EXpc=00000328 MEMpc=zzzzzzzz WBpc=00000320 instID=00200293 rsEX=4/1 wrEX=4 wrMEM=6 wrWB=0 weMEM/WB=1/1 mux=0/0 f=00000000/00000000 cmpA=00000328 cmpB=0000000f comp=10 pcctrl=0000 risk=0 wb=1 r0=00000000 mem=0 0000001a 00000000
T=2205000 IDpc=00000330 EXpc=0000032c MEMpc=zzzzzzzz WBpc=00000324 instID=fe5210e3 rsEX=0/2 wrEX=5 wrMEM=4 wrWB=6 weMEM/WB=1/1 mux=0/0 f=00000000/00000000 cmpA=0000032c cmpB=0000000b comp=10 pcctrl=0000 risk=0 wb=1 r6=0000001a mem=0 00000001 00000f00
T=2215000 IDpc=00000334 EXpc=00000330 MEMpc=zzzzzzzz WBpc=00000328 instID=01a00393 rsEX=4/5 wrEX=1 wrMEM=5 wrWB=4 weMEM/WB=1/1 mux=1/1 f=00000001/00000002 cmpA=00000001 cmpB=00000002 comp=01 pcctrl=0101 risk=1 wb=1 r4=00000001 mem=0 00000002 000b0000
T=2225000 IDpc=00000000 EXpc=00000000 MEMpc=zzzzzzzz WBpc=0000032c instID=00000013 rsEX=0/0 wrEX=0 wrMEM=1 wrWB=5 weMEM/WB=0/1 mux=0/0 f=00000000/00000000 cmpA=00000000 cmpB=00000000 comp=00 pcctrl=0000 risk=0 wb=1 r5=00000002 mem=0 00000310 00000002
T=2235000 IDpc=00000000 EXpc=00000000 MEMpc=zzzzzzzz WBpc=00000330 instID=00000013 rsEX=0/0 wrEX=0 wrMEM=0 wrWB=1 weMEM/WB=0/0 mux=0/0 f=00000000/00000000 cmpA=00000000 cmpB=00000000 comp=00 pcctrl=0000 risk=0 wb=0 r1=00000310 mem=0 00000000 00000000
T=2245000 IDpc=00000310 EXpc=00000000 MEMpc=zzzzzzzz WBpc=00000000 instID=00f00093 rsEX=0/0 wrEX=0 wrMEM=0 wrWB=0 weMEM/WB=1/0 mux=0/0 f=00000000/00000000 cmpA=00000000 cmpB=00000000 comp=00 pcctrl=0000 risk=0 wb=0 r0=00000004 mem=0 00000000 00000000
T=2255000 IDpc=00000314 EXpc=00000310 MEMpc=zzzzzzzz WBpc=00000000 instID=00b00113 rsEX=0/15 wrEX=1 wrMEM=0 wrWB=0 weMEM/WB=1/1 mux=0/0 f=00000000/00000000 cmpA=00000310 cmpB=00000000 comp=10 pcctrl=0000 risk=0 wb=1 r0=00000000 mem=0 00000000 00000000
T=2265000 IDpc=00000318 EXpc=00000314 MEMpc=zzzzzzzz WBpc=00000000 instID=00208733 rsEX=0/11 wrEX=2 wrMEM=1 wrWB=0 weMEM/WB=1/1 mux=0/0 f=00000000/00000000 cmpA=00000314 cmpB=0000001a comp=10 pcctrl=0000 risk=0 wb=1 r0=00000000 mem=0 0000000f 00000000
T=2275000 IDpc=0000031c EXpc=00000318 MEMpc=zzzzzzzz WBpc=00000310 instID=00000013 rsEX=1/2 wrEX=14 wrMEM=2 wrWB=1 weMEM/WB=1/1 mux=1/1 f=0000000f/0000000b cmpA=00000318 cmpB=00000000 comp=10 pcctrl=0000 risk=0 wb=1 r1=0000000f mem=0 0000000b 1a000000
T=2285000 IDpc=00000320 EXpc=0000031c MEMpc=zzzzzzzz WBpc=00000314 instID=00000013 rsEX=0/0 wrEX=0 wrMEM=14 wrWB=2 weMEM/WB=1/1 mux=0/0 f=00000000/00000000 cmpA=0000031c cmpB=00000000 comp=10 pcctrl=0000 risk=0 wb=1 r2=0000000b mem=0 0000001a 00000000
T=2295000 IDpc=00000324 EXpc=00000320 MEMpc=zzzzzzzz WBpc=00000318 instID=00070313 rsEX=0/0 wrEX=0 wrMEM=0 wrWB=14 weMEM/WB=1/1 mux=0/0 f=00000000/00000000 cmpA=00000320 cmpB=00000000 comp=10 pcctrl=0000 risk=0 wb=1 r14=0000001a mem=0 00000000 00000000
T=2305000 IDpc=00000328 EXpc=00000324 MEMpc=zzzzzzzz WBpc=0000031c instID=00120213 rsEX=14/0 wrEX=6 wrMEM=0 wrWB=0 weMEM/WB=1/1 mux=0/0 f=00000000/00000000 cmpA=00000324 cmpB=00000000 comp=10 pcctrl=0000 risk=0 wb=1 r0=00000000 mem=0 00000000 00000000
T=2315000 IDpc=0000032c EXpc=00000328 MEMpc=zzzzzzzz WBpc=00000320 instID=00200293 rsEX=4/1 wrEX=4 wrMEM=6 wrWB=0 weMEM/WB=1/1 mux=0/0 f=00000000/00000000 cmpA=00000328 cmpB=0000000f comp=10 pcctrl=0000 risk=0 wb=1 r0=00000000 mem=0 0000001a 00000000
T=2325000 IDpc=00000330 EXpc=0000032c MEMpc=zzzzzzzz WBpc=00000324 instID=fe5210e3 rsEX=0/2 wrEX=5 wrMEM=4 wrWB=6 weMEM/WB=1/1 mux=0/0 f=00000000/00000000 cmpA=0000032c cmpB=0000000b comp=10 pcctrl=0000 risk=0 wb=1 r6=0000001a mem=0 00000002 000f0000
T=2335000 IDpc=00000334 EXpc=00000330 MEMpc=zzzzzzzz WBpc=00000328 instID=01a00393 rsEX=4/5 wrEX=1 wrMEM=5 wrWB=4 weMEM/WB=1/1 mux=1/1 f=00000002/00000002 cmpA=00000002 cmpB=00000002 comp=00 pcctrl=0101 risk=0 wb=1 r4=00000002 mem=0 00000002 000b0000
T=2345000 IDpc=00000338 EXpc=00000334 MEMpc=zzzzzzzz WBpc=0000032c instID=26731c63 rsEX=0/26 wrEX=7 wrMEM=1 wrWB=5 weMEM/WB=0/1 mux=0/0 f=00000000/00000000 cmpA=00000334 cmpB=00000000 comp=10 pcctrl=0000 risk=0 wb=1 r5=00000002 mem=0 00000310 00000002
T=2355000 IDpc=0000033c EXpc=00000338 MEMpc=zzzzzzzz WBpc=00000330 instID=01700193 rsEX=6/7 wrEX=24 wrMEM=7 wrWB=1 weMEM/WB=1/0 mux=0/1 f=00000000/0000001a cmpA=0000001a cmpB=0000001a comp=00 pcctrl=0101 risk=0 wb=0 r1=00000310 mem=0 0000001a 00000000
T=2365000 IDpc=00000340 EXpc=0000033c MEMpc=zzzzzzzz WBpc=00000334 instID=00000213 rsEX=0/23 wrEX=3 wrMEM=24 wrWB=7 weMEM/WB=0/1 mux=0/0 f=00000000/00000000 cmpA=0000033c cmpB=00000000 comp=10 pcctrl=0000 risk=0 wb=1 r7=0000001a mem=0 000005b0 0000001a
T=2375000 IDpc=00000344 EXpc=00000340 MEMpc=zzzzzzzz WBpc=00000338 instID=00d00093 rsEX=0/0 wrEX=4 wrMEM=3 wrWB=24 weMEM/WB=1/0 mux=0/0 f=00000000/00000000 cmpA=00000340 cmpB=00000000 comp=10 pcctrl=0000 risk=0 wb=0 r24=000005b0 mem=0 00000017 00000000
T=2385000 IDpc=00000348 EXpc=00000344 MEMpc=zzzzzzzz WBpc=0000033c instID=00b00113 rsEX=0/13 wrEX=1 wrMEM=4 wrWB=3 weMEM/WB=1/1 mux=0/0 f=00000000/00000000 cmpA=00000344 cmpB=00000000 comp=10 pcctrl=0000 risk=0 wb=1 r3=00000017 mem=0 00000000 00000000
T=2395000 IDpc=0000034c EXpc=00000348 MEMpc=zzzzzzzz WBpc=00000340 instID=00208733 rsEX=0/11 wrEX=2 wrMEM=1 wrWB=4 weMEM/WB=1/1 mux=0/0 f=00000000/00000000 cmpA=00000348 cmpB=0000001a comp=10 pcctrl=0000 risk=0 wb=1 r4=00000000 mem=0 0000000d 00000000
T=2405000 IDpc=00000350 EXpc=0000034c MEMpc=zzzzzzzz WBpc=00000344 instID=00120213 rsEX=1/2 wrEX=14 wrMEM=2 wrWB=1 weMEM/WB=1/1 mux=1/1 f=0000000d/0000000b cmpA=0000034c cmpB=00000000 comp=10 pcctrl=0000 risk=0 wb=1 r1=0000000d mem=0 0000000b 1a000000
T=2415000 IDpc=00000354 EXpc=00000350 MEMpc=zzzzzzzz WBpc=00000348 instID=00200293 rsEX=4/1 wrEX=4 wrMEM=14 wrWB=2 weMEM/WB=1/1 mux=0/0 f=00000000/00000000 cmpA=00000350 cmpB=0000000d comp=10 pcctrl=0000 risk=0 wb=1 r2=0000000b mem=0 00000018 00000000
T=2425000 IDpc=00000358 EXpc=00000354 MEMpc=zzzzzzzz WBpc=0000034c instID=fe5216e3 rsEX=0/2 wrEX=5 wrMEM=4 wrWB=14 weMEM/WB=1/1 mux=0/0 f=00000000/00000000 cmpA=00000354 cmpB=0000000b comp=10 pcctrl=0000 risk=0 wb=1 r14=00000018 mem=0 00000001 00000d00
T=2435000 IDpc=0000035c EXpc=00000358 MEMpc=zzzzzzzz WBpc=00000350 instID=01800393 rsEX=4/5 wrEX=13 wrMEM=5 wrWB=4 weMEM/WB=1/1 mux=1/1 f=00000001/00000002 cmpA=00000001 cmpB=00000002 comp=01 pcctrl=0101 risk=1 wb=1 r4=00000001 mem=0 00000002 000b0000
T=2445000 IDpc=00000000 EXpc=00000000 MEMpc=zzzzzzzz WBpc=00000354 instID=00000013 rsEX=0/0 wrEX=0 wrMEM=13 wrWB=5 weMEM/WB=0/1 mux=0/0 f=00000000/00000000 cmpA=00000000 cmpB=00000000 comp=00 pcctrl=0000 risk=0 wb=1 r5=00000002 mem=0 00000344 00000002
T=2455000 IDpc=00000000 EXpc=00000000 MEMpc=zzzzzzzz WBpc=00000358 instID=00000013 rsEX=0/0 wrEX=0 wrMEM=0 wrWB=13 weMEM/WB=0/0 mux=0/0 f=00000000/00000000 cmpA=00000000 cmpB=00000000 comp=00 pcctrl=0000 risk=0 wb=0 r13=00000344 mem=0 00000000 00000000
T=2465000 IDpc=00000344 EXpc=00000000 MEMpc=zzzzzzzz WBpc=00000000 instID=00d00093 rsEX=0/0 wrEX=0 wrMEM=0 wrWB=0 weMEM/WB=1/0 mux=0/0 f=00000000/00000000 cmpA=00000000 cmpB=00000000 comp=00 pcctrl=0000 risk=0 wb=0 r0=00000004 mem=0 00000000 00000000
T=2475000 IDpc=00000348 EXpc=00000344 MEMpc=zzzzzzzz WBpc=00000000 instID=00b00113 rsEX=0/13 wrEX=1 wrMEM=0 wrWB=0 weMEM/WB=1/1 mux=0/0 f=00000000/00000000 cmpA=00000344 cmpB=00000000 comp=10 pcctrl=0000 risk=0 wb=1 r0=00000000 mem=0 00000000 00000000
T=2485000 IDpc=0000034c EXpc=00000348 MEMpc=zzzzzzzz WBpc=00000000 instID=00208733 rsEX=0/11 wrEX=2 wrMEM=1 wrWB=0 weMEM/WB=1/1 mux=0/0 f=00000000/00000000 cmpA=00000348 cmpB=0000001a comp=10 pcctrl=0000 risk=0 wb=1 r0=00000000 mem=0 0000000d 00000000
T=2495000 IDpc=00000350 EXpc=0000034c MEMpc=zzzzzzzz WBpc=00000344 instID=00120213 rsEX=1/2 wrEX=14 wrMEM=2 wrWB=1 weMEM/WB=1/1 mux=1/1 f=0000000d/0000000b cmpA=0000034c cmpB=00000000 comp=10 pcctrl=0000 risk=0 wb=1 r1=0000000d mem=0 0000000b 1a000000
T=2505000 IDpc=00000354 EXpc=00000350 MEMpc=zzzzzzzz WBpc=00000348 instID=00200293 rsEX=4/1 wrEX=4 wrMEM=14 wrWB=2 weMEM/WB=1/1 mux=0/0 f=00000000/00000000 cmpA=00000350 cmpB=0000000d comp=10 pcctrl=0000 risk=0 wb=1 r2=0000000b mem=0 00000018 00000000
T=2515000 IDpc=00000358 EXpc=00000354 MEMpc=zzzzzzzz WBpc=0000034c instID=fe5216e3 rsEX=0/2 wrEX=5 wrMEM=4 wrWB=14 weMEM/WB=1/1 mux=0/0 f=00000000/00000000 cmpA=00000354 cmpB=0000000b comp=10 pcctrl=0000 risk=0 wb=1 r14=00000018 mem=0 00000002 000d0000
T=2525000 IDpc=0000035c EXpc=00000358 MEMpc=zzzzzzzz WBpc=00000350 instID=01800393 rsEX=4/5 wrEX=13 wrMEM=5 wrWB=4 weMEM/WB=1/1 mux=1/1 f=00000002/00000002 cmpA=00000002 cmpB=00000002 comp=00 pcctrl=0101 risk=0 wb=1 r4=00000002 mem=0 00000002 000b0000
T=2535000 IDpc=00000360 EXpc=0000035c MEMpc=zzzzzzzz WBpc=00000354 instID=24771863 rsEX=0/24 wrEX=7 wrMEM=13 wrWB=5 weMEM/WB=0/1 mux=0/0 f=00000000/00000000 cmpA=0000035c cmpB=00000000 comp=10 pcctrl=0000 risk=0 wb=1 r5=00000002 mem=0 00000344 00000002
T=2545000 IDpc=00000364 EXpc=00000360 MEMpc=zzzzzzzz WBpc=00000358 instID=01800193 rsEX=14/7 wrEX=16 wrMEM=7 wrWB=13 weMEM/WB=1/0 mux=0/1 f=00000000/00000018 cmpA=00000018 cmpB=00000018 comp=00 pcctrl=0101 risk=0 wb=0 r13=00000344 mem=0 00000018 00000000
T=2555000 IDpc=00000368 EXpc=00000364 MEMpc=zzzzzzzz WBpc=0000035c instID=00000213 rsEX=0/24 wrEX=3 wrMEM=16 wrWB=7 weMEM/WB=0/1 mux=0/0 f=00000000/00000000 cmpA=00000364 cmpB=00000000 comp=10 pcctrl=0000 risk=0 wb=1 r7=00000018 mem=0 000005b0 00000018
T=2565000 IDpc=0000036c EXpc=00000368 MEMpc=zzzzzzzz WBpc=00000360 instID=00e00093 rsEX=0/0 wrEX=4 wrMEM=3 wrWB=16 weMEM/WB=1/0 mux=0/0 f=00000000/00000000 cmpA=00000368 cmpB=00000000 comp=10 pcctrl=0000 risk=0 wb=0 r16=000005b0 mem=0 00000018 00000000
T=2575000 IDpc=00000370 EXpc=0000036c MEMpc=zzzzzzzz WBpc=00000364 instID=00b00113 rsEX=0/14 wrEX=1 wrMEM=4 wrWB=3 weMEM/WB=1/1 mux=0/0 f=00000000/00000000 cmpA=0000036c cmpB=00000018 comp=10 pcctrl=0000 risk=0 wb=1 r3=00000018 mem=0 00000000 00000000
T=2585000 IDpc=00000374 EXpc=00000370 MEMpc=zzzzzzzz WBpc=00000368 instID=00000013 rsEX=0/11 wrEX=2 wrMEM=1 wrWB=4 weMEM/WB=1/1 mux=0/0 f=00000000/00000000 cmpA=00000370 cmpB=0000001a comp=10 pcctrl=0000 risk=0 wb=1 r4=00000000 mem=0 0000000e 00180000
T=2595000 IDpc=00000378 EXpc=00000374 MEMpc=zzzzzzzz WBpc=0000036c instID=00208733 rsEX=0/0 wrEX=0 wrMEM=2 wrWB=1 weMEM/WB=1/1 mux=0/0 f=00000000/00000000 cmpA=00000374 cmpB=00000000 comp=10 pcctrl=0000 risk=0 wb=1 r1=0000000e mem=0 0000000b 1a000000
T=2605000 IDpc=0000037c EXpc=00000378 MEMpc=zzzzzzzz WBpc=00000370 instID=00120213 rsEX=1/2 wrEX=14 wrMEM=0 wrWB=2 weMEM/WB=1/1 mux=0/1 f=00000000/0000000b cmpA=00000378 cmpB=00000000 comp=10 pcctrl=0000 risk=0 wb=1 r2=0000000b mem=0 00000000 00000000
T=2615000 IDpc=00000380 EXpc=0000037c MEMpc=zzzzzzzz WBpc=00000374 instID=00200293 rsEX=4/1 wrEX=4 wrMEM=14 wrWB=0 weMEM/WB=1/1 mux=0/0 f=00000000/00000000 cmpA=0000037c cmpB=0000000e comp=10 pcctrl=0000 risk=0 wb=1 r0=00000000 mem=0 00000019 00000000
T=2625000 IDpc=00000384 EXpc=00000380 MEMpc=zzzzzzzz WBpc=00000378 instID=fe5214e3 rsEX=0/2 wrEX=5 wrMEM=4 wrWB=14 weMEM/WB=1/1 mux=0/0 f=00000000/00000000 cmpA=00000380 cmpB=0000000b comp=10 pcctrl=0000 risk=0 wb=1 r14=00000019 mem=0 00000001 00000e00
T=2635000 IDpc=00000388 EXpc=00000384 MEMpc=zzzzzzzz WBpc=0000037c instID=01900393 rsEX=4/5 wrEX=9 wrMEM=5 wrWB=4 weMEM/WB=1/1 mux=1/1 f=00000001/00000002 cmpA=00000001 cmpB=00000002 comp=01 pcctrl=0101 risk=1 wb=1 r4=00000001 mem=0 00000002 000b0000
T=2645000 IDpc=00000000 EXpc=00000000 MEMpc=zzzzzzzz WBpc=00000380 instID=00000013 rsEX=0/0 wrEX=0 wrMEM=9 wrWB=5 weMEM/WB=0/1 mux=0/0 f=00000000/00000000 cmpA=00000000 cmpB=00000000 comp=00 pcctrl=0000 risk=0 wb=1 r5=00000002 mem=0 0000036c 00000002
T=2655000 IDpc=00000000 EXpc=00000000 MEMpc=zzzzzzzz WBpc=00000384 instID=00000013 rsEX=0/0 wrEX=0 wrMEM=0 wrWB=9 weMEM/WB=0/0 mux=0/0 f=00000000/00000000 cmpA=00000000 cmpB=00000000 comp=00 pcctrl=0000 risk=0 wb=0 r9=0000036c mem=0 00000000 00000000
T=2665000 IDpc=0000036c EXpc=00000000 MEMpc=zzzzzzzz WBpc=00000000 instID=00e00093 rsEX=0/0 wrEX=0 wrMEM=0 wrWB=0 weMEM/WB=1/0 mux=0/0 f=00000000/00000000 cmpA=00000000 cmpB=00000000 comp=00 pcctrl=0000 risk=0 wb=0 r0=00000004 mem=0 00000000 00000000
T=2675000 IDpc=00000370 EXpc=0000036c MEMpc=zzzzzzzz WBpc=00000000 instID=00b00113 rsEX=0/14 wrEX=1 wrMEM=0 wrWB=0 weMEM/WB=1/1 mux=0/0 f=00000000/00000000 cmpA=0000036c cmpB=00000019 comp=10 pcctrl=0000 risk=0 wb=1 r0=00000000 mem=0 00000000 00000000
T=2685000 IDpc=00000374 EXpc=00000370 MEMpc=zzzzzzzz WBpc=00000000 instID=00000013 rsEX=0/11 wrEX=2 wrMEM=1 wrWB=0 weMEM/WB=1/1 mux=0/0 f=00000000/00000000 cmpA=00000370 cmpB=0000001a comp=10 pcctrl=0000 risk=0 wb=1 r0=00000000 mem=0 0000000e 00190000
T=2695000 IDpc=00000378 EXpc=00000374 MEMpc=zzzzzzzz WBpc=0000036c instID=00208733 rsEX=0/0 wrEX=0 wrMEM=2 wrWB=1 weMEM/WB=1/1 mux=0/0 f=00000000/00000000 cmpA=00000374 cmpB=00000000 comp=10 pcctrl=0000 risk=0 wb=1 r1=0000000e mem=0 0000000b 1a000000
T=2705000 IDpc=0000037c EXpc=00000378 MEMpc=zzzzzzzz WBpc=00000370 instID=00120213 rsEX=1/2 wrEX=14 wrMEM=0 wrWB=2 weMEM/WB=1/1 mux=0/1 f=00000000/0000000b cmpA=00000378 cmpB=00000000 comp=10 pcctrl=0000 risk=0 wb=1 r2=0000000b mem=0 00000000 00000000
T=2715000 IDpc=00000380 EXpc=0000037c MEMpc=zzzzzzzz WBpc=00000374 instID=00200293 rsEX=4/1 wrEX=4 wrMEM=14 wrWB=0 weMEM/WB=1/1 mux=0/0 f=00000000/00000000 cmpA=0000037c cmpB=0000000e comp=10 pcctrl=0000 risk=0 wb=1 r0=00000000 mem=0 00000019 00000000
T=2725000 IDpc=00000384 EXpc=00000380 MEMpc=zzzzzzzz WBpc=00000378 instID=fe5214e3 rsEX=0/2 wrEX=5 wrMEM=4 wrWB=14 weMEM/WB=1/1 mux=0/0 f=00000000/00000000 cmpA=00000380 cmpB=0000000b comp=10 pcctrl=0000 risk=0 wb=1 r14=00000019 mem=0 00000002 000e0000
T=2735000 IDpc=00000388 EXpc=00000384 MEMpc=zzzzzzzz WBpc=0000037c instID=01900393 rsEX=4/5 wrEX=9 wrMEM=5 wrWB=4 weMEM/WB=1/1 mux=1/1 f=00000002/00000002 cmpA=00000002 cmpB=00000002 comp=00 pcctrl=0101 risk=0 wb=1 r4=00000002 mem=0 00000002 000b0000
T=2745000 IDpc=0000038c EXpc=00000388 MEMpc=zzzzzzzz WBpc=00000380 instID=22771263 rsEX=0/25 wrEX=7 wrMEM=9 wrWB=5 weMEM/WB=0/1 mux=0/0 f=00000000/00000000 cmpA=00000388 cmpB=00000000 comp=10 pcctrl=0000 risk=0 wb=1 r5=00000002 mem=0 0000036c 00000002
T=2755000 IDpc=00000390 EXpc=0000038c MEMpc=zzzzzzzz WBpc=00000384 instID=01900193 rsEX=14/7 wrEX=4 wrMEM=7 wrWB=9 weMEM/WB=1/0 mux=0/1 f=00000000/00000019 cmpA=00000019 cmpB=00000019 comp=00 pcctrl=0101 risk=0 wb=0 r9=0000036c mem=0 00000019 00000000
T=2765000 IDpc=00000394 EXpc=00000390 MEMpc=zzzzzzzz WBpc=00000388 instID=00000213 rsEX=0/25 wrEX=3 wrMEM=4 wrWB=7 weMEM/WB=0/1 mux=0/0 f=00000000/00000000 cmpA=00000390 cmpB=00000000 comp=10 pcctrl=0000 risk=0 wb=1 r7=00000019 mem=0 000005b0 00000019
T=2775000 IDpc=00000398 EXpc=00000394 MEMpc=zzzzzzzz WBpc=0000038c instID=00f00093 rsEX=0/0 wrEX=4 wrMEM=3 wrWB=4 weMEM/WB=1/0 mux=0/0 f=00000000/00000000 cmpA=00000394 cmpB=00000000 comp=10 pcctrl=0000 risk=0 wb=0 r4=000005b0 mem=0 00000019 00000000
T=2785000 IDpc=0000039c EXpc=00000398 MEMpc=zzzzzzzz WBpc=00000390 instID=00b00113 rsEX=0/15 wrEX=1 wrMEM=4 wrWB=3 weMEM/WB=1/1 mux=0/0 f=00000000/00000000 cmpA=00000398 cmpB=00000000 comp=10 pcctrl=0000 risk=0 wb=1 r3=00000019 mem=0 00000000 00000000
T=2795000 IDpc=000003a0 EXpc=0000039c MEMpc=zzzzzzzz WBpc=00000394 instID=00000013 rsEX=0/11 wrEX=2 wrMEM=1 wrWB=4 weMEM/WB=1/1 mux=0/0 f=00000000/00000000 cmpA=0000039c cmpB=0000001a comp=10 pcctrl=0000 risk=0 wb=1 r4=00000000 mem=0 0000000f 00000000
T=2805000 IDpc=000003a4 EXpc=000003a0 MEMpc=zzzzzzzz WBpc=00000398 instID=00000013 rsEX=0/0 wrEX=0 wrMEM=2 wrWB=1 weMEM/WB=1/1 mux=0/0 f=00000000/00000000 cmpA=000003a0 cmpB=00000000 comp=10 pcctrl=0000 risk=0 wb=1 r1=0000000f mem=0 0000000b 1a000000
T=2815000 IDpc=000003a8 EXpc=000003a4 MEMpc=zzzzzzzz WBpc=0000039c instID=00208733 rsEX=0/0 wrEX=0 wrMEM=0 wrWB=2 weMEM/WB=1/1 mux=0/0 f=00000000/00000000 cmpA=000003a4 cmpB=00000000 comp=10 pcctrl=0000 risk=0 wb=1 r2=0000000b mem=0 00000000 00000000
T=2825000 IDpc=000003ac EXpc=000003a8 MEMpc=zzzzzzzz WBpc=000003a0 instID=00120213 rsEX=1/2 wrEX=14 wrMEM=0 wrWB=0 weMEM/WB=1/1 mux=0/0 f=00000000/00000000 cmpA=000003a8 cmpB=00000000 comp=10 pcctrl=0000 risk=0 wb=1 r0=00000000 mem=0 00000000 00000000
T=2835000 IDpc=000003b0 EXpc=000003ac MEMpc=zzzzzzzz WBpc=000003a4 instID=00200293 rsEX=4/1 wrEX=4 wrMEM=14 wrWB=0 weMEM/WB=1/1 mux=0/0 f=00000000/00000000 cmpA=000003ac cmpB=0000000f comp=10 pcctrl=0000 risk=0 wb=1 r0=00000000 mem=0 0000001a 00000000
T=2845000 IDpc=000003b4 EXpc=000003b0 MEMpc=zzzzzzzz WBpc=000003a8 instID=fe5212e3 rsEX=0/2 wrEX=5 wrMEM=4 wrWB=14 weMEM/WB=1/1 mux=0/0 f=00000000/00000000 cmpA=000003b0 cmpB=0000000b comp=10 pcctrl=0000 risk=0 wb=1 r14=0000001a mem=0 00000001 00000f00
T=2855000 IDpc=000003b8 EXpc=000003b4 MEMpc=zzzzzzzz WBpc=000003ac instID=01a00393 rsEX=4/5 wrEX=5 wrMEM=5 wrWB=4 weMEM/WB=1/1 mux=1/1 f=00000001/00000002 cmpA=00000001 cmpB=00000002 comp=01 pcctrl=0101 risk=1 wb=1 r4=00000001 mem=0 00000002 000b0000
T=2865000 IDpc=00000000 EXpc=00000000 MEMpc=zzzzzzzz WBpc=000003b0 instID=00000013 rsEX=0/0 wrEX=0 wrMEM=5 wrWB=5 weMEM/WB=0/1 mux=0/0 f=00000000/00000000 cmpA=00000000 cmpB=00000000 comp=00 pcctrl=0000 risk=0 wb=1 r5=00000002 mem=0 00000398 00000002
T=2875000 IDpc=00000000 EXpc=00000000 MEMpc=zzzzzzzz WBpc=000003b4 instID=00000013 rsEX=0/0 wrEX=0 wrMEM=0 wrWB=5 weMEM/WB=0/0 mux=0/0 f=00000000/00000000 cmpA=00000000 cmpB=00000000 comp=00 pcctrl=0000 risk=0 wb=0 r5=00000398 mem=0 00000000 00000000
T=2885000 IDpc=00000398 EXpc=00000000 MEMpc=zzzzzzzz WBpc=00000000 instID=00f00093 rsEX=0/0 wrEX=0 wrMEM=0 wrWB=0 weMEM/WB=1/0 mux=0/0 f=00000000/00000000 cmpA=00000000 cmpB=00000000 comp=00 pcctrl=0000 risk=0 wb=0 r0=00000004 mem=0 00000000 00000000
T=2895000 IDpc=0000039c EXpc=00000398 MEMpc=zzzzzzzz WBpc=00000000 instID=00b00113 rsEX=0/15 wrEX=1 wrMEM=0 wrWB=0 weMEM/WB=1/1 mux=0/0 f=00000000/00000000 cmpA=00000398 cmpB=00000000 comp=10 pcctrl=0000 risk=0 wb=1 r0=00000000 mem=0 00000000 00000000
T=2905000 IDpc=000003a0 EXpc=0000039c MEMpc=zzzzzzzz WBpc=00000000 instID=00000013 rsEX=0/11 wrEX=2 wrMEM=1 wrWB=0 weMEM/WB=1/1 mux=0/0 f=00000000/00000000 cmpA=0000039c cmpB=0000001a comp=10 pcctrl=0000 risk=0 wb=1 r0=00000000 mem=0 0000000f 00000000
T=2915000 IDpc=000003a4 EXpc=000003a0 MEMpc=zzzzzzzz WBpc=00000398 instID=00000013 rsEX=0/0 wrEX=0 wrMEM=2 wrWB=1 weMEM/WB=1/1 mux=0/0 f=00000000/00000000 cmpA=000003a0 cmpB=00000000 comp=10 pcctrl=0000 risk=0 wb=1 r1=0000000f mem=0 0000000b 1a000000
T=2925000 IDpc=000003a8 EXpc=000003a4 MEMpc=zzzzzzzz WBpc=0000039c instID=00208733 rsEX=0/0 wrEX=0 wrMEM=0 wrWB=2 weMEM/WB=1/1 mux=0/0 f=00000000/00000000 cmpA=000003a4 cmpB=00000000 comp=10 pcctrl=0000 risk=0 wb=1 r2=0000000b mem=0 00000000 00000000
T=2935000 IDpc=000003ac EXpc=000003a8 MEMpc=zzzzzzzz WBpc=000003a0 instID=00120213 rsEX=1/2 wrEX=14 wrMEM=0 wrWB=0 weMEM/WB=1/1 mux=0/0 f=00000000/00000000 cmpA=000003a8 cmpB=00000000 comp=10 pcctrl=0000 risk=0 wb=1 r0=00000000 mem=0 00000000 00000000
T=2945000 IDpc=000003b0 EXpc=000003ac MEMpc=zzzzzzzz WBpc=000003a4 instID=00200293 rsEX=4/1 wrEX=4 wrMEM=14 wrWB=0 weMEM/WB=1/1 mux=0/0 f=00000000/00000000 cmpA=000003ac cmpB=0000000f comp=10 pcctrl=0000 risk=0 wb=1 r0=00000000 mem=0 0000001a 00000000
T=2955000 IDpc=000003b4 EXpc=000003b0 MEMpc=zzzzzzzz WBpc=000003a8 instID=fe5212e3 rsEX=0/2 wrEX=5 wrMEM=4 wrWB=14 weMEM/WB=1/1 mux=0/0 f=00000000/00000000 cmpA=000003b0 cmpB=0000000b comp=10 pcctrl=0000 risk=0 wb=1 r14=0000001a mem=0 00000002 000f0000
T=2965000 IDpc=000003b8 EXpc=000003b4 MEMpc=zzzzzzzz WBpc=000003ac instID=01a00393 rsEX=4/5 wrEX=5 wrMEM=5 wrWB=4 weMEM/WB=1/1 mux=1/1 f=00000002/00000002 cmpA=00000002 cmpB=00000002 comp=00 pcctrl=0101 risk=0 wb=1 r4=00000002 mem=0 00000002 000b0000
T=2975000 IDpc=000003bc EXpc=000003b8 MEMpc=zzzzzzzz WBpc=000003b0 instID=1e771a63 rsEX=0/26 wrEX=7 wrMEM=5 wrWB=5 weMEM/WB=0/1 mux=0/0 f=00000000/00000000 cmpA=000003b8 cmpB=00000000 comp=10 pcctrl=0000 risk=0 wb=1 r5=00000002 mem=0 00000398 00000002
T=2985000 IDpc=000003c0 EXpc=000003bc MEMpc=zzzzzzzz WBpc=000003b4 instID=01a00193 rsEX=14/7 wrEX=20 wrMEM=7 wrWB=5 weMEM/WB=1/0 mux=0/1 f=00000000/0000001a cmpA=0000001a cmpB=0000001a comp=00 pcctrl=0101 risk=0 wb=0 r5=00000398 mem=0 0000001a 00000000
T=2995000 IDpc=000003c4 EXpc=000003c0 MEMpc=zzzzzzzz WBpc=000003b8 instID=00000213 rsEX=0/26 wrEX=3 wrMEM=20 wrWB=7 weMEM/WB=0/1 mux=0/0 f=00000000/00000000 cmpA=000003c0 cmpB=00000000 comp=10 pcctrl=0000 risk=0 wb=1 r7=0000001a mem=0 000005b0 0000001a
T=3005000 IDpc=000003c8 EXpc=000003c4 MEMpc=zzzzzzzz WBpc=000003bc instID=00d00093 rsEX=0/0 wrEX=4 wrMEM=3 wrWB=20 weMEM/WB=1/0 mux=0/0 f=00000000/00000000 cmpA=000003c4 cmpB=00000000 comp=10 pcctrl=0000 risk=0 wb=0 r20=000005b0 mem=0 0000001a 00000000
T=3015000 IDpc=000003cc EXpc=000003c8 MEMpc=zzzzzzzz WBpc=000003c0 instID=00000013 rsEX=0/13 wrEX=1 wrMEM=4 wrWB=3 weMEM/WB=1/1 mux=0/0 f=00000000/00000000 cmpA=000003c8 cmpB=00000000 comp=10 pcctrl=0000 risk=0 wb=1 r3=0000001a mem=0 00000000 00000000
T=3025000 IDpc=000003d0 EXpc=000003cc MEMpc=zzzzzzzz WBpc=000003c4 instID=00b00113 rsEX=0/0 wrEX=0 wrMEM=1 wrWB=4 weMEM/WB=1/1 mux=0/0 f=00000000/00000000 cmpA=000003cc cmpB=00000000 comp=10 pcctrl=0000 risk=0 wb=1 r4=00000000 mem=0 0000000d 00000000
T=3035000 IDpc=000003d4 EXpc=000003d0 MEMpc=zzzzzzzz WBpc=000003c8 instID=00208733 rsEX=0/11 wrEX=2 wrMEM=0 wrWB=1 weMEM/WB=1/1 mux=0/0 f=00000000/00000000 cmpA=000003d0 cmpB=0000001a comp=10 pcctrl=0000 risk=0 wb=1 r1=0000000d mem=0 00000000 00000000
T=3045000 IDpc=000003d8 EXpc=000003d4 MEMpc=zzzzzzzz WBpc=000003cc instID=00120213 rsEX=1/2 wrEX=14 wrMEM=2 wrWB=0 weMEM/WB=1/1 mux=0/1 f=00000000/0000000b cmpA=000003d4 cmpB=00000000 comp=10 pcctrl=0000 risk=0 wb=1 r0=00000000 mem=0 0000000b 1a000000
T=3055000 IDpc=000003dc EXpc=000003d8 MEMpc=zzzzzzzz WBpc=000003d0 instID=00200293 rsEX=4/1 wrEX=4 wrMEM=14 wrWB=2 weMEM/WB=1/1 mux=0/0 f=00000000/00000000 cmpA=000003d8 cmpB=0000000d comp=10 pcctrl=0000 risk=0 wb=1 r2=0000000b mem=0 00000018 00000000
T=3065000 IDpc=000003e0 EXpc=000003dc MEMpc=zzzzzzzz WBpc=000003d4 instID=fe5214e3 rsEX=0/2 wrEX=5 wrMEM=4 wrWB=14 weMEM/WB=1/1 mux=0/0 f=00000000/00000000 cmpA=000003dc cmpB=0000000b comp=10 pcctrl=0000 risk=0 wb=1 r14=00000018 mem=0 00000001 00000d00
T=3075000 IDpc=000003e4 EXpc=000003e0 MEMpc=zzzzzzzz WBpc=000003d8 instID=01800393 rsEX=4/5 wrEX=9 wrMEM=5 wrWB=4 weMEM/WB=1/1 mux=1/1 f=00000001/00000002 cmpA=00000001 cmpB=00000002 comp=01 pcctrl=0101 risk=1 wb=1 r4=00000001 mem=0 00000002 000b0000
T=3085000 IDpc=00000000 EXpc=00000000 MEMpc=zzzzzzzz WBpc=000003dc instID=00000013 rsEX=0/0 wrEX=0 wrMEM=9 wrWB=5 weMEM/WB=0/1 mux=0/0 f=00000000/00000000 cmpA=00000000 cmpB=00000000 comp=00 pcctrl=0000 risk=0 wb=1 r5=00000002 mem=0 000003c8 00000002
T=3095000 IDpc=00000000 EXpc=00000000 MEMpc=zzzzzzzz WBpc=000003e0 instID=00000013 rsEX=0/0 wrEX=0 wrMEM=0 wrWB=9 weMEM/WB=0/0 mux=0/0 f=00000000/00000000 cmpA=00000000 cmpB=00000000 comp=00 pcctrl=0000 risk=0 wb=0 r9=000003c8 mem=0 00000000 00000000
T=3105000 IDpc=000003c8 EXpc=00000000 MEMpc=zzzzzzzz WBpc=00000000 instID=00d00093 rsEX=0/0 wrEX=0 wrMEM=0 wrWB=0 weMEM/WB=1/0 mux=0/0 f=00000000/00000000 cmpA=00000000 cmpB=00000000 comp=00 pcctrl=0000 risk=0 wb=0 r0=00000004 mem=0 00000000 00000000
T=3115000 IDpc=000003cc EXpc=000003c8 MEMpc=zzzzzzzz WBpc=00000000 instID=00000013 rsEX=0/13 wrEX=1 wrMEM=0 wrWB=0 weMEM/WB=1/1 mux=0/0 f=00000000/00000000 cmpA=000003c8 cmpB=00000000 comp=10 pcctrl=0000 risk=0 wb=1 r0=00000000 mem=0 00000000 00000000
T=3125000 IDpc=000003d0 EXpc=000003cc MEMpc=zzzzzzzz WBpc=00000000 instID=00b00113 rsEX=0/0 wrEX=0 wrMEM=1 wrWB=0 weMEM/WB=1/1 mux=0/0 f=00000000/00000000 cmpA=000003cc cmpB=00000000 comp=10 pcctrl=0000 risk=0 wb=1 r0=00000000 mem=0 0000000d 00000000
T=3135000 IDpc=000003d4 EXpc=000003d0 MEMpc=zzzzzzzz WBpc=000003c8 instID=00208733 rsEX=0/11 wrEX=2 wrMEM=0 wrWB=1 weMEM/WB=1/1 mux=0/0 f=00000000/00000000 cmpA=000003d0 cmpB=0000001a comp=10 pcctrl=0000 risk=0 wb=1 r1=0000000d mem=0 00000000 00000000
T=3145000 IDpc=000003d8 EXpc=000003d4 MEMpc=zzzzzzzz WBpc=000003cc instID=00120213 rsEX=1/2 wrEX=14 wrMEM=2 wrWB=0 weMEM/WB=1/1 mux=0/1 f=00000000/0000000b cmpA=000003d4 cmpB=00000000 comp=10 pcctrl=0000 risk=0 wb=1 r0=00000000 mem=0 0000000b 1a000000
T=3155000 IDpc=000003dc EXpc=000003d8 MEMpc=zzzzzzzz WBpc=000003d0 instID=00200293 rsEX=4/1 wrEX=4 wrMEM=14 wrWB=2 weMEM/WB=1/1 mux=0/0 f=00000000/00000000 cmpA=000003d8 cmpB=0000000d comp=10 pcctrl=0000 risk=0 wb=1 r2=0000000b mem=0 00000018 00000000
T=3165000 IDpc=000003e0 EXpc=000003dc MEMpc=zzzzzzzz WBpc=000003d4 instID=fe5214e3 rsEX=0/2 wrEX=5 wrMEM=4 wrWB=14 weMEM/WB=1/1 mux=0/0 f=00000000/00000000 cmpA=000003dc cmpB=0000000b comp=10 pcctrl=0000 risk=0 wb=1 r14=00000018 mem=0 00000002 000d0000
T=3175000 IDpc=000003e4 EXpc=000003e0 MEMpc=zzzzzzzz WBpc=000003d8 instID=01800393 rsEX=4/5 wrEX=9 wrMEM=5 wrWB=4 weMEM/WB=1/1 mux=1/1 f=00000002/00000002 cmpA=00000002 cmpB=00000002 comp=00 pcctrl=0101 risk=0 wb=1 r4=00000002 mem=0 00000002 000b0000
T=3185000 IDpc=000003e8 EXpc=000003e4 MEMpc=zzzzzzzz WBpc=000003dc instID=1c771463 rsEX=0/24 wrEX=7 wrMEM=9 wrWB=5 weMEM/WB=0/1 mux=0/0 f=00000000/00000000 cmpA=000003e4 cmpB=00000000 comp=10 pcctrl=0000 risk=0 wb=1 r5=00000002 mem=0 000003c8 00000002
T=3195000 IDpc=000003ec EXpc=000003e8 MEMpc=zzzzzzzz WBpc=000003e0 instID=01b00193 rsEX=14/7 wrEX=8 wrMEM=7 wrWB=9 weMEM/WB=1/0 mux=0/1 f=00000000/00000018 cmpA=00000018 cmpB=00000018 comp=00 pcctrl=0101 risk=0 wb=0 r9=000003c8 mem=0 00000018 00000000
T=3205000 IDpc=000003f0 EXpc=000003ec MEMpc=zzzzzzzz WBpc=000003e4 instID=00000213 rsEX=0/27 wrEX=3 wrMEM=8 wrWB=7 weMEM/WB=0/1 mux=0/0 f=00000000/00000000 cmpA=000003ec cmpB=00000000 comp=10 pcctrl=0000 risk=0 wb=1 r7=00000018 mem=0 000005b0 00000018
T=3215000 IDpc=000003f4 EXpc=000003f0 MEMpc=zzzzzzzz WBpc=000003e8 instID=00e00093 rsEX=0/0 wrEX=4 wrMEM=3 wrWB=8 weMEM/WB=1/0 mux=0/0 f=00000000/00000000 cmpA=000003f0 cmpB=00000000 comp=10 pcctrl=0000 risk=0 wb=0 r8=000005b0 mem=0 0000001b 00000000
T=3225000 IDpc=000003f8 EXpc=000003f4 MEMpc=zzzzzzzz WBpc=000003ec instID=00000013 rsEX=0/14 wrEX=1 wrMEM=4 wrWB=3 weMEM/WB=1/1 mux=0/0 f=00000000/00000000 cmpA=000003f4 cmpB=00000018 comp=10 pcctrl=0000 risk=0 wb=1 r3=0000001b mem=0 00000000 00000000
T=3235000 IDpc=000003fc EXpc=000003f8 MEMpc=zzzzzzzz WBpc=000003f0 instID=00b00113 rsEX=0/0 wrEX=0 wrMEM=1 wrWB=4 weMEM/WB=1/1 mux=0/0 f=00000000/00000000 cmpA=000003f8 cmpB=00000000 comp=10 pcctrl=0000 risk=0 wb=1 r4=00000000 mem=0 0000000e 00180000
T=3245000 IDpc=00000400 EXpc=000003fc MEMpc=zzzzzzzz WBpc=000003f4 instID=00000013 rsEX=0/11 wrEX=2 wrMEM=0 wrWB=1 weMEM/WB=1/1 mux=0/0 f=00000000/00000000 cmpA=000003fc cmpB=0000001a comp=10 pcctrl=0000 risk=0 wb=1 r1=0000000e mem=0 00000000 00000000
T=3255000 IDpc=00000404 EXpc=00000400 MEMpc=zzzzzzzz WBpc=000003f8 instID=00208733 rsEX=0/0 wrEX=0 wrMEM=2 wrWB=0 weMEM/WB=1/1 mux=0/0 f=00000000/00000000 cmpA=00000400 cmpB=00000000 comp=10 pcctrl=0000 risk=0 wb=1 r0=00000000 mem=0 0000000b 1a000000
T=3265000 IDpc=00000408 EXpc=00000404 MEMpc=zzzzzzzz WBpc=000003fc instID=00120213 rsEX=1/2 wrEX=14 wrMEM=0 wrWB=2 weMEM/WB=1/1 mux=0/1 f=00000000/0000000b cmpA=00000404 cmpB=00000000 comp=10 pcctrl=0000 risk=0 wb=1 r2=0000000b mem=0 00000000 00000000
T=3275000 IDpc=0000040c EXpc=00000408 MEMpc=zzzzzzzz WBpc=00000400 instID=00200293 rsEX=4/1 wrEX=4 wrMEM=14 wrWB=0 weMEM/WB=1/1 mux=0/0 f=00000000/00000000 cmpA=00000408 cmpB=0000000e comp=10 pcctrl=0000 risk=0 wb=1 r0=00000000 mem=0 00000019 00000000
T=3285000 IDpc=00000410 EXpc=0000040c MEMpc=zzzzzzzz WBpc=00000404 instID=fe5212e3 rsEX=0/2 wrEX=5 wrMEM=4 wrWB=14 weMEM/WB=1/1 mux=0/0 f=00000000/00000000 cmpA=0000040c cmpB=0000000b comp=10 pcctrl=0000 risk=0 wb=1 r14=00000019 mem=0 00000001 00000e00
T=3295000 IDpc=00000414 EXpc=00000410 MEMpc=zzzzzzzz WBpc=00000408 instID=01900393 rsEX=4/5 wrEX=5 wrMEM=5 wrWB=4 weMEM/WB=1/1 mux=1/1 f=00000001/00000002 cmpA=00000001 cmpB=00000002 comp=01 pcctrl=0101 risk=1 wb=1 r4=00000001 mem=0 00000002 000b0000
T=3305000 IDpc=00000000 EXpc=00000000 MEMpc=zzzzzzzz WBpc=0000040c instID=00000013 rsEX=0/0 wrEX=0 wrMEM=5 wrWB=5 weMEM/WB=0/1 mux=0/0 f=00000000/00000000 cmpA=00000000 cmpB=00000000 comp=00 pcctrl=0000 risk=0 wb=1 r5=00000002 mem=0 000003f4 00000002
T=3315000 IDpc=00000000 EXpc=00000000 MEMpc=zzzzzzzz WBpc=00000410 instID=00000013 rsEX=0/0 wrEX=0 wrMEM=0 wrWB=5 weMEM/WB=0/0 mux=0/0 f=00000000/00000000 cmpA=00000000 cmpB=00000000 comp=00 pcctrl=0000 risk=0 wb=0 r5=000003f4 mem=0 00000000 00000000
T=3325000 IDpc=000003f4 EXpc=00000000 MEMpc=zzzzzzzz WBpc=00000000 instID=00e00093 rsEX=0/0 wrEX=0 wrMEM=0 wrWB=0 weMEM/WB=1/0 mux=0/0 f=00000000/00000000 cmpA=00000000 cmpB=00000000 comp=00 pcctrl=0000 risk=0 wb=0 r0=00000004 mem=0 00000000 00000000
T=3335000 IDpc=000003f8 EXpc=000003f4 MEMpc=zzzzzzzz WBpc=00000000 instID=00000013 rsEX=0/14 wrEX=1 wrMEM=0 wrWB=0 weMEM/WB=1/1 mux=0/0 f=00000000/00000000 cmpA=000003f4 cmpB=00000019 comp=10 pcctrl=0000 risk=0 wb=1 r0=00000000 mem=0 00000000 00000000
T=3345000 IDpc=000003fc EXpc=000003f8 MEMpc=zzzzzzzz WBpc=00000000 instID=00b00113 rsEX=0/0 wrEX=0 wrMEM=1 wrWB=0 weMEM/WB=1/1 mux=0/0 f=00000000/00000000 cmpA=000003f8 cmpB=00000000 comp=10 pcctrl=0000 risk=0 wb=1 r0=00000000 mem=0 0000000e 00190000
T=3355000 IDpc=00000400 EXpc=000003fc MEMpc=zzzzzzzz WBpc=000003f4 instID=00000013 rsEX=0/11 wrEX=2 wrMEM=0 wrWB=1 weMEM/WB=1/1 mux=0/0 f=00000000/00000000 cmpA=000003fc cmpB=0000001a comp=10 pcctrl=0000 risk=0 wb=1 r1=0000000e mem=0 00000000 00000000
T=3365000 IDpc=00000404 EXpc=00000400 MEMpc=zzzzzzzz WBpc=000003f8 instID=00208733 rsEX=0/0 wrEX=0 wrMEM=2 wrWB=0 weMEM/WB=1/1 mux=0/0 f=00000000/00000000 cmpA=00000400 cmpB=00000000 comp=10 pcctrl=0000 risk=0 wb=1 r0=00000000 mem=0 0000000b 1a000000
T=3375000 IDpc=00000408 EXpc=00000404 MEMpc=zzzzzzzz WBpc=000003fc instID=00120213 rsEX=1/2 wrEX=14 wrMEM=0 wrWB=2 weMEM/WB=1/1 mux=0/1 f=00000000/0000000b cmpA=00000404 cmpB=00000000 comp=10 pcctrl=0000 risk=0 wb=1 r2=0000000b mem=0 00000000 00000000
T=3385000 IDpc=0000040c EXpc=00000408 MEMpc=zzzzzzzz WBpc=00000400 instID=00200293 rsEX=4/1 wrEX=4 wrMEM=14 wrWB=0 weMEM/WB=1/1 mux=0/0 f=00000000/00000000 cmpA=00000408 cmpB=0000000e comp=10 pcctrl=0000 risk=0 wb=1 r0=00000000 mem=0 00000019 00000000
T=3395000 IDpc=00000410 EXpc=0000040c MEMpc=zzzzzzzz WBpc=00000404 instID=fe5212e3 rsEX=0/2 wrEX=5 wrMEM=4 wrWB=14 weMEM/WB=1/1 mux=0/0 f=00000000/00000000 cmpA=0000040c cmpB=0000000b comp=10 pcctrl=0000 risk=0 wb=1 r14=00000019 mem=0 00000002 000e0000
T=3405000 IDpc=00000414 EXpc=00000410 MEMpc=zzzzzzzz WBpc=00000408 instID=01900393 rsEX=4/5 wrEX=5 wrMEM=5 wrWB=4 weMEM/WB=1/1 mux=1/1 f=00000002/00000002 cmpA=00000002 cmpB=00000002 comp=00 pcctrl=0101 risk=0 wb=1 r4=00000002 mem=0 00000002 000b0000
T=3415000 IDpc=00000418 EXpc=00000414 MEMpc=zzzzzzzz WBpc=0000040c instID=18771c63 rsEX=0/25 wrEX=7 wrMEM=5 wrWB=5 weMEM/WB=0/1 mux=0/0 f=00000000/00000000 cmpA=00000414 cmpB=00000000 comp=10 pcctrl=0000 risk=0 wb=1 r5=00000002 mem=0 000003f4 00000002
T=3425000 IDpc=0000041c EXpc=00000418 MEMpc=zzzzzzzz WBpc=00000410 instID=01c00193 rsEX=14/7 wrEX=24 wrMEM=7 wrWB=5 weMEM/WB=1/0 mux=0/1 f=00000000/00000019 cmpA=00000019 cmpB=00000019 comp=00 pcctrl=0101 risk=0 wb=0 r5=000003f4 mem=0 00000019 00000000
T=3435000 IDpc=00000420 EXpc=0000041c MEMpc=zzzzzzzz WBpc=00000414 instID=00000213 rsEX=0/28 wrEX=3 wrMEM=24 wrWB=7 weMEM/WB=0/1 mux=0/0 f=00000000/00000000 cmpA=0000041c cmpB=00000000 comp=10 pcctrl=0000 risk=0 wb=1 r7=00000019 mem=0 000005b0 00000019
T=3445000 IDpc=00000424 EXpc=00000420 MEMpc=zzzzzzzz WBpc=00000418 instID=00f00093 rsEX=0/0 wrEX=4 wrMEM=3 wrWB=24 weMEM/WB=1/0 mux=0/0 f=00000000/00000000 cmpA=00000420 cmpB=00000000 comp=10 pcctrl=0000 risk=0 wb=0 r24=000005b0 mem=0 0000001c 00000000
T=3455000 IDpc=00000428 EXpc=00000424 MEMpc=zzzzzzzz WBpc=0000041c instID=00000013 rsEX=0/15 wrEX=1 wrMEM=4 wrWB=3 weMEM/WB=1/1 mux=0/0 f=00000000/00000000 cmpA=00000424 cmpB=00000000 comp=10 pcctrl=0000 risk=0 wb=1 r3=0000001c mem=0 00000000 00000000
T=3465000 IDpc=0000042c EXpc=00000428 MEMpc=zzzzzzzz WBpc=00000420 instID=00000013 rsEX=0/0 wrEX=0 wrMEM=1 wrWB=4 weMEM/WB=1/1 mux=0/0 f=00000000/00000000 cmpA=00000428 cmpB=00000000 comp=10 pcctrl=0000 risk=0 wb=1 r4=00000000 mem=0 0000000f 00000000
T=3475000 IDpc=00000430 EXpc=0000042c MEMpc=zzzzzzzz WBpc=00000424 instID=00b00113 rsEX=0/0 wrEX=0 wrMEM=0 wrWB=1 weMEM/WB=1/1 mux=0/0 f=00000000/00000000 cmpA=0000042c cmpB=00000000 comp=10 pcctrl=0000 risk=0 wb=1 r1=0000000f mem=0 00000000 00000000
T=3485000 IDpc=00000434 EXpc=00000430 MEMpc=zzzzzzzz WBpc=00000428 instID=00208733 rsEX=0/11 wrEX=2 wrMEM=0 wrWB=0 weMEM/WB=1/1 mux=0/0 f=00000000/00000000 cmpA=00000430 cmpB=0000001a comp=10 pcctrl=0000 risk=0 wb=1 r0=00000000 mem=0 00000000 00000000
T=3495000 IDpc=00000438 EXpc=00000434 MEMpc=zzzzzzzz WBpc=0000042c instID=00120213 rsEX=1/2 wrEX=14 wrMEM=2 wrWB=0 weMEM/WB=1/1 mux=0/1 f=00000000/0000000b cmpA=00000434 cmpB=00000000 comp=10 pcctrl=0000 risk=0 wb=1 r0=00000000 mem=0 0000000b 1a000000
T=3505000 IDpc=0000043c EXpc=00000438 MEMpc=zzzzzzzz WBpc=00000430 instID=00200293 rsEX=4/1 wrEX=4 wrMEM=14 wrWB=2 weMEM/WB=1/1 mux=0/0 f=00000000/00000000 cmpA=00000438 cmpB=0000000f comp=10 pcctrl=0000 risk=0 wb=1 r2=0000000b mem=0 0000001a 00000000
T=3515000 IDpc=00000440 EXpc=0000043c MEMpc=zzzzzzzz WBpc=00000434 instID=fe5212e3 rsEX=0/2 wrEX=5 wrMEM=4 wrWB=14 weMEM/WB=1/1 mux=0/0 f=00000000/00000000 cmpA=0000043c cmpB=0000000b comp=10 pcctrl=0000 risk=0 wb=1 r14=0000001a mem=0 00000001 00000f00
T=3525000 IDpc=00000444 EXpc=00000440 MEMpc=zzzzzzzz WBpc=00000438 instID=01a00393 rsEX=4/5 wrEX=5 wrMEM=5 wrWB=4 weMEM/WB=1/1 mux=1/1 f=00000001/00000002 cmpA=00000001 cmpB=00000002 comp=01 pcctrl=0101 risk=1 wb=1 r4=00000001 mem=0 00000002 000b0000
T=3535000 IDpc=00000000 EXpc=00000000 MEMpc=zzzzzzzz WBpc=0000043c instID=00000013 rsEX=0/0 wrEX=0 wrMEM=5 wrWB=5 weMEM/WB=0/1 mux=0/0 f=00000000/00000000 cmpA=00000000 cmpB=00000000 comp=00 pcctrl=0000 risk=0 wb=1 r5=00000002 mem=0 00000424 00000002
T=3545000 IDpc=00000000 EXpc=00000000 MEMpc=zzzzzzzz WBpc=00000440 instID=00000013 rsEX=0/0 wrEX=0 wrMEM=0 wrWB=5 weMEM/WB=0/0 mux=0/0 f=00000000/00000000 cmpA=00000000 cmpB=00000000 comp=00 pcctrl=0000 risk=0 wb=0 r5=00000424 mem=0 00000000 00000000
T=3555000 IDpc=00000424 EXpc=00000000 MEMpc=zzzzzzzz WBpc=00000000 instID=00f00093 rsEX=0/0 wrEX=0 wrMEM=0 wrWB=0 weMEM/WB=1/0 mux=0/0 f=00000000/00000000 cmpA=00000000 cmpB=00000000 comp=00 pcctrl=0000 risk=0 wb=0 r0=00000004 mem=0 00000000 00000000
T=3565000 IDpc=00000428 EXpc=00000424 MEMpc=zzzzzzzz WBpc=00000000 instID=00000013 rsEX=0/15 wrEX=1 wrMEM=0 wrWB=0 weMEM/WB=1/1 mux=0/0 f=00000000/00000000 cmpA=00000424 cmpB=00000000 comp=10 pcctrl=0000 risk=0 wb=1 r0=00000000 mem=0 00000000 00000000
T=3575000 IDpc=0000042c EXpc=00000428 MEMpc=zzzzzzzz WBpc=00000000 instID=00000013 rsEX=0/0 wrEX=0 wrMEM=1 wrWB=0 weMEM/WB=1/1 mux=0/0 f=00000000/00000000 cmpA=00000428 cmpB=00000000 comp=10 pcctrl=0000 risk=0 wb=1 r0=00000000 mem=0 0000000f 00000000
T=3585000 IDpc=00000430 EXpc=0000042c MEMpc=zzzzzzzz WBpc=00000424 instID=00b00113 rsEX=0/0 wrEX=0 wrMEM=0 wrWB=1 weMEM/WB=1/1 mux=0/0 f=00000000/00000000 cmpA=0000042c cmpB=00000000 comp=10 pcctrl=0000 risk=0 wb=1 r1=0000000f mem=0 00000000 00000000
T=3595000 IDpc=00000434 EXpc=00000430 MEMpc=zzzzzzzz WBpc=00000428 instID=00208733 rsEX=0/11 wrEX=2 wrMEM=0 wrWB=0 weMEM/WB=1/1 mux=0/0 f=00000000/00000000 cmpA=00000430 cmpB=0000001a comp=10 pcctrl=0000 risk=0 wb=1 r0=00000000 mem=0 00000000 00000000
T=3605000 IDpc=00000438 EXpc=00000434 MEMpc=zzzzzzzz WBpc=0000042c instID=00120213 rsEX=1/2 wrEX=14 wrMEM=2 wrWB=0 weMEM/WB=1/1 mux=0/1 f=00000000/0000000b cmpA=00000434 cmpB=00000000 comp=10 pcctrl=0000 risk=0 wb=1 r0=00000000 mem=0 0000000b 1a000000
T=3615000 IDpc=0000043c EXpc=00000438 MEMpc=zzzzzzzz WBpc=00000430 instID=00200293 rsEX=4/1 wrEX=4 wrMEM=14 wrWB=2 weMEM/WB=1/1 mux=0/0 f=00000000/00000000 cmpA=00000438 cmpB=0000000f comp=10 pcctrl=0000 risk=0 wb=1 r2=0000000b mem=0 0000001a 00000000
T=3625000 IDpc=00000440 EXpc=0000043c MEMpc=zzzzzzzz WBpc=00000434 instID=fe5212e3 rsEX=0/2 wrEX=5 wrMEM=4 wrWB=14 weMEM/WB=1/1 mux=0/0 f=00000000/00000000 cmpA=0000043c cmpB=0000000b comp=10 pcctrl=0000 risk=0 wb=1 r14=0000001a mem=0 00000002 000f0000
T=3635000 IDpc=00000444 EXpc=00000440 MEMpc=zzzzzzzz WBpc=00000438 instID=01a00393 rsEX=4/5 wrEX=5 wrMEM=5 wrWB=4 weMEM/WB=1/1 mux=1/1 f=00000002/00000002 cmpA=00000002 cmpB=00000002 comp=00 pcctrl=0101 risk=0 wb=1 r4=00000002 mem=0 00000002 000b0000
T=3645000 IDpc=00000448 EXpc=00000444 MEMpc=zzzzzzzz WBpc=0000043c instID=16771463 rsEX=0/26 wrEX=7 wrMEM=5 wrWB=5 weMEM/WB=0/1 mux=0/0 f=00000000/00000000 cmpA=00000444 cmpB=00000000 comp=10 pcctrl=0000 risk=0 wb=1 r5=00000002 mem=0 00000424 00000002
T=3655000 IDpc=0000044c EXpc=00000448 MEMpc=zzzzzzzz WBpc=00000440 instID=01d00193 rsEX=14/7 wrEX=8 wrMEM=7 wrWB=5 weMEM/WB=1/0 mux=0/1 f=00000000/0000001a cmpA=0000001a cmpB=0000001a comp=00 pcctrl=0101 risk=0 wb=0 r5=00000424 mem=0 0000001a 00000000
T=3665000 IDpc=00000450 EXpc=0000044c MEMpc=zzzzzzzz WBpc=00000444 instID=00000213 rsEX=0/29 wrEX=3 wrMEM=8 wrWB=7 weMEM/WB=0/1 mux=0/0 f=00000000/00000000 cmpA=0000044c cmpB=00000000 comp=10 pcctrl=0000 risk=0 wb=1 r7=0000001a mem=0 000005b0 0000001a
T=3675000 IDpc=00000454 EXpc=00000450 MEMpc=zzzzzzzz WBpc=00000448 instID=00b00113 rsEX=0/0 wrEX=4 wrMEM=3 wrWB=8 weMEM/WB=1/0 mux=0/0 f=00000000/00000000 cmpA=00000450 cmpB=00000000 comp=10 pcctrl=0000 risk=0 wb=0 r8=000005b0 mem=0 0000001d 00000000
T=3685000 IDpc=00000458 EXpc=00000454 MEMpc=zzzzzzzz WBpc=0000044c instID=00d00093 rsEX=0/11 wrEX=2 wrMEM=4 wrWB=3 weMEM/WB=1/1 mux=0/0 f=00000000/00000000 cmpA=00000454 cmpB=0000001a comp=10 pcctrl=0000 risk=0 wb=1 r3=0000001d mem=0 00000000 00000000
T=3695000 IDpc=0000045c EXpc=00000458 MEMpc=zzzzzzzz WBpc=00000450 instID=00208733 rsEX=0/13 wrEX=1 wrMEM=2 wrWB=4 weMEM/WB=1/1 mux=0/0 f=00000000/00000000 cmpA=00000458 cmpB=00000000 comp=10 pcctrl=0000 risk=0 wb=1 r4=00000000 mem=0 0000000b 1a000000
T=3705000 IDpc=00000460 EXpc=0000045c MEMpc=zzzzzzzz WBpc=00000454 instID=00120213 rsEX=1/2 wrEX=14 wrMEM=1 wrWB=2 weMEM/WB=1/1 mux=1/1 f=0000000d/0000000b cmpA=0000045c cmpB=00000000 comp=10 pcctrl=0000 risk=0 wb=1 r2=0000000b mem=0 0000000d 00000000
T=3715000 IDpc=00000464 EXpc=00000460 MEMpc=zzzzzzzz WBpc=00000458 instID=00200293 rsEX=4/1 wrEX=4 wrMEM=14 wrWB=1 weMEM/WB=1/1 mux=0/1 f=00000000/0000000d cmpA=00000460 cmpB=0000000d comp=10 pcctrl=0000 risk=0 wb=1 r1=0000000d mem=0 00000018 00000000
T=3725000 IDpc=00000468 EXpc=00000464 MEMpc=zzzzzzzz WBpc=0000045c instID=fe5216e3 rsEX=0/2 wrEX=5 wrMEM=4 wrWB=14 weMEM/WB=1/1 mux=0/0 f=00000000/00000000 cmpA=00000464 cmpB=0000000b comp=10 pcctrl=0000 risk=0 wb=1 r14=00000018 mem=0 00000001 00000d00
T=3735000 IDpc=0000046c EXpc=00000468 MEMpc=zzzzzzzz WBpc=00000460 instID=01800393 rsEX=4/5 wrEX=13 wrMEM=5 wrWB=4 weMEM/WB=1/1 mux=1/1 f=00000001/00000002 cmpA=00000001 cmpB=00000002 comp=01 pcctrl=0101 risk=1 wb=1 r4=00000001 mem=0 00000002 000b0000
T=3745000 IDpc=00000000 EXpc=00000000 MEMpc=zzzzzzzz WBpc=00000464 instID=00000013 rsEX=0/0 wrEX=0 wrMEM=13 wrWB=5 weMEM/WB=0/1 mux=0/0 f=00000000/00000000 cmpA=00000000 cmpB=00000000 comp=00 pcctrl=0000 risk=0 wb=1 r5=00000002 mem=0 00000454 00000002
T=3755000 IDpc=00000000 EXpc=00000000 MEMpc=zzzzzzzz WBpc=00000468 instID=00000013 rsEX=0/0 wrEX=0 wrMEM=0 wrWB=13 weMEM/WB=0/0 mux=0/0 f=00000000/00000000 cmpA=00000000 cmpB=00000000 comp=00 pcctrl=0000 risk=0 wb=0 r13=00000454 mem=0 00000000 00000000
T=3765000 IDpc=00000454 EXpc=00000000 MEMpc=zzzzzzzz WBpc=00000000 instID=00b00113 rsEX=0/0 wrEX=0 wrMEM=0 wrWB=0 weMEM/WB=1/0 mux=0/0 f=00000000/00000000 cmpA=00000000 cmpB=00000000 comp=00 pcctrl=0000 risk=0 wb=0 r0=00000004 mem=0 00000000 00000000
T=3775000 IDpc=00000458 EXpc=00000454 MEMpc=zzzzzzzz WBpc=00000000 instID=00d00093 rsEX=0/11 wrEX=2 wrMEM=0 wrWB=0 weMEM/WB=1/1 mux=0/0 f=00000000/00000000 cmpA=00000454 cmpB=0000001a comp=10 pcctrl=0000 risk=0 wb=1 r0=00000000 mem=0 00000000 00000000
T=3785000 IDpc=0000045c EXpc=00000458 MEMpc=zzzzzzzz WBpc=00000000 instID=00208733 rsEX=0/13 wrEX=1 wrMEM=2 wrWB=0 weMEM/WB=1/1 mux=0/0 f=00000000/00000000 cmpA=00000458 cmpB=00000000 comp=10 pcctrl=0000 risk=0 wb=1 r0=00000000 mem=0 0000000b 1a000000
T=3795000 IDpc=00000460 EXpc=0000045c MEMpc=zzzzzzzz WBpc=00000454 instID=00120213 rsEX=1/2 wrEX=14 wrMEM=1 wrWB=2 weMEM/WB=1/1 mux=1/1 f=0000000d/0000000b cmpA=0000045c cmpB=00000000 comp=10 pcctrl=0000 risk=0 wb=1 r2=0000000b mem=0 0000000d 00000000
T=3805000 IDpc=00000464 EXpc=00000460 MEMpc=zzzzzzzz WBpc=00000458 instID=00200293 rsEX=4/1 wrEX=4 wrMEM=14 wrWB=1 weMEM/WB=1/1 mux=0/1 f=00000000/0000000d cmpA=00000460 cmpB=0000000d comp=10 pcctrl=0000 risk=0 wb=1 r1=0000000d mem=0 00000018 00000000
T=3815000 IDpc=00000468 EXpc=00000464 MEMpc=zzzzzzzz WBpc=0000045c instID=fe5216e3 rsEX=0/2 wrEX=5 wrMEM=4 wrWB=14 weMEM/WB=1/1 mux=0/0 f=00000000/00000000 cmpA=00000464 cmpB=0000000b comp=10 pcctrl=0000 risk=0 wb=1 r14=00000018 mem=0 00000002 000d0000
T=3825000 IDpc=0000046c EXpc=00000468 MEMpc=zzzzzzzz WBpc=00000460 instID=01800393 rsEX=4/5 wrEX=13 wrMEM=5 wrWB=4 weMEM/WB=1/1 mux=1/1 f=00000002/00000002 cmpA=00000002 cmpB=00000002 comp=00 pcctrl=0101 risk=0 wb=1 r4=00000002 mem=0 00000002 000b0000
T=3835000 IDpc=00000470 EXpc=0000046c MEMpc=zzzzzzzz WBpc=00000464 instID=14771063 rsEX=0/24 wrEX=7 wrMEM=13 wrWB=5 weMEM/WB=0/1 mux=0/0 f=00000000/00000000 cmpA=0000046c cmpB=00000000 comp=10 pcctrl=0000 risk=0 wb=1 r5=00000002 mem=0 00000454 00000002
T=3845000 IDpc=00000474 EXpc=00000470 MEMpc=zzzzzzzz WBpc=00000468 instID=01e00193 rsEX=14/7 wrEX=0 wrMEM=7 wrWB=13 weMEM/WB=1/0 mux=0/1 f=00000000/00000018 cmpA=00000018 cmpB=00000018 comp=00 pcctrl=0101 risk=0 wb=0 r13=00000454 mem=0 00000018 00000000
T=3855000 IDpc=00000478 EXpc=00000474 MEMpc=zzzzzzzz WBpc=0000046c instID=00000213 rsEX=0/30 wrEX=3 wrMEM=0 wrWB=7 weMEM/WB=0/1 mux=0/0 f=00000000/00000000 cmpA=00000474 cmpB=00000000 comp=10 pcctrl=0000 risk=0 wb=1 r7=00000018 mem=0 000005b0 00000018
T=3865000 IDpc=0000047c EXpc=00000478 MEMpc=zzzzzzzz WBpc=00000470 instID=00b00113 rsEX=0/0 wrEX=4 wrMEM=3 wrWB=0 weMEM/WB=1/0 mux=0/0 f=00000000/00000000 cmpA=00000478 cmpB=00000000 comp=10 pcctrl=0000 risk=0 wb=0 r0=000005b0 mem=0 0000001e 00000000
T=3875000 IDpc=00000480 EXpc=0000047c MEMpc=zzzzzzzz WBpc=00000474 instID=00e00093 rsEX=0/11 wrEX=2 wrMEM=4 wrWB=3 weMEM/WB=1/1 mux=0/0 f=00000000/00000000 cmpA=0000047c cmpB=0000001a comp=10 pcctrl=0000 risk=0 wb=1 r3=0000001e mem=0 00000000 00000000
T=3885000 IDpc=00000484 EXpc=00000480 MEMpc=zzzzzzzz WBpc=00000478 instID=00000013 rsEX=0/14 wrEX=1 wrMEM=2 wrWB=4 weMEM/WB=1/1 mux=0/0 f=00000000/00000000 cmpA=00000480 cmpB=00000018 comp=10 pcctrl=0000 risk=0 wb=1 r4=00000000 mem=0 0000000b 1a000000
T=3895000 IDpc=00000488 EXpc=00000484 MEMpc=zzzzzzzz WBpc=0000047c instID=00208733 rsEX=0/0 wrEX=0 wrMEM=1 wrWB=2 weMEM/WB=1/1 mux=0/0 f=00000000/00000000 cmpA=00000484 cmpB=00000000 comp=10 pcctrl=0000 risk=0 wb=1 r2=0000000b mem=0 0000000e 00180000
T=3905000 IDpc=0000048c EXpc=00000488 MEMpc=zzzzzzzz WBpc=00000480 instID=00120213 rsEX=1/2 wrEX=14 wrMEM=0 wrWB=1 weMEM/WB=1/1 mux=1/0 f=0000000e/00000000 cmpA=00000488 cmpB=00000000 comp=10 pcctrl=0000 risk=0 wb=1 r1=0000000e mem=0 00000000 00000000
T=3915000 IDpc=00000490 EXpc=0000048c MEMpc=zzzzzzzz WBpc=00000484 instID=00200293 rsEX=4/1 wrEX=4 wrMEM=14 wrWB=0 weMEM/WB=1/1 mux=0/0 f=00000000/00000000 cmpA=0000048c cmpB=0000000e comp=10 pcctrl=0000 risk=0 wb=1 r0=00000000 mem=0 00000019 00000000
T=3925000 IDpc=00000494 EXpc=00000490 MEMpc=zzzzzzzz WBpc=00000488 instID=fe5214e3 rsEX=0/2 wrEX=5 wrMEM=4 wrWB=14 weMEM/WB=1/1 mux=0/0 f=00000000/00000000 cmpA=00000490 cmpB=0000000b comp=10 pcctrl=0000 risk=0 wb=1 r14=00000019 mem=0 00000001 00000e00
T=3935000 IDpc=00000498 EXpc=00000494 MEMpc=zzzzzzzz WBpc=0000048c instID=01900393 rsEX=4/5 wrEX=9 wrMEM=5 wrWB=4 weMEM/WB=1/1 mux=1/1 f=00000001/00000002 cmpA=00000001 cmpB=00000002 comp=01 pcctrl=0101 risk=1 wb=1 r4=00000001 mem=0 00000002 000b0000
T=3945000 IDpc=00000000 EXpc=00000000 MEMpc=zzzzzzzz WBpc=00000490 instID=00000013 rsEX=0/0 wrEX=0 wrMEM=9 wrWB=5 weMEM/WB=0/1 mux=0/0 f=00000000/00000000 cmpA=00000000 cmpB=00000000 comp=00 pcctrl=0000 risk=0 wb=1 r5=00000002 mem=0 0000047c 00000002
T=3955000 IDpc=00000000 EXpc=00000000 MEMpc=zzzzzzzz WBpc=00000494 instID=00000013 rsEX=0/0 wrEX=0 wrMEM=0 wrWB=9 weMEM/WB=0/0 mux=0/0 f=00000000/00000000 cmpA=00000000 cmpB=00000000 comp=00 pcctrl=0000 risk=0 wb=0 r9=0000047c mem=0 00000000 00000000
T=3965000 IDpc=0000047c EXpc=00000000 MEMpc=zzzzzzzz WBpc=00000000 instID=00b00113 rsEX=0/0 wrEX=0 wrMEM=0 wrWB=0 weMEM/WB=1/0 mux=0/0 f=00000000/00000000 cmpA=00000000 cmpB=00000000 comp=00 pcctrl=0000 risk=0 wb=0 r0=00000004 mem=0 00000000 00000000
T=3975000 IDpc=00000480 EXpc=0000047c MEMpc=zzzzzzzz WBpc=00000000 instID=00e00093 rsEX=0/11 wrEX=2 wrMEM=0 wrWB=0 weMEM/WB=1/1 mux=0/0 f=00000000/00000000 cmpA=0000047c cmpB=0000001a comp=10 pcctrl=0000 risk=0 wb=1 r0=00000000 mem=0 00000000 00000000
T=3985000 IDpc=00000484 EXpc=00000480 MEMpc=zzzzzzzz WBpc=00000000 instID=00000013 rsEX=0/14 wrEX=1 wrMEM=2 wrWB=0 weMEM/WB=1/1 mux=0/0 f=00000000/00000000 cmpA=00000480 cmpB=00000019 comp=10 pcctrl=0000 risk=0 wb=1 r0=00000000 mem=0 0000000b 1a000000
T=3995000 IDpc=00000488 EXpc=00000484 MEMpc=zzzzzzzz WBpc=0000047c instID=00208733 rsEX=0/0 wrEX=0 wrMEM=1 wrWB=2 weMEM/WB=1/1 mux=0/0 f=00000000/00000000 cmpA=00000484 cmpB=00000000 comp=10 pcctrl=0000 risk=0 wb=1 r2=0000000b mem=0 0000000e 00190000
T=4005000 IDpc=0000048c EXpc=00000488 MEMpc=zzzzzzzz WBpc=00000480 instID=00120213 rsEX=1/2 wrEX=14 wrMEM=0 wrWB=1 weMEM/WB=1/1 mux=1/0 f=0000000e/00000000 cmpA=00000488 cmpB=00000000 comp=10 pcctrl=0000 risk=0 wb=1 r1=0000000e mem=0 00000000 00000000
T=4015000 IDpc=00000490 EXpc=0000048c MEMpc=zzzzzzzz WBpc=00000484 instID=00200293 rsEX=4/1 wrEX=4 wrMEM=14 wrWB=0 weMEM/WB=1/1 mux=0/0 f=00000000/00000000 cmpA=0000048c cmpB=0000000e comp=10 pcctrl=0000 risk=0 wb=1 r0=00000000 mem=0 00000019 00000000
T=4025000 IDpc=00000494 EXpc=00000490 MEMpc=zzzzzzzz WBpc=00000488 instID=fe5214e3 rsEX=0/2 wrEX=5 wrMEM=4 wrWB=14 weMEM/WB=1/1 mux=0/0 f=00000000/00000000 cmpA=00000490 cmpB=0000000b comp=10 pcctrl=0000 risk=0 wb=1 r14=00000019 mem=0 00000002 000e0000
T=4035000 IDpc=00000498 EXpc=00000494 MEMpc=zzzzzzzz WBpc=0000048c instID=01900393 rsEX=4/5 wrEX=9 wrMEM=5 wrWB=4 weMEM/WB=1/1 mux=1/1 f=00000002/00000002 cmpA=00000002 cmpB=00000002 comp=00 pcctrl=0101 risk=0 wb=1 r4=00000002 mem=0 00000002 000b0000
T=4045000 IDpc=0000049c EXpc=00000498 MEMpc=zzzzzzzz WBpc=00000490 instID=10771a63 rsEX=0/25 wrEX=7 wrMEM=9 wrWB=5 weMEM/WB=0/1 mux=0/0 f=00000000/00000000 cmpA=00000498 cmpB=00000000 comp=10 pcctrl=0000 risk=0 wb=1 r5=00000002 mem=0 0000047c 00000002
T=4055000 IDpc=000004a0 EXpc=0000049c MEMpc=zzzzzzzz WBpc=00000494 instID=01f00193 rsEX=14/7 wrEX=20 wrMEM=7 wrWB=9 weMEM/WB=1/0 mux=0/1 f=00000000/00000019 cmpA=00000019 cmpB=00000019 comp=00 pcctrl=0101 risk=0 wb=0 r9=0000047c mem=0 00000019 00000000
T=4065000 IDpc=000004a4 EXpc=000004a0 MEMpc=zzzzzzzz WBpc=00000498 instID=00000213 rsEX=0/31 wrEX=3 wrMEM=20 wrWB=7 weMEM/WB=0/1 mux=0/0 f=00000000/00000000 cmpA=000004a0 cmpB=00000000 comp=10 pcctrl=0000 risk=0 wb=1 r7=00000019 mem=0 000005b0 00000019
T=4075000 IDpc=000004a8 EXpc=000004a4 MEMpc=zzzzzzzz WBpc=0000049c instID=00b00113 rsEX=0/0 wrEX=4 wrMEM=3 wrWB=20 weMEM/WB=1/0 mux=0/0 f=00000000/00000000 cmpA=000004a4 cmpB=00000000 comp=10 pcctrl=0000 risk=0 wb=0 r20=000005b0 mem=0 0000001f 00000000
T=4085000 IDpc=000004ac EXpc=000004a8 MEMpc=zzzzzzzz WBpc=000004a0 instID=00f00093 rsEX=0/11 wrEX=2 wrMEM=4 wrWB=3 weMEM/WB=1/1 mux=0/0 f=00000000/00000000 cmpA=000004a8 cmpB=0000001a comp=10 pcctrl=0000 risk=0 wb=1 r3=0000001f mem=0 00000000 00000000
T=4095000 IDpc=000004b0 EXpc=000004ac MEMpc=zzzzzzzz WBpc=000004a4 instID=00000013 rsEX=0/15 wrEX=1 wrMEM=2 wrWB=4 weMEM/WB=1/1 mux=0/0 f=00000000/00000000 cmpA=000004ac cmpB=00000000 comp=10 pcctrl=0000 risk=0 wb=1 r4=00000000 mem=0 0000000b 1a000000
T=4105000 IDpc=000004b4 EXpc=000004b0 MEMpc=zzzzzzzz WBpc=000004a8 instID=00000013 rsEX=0/0 wrEX=0 wrMEM=1 wrWB=2 weMEM/WB=1/1 mux=0/0 f=00000000/00000000 cmpA=000004b0 cmpB=00000000 comp=10 pcctrl=0000 risk=0 wb=1 r2=0000000b mem=0 0000000f 00000000
T=4115000 IDpc=000004b8 EXpc=000004b4 MEMpc=zzzzzzzz WBpc=000004ac instID=00208733 rsEX=0/0 wrEX=0 wrMEM=0 wrWB=1 weMEM/WB=1/1 mux=0/0 f=00000000/00000000 cmpA=000004b4 cmpB=00000000 comp=10 pcctrl=0000 risk=0 wb=1 r1=0000000f mem=0 00000000 00000000
T=4125000 IDpc=000004bc EXpc=000004b8 MEMpc=zzzzzzzz WBpc=000004b0 instID=00120213 rsEX=1/2 wrEX=14 wrMEM=0 wrWB=0 weMEM/WB=1/1 mux=0/0 f=00000000/00000000 cmpA=000004b8 cmpB=00000000 comp=10 pcctrl=0000 risk=0 wb=1 r0=00000000 mem=0 00000000 00000000
T=4135000 IDpc=000004c0 EXpc=000004bc MEMpc=zzzzzzzz WBpc=000004b4 instID=00200293 rsEX=4/1 wrEX=4 wrMEM=14 wrWB=0 weMEM/WB=1/1 mux=0/0 f=00000000/00000000 cmpA=000004bc cmpB=0000000f comp=10 pcctrl=0000 risk=0 wb=1 r0=00000000 mem=0 0000001a 00000000
T=4145000 IDpc=000004c4 EXpc=000004c0 MEMpc=zzzzzzzz WBpc=000004b8 instID=fe5212e3 rsEX=0/2 wrEX=5 wrMEM=4 wrWB=14 weMEM/WB=1/1 mux=0/0 f=00000000/00000000 cmpA=000004c0 cmpB=0000000b comp=10 pcctrl=0000 risk=0 wb=1 r14=0000001a mem=0 00000001 00000f00
T=4155000 IDpc=000004c8 EXpc=000004c4 MEMpc=zzzzzzzz WBpc=000004bc instID=01a00393 rsEX=4/5 wrEX=5 wrMEM=5 wrWB=4 weMEM/WB=1/1 mux=1/1 f=00000001/00000002 cmpA=00000001 cmpB=00000002 comp=01 pcctrl=0101 risk=1 wb=1 r4=00000001 mem=0 00000002 000b0000
T=4165000 IDpc=00000000 EXpc=00000000 MEMpc=zzzzzzzz WBpc=000004c0 instID=00000013 rsEX=0/0 wrEX=0 wrMEM=5 wrWB=5 weMEM/WB=0/1 mux=0/0 f=00000000/00000000 cmpA=00000000 cmpB=00000000 comp=00 pcctrl=0000 risk=0 wb=1 r5=00000002 mem=0 000004a8 00000002
T=4175000 IDpc=00000000 EXpc=00000000 MEMpc=zzzzzzzz WBpc=000004c4 instID=00000013 rsEX=0/0 wrEX=0 wrMEM=0 wrWB=5 weMEM/WB=0/0 mux=0/0 f=00000000/00000000 cmpA=00000000 cmpB=00000000 comp=00 pcctrl=0000 risk=0 wb=0 r5=000004a8 mem=0 00000000 00000000
T=4185000 IDpc=000004a8 EXpc=00000000 MEMpc=zzzzzzzz WBpc=00000000 instID=00b00113 rsEX=0/0 wrEX=0 wrMEM=0 wrWB=0 weMEM/WB=1/0 mux=0/0 f=00000000/00000000 cmpA=00000000 cmpB=00000000 comp=00 pcctrl=0000 risk=0 wb=0 r0=00000004 mem=0 00000000 00000000
T=4195000 IDpc=000004ac EXpc=000004a8 MEMpc=zzzzzzzz WBpc=00000000 instID=00f00093 rsEX=0/11 wrEX=2 wrMEM=0 wrWB=0 weMEM/WB=1/1 mux=0/0 f=00000000/00000000 cmpA=000004a8 cmpB=0000001a comp=10 pcctrl=0000 risk=0 wb=1 r0=00000000 mem=0 00000000 00000000
T=4205000 IDpc=000004b0 EXpc=000004ac MEMpc=zzzzzzzz WBpc=00000000 instID=00000013 rsEX=0/15 wrEX=1 wrMEM=2 wrWB=0 weMEM/WB=1/1 mux=0/0 f=00000000/00000000 cmpA=000004ac cmpB=00000000 comp=10 pcctrl=0000 risk=0 wb=1 r0=00000000 mem=0 0000000b 1a000000
T=4215000 IDpc=000004b4 EXpc=000004b0 MEMpc=zzzzzzzz WBpc=000004a8 instID=00000013 rsEX=0/0 wrEX=0 wrMEM=1 wrWB=2 weMEM/WB=1/1 mux=0/0 f=00000000/00000000 cmpA=000004b0 cmpB=00000000 comp=10 pcctrl=0000 risk=0 wb=1 r2=0000000b mem=0 0000000f 00000000
T=4225000 IDpc=000004b8 EXpc=000004b4 MEMpc=zzzzzzzz WBpc=000004ac instID=00208733 rsEX=0/0 wrEX=0 wrMEM=0 wrWB=1 weMEM/WB=1/1 mux=0/0 f=00000000/00000000 cmpA=000004b4 cmpB=00000000 comp=10 pcctrl=0000 risk=0 wb=1 r1=0000000f mem=0 00000000 00000000
T=4235000 IDpc=000004bc EXpc=000004b8 MEMpc=zzzzzzzz WBpc=000004b0 instID=00120213 rsEX=1/2 wrEX=14 wrMEM=0 wrWB=0 weMEM/WB=1/1 mux=0/0 f=00000000/00000000 cmpA=000004b8 cmpB=00000000 comp=10 pcctrl=0000 risk=0 wb=1 r0=00000000 mem=0 00000000 00000000
T=4245000 IDpc=000004c0 EXpc=000004bc MEMpc=zzzzzzzz WBpc=000004b4 instID=00200293 rsEX=4/1 wrEX=4 wrMEM=14 wrWB=0 weMEM/WB=1/1 mux=0/0 f=00000000/00000000 cmpA=000004bc cmpB=0000000f comp=10 pcctrl=0000 risk=0 wb=1 r0=00000000 mem=0 0000001a 00000000
T=4255000 IDpc=000004c4 EXpc=000004c0 MEMpc=zzzzzzzz WBpc=000004b8 instID=fe5212e3 rsEX=0/2 wrEX=5 wrMEM=4 wrWB=14 weMEM/WB=1/1 mux=0/0 f=00000000/00000000 cmpA=000004c0 cmpB=0000000b comp=10 pcctrl=0000 risk=0 wb=1 r14=0000001a mem=0 00000002 000f0000
T=4265000 IDpc=000004c8 EXpc=000004c4 MEMpc=zzzzzzzz WBpc=000004bc instID=01a00393 rsEX=4/5 wrEX=5 wrMEM=5 wrWB=4 weMEM/WB=1/1 mux=1/1 f=00000002/00000002 cmpA=00000002 cmpB=00000002 comp=00 pcctrl=0101 risk=0 wb=1 r4=00000002 mem=0 00000002 000b0000
T=4275000 IDpc=000004cc EXpc=000004c8 MEMpc=zzzzzzzz WBpc=000004c0 instID=0e771263 rsEX=0/26 wrEX=7 wrMEM=5 wrWB=5 weMEM/WB=0/1 mux=0/0 f=00000000/00000000 cmpA=000004c8 cmpB=00000000 comp=10 pcctrl=0000 risk=0 wb=1 r5=00000002 mem=0 000004a8 00000002
T=4285000 IDpc=000004d0 EXpc=000004cc MEMpc=zzzzzzzz WBpc=000004c4 instID=02000193 rsEX=14/7 wrEX=4 wrMEM=7 wrWB=5 weMEM/WB=1/0 mux=0/1 f=00000000/0000001a cmpA=0000001a cmpB=0000001a comp=00 pcctrl=0101 risk=0 wb=0 r5=000004a8 mem=0 0000001a 00000000
T=4295000 IDpc=000004d4 EXpc=000004d0 MEMpc=zzzzzzzz WBpc=000004c8 instID=00000213 rsEX=0/0 wrEX=3 wrMEM=4 wrWB=7 weMEM/WB=0/1 mux=0/0 f=00000000/00000000 cmpA=000004d0 cmpB=00000000 comp=10 pcctrl=0000 risk=0 wb=1 r7=0000001a mem=0 000005b0 0000001a
T=4305000 IDpc=000004d8 EXpc=000004d4 MEMpc=zzzzzzzz WBpc=000004cc instID=00b00113 rsEX=0/0 wrEX=4 wrMEM=3 wrWB=4 weMEM/WB=1/0 mux=0/0 f=00000000/00000000 cmpA=000004d4 cmpB=00000000 comp=10 pcctrl=0000 risk=0 wb=0 r4=000005b0 mem=0 00000020 00000000
T=4315000 IDpc=000004dc EXpc=000004d8 MEMpc=zzzzzzzz WBpc=000004d0 instID=00000013 rsEX=0/11 wrEX=2 wrMEM=4 wrWB=3 weMEM/WB=1/1 mux=0/0 f=00000000/00000000 cmpA=000004d8 cmpB=0000001a comp=10 pcctrl=0000 risk=0 wb=1 r3=00000020 mem=0 00000000 00000000
T=4325000 IDpc=000004e0 EXpc=000004dc MEMpc=zzzzzzzz WBpc=000004d4 instID=00d00093 rsEX=0/0 wrEX=0 wrMEM=2 wrWB=4 weMEM/WB=1/1 mux=0/0 f=00000000/00000000 cmpA=000004dc cmpB=00000000 comp=10 pcctrl=0000 risk=0 wb=1 r4=00000000 mem=0 0000000b 1a000000
T=4335000 IDpc=000004e4 EXpc=000004e0 MEMpc=zzzzzzzz WBpc=000004d8 instID=00208733 rsEX=0/13 wrEX=1 wrMEM=0 wrWB=2 weMEM/WB=1/1 mux=0/0 f=00000000/00000000 cmpA=000004e0 cmpB=00000000 comp=10 pcctrl=0000 risk=0 wb=1 r2=0000000b mem=0 00000000 00000000
T=4345000 IDpc=000004e8 EXpc=000004e4 MEMpc=zzzzzzzz WBpc=000004dc instID=00120213 rsEX=1/2 wrEX=14 wrMEM=1 wrWB=0 weMEM/WB=1/1 mux=1/0 f=0000000d/00000000 cmpA=000004e4 cmpB=00000000 comp=10 pcctrl=0000 risk=0 wb=1 r0=00000000 mem=0 0000000d 00000000
T=4355000 IDpc=000004ec EXpc=000004e8 MEMpc=zzzzzzzz WBpc=000004e0 instID=00200293 rsEX=4/1 wrEX=4 wrMEM=14 wrWB=1 weMEM/WB=1/1 mux=0/1 f=00000000/0000000d cmpA=000004e8 cmpB=0000000d comp=10 pcctrl=0000 risk=0 wb=1 r1=0000000d mem=0 00000018 00000000
T=4365000 IDpc=000004f0 EXpc=000004ec MEMpc=zzzzzzzz WBpc=000004e4 instID=fe5214e3 rsEX=0/2 wrEX=5 wrMEM=4 wrWB=14 weMEM/WB=1/1 mux=0/0 f=00000000/00000000 cmpA=000004ec cmpB=0000000b comp=10 pcctrl=0000 risk=0 wb=1 r14=00000018 mem=0 00000001 00000d00
T=4375000 IDpc=000004f4 EXpc=000004f0 MEMpc=zzzzzzzz WBpc=000004e8 instID=01800393 rsEX=4/5 wrEX=9 wrMEM=5 wrWB=4 weMEM/WB=1/1 mux=1/1 f=00000001/00000002 cmpA=00000001 cmpB=00000002 comp=01 pcctrl=0101 risk=1 wb=1 r4=00000001 mem=0 00000002 000b0000
T=4385000 IDpc=00000000 EXpc=00000000 MEMpc=zzzzzzzz WBpc=000004ec instID=00000013 rsEX=0/0 wrEX=0 wrMEM=9 wrWB=5 weMEM/WB=0/1 mux=0/0 f=00000000/00000000 cmpA=00000000 cmpB=00000000 comp=00 pcctrl=0000 risk=0 wb=1 r5=00000002 mem=0 000004d8 00000002
T=4395000 IDpc=00000000 EXpc=00000000 MEMpc=zzzzzzzz WBpc=000004f0 instID=00000013 rsEX=0/0 wrEX=0 wrMEM=0 wrWB=9 weMEM/WB=0/0 mux=0/0 f=00000000/00000000 cmpA=00000000 cmpB=00000000 comp=00 pcctrl=0000 risk=0 wb=0 r9=000004d8 mem=0 00000000 00000000
T=4405000 IDpc=000004d8 EXpc=00000000 MEMpc=zzzzzzzz WBpc=00000000 instID=00b00113 rsEX=0/0 wrEX=0 wrMEM=0 wrWB=0 weMEM/WB=1/0 mux=0/0 f=00000000/00000000 cmpA=00000000 cmpB=00000000 comp=00 pcctrl=0000 risk=0 wb=0 r0=00000004 mem=0 00000000 00000000
T=4415000 IDpc=000004dc EXpc=000004d8 MEMpc=zzzzzzzz WBpc=00000000 instID=00000013 rsEX=0/11 wrEX=2 wrMEM=0 wrWB=0 weMEM/WB=1/1 mux=0/0 f=00000000/00000000 cmpA=000004d8 cmpB=0000001a comp=10 pcctrl=0000 risk=0 wb=1 r0=00000000 mem=0 00000000 00000000
T=4425000 IDpc=000004e0 EXpc=000004dc MEMpc=zzzzzzzz WBpc=00000000 instID=00d00093 rsEX=0/0 wrEX=0 wrMEM=2 wrWB=0 weMEM/WB=1/1 mux=0/0 f=00000000/00000000 cmpA=000004dc cmpB=00000000 comp=10 pcctrl=0000 risk=0 wb=1 r0=00000000 mem=0 0000000b 1a000000
T=4435000 IDpc=000004e4 EXpc=000004e0 MEMpc=zzzzzzzz WBpc=000004d8 instID=00208733 rsEX=0/13 wrEX=1 wrMEM=0 wrWB=2 weMEM/WB=1/1 mux=0/0 f=00000000/00000000 cmpA=000004e0 cmpB=00000000 comp=10 pcctrl=0000 risk=0 wb=1 r2=0000000b mem=0 00000000 00000000
T=4445000 IDpc=000004e8 EXpc=000004e4 MEMpc=zzzzzzzz WBpc=000004dc instID=00120213 rsEX=1/2 wrEX=14 wrMEM=1 wrWB=0 weMEM/WB=1/1 mux=1/0 f=0000000d/00000000 cmpA=000004e4 cmpB=00000000 comp=10 pcctrl=0000 risk=0 wb=1 r0=00000000 mem=0 0000000d 00000000
T=4455000 IDpc=000004ec EXpc=000004e8 MEMpc=zzzzzzzz WBpc=000004e0 instID=00200293 rsEX=4/1 wrEX=4 wrMEM=14 wrWB=1 weMEM/WB=1/1 mux=0/1 f=00000000/0000000d cmpA=000004e8 cmpB=0000000d comp=10 pcctrl=0000 risk=0 wb=1 r1=0000000d mem=0 00000018 00000000
T=4465000 IDpc=000004f0 EXpc=000004ec MEMpc=zzzzzzzz WBpc=000004e4 instID=fe5214e3 rsEX=0/2 wrEX=5 wrMEM=4 wrWB=14 weMEM/WB=1/1 mux=0/0 f=00000000/00000000 cmpA=000004ec cmpB=0000000b comp=10 pcctrl=0000 risk=0 wb=1 r14=00000018 mem=0 00000002 000d0000
T=4475000 IDpc=000004f4 EXpc=000004f0 MEMpc=zzzzzzzz WBpc=000004e8 instID=01800393 rsEX=4/5 wrEX=9 wrMEM=5 wrWB=4 weMEM/WB=1/1 mux=1/1 f=00000002/00000002 cmpA=00000002 cmpB=00000002 comp=00 pcctrl=0101 risk=0 wb=1 r4=00000002 mem=0 00000002 000b0000
T=4485000 IDpc=000004f8 EXpc=000004f4 MEMpc=zzzzzzzz WBpc=000004ec instID=0a771c63 rsEX=0/24 wrEX=7 wrMEM=9 wrWB=5 weMEM/WB=0/1 mux=0/0 f=00000000/00000000 cmpA=000004f4 cmpB=00000000 comp=10 pcctrl=0000 risk=0 wb=1 r5=00000002 mem=0 000004d8 00000002
T=4495000 IDpc=000004fc EXpc=000004f8 MEMpc=zzzzzzzz WBpc=000004f0 instID=02100193 rsEX=14/7 wrEX=24 wrMEM=7 wrWB=9 weMEM/WB=1/0 mux=0/1 f=00000000/00000018 cmpA=00000018 cmpB=00000018 comp=00 pcctrl=0101 risk=0 wb=0 r9=000004d8 mem=0 00000018 00000000
T=4505000 IDpc=00000500 EXpc=000004fc MEMpc=zzzzzzzz WBpc=000004f4 instID=00000213 rsEX=0/1 wrEX=3 wrMEM=24 wrWB=7 weMEM/WB=0/1 mux=0/0 f=00000000/00000000 cmpA=000004fc cmpB=0000000d comp=10 pcctrl=0000 risk=0 wb=1 r7=00000018 mem=0 000005b0 00000018
T=4515000 IDpc=00000504 EXpc=00000500 MEMpc=zzzzzzzz WBpc=000004f8 instID=00b00113 rsEX=0/0 wrEX=4 wrMEM=3 wrWB=24 weMEM/WB=1/0 mux=0/0 f=00000000/00000000 cmpA=00000500 cmpB=00000000 comp=10 pcctrl=0000 risk=0 wb=0 r24=000005b0 mem=0 00000021 00000d00
T=4525000 IDpc=00000508 EXpc=00000504 MEMpc=zzzzzzzz WBpc=000004fc instID=00000013 rsEX=0/11 wrEX=2 wrMEM=4 wrWB=3 weMEM/WB=1/1 mux=0/0 f=00000000/00000000 cmpA=00000504 cmpB=0000001a comp=10 pcctrl=0000 risk=0 wb=1 r3=00000021 mem=0 00000000 00000000
T=4535000 IDpc=0000050c EXpc=00000508 MEMpc=zzzzzzzz WBpc=00000500 instID=00e00093 rsEX=0/0 wrEX=0 wrMEM=2 wrWB=4 weMEM/WB=1/1 mux=0/0 f=00000000/00000000 cmpA=00000508 cmpB=00000000 comp=10 pcctrl=0000 risk=0 wb=1 r4=00000000 mem=0 0000000b 1a000000
T=4545000 IDpc=00000510 EXpc=0000050c MEMpc=zzzzzzzz WBpc=00000504 instID=00000013 rsEX=0/14 wrEX=1 wrMEM=0 wrWB=2 weMEM/WB=1/1 mux=0/0 f=00000000/00000000 cmpA=0000050c cmpB=00000018 comp=10 pcctrl=0000 risk=0 wb=1 r2=0000000b mem=0 00000000 00000000
T=4555000 IDpc=00000514 EXpc=00000510 MEMpc=zzzzzzzz WBpc=00000508 instID=00208733 rsEX=0/0 wrEX=0 wrMEM=1 wrWB=0 weMEM/WB=1/1 mux=0/0 f=00000000/00000000 cmpA=00000510 cmpB=00000000 comp=10 pcctrl=0000 risk=0 wb=1 r0=00000000 mem=0 0000000e 00180000
T=4565000 IDpc=00000518 EXpc=00000514 MEMpc=zzzzzzzz WBpc=0000050c instID=00120213 rsEX=1/2 wrEX=14 wrMEM=0 wrWB=1 weMEM/WB=1/1 mux=1/0 f=0000000e/00000000 cmpA=00000514 cmpB=00000000 comp=10 pcctrl=0000 risk=0 wb=1 r1=0000000e mem=0 00000000 00000000
T=4575000 IDpc=0000051c EXpc=00000518 MEMpc=zzzzzzzz WBpc=00000510 instID=00200293 rsEX=4/1 wrEX=4 wrMEM=14 wrWB=0 weMEM/WB=1/1 mux=0/0 f=00000000/00000000 cmpA=00000518 cmpB=0000000e comp=10 pcctrl=0000 risk=0 wb=1 r0=00000000 mem=0 00000019 00000000
T=4585000 IDpc=00000520 EXpc=0000051c MEMpc=zzzzzzzz WBpc=00000514 instID=fe5212e3 rsEX=0/2 wrEX=5 wrMEM=4 wrWB=14 weMEM/WB=1/1 mux=0/0 f=00000000/00000000 cmpA=0000051c cmpB=0000000b comp=10 pcctrl=0000 risk=0 wb=1 r14=00000019 mem=0 00000001 00000e00
T=4595000 IDpc=00000524 EXpc=00000520 MEMpc=zzzzzzzz WBpc=00000518 instID=01900393 rsEX=4/5 wrEX=5 wrMEM=5 wrWB=4 weMEM/WB=1/1 mux=1/1 f=00000001/00000002 cmpA=00000001 cmpB=00000002 comp=01 pcctrl=0101 risk=1 wb=1 r4=00000001 mem=0 00000002 000b0000
T=4605000 IDpc=00000000 EXpc=00000000 MEMpc=zzzzzzzz WBpc=0000051c instID=00000013 rsEX=0/0 wrEX=0 wrMEM=5 wrWB=5 weMEM/WB=0/1 mux=0/0 f=00000000/00000000 cmpA=00000000 cmpB=00000000 comp=00 pcctrl=0000 risk=0 wb=1 r5=00000002 mem=0 00000504 00000002
T=4615000 IDpc=00000000 EXpc=00000000 MEMpc=zzzzzzzz WBpc=00000520 instID=00000013 rsEX=0/0 wrEX=0 wrMEM=0 wrWB=5 weMEM/WB=0/0 mux=0/0 f=00000000/00000000 cmpA=00000000 cmpB=00000000 comp=00 pcctrl=0000 risk=0 wb=0 r5=00000504 mem=0 00000000 00000000
T=4625000 IDpc=00000504 EXpc=00000000 MEMpc=zzzzzzzz WBpc=00000000 instID=00b00113 rsEX=0/0 wrEX=0 wrMEM=0 wrWB=0 weMEM/WB=1/0 mux=0/0 f=00000000/00000000 cmpA=00000000 cmpB=00000000 comp=00 pcctrl=0000 risk=0 wb=0 r0=00000004 mem=0 00000000 00000000
T=4635000 IDpc=00000508 EXpc=00000504 MEMpc=zzzzzzzz WBpc=00000000 instID=00000013 rsEX=0/11 wrEX=2 wrMEM=0 wrWB=0 weMEM/WB=1/1 mux=0/0 f=00000000/00000000 cmpA=00000504 cmpB=0000001a comp=10 pcctrl=0000 risk=0 wb=1 r0=00000000 mem=0 00000000 00000000
T=4645000 IDpc=0000050c EXpc=00000508 MEMpc=zzzzzzzz WBpc=00000000 instID=00e00093 rsEX=0/0 wrEX=0 wrMEM=2 wrWB=0 weMEM/WB=1/1 mux=0/0 f=00000000/00000000 cmpA=00000508 cmpB=00000000 comp=10 pcctrl=0000 risk=0 wb=1 r0=00000000 mem=0 0000000b 1a000000
T=4655000 IDpc=00000510 EXpc=0000050c MEMpc=zzzzzzzz WBpc=00000504 instID=00000013 rsEX=0/14 wrEX=1 wrMEM=0 wrWB=2 weMEM/WB=1/1 mux=0/0 f=00000000/00000000 cmpA=0000050c cmpB=00000019 comp=10 pcctrl=0000 risk=0 wb=1 r2=0000000b mem=0 00000000 00000000
T=4665000 IDpc=00000514 EXpc=00000510 MEMpc=zzzzzzzz WBpc=00000508 instID=00208733 rsEX=0/0 wrEX=0 wrMEM=1 wrWB=0 weMEM/WB=1/1 mux=0/0 f=00000000/00000000 cmpA=00000510 cmpB=00000000 comp=10 pcctrl=0000 risk=0 wb=1 r0=00000000 mem=0 0000000e 00190000
T=4675000 IDpc=00000518 EXpc=00000514 MEMpc=zzzzzzzz WBpc=0000050c instID=00120213 rsEX=1/2 wrEX=14 wrMEM=0 wrWB=1 weMEM/WB=1/1 mux=1/0 f=0000000e/00000000 cmpA=00000514 cmpB=00000000 comp=10 pcctrl=0000 risk=0 wb=1 r1=0000000e mem=0 00000000 00000000
T=4685000 IDpc=0000051c EXpc=00000518 MEMpc=zzzzzzzz WBpc=00000510 instID=00200293 rsEX=4/1 wrEX=4 wrMEM=14 wrWB=0 weMEM/WB=1/1 mux=0/0 f=00000000/00000000 cmpA=00000518 cmpB=0000000e comp=10 pcctrl=0000 risk=0 wb=1 r0=00000000 mem=0 00000019 00000000
T=4695000 IDpc=00000520 EXpc=0000051c MEMpc=zzzzzzzz WBpc=00000514 instID=fe5212e3 rsEX=0/2 wrEX=5 wrMEM=4 wrWB=14 weMEM/WB=1/1 mux=0/0 f=00000000/00000000 cmpA=0000051c cmpB=0000000b comp=10 pcctrl=0000 risk=0 wb=1 r14=00000019 mem=0 00000002 000e0000
T=4705000 IDpc=00000524 EXpc=00000520 MEMpc=zzzzzzzz WBpc=00000518 instID=01900393 rsEX=4/5 wrEX=5 wrMEM=5 wrWB=4 weMEM/WB=1/1 mux=1/1 f=00000002/00000002 cmpA=00000002 cmpB=00000002 comp=00 pcctrl=0101 risk=0 wb=1 r4=00000002 mem=0 00000002 000b0000
T=4715000 IDpc=00000528 EXpc=00000524 MEMpc=zzzzzzzz WBpc=0000051c instID=08771463 rsEX=0/25 wrEX=7 wrMEM=5 wrWB=5 weMEM/WB=0/1 mux=0/0 f=00000000/00000000 cmpA=00000524 cmpB=00000000 comp=10 pcctrl=0000 risk=0 wb=1 r5=00000002 mem=0 00000504 00000002
T=4725000 IDpc=0000052c EXpc=00000528 MEMpc=zzzzzzzz WBpc=00000520 instID=02200193 rsEX=14/7 wrEX=8 wrMEM=7 wrWB=5 weMEM/WB=1/0 mux=0/1 f=00000000/00000019 cmpA=00000019 cmpB=00000019 comp=00 pcctrl=0101 risk=0 wb=0 r5=00000504 mem=0 00000019 00000000
T=4735000 IDpc=00000530 EXpc=0000052c MEMpc=zzzzzzzz WBpc=00000524 instID=00000213 rsEX=0/2 wrEX=3 wrMEM=8 wrWB=7 weMEM/WB=0/1 mux=0/0 f=00000000/00000000 cmpA=0000052c cmpB=0000000b comp=10 pcctrl=0000 risk=0 wb=1 r7=00000019 mem=0 000005b0 00000019
T=4745000 IDpc=00000534 EXpc=00000530 MEMpc=zzzzzzzz WBpc=00000528 instID=00b00113 rsEX=0/0 wrEX=4 wrMEM=3 wrWB=8 weMEM/WB=1/0 mux=0/0 f=00000000/00000000 cmpA=00000530 cmpB=00000000 comp=10 pcctrl=0000 risk=0 wb=0 r8=000005b0 mem=0 00000022 000b0000
T=4755000 IDpc=00000538 EXpc=00000534 MEMpc=zzzzzzzz WBpc=0000052c instID=00000013 rsEX=0/11 wrEX=2 wrMEM=4 wrWB=3 weMEM/WB=1/1 mux=0/0 f=00000000/00000000 cmpA=00000534 cmpB=0000001a comp=10 pcctrl=0000 risk=0 wb=1 r3=00000022 mem=0 00000000 00000000
T=4765000 IDpc=0000053c EXpc=00000538 MEMpc=zzzzzzzz WBpc=00000530 instID=00000013 rsEX=0/0 wrEX=0 wrMEM=2 wrWB=4 weMEM/WB=1/1 mux=0/0 f=00000000/00000000 cmpA=00000538 cmpB=00000000 comp=10 pcctrl=0000 risk=0 wb=1 r4=00000000 mem=0 0000000b 1a000000
T=4775000 IDpc=00000540 EXpc=0000053c MEMpc=zzzzzzzz WBpc=00000534 instID=00f00093 rsEX=0/0 wrEX=0 wrMEM=0 wrWB=2 weMEM/WB=1/1 mux=0/0 f=00000000/00000000 cmpA=0000053c cmpB=00000000 comp=10 pcctrl=0000 risk=0 wb=1 r2=0000000b mem=0 00000000 00000000
T=4785000 IDpc=00000544 EXpc=00000540 MEMpc=zzzzzzzz WBpc=00000538 instID=00208733 rsEX=0/15 wrEX=1 wrMEM=0 wrWB=0 weMEM/WB=1/1 mux=0/0 f=00000000/00000000 cmpA=00000540 cmpB=00000000 comp=10 pcctrl=0000 risk=0 wb=1 r0=00000000 mem=0 00000000 00000000
T=4795000 IDpc=00000548 EXpc=00000544 MEMpc=zzzzzzzz WBpc=0000053c instID=00120213 rsEX=1/2 wrEX=14 wrMEM=1 wrWB=0 weMEM/WB=1/1 mux=1/0 f=0000000f/00000000 cmpA=00000544 cmpB=00000000 comp=10 pcctrl=0000 risk=0 wb=1 r0=00000000 mem=0 0000000f 00000000
T=4805000 IDpc=0000054c EXpc=00000548 MEMpc=zzzzzzzz WBpc=00000540 instID=00200293 rsEX=4/1 wrEX=4 wrMEM=14 wrWB=1 weMEM/WB=1/1 mux=0/1 f=00000000/0000000f cmpA=00000548 cmpB=0000000f comp=10 pcctrl=0000 risk=0 wb=1 r1=0000000f mem=0 0000001a 00000000
T=4815000 IDpc=00000550 EXpc=0000054c MEMpc=zzzzzzzz WBpc=00000544 instID=fe5212e3 rsEX=0/2 wrEX=5 wrMEM=4 wrWB=14 weMEM/WB=1/1 mux=0/0 f=00000000/00000000 cmpA=0000054c cmpB=0000000b comp=10 pcctrl=0000 risk=0 wb=1 r14=0000001a mem=0 00000001 00000f00
T=4825000 IDpc=00000554 EXpc=00000550 MEMpc=zzzzzzzz WBpc=00000548 instID=01a00393 rsEX=4/5 wrEX=5 wrMEM=5 wrWB=4 weMEM/WB=1/1 mux=1/1 f=00000001/00000002 cmpA=00000001 cmpB=00000002 comp=01 pcctrl=0101 risk=1 wb=1 r4=00000001 mem=0 00000002 000b0000
T=4835000 IDpc=00000000 EXpc=00000000 MEMpc=zzzzzzzz WBpc=0000054c instID=00000013 rsEX=0/0 wrEX=0 wrMEM=5 wrWB=5 weMEM/WB=0/1 mux=0/0 f=00000000/00000000 cmpA=00000000 cmpB=00000000 comp=00 pcctrl=0000 risk=0 wb=1 r5=00000002 mem=0 00000534 00000002
T=4845000 IDpc=00000000 EXpc=00000000 MEMpc=zzzzzzzz WBpc=00000550 instID=00000013 rsEX=0/0 wrEX=0 wrMEM=0 wrWB=5 weMEM/WB=0/0 mux=0/0 f=00000000/00000000 cmpA=00000000 cmpB=00000000 comp=00 pcctrl=0000 risk=0 wb=0 r5=00000534 mem=0 00000000 00000000
T=4855000 IDpc=00000534 EXpc=00000000 MEMpc=zzzzzzzz WBpc=00000000 instID=00b00113 rsEX=0/0 wrEX=0 wrMEM=0 wrWB=0 weMEM/WB=1/0 mux=0/0 f=00000000/00000000 cmpA=00000000 cmpB=00000000 comp=00 pcctrl=0000 risk=0 wb=0 r0=00000004 mem=0 00000000 00000000
T=4865000 IDpc=00000538 EXpc=00000534 MEMpc=zzzzzzzz WBpc=00000000 instID=00000013 rsEX=0/11 wrEX=2 wrMEM=0 wrWB=0 weMEM/WB=1/1 mux=0/0 f=00000000/00000000 cmpA=00000534 cmpB=0000001a comp=10 pcctrl=0000 risk=0 wb=1 r0=00000000 mem=0 00000000 00000000
T=4875000 IDpc=0000053c EXpc=00000538 MEMpc=zzzzzzzz WBpc=00000000 instID=00000013 rsEX=0/0 wrEX=0 wrMEM=2 wrWB=0 weMEM/WB=1/1 mux=0/0 f=00000000/00000000 cmpA=00000538 cmpB=00000000 comp=10 pcctrl=0000 risk=0 wb=1 r0=00000000 mem=0 0000000b 1a000000
T=4885000 IDpc=00000540 EXpc=0000053c MEMpc=zzzzzzzz WBpc=00000534 instID=00f00093 rsEX=0/0 wrEX=0 wrMEM=0 wrWB=2 weMEM/WB=1/1 mux=0/0 f=00000000/00000000 cmpA=0000053c cmpB=00000000 comp=10 pcctrl=0000 risk=0 wb=1 r2=0000000b mem=0 00000000 00000000
T=4895000 IDpc=00000544 EXpc=00000540 MEMpc=zzzzzzzz WBpc=00000538 instID=00208733 rsEX=0/15 wrEX=1 wrMEM=0 wrWB=0 weMEM/WB=1/1 mux=0/0 f=00000000/00000000 cmpA=00000540 cmpB=00000000 comp=10 pcctrl=0000 risk=0 wb=1 r0=00000000 mem=0 00000000 00000000
T=4905000 IDpc=00000548 EXpc=00000544 MEMpc=zzzzzzzz WBpc=0000053c instID=00120213 rsEX=1/2 wrEX=14 wrMEM=1 wrWB=0 weMEM/WB=1/1 mux=1/0 f=0000000f/00000000 cmpA=00000544 cmpB=00000000 comp=10 pcctrl=0000 risk=0 wb=1 r0=00000000 mem=0 0000000f 00000000
T=4915000 IDpc=0000054c EXpc=00000548 MEMpc=zzzzzzzz WBpc=00000540 instID=00200293 rsEX=4/1 wrEX=4 wrMEM=14 wrWB=1 weMEM/WB=1/1 mux=0/1 f=00000000/0000000f cmpA=00000548 cmpB=0000000f comp=10 pcctrl=0000 risk=0 wb=1 r1=0000000f mem=0 0000001a 00000000
T=4925000 IDpc=00000550 EXpc=0000054c MEMpc=zzzzzzzz WBpc=00000544 instID=fe5212e3 rsEX=0/2 wrEX=5 wrMEM=4 wrWB=14 weMEM/WB=1/1 mux=0/0 f=00000000/00000000 cmpA=0000054c cmpB=0000000b comp=10 pcctrl=0000 risk=0 wb=1 r14=0000001a mem=0 00000002 000f0000
T=4935000 IDpc=00000554 EXpc=00000550 MEMpc=zzzzzzzz WBpc=00000548 instID=01a00393 rsEX=4/5 wrEX=5 wrMEM=5 wrWB=4 weMEM/WB=1/1 mux=1/1 f=00000002/00000002 cmpA=00000002 cmpB=00000002 comp=00 pcctrl=0101 risk=0 wb=1 r4=00000002 mem=0 00000002 000b0000
T=4945000 IDpc=00000558 EXpc=00000554 MEMpc=zzzzzzzz WBpc=0000054c instID=04771c63 rsEX=0/26 wrEX=7 wrMEM=5 wrWB=5 weMEM/WB=0/1 mux=0/0 f=00000000/00000000 cmpA=00000554 cmpB=00000000 comp=10 pcctrl=0000 risk=0 wb=1 r5=00000002 mem=0 00000534 00000002
T=4955000 IDpc=0000055c EXpc=00000558 MEMpc=zzzzzzzz WBpc=00000550 instID=02300193 rsEX=14/7 wrEX=24 wrMEM=7 wrWB=5 weMEM/WB=1/0 mux=0/1 f=00000000/0000001a cmpA=0000001a cmpB=0000001a comp=00 pcctrl=0101 risk=0 wb=0 r5=00000534 mem=0 0000001a 00000000
T=4965000 IDpc=00000560 EXpc=0000055c MEMpc=zzzzzzzz WBpc=00000554 instID=00f00093 rsEX=0/3 wrEX=3 wrMEM=24 wrWB=7 weMEM/WB=0/1 mux=0/0 f=00000000/00000000 cmpA=0000055c cmpB=00000022 comp=10 pcctrl=0000 risk=0 wb=1 r7=0000001a mem=0 000005b0 0000001a
T=4975000 IDpc=00000564 EXpc=00000560 MEMpc=zzzzzzzz WBpc=00000558 instID=00100133 rsEX=0/15 wrEX=1 wrMEM=3 wrWB=24 weMEM/WB=1/0 mux=0/0 f=00000000/00000000 cmpA=00000560 cmpB=00000000 comp=10 pcctrl=0000 risk=0 wb=0 r24=000005b0 mem=0 00000023 22000000
T=4985000 IDpc=00000568 EXpc=00000564 MEMpc=zzzzzzzz WBpc=0000055c instID=00f00393 rsEX=0/1 wrEX=2 wrMEM=1 wrWB=3 weMEM/WB=1/1 mux=0/1 f=00000000/0000000f cmpA=00000564 cmpB=00000000 comp=10 pcctrl=0000 risk=0 wb=1 r3=00000023 mem=0 0000000f 00000000
T=4995000 IDpc=0000056c EXpc=00000568 MEMpc=zzzzzzzz WBpc=00000560 instID=04711263 rsEX=0/15 wrEX=7 wrMEM=2 wrWB=1 weMEM/WB=1/1 mux=0/0 f=00000000/00000000 cmpA=00000568 cmpB=00000000 comp=10 pcctrl=0000 risk=0 wb=1 r1=0000000f mem=0 0000000f 00000000
T=5005000 IDpc=00000570 EXpc=0000056c MEMpc=zzzzzzzz WBpc=00000564 instID=02400193 rsEX=2/7 wrEX=4 wrMEM=7 wrWB=2 weMEM/WB=1/1 mux=1/1 f=0000000f/0000000f cmpA=0000000f cmpB=0000000f comp=00 pcctrl=0101 risk=0 wb=1 r2=0000000f mem=0 0000000f 00000000
T=5015000 IDpc=00000574 EXpc=00000570 MEMpc=zzzzzzzz WBpc=00000568 instID=02000093 rsEX=0/4 wrEX=3 wrMEM=4 wrWB=7 weMEM/WB=0/1 mux=0/0 f=00000000/00000000 cmpA=00000570 cmpB=00000002 comp=10 pcctrl=0000 risk=0 wb=1 r7=0000000f mem=0 000005b0 0000000f
T=5025000 IDpc=00000578 EXpc=00000574 MEMpc=zzzzzzzz WBpc=0000056c instID=00008133 rsEX=0/0 wrEX=1 wrMEM=3 wrWB=4 weMEM/WB=1/0 mux=0/0 f=00000000/00000000 cmpA=00000574 cmpB=00000000 comp=10 pcctrl=0000 risk=0 wb=0 r4=000005b0 mem=0 00000024 00000002
T=5035000 IDpc=0000057c EXpc=00000578 MEMpc=zzzzzzzz WBpc=00000570 instID=02000393 rsEX=1/0 wrEX=2 wrMEM=1 wrWB=3 weMEM/WB=1/1 mux=1/0 f=00000020/00000000 cmpA=00000578 cmpB=00000000 comp=10 pcctrl=0000 risk=0 wb=1 r3=00000024 mem=0 00000020 00000000
T=5045000 IDpc=00000580 EXpc=0000057c MEMpc=zzzzzzzz WBpc=00000574 instID=02711863 rsEX=0/0 wrEX=7 wrMEM=2 wrWB=1 weMEM/WB=1/1 mux=0/0 f=00000000/00000000 cmpA=0000057c cmpB=00000000 comp=10 pcctrl=0000 risk=0 wb=1 r1=00000020 mem=0 00000020 00000000
T=5055000 IDpc=00000584 EXpc=00000580 MEMpc=zzzzzzzz WBpc=00000578 instID=02500193 rsEX=2/7 wrEX=16 wrMEM=7 wrWB=2 weMEM/WB=1/1 mux=1/1 f=00000020/00000020 cmpA=00000020 cmpB=00000020 comp=00 pcctrl=0101 risk=0 wb=1 r2=00000020 mem=0 00000020 00000000
T=5065000 IDpc=00000588 EXpc=00000584 MEMpc=zzzzzzzz WBpc=0000057c instID=000000b3 rsEX=0/5 wrEX=3 wrMEM=16 wrWB=7 weMEM/WB=0/1 mux=0/0 f=00000000/00000000 cmpA=00000584 cmpB=00000002 comp=10 pcctrl=0000 risk=0 wb=1 r7=00000020 mem=0 000005b0 00000020
T=5075000 IDpc=0000058c EXpc=00000588 MEMpc=zzzzzzzz WBpc=00000580 instID=00000393 rsEX=0/0 wrEX=1 wrMEM=3 wrWB=16 weMEM/WB=1/0 mux=0/0 f=00000000/00000000 cmpA=00000588 cmpB=00000000 comp=10 pcctrl=0000 risk=0 wb=0 r16=000005b0 mem=0 00000025 00000200
T=5085000 IDpc=00000590 EXpc=0000058c MEMpc=zzzzzzzz WBpc=00000584 instID=02709063 rsEX=0/0 wrEX=7 wrMEM=1 wrWB=3 weMEM/WB=1/1 mux=0/0 f=00000000/00000000 cmpA=0000058c cmpB=00000000 comp=10 pcctrl=0000 risk=0 wb=1 r3=00000025 mem=0 00000000 00000000
T=5095000 IDpc=00000594 EXpc=00000590 MEMpc=zzzzzzzz WBpc=00000588 instID=02600193 rsEX=1/7 wrEX=0 wrMEM=7 wrWB=1 weMEM/WB=1/1 mux=1/1 f=00000000/00000000 cmpA=00000000 cmpB=00000000 comp=00 pcctrl=0101 risk=0 wb=1 r1=00000000 mem=0 00000000 00000000
T=5105000 IDpc=00000598 EXpc=00000594 MEMpc=zzzzzzzz WBpc=0000058c instID=01000093 rsEX=0/6 wrEX=3 wrMEM=0 wrWB=7 weMEM/WB=0/1 mux=0/0 f=00000000/00000000 cmpA=00000594 cmpB=0000001a comp=10 pcctrl=0000 risk=0 wb=1 r7=00000000 mem=0 000005b0 00000000
T=5115000 IDpc=0000059c EXpc=00000598 MEMpc=zzzzzzzz WBpc=00000590 instID=01e00113 rsEX=0/16 wrEX=1 wrMEM=3 wrWB=0 weMEM/WB=1/0 mux=0/0 f=00000000/00000000 cmpA=00000598 cmpB=00000000 comp=10 pcctrl=0000 risk=0 wb=0 r0=000005b0 mem=0 00000026 001a0000
T=5125000 IDpc=000005a0 EXpc=0000059c MEMpc=zzzzzzzz WBpc=00000594 instID=00208033 rsEX=0/30 wrEX=2 wrMEM=1 wrWB=3 weMEM/WB=1/1 mux=0/0 f=00000000/00000000 cmpA=0000059c cmpB=00000000 comp=10 pcctrl=0000 risk=0 wb=1 r3=00000026 mem=0 00000010 00000000
T=5135000 IDpc=000005a4 EXpc=000005a0 MEMpc=zzzzzzzz WBpc=00000598 instID=00000393 rsEX=1/2 wrEX=0 wrMEM=2 wrWB=1 weMEM/WB=1/1 mux=1/1 f=00000010/0000001e cmpA=000005a0 cmpB=00000000 comp=10 pcctrl=0000 risk=0 wb=1 r1=00000010 mem=0 0000001e 00000000
T=5145000 IDpc=000005a8 EXpc=000005a4 MEMpc=zzzzzzzz WBpc=0000059c instID=00701463 rsEX=0/0 wrEX=7 wrMEM=0 wrWB=2 weMEM/WB=1/1 mux=0/0 f=00000000/00000000 cmpA=000005a4 cmpB=00000000 comp=10 pcctrl=0000 risk=0 wb=1 r2=0000001e mem=0 0000002e 00000000
T=5155000 IDpc=000005ac EXpc=000005a8 MEMpc=zzzzzzzz WBpc=000005a0 instID=00301c63 rsEX=0/7 wrEX=8 wrMEM=7 wrWB=0 weMEM/WB=1/1 mux=0/1 f=00000000/00000000 cmpA=00000000 cmpB=00000000 comp=00 pcctrl=0101 risk=0 wb=1 r0=0000002e mem=0 00000000 00000000
T=5165000 IDpc=000005b0 EXpc=000005ac MEMpc=zzzzzzzz WBpc=000005a4 instID=0ff0000f rsEX=0/3 wrEX=24 wrMEM=8 wrWB=7 weMEM/WB=0/1 mux=0/0 f=00000000/00000000 cmpA=00000000 cmpB=00000026 comp=01 pcctrl=0101 risk=1 wb=1 r7=00000000 mem=0 000005b0 00000000
T=5175000 IDpc=00000000 EXpc=00000000 MEMpc=zzzzzzzz WBpc=000005a8 instID=00000013 rsEX=0/0 wrEX=0 wrMEM=24 wrWB=8 weMEM/WB=0/0 mux=0/0 f=00000000/00000000 cmpA=00000000 cmpB=00000000 comp=00 pcctrl=0000 risk=0 wb=0 r8=000005b0 mem=0 000005c4 00000026
T=5185000 IDpc=00000000 EXpc=00000000 MEMpc=zzzzzzzz WBpc=000005ac instID=00000013 rsEX=0/0 wrEX=0 wrMEM=0 wrWB=24 weMEM/WB=0/0 mux=0/0 f=00000000/00000000 cmpA=00000000 cmpB=00000000 comp=00 pcctrl=0000 risk=0 wb=0 r24=000005c4 mem=0 00000000 00000000
T=5195000 IDpc=000005c4 EXpc=00000000 MEMpc=zzzzzzzz WBpc=00000000 instID=0ff0000f rsEX=0/0 wrEX=0 wrMEM=0 wrWB=0 weMEM/WB=1/0 mux=0/0 f=00000000/00000000 cmpA=00000000 cmpB=00000000 comp=00 pcctrl=0000 risk=0 wb=0 r0=00000004 mem=0 00000000 00000000
T=5205000 IDpc=000005c8 EXpc=000005c4 MEMpc=zzzzzzzz WBpc=00000000 instID=800002b7 rsEX=0/31 wrEX=0 wrMEM=0 wrWB=0 weMEM/WB=1/1 mux=0/0 f=00000000/00000000 cmpA=000005c4 cmpB=00000000 comp=10 pcctrl=0000 risk=0 wb=1 r0=00000000 mem=0 00000000 00000000
T=5215000 IDpc=000005cc EXpc=000005c8 MEMpc=zzzzzzzz WBpc=00000000 instID=00100313 rsEX=0/0 wrEX=5 wrMEM=0 wrWB=0 weMEM/WB=1/1 mux=0/0 f=00000000/00000000 cmpA=000005c8 cmpB=00000000 comp=10 pcctrl=0000 risk=0 wb=1 r0=00000000 mem=0 000000ff 00000000
T=5225000 IDpc=000005d0 EXpc=000005cc MEMpc=zzzzzzzz WBpc=000005c4 instID=0062a023 rsEX=0/1 wrEX=6 wrMEM=5 wrWB=0 weMEM/WB=1/1 mux=0/0 f=00000000/00000000 cmpA=000005cc cmpB=00000010 comp=10 pcctrl=0000 risk=0 wb=1 r0=000000ff mem=0 80000000 00000000
T=5235000 IDpc=000005d4 EXpc=000005d0 MEMpc=zzzzzzzz WBpc=000005c8 instID=0000006f rsEX=5/6 wrEX=0 wrMEM=6 wrWB=5 weMEM/WB=1/1 mux=1/1 f=80000000/00000001 cmpA=000005d0 cmpB=00000001 comp=10 pcctrl=0011 risk=0 wb=1 r5=80000000 mem=0 00000001 00001000
T=5245000 IDpc=000005d8 EXpc=000005d4 MEMpc=zzzzzzzz WBpc=000005cc instID=c0001073 rsEX=0/0 wrEX=0 wrMEM=0 wrWB=6 weMEM/WB=0/1 mux=0/0 f=00000000/00000000 cmpA=00000000 cmpB=00000000 comp=00 pcctrl=1000 risk=1 wb=1 r6=00000001 mem=1 80000000 00000001
FINISH code=00000001 time=5245000 wbpc=000005cc
$finish called at time : 5245 ns : File "D:/riscv32_pipeline/riscv32_pipeline.sim/sim_1/behav/xsim/tb_official_trace.v" Line 67
INFO: [Common 17-206] Exiting xsim at Fri May  1 23:04:21 2026...
