#-----------------------------------------------------------
# xsim v2021.2 (64-bit)
# SW Build 3367213 on Tue Oct 19 02:48:09 MDT 2021
# IP Build 3369179 on Thu Oct 21 08:25:16 MDT 2021
# Start of session at: Fri May  1 22:57:09 2026
# Process ID: 29800
# Current directory: D:/riscv32_pipeline/riscv32_pipeline.sim/sim_1/behav/xsim
# Command line: xsim.exe -log simulate_official_trace.log -mode tcl -source {xsim.dir/tb_official_trace_behav/xsim_script.tcl}
# Log file: D:/riscv32_pipeline/riscv32_pipeline.sim/sim_1/behav/xsim/simulate_official_trace.log
# Journal file: D:/riscv32_pipeline/riscv32_pipeline.sim/sim_1/behav/xsim\xsim.jou
# Running On: WDDdLaptop, OS: Windows, CPU Frequency: 3194 MHz, CPU Physical cores: 16, Host memory: 16366 MB
#-----------------------------------------------------------
source xsim.dir/tb_official_trace_behav/xsim_script.tcl
# xsim {tb_official_trace_behav} -autoloadwcfg -tclbatch {run_all_coremark.tcl}
Time resolution is 1 ps
source run_all_coremark.tcl
## run all
WARNING: This core is supplied with a behavioral model. To model cycle-accurate behavior you must run timing simulation.
>>> trace start
T=1605000 IDpc=00000294 EXpc=00000290 MEMpc=zzzzzzzz WBpc=00000288 instID=30761e63 rsEX=0/25 wrEX=7 wrMEM=12 wrWB=12 weMEM/WB=1/1 mux=0/0 f=00000000/00000000 cmpA=00000290 cmpB=00000000 comp=10 pcctrl=0000 risk=0 wb=1 r12=0000000b mem=0 00000019 00000000
T=1615000 IDpc=00000298 EXpc=00000294 MEMpc=zzzzzzzz WBpc=0000028c instID=01300193 rsEX=12/7 wrEX=28 wrMEM=7 wrWB=12 weMEM/WB=1/1 mux=1/1 f=00000019/00000019 cmpA=00000019 cmpB=00000019 comp=00 pcctrl=0101 risk=0 wb=1 r12=00000019 mem=0 00000019 00000000
T=1625000 IDpc=0000029c EXpc=00000298 MEMpc=zzzzzzzz WBpc=00000290 instID=00d00593 rsEX=0/19 wrEX=3 wrMEM=28 wrWB=7 weMEM/WB=0/1 mux=0/0 f=00000000/00000000 cmpA=00000298 cmpB=00000000 comp=10 pcctrl=0000 risk=0 wb=1 r7=00000019 mem=0 000005b0 00000019
T=1635000 IDpc=000002a0 EXpc=0000029c MEMpc=zzzzzzzz WBpc=00000294 instID=00b585b3 rsEX=0/13 wrEX=11 wrMEM=3 wrWB=28 weMEM/WB=1/0 mux=0/0 f=00000000/00000000 cmpA=0000029c cmpB=00000000 comp=10 pcctrl=0000 risk=0 wb=0 r28=000005b0 mem=0 00000013 00000000
T=1645000 IDpc=000002a4 EXpc=000002a0 MEMpc=zzzzzzzz WBpc=00000298 instID=01a00393 rsEX=11/11 wrEX=11 wrMEM=11 wrWB=3 weMEM/WB=1/1 mux=1/1 f=0000000d/0000000d cmpA=000002a0 cmpB=00000000 comp=10 pcctrl=0000 risk=0 wb=1 r3=00000013 mem=0 0000000d 00000000
T=1655000 IDpc=000002a8 EXpc=000002a4 MEMpc=zzzzzzzz WBpc=0000029c instID=30759463 rsEX=0/26 wrEX=7 wrMEM=11 wrWB=11 weMEM/WB=1/1 mux=0/0 f=00000000/00000000 cmpA=000002a4 cmpB=00000000 comp=10 pcctrl=0000 risk=0 wb=1 r11=0000000d mem=0 0000001a 00000000
T=1665000 IDpc=000002ac EXpc=000002a8 MEMpc=zzzzzzzz WBpc=000002a0 instID=01400193 rsEX=11/7 wrEX=8 wrMEM=7 wrWB=11 weMEM/WB=1/1 mux=1/1 f=0000001a/0000001a cmpA=0000001a cmpB=0000001a comp=00 pcctrl=0101 risk=0 wb=1 r11=0000001a mem=0 0000001a 00000000
T=1675000 IDpc=000002b0 EXpc=000002ac MEMpc=zzzzzzzz WBpc=000002a4 instID=00000213 rsEX=0/20 wrEX=3 wrMEM=8 wrWB=7 weMEM/WB=0/1 mux=0/0 f=00000000/00000000 cmpA=000002ac cmpB=00000000 comp=10 pcctrl=0000 risk=0 wb=1 r7=0000001a mem=0 000005b0 0000001a
T=1685000 IDpc=000002b4 EXpc=000002b0 MEMpc=zzzzzzzz WBpc=000002a8 instID=00d00093 rsEX=0/0 wrEX=4 wrMEM=3 wrWB=8 weMEM/WB=1/0 mux=0/0 f=00000000/00000000 cmpA=000002b0 cmpB=00000000 comp=10 pcctrl=0000 risk=0 wb=0 r8=000005b0 mem=0 00000014 00000000
T=1695000 IDpc=000002b8 EXpc=000002b4 MEMpc=zzzzzzzz WBpc=000002ac instID=00b00113 rsEX=0/13 wrEX=1 wrMEM=4 wrWB=3 weMEM/WB=1/1 mux=0/0 f=00000000/00000000 cmpA=000002b4 cmpB=00000000 comp=10 pcctrl=0000 risk=0 wb=1 r3=00000014 mem=0 00000000 00000000
T=1705000 IDpc=000002bc EXpc=000002b8 MEMpc=zzzzzzzz WBpc=000002b0 instID=00208733 rsEX=0/11 wrEX=2 wrMEM=1 wrWB=4 weMEM/WB=1/1 mux=0/0 f=00000000/00000000 cmpA=000002b8 cmpB=0000001a comp=10 pcctrl=0000 risk=0 wb=1 r4=00000000 mem=0 0000000d 00000000
T=1715000 IDpc=000002c0 EXpc=000002bc MEMpc=zzzzzzzz WBpc=000002b4 instID=00070313 rsEX=1/2 wrEX=14 wrMEM=2 wrWB=1 weMEM/WB=1/1 mux=1/1 f=0000000d/0000000b cmpA=000002bc cmpB=00000000 comp=10 pcctrl=0000 risk=0 wb=1 r1=0000000d mem=0 0000000b 1a000000
T=1725000 IDpc=000002c4 EXpc=000002c0 MEMpc=zzzzzzzz WBpc=000002b8 instID=00120213 rsEX=14/0 wrEX=6 wrMEM=14 wrWB=2 weMEM/WB=1/1 mux=1/0 f=00000018/00000000 cmpA=000002c0 cmpB=00000000 comp=10 pcctrl=0000 risk=0 wb=1 r2=0000000b mem=0 00000018 00000000
T=1735000 IDpc=000002c8 EXpc=000002c4 MEMpc=zzzzzzzz WBpc=000002bc instID=00200293 rsEX=4/1 wrEX=4 wrMEM=6 wrWB=14 weMEM/WB=1/1 mux=0/0 f=00000000/00000000 cmpA=000002c4 cmpB=0000000d comp=10 pcctrl=0000 risk=0 wb=1 r14=00000018 mem=0 00000018 00000000
T=1745000 IDpc=000002cc EXpc=000002c8 MEMpc=zzzzzzzz WBpc=000002c0 instID=fe5214e3 rsEX=0/2 wrEX=5 wrMEM=4 wrWB=6 weMEM/WB=1/1 mux=0/0 f=00000000/00000000 cmpA=000002c8 cmpB=0000000b comp=10 pcctrl=0000 risk=0 wb=1 r6=00000018 mem=0 00000001 00000d00
T=1755000 IDpc=000002d0 EXpc=000002cc MEMpc=zzzzzzzz WBpc=000002c4 instID=01800393 rsEX=4/5 wrEX=9 wrMEM=5 wrWB=4 weMEM/WB=1/1 mux=1/1 f=00000001/00000002 cmpA=00000001 cmpB=00000002 comp=01 pcctrl=0101 risk=1 wb=1 r4=00000001 mem=0 00000002 000b0000
T=1765000 IDpc=000002d4 EXpc=00000000 MEMpc=zzzzzzzz WBpc=000002c8 instID=2c731e63 rsEX=0/0 wrEX=0 wrMEM=9 wrWB=5 weMEM/WB=0/1 mux=0/0 f=00000000/00000000 cmpA=00000000 cmpB=00000000 comp=00 pcctrl=0000 risk=0 wb=1 r5=00000002 mem=0 000002b4 00000002
T=1775000 IDpc=00000000 EXpc=000002d4 MEMpc=zzzzzzzz WBpc=000002cc instID=00000013 rsEX=6/7 wrEX=28 wrMEM=0 wrWB=9 weMEM/WB=0/0 mux=0/0 f=00000000/00000000 cmpA=00000018 cmpB=0000001a comp=01 pcctrl=0101 risk=1 wb=0 r9=000002b4 mem=0 00000000 00000000
T=1785000 IDpc=000002b4 EXpc=00000000 MEMpc=zzzzzzzz WBpc=00000000 instID=00d00093 rsEX=0/0 wrEX=0 wrMEM=28 wrWB=0 weMEM/WB=0/0 mux=0/0 f=00000000/00000000 cmpA=00000000 cmpB=00000000 comp=00 pcctrl=0000 risk=0 wb=0 r0=00000004 mem=0 000005b0 0000001a
T=1795000 IDpc=00000000 EXpc=000002b4 MEMpc=zzzzzzzz WBpc=000002d4 instID=00000013 rsEX=0/13 wrEX=1 wrMEM=0 wrWB=28 weMEM/WB=0/0 mux=0/0 f=00000000/00000000 cmpA=000002b4 cmpB=00000000 comp=10 pcctrl=0000 risk=0 wb=0 r28=000005b0 mem=0 00000000 00000000
T=1805000 IDpc=000005b0 EXpc=00000000 MEMpc=zzzzzzzz WBpc=00000000 instID=0ff0000f rsEX=0/0 wrEX=0 wrMEM=1 wrWB=0 weMEM/WB=1/0 mux=0/0 f=00000000/00000000 cmpA=00000000 cmpB=00000000 comp=00 pcctrl=0000 risk=0 wb=0 r0=00000004 mem=0 0000000d 00000000
T=1815000 IDpc=000005b4 EXpc=000005b0 MEMpc=zzzzzzzz WBpc=000002b4 instID=800002b7 rsEX=0/31 wrEX=0 wrMEM=0 wrWB=1 weMEM/WB=1/1 mux=0/0 f=00000000/00000000 cmpA=000005b0 cmpB=00000000 comp=10 pcctrl=0000 risk=0 wb=1 r1=0000000d mem=0 00000000 00000000
T=1825000 IDpc=000005b8 EXpc=000005b4 MEMpc=zzzzzzzz WBpc=00000000 instID=00200313 rsEX=0/0 wrEX=5 wrMEM=0 wrWB=0 weMEM/WB=1/1 mux=0/0 f=00000000/00000000 cmpA=000005b4 cmpB=00000000 comp=10 pcctrl=0000 risk=0 wb=1 r0=00000000 mem=0 000000ff 00000000
T=1835000 IDpc=000005bc EXpc=000005b8 MEMpc=zzzzzzzz WBpc=000005b0 instID=0062a023 rsEX=0/2 wrEX=6 wrMEM=5 wrWB=0 weMEM/WB=1/1 mux=0/0 f=00000000/00000000 cmpA=000005b8 cmpB=0000000b comp=10 pcctrl=0000 risk=0 wb=1 r0=000000ff mem=0 80000000 00000000
T=1845000 IDpc=000005c0 EXpc=000005bc MEMpc=zzzzzzzz WBpc=000005b4 instID=0000006f rsEX=5/6 wrEX=0 wrMEM=6 wrWB=5 weMEM/WB=1/1 mux=1/1 f=80000000/00000002 cmpA=000005bc cmpB=00000002 comp=10 pcctrl=0011 risk=0 wb=1 r5=80000000 mem=0 00000002 000b0000
T=1855000 IDpc=000005c4 EXpc=000005c0 MEMpc=zzzzzzzz WBpc=000005b8 instID=0ff0000f rsEX=0/0 wrEX=0 wrMEM=0 wrWB=6 weMEM/WB=0/1 mux=0/0 f=00000000/00000000 cmpA=00000000 cmpB=00000000 comp=00 pcctrl=1000 risk=1 wb=1 r6=00000002 mem=1 80000000 00000002
FINISH code=00000002 time=1855000 wbpc=000005b8
$finish called at time : 1855 ns : File "D:/riscv32_pipeline/riscv32_pipeline.sim/sim_1/behav/xsim/tb_official_trace.v" Line 67
INFO: [Common 17-206] Exiting xsim at Fri May  1 22:57:12 2026...
