#-----------------------------------------------------------
# xsim v2021.2 (64-bit)
# SW Build 3367213 on Tue Oct 19 02:48:09 MDT 2021
# IP Build 3369179 on Thu Oct 21 08:25:16 MDT 2021
# Start of session at: Fri May  1 23:19:22 2026
# Process ID: 31448
# Current directory: D:/riscv32_pipeline/riscv32_pipeline.sim/sim_1/behav/xsim
# Command line: xsim.exe -log simulate_coremark.log -mode tcl -source {xsim.dir/tb_coremark_behav/xsim_script.tcl}
# Log file: D:/riscv32_pipeline/riscv32_pipeline.sim/sim_1/behav/xsim/simulate_coremark.log
# Journal file: D:/riscv32_pipeline/riscv32_pipeline.sim/sim_1/behav/xsim\xsim.jou
# Running On: WDDdLaptop, OS: Windows, CPU Frequency: 3194 MHz, CPU Physical cores: 16, Host memory: 16366 MB
#-----------------------------------------------------------
source xsim.dir/tb_coremark_behav/xsim_script.tcl
# xsim {tb_coremark_behav} -autoloadwcfg -tclbatch {run_all_coremark.tcl}
Time resolution is 1 ps
source run_all_coremark.tcl
## run all
WARNING: This core is supplied with a behavioral model. To model cycle-accurate behavior you must run timing simulation.
----------------------------------------------
         CoreMark Simulation Started         
----------------------------------------------

[Timeout] Simulation ended by safety timer.
$finish called at time : 10000100 ns : File "D:/riscv32_pipeline/riscv32_pipeline.srcs/sim_1/new/tb_coremark.v" Line 102
run: Time (s): cpu = 00:00:04 ; elapsed = 00:00:32 . Memory (MB): peak = 1180.090 ; gain = 0.000
xsim: Time (s): cpu = 00:00:04 ; elapsed = 00:00:34 . Memory (MB): peak = 1180.090 ; gain = 536.066
INFO: xsimkernel Simulation Memory Usage: 12572 KB (Peak: 12572 KB), Simulation CPU Usage: 31796 ms
INFO: [Common 17-206] Exiting xsim at Fri May  1 23:19:56 2026...
