INFO: [VRFC 10-2263] Analyzing Verilog file "D:/riscv32_pipeline/riscv32_pipeline.srcs/sources_1/new/param.v" into library xil_defaultlib
INFO: [VRFC 10-2263] Analyzing Verilog file "D:/riscv32_pipeline/riscv32_pipeline.gen/sources_1/ip/cpuclk_2/cpuclk_clk_wiz.v" into library xil_defaultlib
INFO: [VRFC 10-311] analyzing module cpuclk_clk_wiz
INFO: [VRFC 10-2263] Analyzing Verilog file "D:/riscv32_pipeline/riscv32_pipeline.gen/sources_1/ip/cpuclk_2/cpuclk.v" into library xil_defaultlib
INFO: [VRFC 10-311] analyzing module cpuclk
INFO: [VRFC 10-2263] Analyzing Verilog file "D:/riscv32_pipeline/riscv32_pipeline.gen/sources_1/ip/inst_mem_3/sim/inst_mem.v" into library xil_defaultlib
INFO: [VRFC 10-311] analyzing module inst_mem
INFO: [VRFC 10-2263] Analyzing Verilog file "D:/riscv32_pipeline/riscv32_pipeline.srcs/sources_1/new/basic/alu/ALU.v" into library xil_defaultlib
INFO: [VRFC 10-311] analyzing module ALU
INFO: [VRFC 10-2263] Analyzing Verilog file "D:/riscv32_pipeline/riscv32_pipeline.srcs/sources_1/new/basic/ctrl/ALUope.v" into library xil_defaultlib
INFO: [VRFC 10-311] analyzing module ALUope
INFO: [VRFC 10-2263] Analyzing Verilog file "D:/riscv32_pipeline/riscv32_pipeline.srcs/sources_1/new/basic/pc/BHT.v" into library xil_defaultlib
INFO: [VRFC 10-311] analyzing module BHT
INFO: [VRFC 10-2263] Analyzing Verilog file "D:/riscv32_pipeline/riscv32_pipeline.srcs/sources_1/new/basic/pc/BTB.v" into library xil_defaultlib
INFO: [VRFC 10-311] analyzing module BTB
INFO: [VRFC 10-2263] Analyzing Verilog file "D:/riscv32_pipeline/riscv32_pipeline.srcs/sources_1/new/IO/BUS/BUS.v" into library xil_defaultlib
INFO: [VRFC 10-311] analyzing module BUS
INFO: [VRFC 10-2263] Analyzing Verilog file "D:/riscv32_pipeline/riscv32_pipeline.srcs/sources_1/new/basic/ctrl/BranchCTRL.v" into library xil_defaultlib
INFO: [VRFC 10-311] analyzing module BranchCTRL
INFO: [VRFC 10-2263] Analyzing Verilog file "D:/riscv32_pipeline/riscv32_pipeline.srcs/sources_1/new/basic/pc/BranchPredictor.v" into library xil_defaultlib
INFO: [VRFC 10-311] analyzing module BranchPredictor
INFO: [VRFC 10-2263] Analyzing Verilog file "D:/riscv32_pipeline/riscv32_pipeline.srcs/sources_1/new/basic/alu/COMP.v" into library xil_defaultlib
INFO: [VRFC 10-311] analyzing module COMP
INFO: [VRFC 10-2263] Analyzing Verilog file "D:/riscv32_pipeline/riscv32_pipeline.srcs/sources_1/new/basic/ctrl/CTRL.v" into library xil_defaultlib
INFO: [VRFC 10-311] analyzing module CTRL
INFO: [VRFC 10-2263] Analyzing Verilog file "D:/riscv32_pipeline/riscv32_pipeline.srcs/sources_1/new/combine/EX.v" into library xil_defaultlib
INFO: [VRFC 10-311] analyzing module EX
INFO: [VRFC 10-2263] Analyzing Verilog file "D:/riscv32_pipeline/riscv32_pipeline.srcs/sources_1/new/combine/EX_IF.v" into library xil_defaultlib
INFO: [VRFC 10-311] analyzing module EX_IF
INFO: [VRFC 10-2263] Analyzing Verilog file "D:/riscv32_pipeline/riscv32_pipeline.srcs/sources_1/new/combine/EX_MEM.v" into library xil_defaultlib
INFO: [VRFC 10-311] analyzing module EX_MEM
INFO: [VRFC 10-2263] Analyzing Verilog file "D:/riscv32_pipeline/riscv32_pipeline.srcs/sources_1/new/basic/ctrl/ExceptionCTRL.v" into library xil_defaultlib
INFO: [VRFC 10-311] analyzing module ExceptionCTRL
INFO: [VRFC 10-2263] Analyzing Verilog file "D:/riscv32_pipeline/riscv32_pipeline.srcs/sources_1/new/basic/ctrl/ForwardingUnit.v" into library xil_defaultlib
INFO: [VRFC 10-311] analyzing module ForwardingUnit
INFO: [VRFC 10-2263] Analyzing Verilog file "D:/riscv32_pipeline/riscv32_pipeline.srcs/sources_1/new/combine/ID.v" into library xil_defaultlib
INFO: [VRFC 10-311] analyzing module ID
INFO: [VRFC 10-2263] Analyzing Verilog file "D:/riscv32_pipeline/riscv32_pipeline.srcs/sources_1/new/combine/ID_EX.v" into library xil_defaultlib
INFO: [VRFC 10-311] analyzing module ID_EX
INFO: [VRFC 10-2263] Analyzing Verilog file "D:/riscv32_pipeline/riscv32_pipeline.srcs/sources_1/new/combine/IF.v" into library xil_defaultlib
INFO: [VRFC 10-311] analyzing module IF
INFO: [VRFC 10-2263] Analyzing Verilog file "D:/riscv32_pipeline/riscv32_pipeline.srcs/sources_1/new/combine/IF_ID.v" into library xil_defaultlib
INFO: [VRFC 10-311] analyzing module IF_ID
INFO: [VRFC 10-2263] Analyzing Verilog file "D:/riscv32_pipeline/riscv32_pipeline.srcs/sources_1/new/basic/ctrl/InstDivider.v" into library xil_defaultlib
INFO: [VRFC 10-311] analyzing module InstDivider
INFO: [VRFC 10-2263] Analyzing Verilog file "D:/riscv32_pipeline/riscv32_pipeline.srcs/sources_1/new/combine/MEM.v" into library xil_defaultlib
INFO: [VRFC 10-311] analyzing module MEM
INFO: [VRFC 10-2263] Analyzing Verilog file "D:/riscv32_pipeline/riscv32_pipeline.srcs/sources_1/new/combine/MEM_WB.v" into library xil_defaultlib
INFO: [VRFC 10-311] analyzing module MEM_WB
INFO: [VRFC 10-2263] Analyzing Verilog file "D:/riscv32_pipeline/riscv32_pipeline.srcs/sources_1/new/basic/pc/NPC.v" into library xil_defaultlib
INFO: [VRFC 10-311] analyzing module NPC
INFO: [VRFC 10-2263] Analyzing Verilog file "D:/riscv32_pipeline/riscv32_pipeline.srcs/sources_1/new/combine/WB.v" into library xil_defaultlib
INFO: [VRFC 10-311] analyzing module WB
INFO: [VRFC 10-2263] Analyzing Verilog file "D:/riscv32_pipeline/riscv32_pipeline.srcs/sources_1/new/IO/buffer/buffer.v" into library xil_defaultlib
INFO: [VRFC 10-311] analyzing module Buffer
INFO: [VRFC 10-2263] Analyzing Verilog file "D:/riscv32_pipeline/riscv32_pipeline.srcs/sources_1/new/basic/mem/dataMem.v" into library xil_defaultlib
INFO: [VRFC 10-311] analyzing module DataMem
INFO: [VRFC 10-2263] Analyzing Verilog file "D:/riscv32_pipeline/riscv32_pipeline.srcs/sources_1/new/IO/clk/deviceCLK.v" into library xil_defaultlib
INFO: [VRFC 10-311] analyzing module DeviceCLK
INFO: [VRFC 10-2263] Analyzing Verilog file "D:/riscv32_pipeline/riscv32_pipeline.srcs/sources_1/new/basic/alu/immGen.v" into library xil_defaultlib
INFO: [VRFC 10-311] analyzing module ImmGen
INFO: [VRFC 10-2263] Analyzing Verilog file "D:/riscv32_pipeline/riscv32_pipeline.srcs/sources_1/new/IO/interface_LED_SWITCH/inputCtrl_LED.v" into library xil_defaultlib
INFO: [VRFC 10-311] analyzing module InputCtrl_LED
INFO: [VRFC 10-2263] Analyzing Verilog file "D:/riscv32_pipeline/riscv32_pipeline.srcs/sources_1/new/IO/interface_NUMLED/inputCtrl_NUMLED.v" into library xil_defaultlib
INFO: [VRFC 10-311] analyzing module InputCtrl_NUMLED
INFO: [VRFC 10-2263] Analyzing Verilog file "D:/riscv32_pipeline/riscv32_pipeline.srcs/sources_1/new/IO/interface_RAM/inputCtrl_RAM.v" into library xil_defaultlib
INFO: [VRFC 10-311] analyzing module InputCtrl_RAM
INFO: [VRFC 10-2263] Analyzing Verilog file "D:/riscv32_pipeline/riscv32_pipeline.srcs/sources_1/new/basic/mem/instMem.v" into library xil_defaultlib
INFO: [VRFC 10-311] analyzing module InstMem
INFO: [VRFC 10-2263] Analyzing Verilog file "D:/riscv32_pipeline/riscv32_pipeline.srcs/sources_1/new/IO/interface_LED_SWITCH/interface_LED_SWITCH.v" into library xil_defaultlib
INFO: [VRFC 10-311] analyzing module Interface_LED_SWITCH
INFO: [VRFC 10-2263] Analyzing Verilog file "D:/riscv32_pipeline/riscv32_pipeline.srcs/sources_1/new/IO/interface_NUMLED/interface_NUMLED.v" into library xil_defaultlib
INFO: [VRFC 10-311] analyzing module Interface_NUMLED
INFO: [VRFC 10-2263] Analyzing Verilog file "D:/riscv32_pipeline/riscv32_pipeline.srcs/sources_1/new/IO/interface_RAM/interface_RAM.v" into library xil_defaultlib
INFO: [VRFC 10-311] analyzing module Interface_RAM
INFO: [VRFC 10-2263] Analyzing Verilog file "D:/riscv32_pipeline/riscv32_pipeline.srcs/sources_1/new/miniRV.v" into library xil_defaultlib
INFO: [VRFC 10-311] analyzing module mini_rv
INFO: [VRFC 10-2263] Analyzing Verilog file "D:/riscv32_pipeline/riscv32_pipeline.srcs/sources_1/new/IO/interface_RAM/outputCtrl_RAM.v" into library xil_defaultlib
INFO: [VRFC 10-311] analyzing module OutputCtrl_RAM
INFO: [VRFC 10-2263] Analyzing Verilog file "D:/riscv32_pipeline/riscv32_pipeline.srcs/sources_1/new/IO/interface_LED_SWITCH/outputCtrl_Switch.v" into library xil_defaultlib
INFO: [VRFC 10-311] analyzing module OutputCtrl_Switch
INFO: [VRFC 10-2263] Analyzing Verilog file "D:/riscv32_pipeline/riscv32_pipeline.srcs/sources_1/new/basic/mem/regFIle.v" into library xil_defaultlib
INFO: [VRFC 10-311] analyzing module RegFile
INFO: [VRFC 10-2263] Analyzing Verilog file "D:/riscv32_pipeline/riscv32_pipeline.srcs/sources_1/new/top.v" into library xil_defaultlib
INFO: [VRFC 10-311] analyzing module top
INFO: [VRFC 10-2263] Analyzing Verilog file "D:/riscv32_pipeline/riscv32_pipeline.srcs/sources_1/new/M extension/divider.v" into library xil_defaultlib
INFO: [VRFC 10-311] analyzing module divider_32c
INFO: [VRFC 10-2263] Analyzing Verilog file "D:/riscv32_pipeline/riscv32_pipeline.srcs/sources_1/new/M extension/multiplier.v" into library xil_defaultlib
INFO: [VRFC 10-311] analyzing module multiplier_16c
INFO: [VRFC 10-2263] Analyzing Verilog file "D:/riscv32_pipeline/riscv32_pipeline.srcs/sources_1/new/basic/pc/PC.v" into library xil_defaultlib
INFO: [VRFC 10-311] analyzing module PC
INFO: [VRFC 10-2263] Analyzing Verilog file "D:/riscv32_pipeline/riscv32_pipeline.srcs/sources_1/new/basic/clk/cpuclk.v" into library xil_defaultlib
INFO: [VRFC 10-311] analyzing module cpuclk_sim
INFO: [VRFC 10-2263] Analyzing Verilog file "D:/riscv32_pipeline/riscv32_pipeline.srcs/sources_1/new/interface_UART.v" into library xil_defaultlib
INFO: [VRFC 10-311] analyzing module Interface_UART
INFO: [VRFC 10-311] analyzing module uart_tx
INFO: [VRFC 10-2263] Analyzing Verilog file "D:/riscv32_pipeline/riscv32_pipeline.srcs/sources_1/new/interface_Timer.v" into library xil_defaultlib
INFO: [VRFC 10-311] analyzing module Interface_Timer
INFO: [VRFC 10-2263] Analyzing Verilog file "D:/riscv32_pipeline/riscv32_pipeline.gen/sources_1/ip/data_mem_2/sim/data_mem.v" into library xil_defaultlib
INFO: [VRFC 10-311] analyzing module data_mem
INFO: [VRFC 10-2263] Analyzing Verilog file "D:/riscv32_pipeline/riscv32_pipeline.srcs/sim_1/new/tb_coremark.v" into library xil_defaultlib
INFO: [VRFC 10-311] analyzing module tb_top
INFO: [VRFC 10-2263] Analyzing Verilog file "D:/riscv32_pipeline/riscv32_pipeline.srcs/sim_1/new/tb_IF.v" into library xil_defaultlib
INFO: [VRFC 10-311] analyzing module tb_IF
INFO: [VRFC 10-2263] Analyzing Verilog file "D:/riscv32_pipeline/riscv32_pipeline.srcs/sim_1/new/tb_mini_rv.v" into library xil_defaultlib
INFO: [VRFC 10-311] analyzing module tb_mini_rv
INFO: [VRFC 10-2263] Analyzing Verilog file "D:/riscv32_pipeline/riscv32_pipeline.sim/sim_1/behav/xsim/glbl.v" into library xil_defaultlib
INFO: [VRFC 10-311] analyzing module glbl
