Copyright 1986-2021 Xilinx, Inc. All Rights Reserved.
-------------------------------------------------------------------------------------------------------------------------------------------------------
| Tool Version : Vivado v.2021.2 (win64) Build 3367213 Tue Oct 19 02:48:09 MDT 2021
| Date         : Mon May  4 16:07:50 2026
| Host         : WDDdLaptop running 64-bit major release  (build 9200)
| Command      : report_timing_summary -file D:/riscv32_pipeline_cache/report_artifacts/cache_lru_bram_index4_impl/top_timing_impl_lru_bram_index4.rpt
| Design       : top
| Device       : 7z020-clg400
| Speed File   : -2  PRODUCTION 1.12 2019-11-22
-------------------------------------------------------------------------------------------------------------------------------------------------------

Timing Summary Report

------------------------------------------------------------------------------------------------
| Timer Settings
| --------------
------------------------------------------------------------------------------------------------

  Enable Multi Corner Analysis               :  Yes
  Enable Pessimism Removal                   :  Yes
  Pessimism Removal Resolution               :  Nearest Common Node
  Enable Input Delay Default Clock           :  No
  Enable Preset / Clear Arcs                 :  No
  Disable Flight Delays                      :  No
  Ignore I/O Paths                           :  No
  Timing Early Launch at Borrowing Latches   :  No
  Borrow Time for Max Delay Exceptions       :  Yes
  Merge Timing Exceptions                    :  Yes

  Corner  Analyze    Analyze    
  Name    Max Paths  Min Paths  
  ------  ---------  ---------  
  Slow    Yes        Yes        
  Fast    Yes        Yes        


------------------------------------------------------------------------------------------------
| Report Methodology
| ------------------
------------------------------------------------------------------------------------------------

No report available as report_methodology has not been run prior. Run report_methodology on the current design for the summary of methodology violations.



check_timing report

Table of Contents
-----------------
1. checking no_clock (0)
2. checking constant_clock (0)
3. checking pulse_width_clock (0)
4. checking unconstrained_internal_endpoints (0)
5. checking no_input_delay (1)
6. checking no_output_delay (1)
7. checking multiple_clock (0)
8. checking generated_clocks (0)
9. checking loops (0)
10. checking partial_input_delay (0)
11. checking partial_output_delay (0)
12. checking latch_loops (0)

1. checking no_clock (0)
------------------------
 There are 0 register/latch pins with no clock.


2. checking constant_clock (0)
------------------------------
 There are 0 register/latch pins with constant_clock.


3. checking pulse_width_clock (0)
---------------------------------
 There are 0 register/latch pins which need pulse_width check


4. checking unconstrained_internal_endpoints (0)
------------------------------------------------
 There are 0 pins that are not constrained for maximum delay.

 There are 0 pins that are not constrained for maximum delay due to constant clock.


5. checking no_input_delay (1)
------------------------------
 There is 1 input port with no input delay specified. (HIGH)

 There are 0 input ports with no input delay but user has a false path constraint.


6. checking no_output_delay (1)
-------------------------------
 There is 1 port with no output delay specified. (HIGH)

 There are 0 ports with no output delay but user has a false path constraint

 There are 0 ports with no output delay but with a timing clock defined on it or propagating through it


7. checking multiple_clock (0)
------------------------------
 There are 0 register/latch pins with multiple clocks.


8. checking generated_clocks (0)
--------------------------------
 There are 0 generated clocks that are not connected to a clock source.


9. checking loops (0)
---------------------
 There are 0 combinational loops in the design.


10. checking partial_input_delay (0)
------------------------------------
 There are 0 input ports with partial input delay specified.


11. checking partial_output_delay (0)
-------------------------------------
 There are 0 ports with partial output delay specified.


12. checking latch_loops (0)
----------------------------
 There are 0 combinational latch loops in the design through latch input



------------------------------------------------------------------------------------------------
| Design Timing Summary
| ---------------------
------------------------------------------------------------------------------------------------

    WNS(ns)      TNS(ns)  TNS Failing Endpoints  TNS Total Endpoints      WHS(ns)      THS(ns)  THS Failing Endpoints  THS Total Endpoints     WPWS(ns)     TPWS(ns)  TPWS Failing Endpoints  TPWS Total Endpoints  
    -------      -------  ---------------------  -------------------      -------      -------  ---------------------  -------------------     --------     --------  ----------------------  --------------------  
     -3.814    -3276.621                   1132                14117        0.131        0.000                      0                14117        6.167        0.000                       0                  6848  


Timing constraints are not met.


------------------------------------------------------------------------------------------------
| Clock Summary
| -------------
------------------------------------------------------------------------------------------------

Clock                Waveform(ns)       Period(ns)      Frequency(MHz)
-----                ------------       ----------      --------------
sys_clk_pin          {0.000 10.000}     20.000          50.000          
  clk_out1_cpuclk_1  {0.000 6.667}      13.333          75.000          
  clkfbout_cpuclk_1  {0.000 20.000}     40.000          25.000          


------------------------------------------------------------------------------------------------
| Intra Clock Table
| -----------------
------------------------------------------------------------------------------------------------

Clock                    WNS(ns)      TNS(ns)  TNS Failing Endpoints  TNS Total Endpoints      WHS(ns)      THS(ns)  THS Failing Endpoints  THS Total Endpoints     WPWS(ns)     TPWS(ns)  TPWS Failing Endpoints  TPWS Total Endpoints  
-----                    -------      -------  ---------------------  -------------------      -------      -------  ---------------------  -------------------     --------     --------  ----------------------  --------------------  
sys_clk_pin                                                                                                                                                            7.000        0.000                       0                     1  
  clk_out1_cpuclk_1       -3.814    -3276.621                   1132                14117        0.131        0.000                      0                14117        6.167        0.000                       0                  6844  
  clkfbout_cpuclk_1                                                                                                                                                   12.633        0.000                       0                     3  


------------------------------------------------------------------------------------------------
| Inter Clock Table
| -----------------
------------------------------------------------------------------------------------------------

From Clock    To Clock          WNS(ns)      TNS(ns)  TNS Failing Endpoints  TNS Total Endpoints      WHS(ns)      THS(ns)  THS Failing Endpoints  THS Total Endpoints  
----------    --------          -------      -------  ---------------------  -------------------      -------      -------  ---------------------  -------------------  


------------------------------------------------------------------------------------------------
| Other Path Groups Table
| -----------------------
------------------------------------------------------------------------------------------------

Path Group    From Clock    To Clock          WNS(ns)      TNS(ns)  TNS Failing Endpoints  TNS Total Endpoints      WHS(ns)      THS(ns)  THS Failing Endpoints  THS Total Endpoints  
----------    ----------    --------          -------      -------  ---------------------  -------------------      -------      -------  ---------------------  -------------------  


------------------------------------------------------------------------------------------------
| Timing Details
| --------------
------------------------------------------------------------------------------------------------


---------------------------------------------------------------------------------------------------
From Clock:  sys_clk_pin
  To Clock:  sys_clk_pin

Setup :           NA  Failing Endpoints,  Worst Slack           NA  ,  Total Violation           NA
Hold  :           NA  Failing Endpoints,  Worst Slack           NA  ,  Total Violation           NA
PW    :            0  Failing Endpoints,  Worst Slack        7.000ns,  Total Violation        0.000ns
---------------------------------------------------------------------------------------------------


Pulse Width Checks
--------------------------------------------------------------------------------------
Clock Name:         sys_clk_pin
Waveform(ns):       { 0.000 10.000 }
Period(ns):         20.000
Sources:            { clk }

Check Type        Corner  Lib Pin           Reference Pin  Required(ns)  Actual(ns)  Slack(ns)  Location        Pin
Min Period        n/a     PLLE2_ADV/CLKIN1  n/a            1.249         20.000      18.751     PLLE2_ADV_X1Y1  cpuClk/inst/plle2_adv_inst/CLKIN1
Max Period        n/a     PLLE2_ADV/CLKIN1  n/a            52.633        20.000      32.633     PLLE2_ADV_X1Y1  cpuClk/inst/plle2_adv_inst/CLKIN1
Low Pulse Width   Slow    PLLE2_ADV/CLKIN1  n/a            3.000         10.000      7.000      PLLE2_ADV_X1Y1  cpuClk/inst/plle2_adv_inst/CLKIN1
High Pulse Width  Slow    PLLE2_ADV/CLKIN1  n/a            3.000         10.000      7.000      PLLE2_ADV_X1Y1  cpuClk/inst/plle2_adv_inst/CLKIN1



---------------------------------------------------------------------------------------------------
From Clock:  clk_out1_cpuclk_1
  To Clock:  clk_out1_cpuclk_1

Setup :         1132  Failing Endpoints,  Worst Slack       -3.814ns,  Total Violation    -3276.621ns
Hold  :            0  Failing Endpoints,  Worst Slack        0.131ns,  Total Violation        0.000ns
PW    :            0  Failing Endpoints,  Worst Slack        6.167ns,  Total Violation        0.000ns
---------------------------------------------------------------------------------------------------


Max Delay Paths
--------------------------------------------------------------------------------------
Slack (VIOLATED) :        -3.814ns  (required time - arrival time)
  Source:                 mini_rv_u/mem_wb/RegWr_o_reg[0]/C
                            (rising edge-triggered cell FDCE clocked by clk_out1_cpuclk_1  {rise@0.000ns fall@6.667ns period=13.333ns})
  Destination:            mini_rv_u/If/IF_icache/u_cache/gen_icache_data.data_bram/U0/inst_blk_mem_gen/gnbram.gnativebmg.native_blk_mem_gen/valid.cstr/ramloop[0].ram.r/prim_noinit.ram/DEVICE_7SERIES.NO_BMM_INFO.SDP.WIDE_PRIM36_NO_ECC.ram/DIADI[24]
                            (rising edge-triggered cell RAMB36E1 clocked by clk_out1_cpuclk_1  {rise@0.000ns fall@6.667ns period=13.333ns})
  Path Group:             clk_out1_cpuclk_1
  Path Type:              Setup (Max at Slow Process Corner)
  Requirement:            13.333ns  (clk_out1_cpuclk_1 rise@13.333ns - clk_out1_cpuclk_1 rise@0.000ns)
  Data Path Delay:        16.234ns  (logic 4.593ns (28.293%)  route 11.641ns (71.707%))
  Logic Levels:           24  (CARRY4=5 LUT3=1 LUT4=1 LUT5=7 LUT6=7 MUXF7=2 MUXF8=1)
  Clock Path Skew:        -0.136ns (DCD - SCD + CPR)
    Destination Clock Delay (DCD):    -1.463ns = ( 11.870 - 13.333 ) 
    Source Clock Delay      (SCD):    -1.877ns
    Clock Pessimism Removal (CPR):    -0.549ns
  Clock Uncertainty:      0.136ns  ((TSJ^2 + DJ^2)^1/2) / 2 + PE
    Total System Jitter     (TSJ):    0.071ns
    Discrete Jitter          (DJ):    0.263ns
    Phase Error              (PE):    0.000ns

    Location             Delay type                Incr(ns)  Path(ns)    Netlist Resource(s)
  -------------------------------------------------------------------    -------------------
                         (clock clk_out1_cpuclk_1 rise edge)
                                                      0.000     0.000 r  
    U18                                               0.000     0.000 r  clk (IN)
                         net (fo=0)                   0.000     0.000    cpuClk/inst/clk_in1
    U18                  IBUF (Prop_ibuf_I_O)         1.429     1.429 r  cpuClk/inst/clkin1_ibufg/O
                         net (fo=1, routed)           1.126     2.555    cpuClk/inst/clk_in1_cpuclk
    PLLE2_ADV_X1Y1       PLLE2_ADV (Prop_plle2_adv_CLKIN1_CLKOUT0)
                                                     -7.569    -5.014 r  cpuClk/inst/plle2_adv_inst/CLKOUT0
                         net (fo=1, routed)           1.594    -3.420    cpuClk/inst/clk_out1_cpuclk
    BUFGCTRL_X0Y16       BUFG (Prop_bufg_I_O)         0.085    -3.335 r  cpuClk/inst/clkout1_buf/O
                         net (fo=6842, routed)        1.458    -1.877    mini_rv_u/mem_wb/clk_out1
    SLICE_X85Y30         FDCE                                         r  mini_rv_u/mem_wb/RegWr_o_reg[0]/C
  -------------------------------------------------------------------    -------------------
    SLICE_X85Y30         FDCE (Prop_fdce_C_Q)         0.379    -1.498 r  mini_rv_u/mem_wb/RegWr_o_reg[0]/Q
                         net (fo=39, routed)          0.848    -0.649    mini_rv_u/id_ex/num_orig_reg_reg[31]_2[0]
    SLICE_X87Y30         LUT6 (Prop_lut6_I1_O)        0.105    -0.544 r  mini_rv_u/id_ex/num_orig_reg[31]_i_9/O
                         net (fo=1, routed)           0.651     0.107    mini_rv_u/id_ex/num_orig_reg[31]_i_9_n_0
    SLICE_X87Y29         LUT6 (Prop_lut6_I2_O)        0.105     0.212 r  mini_rv_u/id_ex/num_orig_reg[31]_i_3/O
                         net (fo=98, routed)          0.940     1.152    mini_rv_u/id_ex/risk_MEM_A
    SLICE_X86Y25         LUT5 (Prop_lut5_I3_O)        0.105     1.257 r  mini_rv_u/id_ex/num_orig_reg[12]_i_2/O
                         net (fo=2, routed)           0.337     1.593    mini_rv_u/id_ex/forwardingA[12]
    SLICE_X86Y25         LUT5 (Prop_lut5_I3_O)        0.105     1.698 r  mini_rv_u/id_ex/num_orig_reg[12]_i_1/O
                         net (fo=13, routed)          0.928     2.626    mini_rv_u/id_ex/Anum_EX_AfterForwarding[12]
    SLICE_X81Y23         LUT4 (Prop_lut4_I0_O)        0.105     2.731 r  mini_rv_u/id_ex/target_table[0][19]_i_13/O
                         net (fo=3, routed)           0.428     3.159    mini_rv_u/id_ex/target_table[0][19]_i_13_n_0
    SLICE_X81Y21         LUT6 (Prop_lut6_I5_O)        0.105     3.264 r  mini_rv_u/id_ex/target_table[0][15]_i_14/O
                         net (fo=3, routed)           0.697     3.961    mini_rv_u/id_ex/target_table[0][15]_i_14_n_0
    SLICE_X79Y18         LUT3 (Prop_lut3_I2_O)        0.105     4.066 r  mini_rv_u/id_ex/target_table[0][13]_i_10/O
                         net (fo=2, routed)           0.457     4.523    mini_rv_u/id_ex/target_table[0][13]_i_10_n_0
    SLICE_X76Y19         LUT5 (Prop_lut5_I4_O)        0.105     4.628 r  mini_rv_u/id_ex/target_table[0][12]_i_7/O
                         net (fo=1, routed)           0.365     4.993    mini_rv_u/id_ex/target_table[0][12]_i_7_n_0
    SLICE_X73Y18         LUT5 (Prop_lut5_I0_O)        0.105     5.098 r  mini_rv_u/id_ex/target_table[0][12]_i_4/O
                         net (fo=1, routed)           0.351     5.449    mini_rv_u/id_ex/target_table[0][12]_i_4_n_0
    SLICE_X72Y21         LUT5 (Prop_lut5_I0_O)        0.105     5.554 r  mini_rv_u/id_ex/target_table[0][12]_i_2/O
                         net (fo=1, routed)           0.000     5.554    mini_rv_u/id_ex/target_table[0][12]_i_2_n_0
    SLICE_X72Y21         MUXF7 (Prop_muxf7_I0_O)      0.178     5.732 r  mini_rv_u/id_ex/target_table_reg[0][12]_i_1/O
                         net (fo=19, routed)          0.577     6.309    mini_rv_u/id_ex/ALUOut_EX[12]
    SLICE_X66Y25         LUT6 (Prop_lut6_I3_O)        0.252     6.561 r  mini_rv_u/id_ex/buf_count[3]_i_18/O
                         net (fo=1, routed)           0.000     6.561    mini_rv_u/id_ex/buf_count[3]_i_18_n_0
    SLICE_X66Y25         CARRY4 (Prop_carry4_S[0]_CO[3])
                                                      0.423     6.984 r  mini_rv_u/id_ex/buf_count_reg[3]_i_10/CO[3]
                         net (fo=1, routed)           0.000     6.984    mini_rv_u/id_ex/buf_count_reg[3]_i_10_n_0
    SLICE_X66Y26         CARRY4 (Prop_carry4_CI_CO[2])
                                                      0.191     7.175 r  mini_rv_u/id_ex/buf_count_reg[3]_i_8/CO[2]
                         net (fo=5, routed)           0.655     7.829    mini_rv_u/id_ex/If/target_wrong0
    SLICE_X55Y27         LUT5 (Prop_lut5_I4_O)        0.252     8.081 r  mini_rv_u/id_ex/buf_count[3]_i_6_comp_3/O
                         net (fo=81, routed)          0.800     8.881    mini_rv_u/If/IF_icache/u_cache/pred_taken_o_reg_4_alias
    SLICE_X49Y35         LUT6 (Prop_lut6_I4_O)        0.105     8.986 r  mini_rv_u/If/IF_icache/u_cache/gen_icache_data.data_bram_i_3_comp/O
                         net (fo=132, routed)         0.942     9.928    mini_rv_u/If/IF_icache/u_cache/cache_addr[4]
    SLICE_X40Y49         MUXF7 (Prop_muxf7_S_O)       0.246    10.174 r  mini_rv_u/If/IF_icache/u_cache/wr_hit10_carry_i_35/O
                         net (fo=1, routed)           0.000    10.174    mini_rv_u/If/IF_icache/u_cache/wr_hit10_carry_i_35_n_0
    SLICE_X40Y49         MUXF8 (Prop_muxf8_I0_O)      0.085    10.259 r  mini_rv_u/If/IF_icache/u_cache/wr_hit10_carry_i_14/O
                         net (fo=1, routed)           0.840    11.099    mini_rv_u/If/IF_icache/u_cache/wr_hit10_carry_i_14_n_0
    SLICE_X39Y54         LUT6 (Prop_lut6_I0_O)        0.264    11.363 r  mini_rv_u/If/IF_icache/u_cache/wr_hit10_carry_i_4/O
                         net (fo=1, routed)           0.000    11.363    mini_rv_u/If/IF_icache/u_cache/wr_hit10_carry_i_4_n_0
    SLICE_X39Y54         CARRY4 (Prop_carry4_S[0]_CO[3])
                                                      0.440    11.803 r  mini_rv_u/If/IF_icache/u_cache/wr_hit10_carry/CO[3]
                         net (fo=1, routed)           0.000    11.803    mini_rv_u/If/IF_icache/u_cache/wr_hit10_carry_n_0
    SLICE_X39Y55         CARRY4 (Prop_carry4_CI_CO[3])
                                                      0.098    11.901 r  mini_rv_u/If/IF_icache/u_cache/wr_hit10_carry__0/CO[3]
                         net (fo=1, routed)           0.000    11.901    mini_rv_u/If/IF_icache/u_cache/wr_hit10_carry__0_n_0
    SLICE_X39Y56         CARRY4 (Prop_carry4_CI_CO[0])
                                                      0.216    12.117 r  mini_rv_u/If/IF_icache/u_cache/wr_hit10_carry__1/CO[0]
                         net (fo=3, routed)           0.372    12.489    mini_rv_u/If/IF_icache/u_cache/wr_hit10
    SLICE_X38Y55         LUT6 (Prop_lut6_I0_O)        0.309    12.798 r  mini_rv_u/If/IF_icache/u_cache/gen_icache_data.data_bram_i_71/O
                         net (fo=97, routed)          0.747    13.545    mini_rv_u/If/IF_icache/u_cache/wr_hit1__0
    SLICE_X51Y54         LUT5 (Prop_lut5_I0_O)        0.105    13.650 r  mini_rv_u/If/IF_icache/u_cache/gen_icache_data.data_bram_i_45/O
                         net (fo=1, routed)           0.707    14.357    mini_rv_u/If/IF_icache/u_cache/gen_icache_data.data_bram/U0/inst_blk_mem_gen/gnbram.gnativebmg.native_blk_mem_gen/valid.cstr/ramloop[0].ram.r/prim_noinit.ram/dina[24]
    RAMB36_X3Y10         RAMB36E1                                     r  mini_rv_u/If/IF_icache/u_cache/gen_icache_data.data_bram/U0/inst_blk_mem_gen/gnbram.gnativebmg.native_blk_mem_gen/valid.cstr/ramloop[0].ram.r/prim_noinit.ram/DEVICE_7SERIES.NO_BMM_INFO.SDP.WIDE_PRIM36_NO_ECC.ram/DIADI[24]
  -------------------------------------------------------------------    -------------------

                         (clock clk_out1_cpuclk_1 rise edge)
                                                     13.333    13.333 r  
    U18                                               0.000    13.333 r  clk (IN)
                         net (fo=0)                   0.000    13.333    cpuClk/inst/clk_in1
    U18                  IBUF (Prop_ibuf_I_O)         1.363    14.697 r  cpuClk/inst/clkin1_ibufg/O
                         net (fo=1, routed)           1.019    15.715    cpuClk/inst/clk_in1_cpuclk
    PLLE2_ADV_X1Y1       PLLE2_ADV (Prop_plle2_adv_CLKIN1_CLKOUT0)
                                                     -6.696     9.020 r  cpuClk/inst/plle2_adv_inst/CLKOUT0
                         net (fo=1, routed)           1.451    10.471    cpuClk/inst/clk_out1_cpuclk
    BUFGCTRL_X0Y16       BUFG (Prop_bufg_I_O)         0.077    10.548 r  cpuClk/inst/clkout1_buf/O
                         net (fo=6842, routed)        1.322    11.870    mini_rv_u/If/IF_icache/u_cache/gen_icache_data.data_bram/U0/inst_blk_mem_gen/gnbram.gnativebmg.native_blk_mem_gen/valid.cstr/ramloop[0].ram.r/prim_noinit.ram/clka
    RAMB36_X3Y10         RAMB36E1                                     r  mini_rv_u/If/IF_icache/u_cache/gen_icache_data.data_bram/U0/inst_blk_mem_gen/gnbram.gnativebmg.native_blk_mem_gen/valid.cstr/ramloop[0].ram.r/prim_noinit.ram/DEVICE_7SERIES.NO_BMM_INFO.SDP.WIDE_PRIM36_NO_ECC.ram/CLKBWRCLK
                         clock pessimism             -0.549    11.321    
                         clock uncertainty           -0.136    11.185    
    RAMB36_X3Y10         RAMB36E1 (Setup_ramb36e1_CLKBWRCLK_DIADI[24])
                                                     -0.641    10.544    mini_rv_u/If/IF_icache/u_cache/gen_icache_data.data_bram/U0/inst_blk_mem_gen/gnbram.gnativebmg.native_blk_mem_gen/valid.cstr/ramloop[0].ram.r/prim_noinit.ram/DEVICE_7SERIES.NO_BMM_INFO.SDP.WIDE_PRIM36_NO_ECC.ram
  -------------------------------------------------------------------
                         required time                         10.544    
                         arrival time                         -14.357    
  -------------------------------------------------------------------
                         slack                                 -3.814    





Min Delay Paths
--------------------------------------------------------------------------------------
Slack (MET) :             0.131ns  (arrival time - required time)
  Source:                 mini_rv_u/If/pre_fetch_pc_d_reg[4]/C
                            (rising edge-triggered cell FDCE clocked by clk_out1_cpuclk_1  {rise@0.000ns fall@6.667ns period=13.333ns})
  Destination:            mini_rv_u/If/if_buf_pc_reg[2][4]/D
                            (rising edge-triggered cell FDRE clocked by clk_out1_cpuclk_1  {rise@0.000ns fall@6.667ns period=13.333ns})
  Path Group:             clk_out1_cpuclk_1
  Path Type:              Hold (Min at Fast Process Corner)
  Requirement:            0.000ns  (clk_out1_cpuclk_1 rise@0.000ns - clk_out1_cpuclk_1 rise@0.000ns)
  Data Path Delay:        0.463ns  (logic 0.141ns (30.444%)  route 0.322ns (69.556%))
  Logic Levels:           0  
  Clock Path Skew:        0.269ns (DCD - SCD - CPR)
    Destination Clock Delay (DCD):    -0.349ns
    Source Clock Delay      (SCD):    -0.583ns
    Clock Pessimism Removal (CPR):    -0.035ns

    Location             Delay type                Incr(ns)  Path(ns)    Netlist Resource(s)
  -------------------------------------------------------------------    -------------------
                         (clock clk_out1_cpuclk_1 rise edge)
                                                      0.000     0.000 r  
    U18                                               0.000     0.000 r  clk (IN)
                         net (fo=0)                   0.000     0.000    cpuClk/inst/clk_in1
    U18                  IBUF (Prop_ibuf_I_O)         0.266     0.266 r  cpuClk/inst/clkin1_ibufg/O
                         net (fo=1, routed)           0.440     0.706    cpuClk/inst/clk_in1_cpuclk
    PLLE2_ADV_X1Y1       PLLE2_ADV (Prop_plle2_adv_CLKIN1_CLKOUT0)
                                                     -2.407    -1.700 r  cpuClk/inst/plle2_adv_inst/CLKOUT0
                         net (fo=1, routed)           0.544    -1.156    cpuClk/inst/clk_out1_cpuclk
    BUFGCTRL_X0Y16       BUFG (Prop_bufg_I_O)         0.026    -1.130 r  cpuClk/inst/clkout1_buf/O
                         net (fo=6842, routed)        0.548    -0.583    mini_rv_u/If/clk_out1
    SLICE_X52Y22         FDCE                                         r  mini_rv_u/If/pre_fetch_pc_d_reg[4]/C
  -------------------------------------------------------------------    -------------------
    SLICE_X52Y22         FDCE (Prop_fdce_C_Q)         0.141    -0.442 r  mini_rv_u/If/pre_fetch_pc_d_reg[4]/Q
                         net (fo=8, routed)           0.322    -0.120    mini_rv_u/If/pre_fetch_pc_d_reg_n_0_[4]
    SLICE_X46Y16         FDRE                                         r  mini_rv_u/If/if_buf_pc_reg[2][4]/D
  -------------------------------------------------------------------    -------------------

                         (clock clk_out1_cpuclk_1 rise edge)
                                                      0.000     0.000 r  
    U18                                               0.000     0.000 r  clk (IN)
                         net (fo=0)                   0.000     0.000    cpuClk/inst/clk_in1
    U18                  IBUF (Prop_ibuf_I_O)         0.454     0.454 r  cpuClk/inst/clkin1_ibufg/O
                         net (fo=1, routed)           0.481     0.935    cpuClk/inst/clk_in1_cpuclk
    PLLE2_ADV_X1Y1       PLLE2_ADV (Prop_plle2_adv_CLKIN1_CLKOUT0)
                                                     -2.727    -1.792 r  cpuClk/inst/plle2_adv_inst/CLKOUT0
                         net (fo=1, routed)           0.592    -1.200    cpuClk/inst/clk_out1_cpuclk
    BUFGCTRL_X0Y16       BUFG (Prop_bufg_I_O)         0.029    -1.171 r  cpuClk/inst/clkout1_buf/O
                         net (fo=6842, routed)        0.822    -0.349    mini_rv_u/If/clk_out1
    SLICE_X46Y16         FDRE                                         r  mini_rv_u/If/if_buf_pc_reg[2][4]/C
                         clock pessimism              0.035    -0.313    
    SLICE_X46Y16         FDRE (Hold_fdre_C_D)         0.063    -0.250    mini_rv_u/If/if_buf_pc_reg[2][4]
  -------------------------------------------------------------------
                         required time                          0.250    
                         arrival time                          -0.120    
  -------------------------------------------------------------------
                         slack                                  0.131    





Pulse Width Checks
--------------------------------------------------------------------------------------
Clock Name:         clk_out1_cpuclk_1
Waveform(ns):       { 0.000 6.667 }
Period(ns):         13.333
Sources:            { cpuClk/inst/plle2_adv_inst/CLKOUT0 }

Check Type        Corner  Lib Pin             Reference Pin  Required(ns)  Actual(ns)  Slack(ns)  Location        Pin
Min Period        n/a     RAMB36E1/CLKARDCLK  n/a            2.170         13.333      11.163     RAMB36_X3Y0     bus/interface_RAM/dRAM/RAM/U0/inst_blk_mem_gen/gnbram.gnativebmg.native_blk_mem_gen/valid.cstr/ramloop[0].ram.r/prim_noinit.ram/DEVICE_7SERIES.NO_BMM_INFO.SP.SIMPLE_PRIM36.ram/CLKARDCLK
Max Period        n/a     PLLE2_ADV/CLKOUT0   n/a            160.000       13.333      146.667    PLLE2_ADV_X1Y1  cpuClk/inst/plle2_adv_inst/CLKOUT0
Low Pulse Width   Slow    FDCE/C              n/a            0.500         6.667       6.167      SLICE_X63Y11    bus/gen_timer.interface_timer/timer_count_reg[0]/C
High Pulse Width  Slow    FDCE/C              n/a            0.500         6.667       6.167      SLICE_X63Y11    bus/gen_timer.interface_timer/timer_count_reg[0]/C



---------------------------------------------------------------------------------------------------
From Clock:  clkfbout_cpuclk_1
  To Clock:  clkfbout_cpuclk_1

Setup :           NA  Failing Endpoints,  Worst Slack           NA  ,  Total Violation           NA
Hold  :           NA  Failing Endpoints,  Worst Slack           NA  ,  Total Violation           NA
PW    :            0  Failing Endpoints,  Worst Slack       12.633ns,  Total Violation        0.000ns
---------------------------------------------------------------------------------------------------


Pulse Width Checks
--------------------------------------------------------------------------------------
Clock Name:         clkfbout_cpuclk_1
Waveform(ns):       { 0.000 20.000 }
Period(ns):         40.000
Sources:            { cpuClk/inst/plle2_adv_inst/CLKFBOUT }

Check Type  Corner  Lib Pin            Reference Pin  Required(ns)  Actual(ns)  Slack(ns)  Location        Pin
Min Period  n/a     BUFG/I             n/a            1.592         40.000      38.408     BUFGCTRL_X0Y17  cpuClk/inst/clkf_buf/I
Max Period  n/a     PLLE2_ADV/CLKFBIN  n/a            52.633        40.000      12.633     PLLE2_ADV_X1Y1  cpuClk/inst/plle2_adv_inst/CLKFBIN



