Copyright 1986-2021 Xilinx, Inc. All Rights Reserved.
----------------------------------------------------------------------------------------------------------------------------------
| Tool Version : Vivado v.2021.2 (win64) Build 3367213 Tue Oct 19 02:48:09 MDT 2021
| Date         : Mon May  4 17:03:28 2026
| Host         : WDDdLaptop running 64-bit major release  (build 9200)
| Command      : report_timing_summary -file D:/riscv32_pipeline_cache/report_artifacts/timing_fix_impl/top_timing_timing_fix.rpt
| Design       : top
| Device       : 7z020-clg400
| Speed File   : -2  PRODUCTION 1.12 2019-11-22
----------------------------------------------------------------------------------------------------------------------------------

Timing Summary Report

------------------------------------------------------------------------------------------------
| Timer Settings
| --------------
------------------------------------------------------------------------------------------------

  Enable Multi Corner Analysis               :  Yes
  Enable Pessimism Removal                   :  Yes
  Pessimism Removal Resolution               :  Nearest Common Node
  Enable Input Delay Default Clock           :  No
  Enable Preset / Clear Arcs                 :  No
  Disable Flight Delays                      :  No
  Ignore I/O Paths                           :  No
  Timing Early Launch at Borrowing Latches   :  No
  Borrow Time for Max Delay Exceptions       :  Yes
  Merge Timing Exceptions                    :  Yes

  Corner  Analyze    Analyze    
  Name    Max Paths  Min Paths  
  ------  ---------  ---------  
  Slow    Yes        Yes        
  Fast    Yes        Yes        


------------------------------------------------------------------------------------------------
| Report Methodology
| ------------------
------------------------------------------------------------------------------------------------

No report available as report_methodology has not been run prior. Run report_methodology on the current design for the summary of methodology violations.



check_timing report

Table of Contents
-----------------
1. checking no_clock (0)
2. checking constant_clock (0)
3. checking pulse_width_clock (0)
4. checking unconstrained_internal_endpoints (0)
5. checking no_input_delay (1)
6. checking no_output_delay (1)
7. checking multiple_clock (0)
8. checking generated_clocks (0)
9. checking loops (0)
10. checking partial_input_delay (0)
11. checking partial_output_delay (0)
12. checking latch_loops (0)

1. checking no_clock (0)
------------------------
 There are 0 register/latch pins with no clock.


2. checking constant_clock (0)
------------------------------
 There are 0 register/latch pins with constant_clock.


3. checking pulse_width_clock (0)
---------------------------------
 There are 0 register/latch pins which need pulse_width check


4. checking unconstrained_internal_endpoints (0)
------------------------------------------------
 There are 0 pins that are not constrained for maximum delay.

 There are 0 pins that are not constrained for maximum delay due to constant clock.


5. checking no_input_delay (1)
------------------------------
 There is 1 input port with no input delay specified. (HIGH)

 There are 0 input ports with no input delay but user has a false path constraint.


6. checking no_output_delay (1)
-------------------------------
 There is 1 port with no output delay specified. (HIGH)

 There are 0 ports with no output delay but user has a false path constraint

 There are 0 ports with no output delay but with a timing clock defined on it or propagating through it


7. checking multiple_clock (0)
------------------------------
 There are 0 register/latch pins with multiple clocks.


8. checking generated_clocks (0)
--------------------------------
 There are 0 generated clocks that are not connected to a clock source.


9. checking loops (0)
---------------------
 There are 0 combinational loops in the design.


10. checking partial_input_delay (0)
------------------------------------
 There are 0 input ports with partial input delay specified.


11. checking partial_output_delay (0)
-------------------------------------
 There are 0 ports with partial output delay specified.


12. checking latch_loops (0)
----------------------------
 There are 0 combinational latch loops in the design through latch input



------------------------------------------------------------------------------------------------
| Design Timing Summary
| ---------------------
------------------------------------------------------------------------------------------------

    WNS(ns)      TNS(ns)  TNS Failing Endpoints  TNS Total Endpoints      WHS(ns)      THS(ns)  THS Failing Endpoints  THS Total Endpoints     WPWS(ns)     TPWS(ns)  TPWS Failing Endpoints  TPWS Total Endpoints  
    -------      -------  ---------------------  -------------------      -------      -------  ---------------------  -------------------     --------     --------  ----------------------  --------------------  
     -1.104       -3.920                      4                14221        0.083        0.000                      0                14221        6.167        0.000                       0                  6951  


Timing constraints are not met.


------------------------------------------------------------------------------------------------
| Clock Summary
| -------------
------------------------------------------------------------------------------------------------

Clock                Waveform(ns)       Period(ns)      Frequency(MHz)
-----                ------------       ----------      --------------
sys_clk_pin          {0.000 10.000}     20.000          50.000          
  clk_out1_cpuclk_1  {0.000 6.667}      13.333          75.000          
  clkfbout_cpuclk_1  {0.000 20.000}     40.000          25.000          


------------------------------------------------------------------------------------------------
| Intra Clock Table
| -----------------
------------------------------------------------------------------------------------------------

Clock                    WNS(ns)      TNS(ns)  TNS Failing Endpoints  TNS Total Endpoints      WHS(ns)      THS(ns)  THS Failing Endpoints  THS Total Endpoints     WPWS(ns)     TPWS(ns)  TPWS Failing Endpoints  TPWS Total Endpoints  
-----                    -------      -------  ---------------------  -------------------      -------      -------  ---------------------  -------------------     --------     --------  ----------------------  --------------------  
sys_clk_pin                                                                                                                                                            7.000        0.000                       0                     1  
  clk_out1_cpuclk_1       -1.104       -3.920                      4                14221        0.083        0.000                      0                14221        6.167        0.000                       0                  6947  
  clkfbout_cpuclk_1                                                                                                                                                   12.633        0.000                       0                     3  


------------------------------------------------------------------------------------------------
| Inter Clock Table
| -----------------
------------------------------------------------------------------------------------------------

From Clock    To Clock          WNS(ns)      TNS(ns)  TNS Failing Endpoints  TNS Total Endpoints      WHS(ns)      THS(ns)  THS Failing Endpoints  THS Total Endpoints  
----------    --------          -------      -------  ---------------------  -------------------      -------      -------  ---------------------  -------------------  


------------------------------------------------------------------------------------------------
| Other Path Groups Table
| -----------------------
------------------------------------------------------------------------------------------------

Path Group    From Clock    To Clock          WNS(ns)      TNS(ns)  TNS Failing Endpoints  TNS Total Endpoints      WHS(ns)      THS(ns)  THS Failing Endpoints  THS Total Endpoints  
----------    ----------    --------          -------      -------  ---------------------  -------------------      -------      -------  ---------------------  -------------------  


------------------------------------------------------------------------------------------------
| Timing Details
| --------------
------------------------------------------------------------------------------------------------


---------------------------------------------------------------------------------------------------
From Clock:  sys_clk_pin
  To Clock:  sys_clk_pin

Setup :           NA  Failing Endpoints,  Worst Slack           NA  ,  Total Violation           NA
Hold  :           NA  Failing Endpoints,  Worst Slack           NA  ,  Total Violation           NA
PW    :            0  Failing Endpoints,  Worst Slack        7.000ns,  Total Violation        0.000ns
---------------------------------------------------------------------------------------------------


Pulse Width Checks
--------------------------------------------------------------------------------------
Clock Name:         sys_clk_pin
Waveform(ns):       { 0.000 10.000 }
Period(ns):         20.000
Sources:            { clk }

Check Type        Corner  Lib Pin           Reference Pin  Required(ns)  Actual(ns)  Slack(ns)  Location        Pin
Min Period        n/a     PLLE2_ADV/CLKIN1  n/a            1.249         20.000      18.751     PLLE2_ADV_X1Y1  cpuClk/inst/plle2_adv_inst/CLKIN1
Max Period        n/a     PLLE2_ADV/CLKIN1  n/a            52.633        20.000      32.633     PLLE2_ADV_X1Y1  cpuClk/inst/plle2_adv_inst/CLKIN1
Low Pulse Width   Slow    PLLE2_ADV/CLKIN1  n/a            3.000         10.000      7.000      PLLE2_ADV_X1Y1  cpuClk/inst/plle2_adv_inst/CLKIN1
High Pulse Width  Slow    PLLE2_ADV/CLKIN1  n/a            3.000         10.000      7.000      PLLE2_ADV_X1Y1  cpuClk/inst/plle2_adv_inst/CLKIN1



---------------------------------------------------------------------------------------------------
From Clock:  clk_out1_cpuclk_1
  To Clock:  clk_out1_cpuclk_1

Setup :            4  Failing Endpoints,  Worst Slack       -1.104ns,  Total Violation       -3.920ns
Hold  :            0  Failing Endpoints,  Worst Slack        0.083ns,  Total Violation        0.000ns
PW    :            0  Failing Endpoints,  Worst Slack        6.167ns,  Total Violation        0.000ns
---------------------------------------------------------------------------------------------------


Max Delay Paths
--------------------------------------------------------------------------------------
Slack (VIOLATED) :        -1.104ns  (required time - arrival time)
  Source:                 mini_rv_u/id_ex/Rs2_o_reg[2]/C
                            (rising edge-triggered cell FDCE clocked by clk_out1_cpuclk_1  {rise@0.000ns fall@6.667ns period=13.333ns})
  Destination:            mini_rv_u/If/IF_icache/u_cache/pipe_way0_reg/D
                            (rising edge-triggered cell FDCE clocked by clk_out1_cpuclk_1  {rise@0.000ns fall@6.667ns period=13.333ns})
  Path Group:             clk_out1_cpuclk_1
  Path Type:              Setup (Max at Slow Process Corner)
  Requirement:            13.333ns  (clk_out1_cpuclk_1 rise@13.333ns - clk_out1_cpuclk_1 rise@0.000ns)
  Data Path Delay:        14.277ns  (logic 4.657ns (32.620%)  route 9.620ns (67.380%))
  Logic Levels:           24  (CARRY4=5 LUT3=1 LUT4=1 LUT5=5 LUT6=9 MUXF7=2 MUXF8=1)
  Clock Path Skew:        -0.057ns (DCD - SCD + CPR)
    Destination Clock Delay (DCD):    -1.480ns = ( 11.853 - 13.333 ) 
    Source Clock Delay      (SCD):    -1.877ns
    Clock Pessimism Removal (CPR):    -0.453ns
  Clock Uncertainty:      0.136ns  ((TSJ^2 + DJ^2)^1/2) / 2 + PE
    Total System Jitter     (TSJ):    0.071ns
    Discrete Jitter          (DJ):    0.263ns
    Phase Error              (PE):    0.000ns

    Location             Delay type                Incr(ns)  Path(ns)    Netlist Resource(s)
  -------------------------------------------------------------------    -------------------
                         (clock clk_out1_cpuclk_1 rise edge)
                                                      0.000     0.000 r  
    U18                                               0.000     0.000 r  clk (IN)
                         net (fo=0)                   0.000     0.000    cpuClk/inst/clk_in1
    U18                  IBUF (Prop_ibuf_I_O)         1.429     1.429 r  cpuClk/inst/clkin1_ibufg/O
                         net (fo=1, routed)           1.126     2.555    cpuClk/inst/clk_in1_cpuclk
    PLLE2_ADV_X1Y1       PLLE2_ADV (Prop_plle2_adv_CLKIN1_CLKOUT0)
                                                     -7.569    -5.014 r  cpuClk/inst/plle2_adv_inst/CLKOUT0
                         net (fo=1, routed)           1.594    -3.420    cpuClk/inst/clk_out1_cpuclk
    BUFGCTRL_X0Y16       BUFG (Prop_bufg_I_O)         0.085    -3.335 r  cpuClk/inst/clkout1_buf/O
                         net (fo=6945, routed)        1.458    -1.877    mini_rv_u/id_ex/clk_out1
    SLICE_X86Y30         FDCE                                         r  mini_rv_u/id_ex/Rs2_o_reg[2]/C
  -------------------------------------------------------------------    -------------------
    SLICE_X86Y30         FDCE (Prop_fdce_C_Q)         0.433    -1.444 r  mini_rv_u/id_ex/Rs2_o_reg[2]/Q
                         net (fo=4, routed)           0.686    -0.758    mini_rv_u/id_ex/rs2_EX[2]
    SLICE_X86Y31         LUT6 (Prop_lut6_I3_O)        0.105    -0.653 r  mini_rv_u/id_ex/DRAMIn_o[31]_i_5/O
                         net (fo=1, routed)           0.668     0.016    mini_rv_u/id_ex/DRAMIn_o[31]_i_5_n_0
    SLICE_X85Y31         LUT6 (Prop_lut6_I2_O)        0.105     0.121 r  mini_rv_u/id_ex/DRAMIn_o[31]_i_2/O
                         net (fo=98, routed)          0.717     0.837    mini_rv_u/id_ex/risk_EX_B
    SLICE_X81Y30         LUT5 (Prop_lut5_I2_O)        0.105     0.942 f  mini_rv_u/id_ex/q[4]_i_4/O
                         net (fo=3, routed)           0.357     1.299    mini_rv_u/id_ex/forwardingB[4]
    SLICE_X81Y32         LUT5 (Prop_lut5_I3_O)        0.105     1.404 r  mini_rv_u/id_ex/q[4]_i_2/O
                         net (fo=108, routed)         0.882     2.286    mini_rv_u/id_ex/q[4]_i_6_n_0
    SLICE_X80Y31         LUT6 (Prop_lut6_I5_O)        0.105     2.391 r  mini_rv_u/id_ex/target_table[0][2]_i_10/O
                         net (fo=4, routed)           0.476     2.867    mini_rv_u/id_ex/target_table[0][2]_i_10_n_0
    SLICE_X80Y33         LUT6 (Prop_lut6_I0_O)        0.105     2.972 r  mini_rv_u/id_ex/target_table[0][16]_i_13/O
                         net (fo=2, routed)           0.469     3.441    mini_rv_u/id_ex/target_table[0][16]_i_13_n_0
    SLICE_X79Y32         LUT3 (Prop_lut3_I2_O)        0.105     3.546 r  mini_rv_u/id_ex/target_table[0][14]_i_10/O
                         net (fo=2, routed)           0.215     3.761    mini_rv_u/id_ex/target_table[0][14]_i_10_n_0
    SLICE_X79Y32         LUT5 (Prop_lut5_I2_O)        0.105     3.866 r  mini_rv_u/id_ex/target_table[0][14]_i_7/O
                         net (fo=1, routed)           0.364     4.230    mini_rv_u/id_ex/target_table[0][14]_i_7_n_0
    SLICE_X81Y31         LUT5 (Prop_lut5_I0_O)        0.105     4.335 r  mini_rv_u/id_ex/target_table[0][14]_i_4/O
                         net (fo=1, routed)           0.485     4.819    mini_rv_u/id_ex/target_table[0][14]_i_4_n_0
    SLICE_X74Y31         LUT5 (Prop_lut5_I0_O)        0.105     4.924 r  mini_rv_u/id_ex/target_table[0][14]_i_2/O
                         net (fo=1, routed)           0.000     4.924    mini_rv_u/id_ex/target_table[0][14]_i_2_n_0
    SLICE_X74Y31         MUXF7 (Prop_muxf7_I0_O)      0.178     5.102 r  mini_rv_u/id_ex/target_table_reg[0][14]_i_1/O
                         net (fo=19, routed)          0.633     5.736    mini_rv_u/id_ex/ALUOut_EX[14]
    SLICE_X70Y33         LUT6 (Prop_lut6_I0_O)        0.252     5.988 r  mini_rv_u/id_ex/buf_count[3]_i_18/O
                         net (fo=1, routed)           0.000     5.988    mini_rv_u/id_ex/buf_count[3]_i_18_n_0
    SLICE_X70Y33         CARRY4 (Prop_carry4_S[0]_CO[3])
                                                      0.440     6.428 r  mini_rv_u/id_ex/buf_count_reg[3]_i_10/CO[3]
                         net (fo=1, routed)           0.000     6.428    mini_rv_u/id_ex/buf_count_reg[3]_i_10_n_0
    SLICE_X70Y34         CARRY4 (Prop_carry4_CI_CO[2])
                                                      0.190     6.618 r  mini_rv_u/id_ex/buf_count_reg[3]_i_8/CO[2]
                         net (fo=4, routed)           0.360     6.978    mini_rv_u/id_ex/If/target_wrong0
    SLICE_X65Y34         LUT6 (Prop_lut6_I3_O)        0.261     7.239 r  mini_rv_u/id_ex/buf_count[3]_i_6_comp/O
                         net (fo=83, routed)          0.769     8.008    mini_rv_u/If/IF_icache/u_cache/pred_taken_o_reg_4_alias
    SLICE_X56Y45         LUT6 (Prop_lut6_I4_O)        0.105     8.113 r  mini_rv_u/If/IF_icache/u_cache/gen_icache_data.data_bram_i_66_comp/O
                         net (fo=112, routed)         0.780     8.893    mini_rv_u/If/IF_icache/u_cache/cache_addr[4]
    SLICE_X60Y45         MUXF7 (Prop_muxf7_S_O)       0.246     9.139 r  mini_rv_u/If/IF_icache/u_cache/wr_hit00_carry_i_31/O
                         net (fo=1, routed)           0.000     9.139    mini_rv_u/If/IF_icache/u_cache/wr_hit00_carry_i_31_n_0
    SLICE_X60Y45         MUXF8 (Prop_muxf8_I0_O)      0.085     9.224 r  mini_rv_u/If/IF_icache/u_cache/wr_hit00_carry_i_12/O
                         net (fo=1, routed)           0.659     9.883    mini_rv_u/If/IF_icache/u_cache/wr_hit00_carry_i_12_n_0
    SLICE_X62Y46         LUT6 (Prop_lut6_I3_O)        0.264    10.147 r  mini_rv_u/If/IF_icache/u_cache/wr_hit00_carry_i_3/O
                         net (fo=1, routed)           0.000    10.147    mini_rv_u/If/IF_icache/u_cache/wr_hit00_carry_i_3_n_0
    SLICE_X62Y46         CARRY4 (Prop_carry4_S[1]_CO[3])
                                                      0.444    10.591 r  mini_rv_u/If/IF_icache/u_cache/wr_hit00_carry/CO[3]
                         net (fo=1, routed)           0.000    10.591    mini_rv_u/If/IF_icache/u_cache/wr_hit00_carry_n_0
    SLICE_X62Y47         CARRY4 (Prop_carry4_CI_CO[3])
                                                      0.100    10.691 r  mini_rv_u/If/IF_icache/u_cache/wr_hit00_carry__0/CO[3]
                         net (fo=1, routed)           0.000    10.691    mini_rv_u/If/IF_icache/u_cache/wr_hit00_carry__0_n_0
    SLICE_X62Y48         CARRY4 (Prop_carry4_CI_CO[0])
                                                      0.207    10.898 r  mini_rv_u/If/IF_icache/u_cache/wr_hit00_carry__1/CO[0]
                         net (fo=1, routed)           0.517    11.415    mini_rv_u/If/IF_icache/u_cache/wr_hit00
    SLICE_X63Y48         LUT6 (Prop_lut6_I0_O)        0.297    11.712 r  mini_rv_u/If/IF_icache/u_cache/pipe_hit0_i_2/O
                         net (fo=3, routed)           0.583    12.295    mini_rv_u/If/IF_icache/u_cache/wr_hit0__0
    SLICE_X63Y45         LUT4 (Prop_lut4_I0_O)        0.105    12.400 r  mini_rv_u/If/IF_icache/u_cache/pipe_way0_i_1/O
                         net (fo=1, routed)           0.000    12.400    mini_rv_u/If/IF_icache/u_cache/pipe_way0_i_1_n_0
    SLICE_X63Y45         FDCE                                         r  mini_rv_u/If/IF_icache/u_cache/pipe_way0_reg/D
  -------------------------------------------------------------------    -------------------

                         (clock clk_out1_cpuclk_1 rise edge)
                                                     13.333    13.333 r  
    U18                                               0.000    13.333 r  clk (IN)
                         net (fo=0)                   0.000    13.333    cpuClk/inst/clk_in1
    U18                  IBUF (Prop_ibuf_I_O)         1.363    14.697 r  cpuClk/inst/clkin1_ibufg/O
                         net (fo=1, routed)           1.019    15.715    cpuClk/inst/clk_in1_cpuclk
    PLLE2_ADV_X1Y1       PLLE2_ADV (Prop_plle2_adv_CLKIN1_CLKOUT0)
                                                     -6.696     9.020 r  cpuClk/inst/plle2_adv_inst/CLKOUT0
                         net (fo=1, routed)           1.451    10.471    cpuClk/inst/clk_out1_cpuclk
    BUFGCTRL_X0Y16       BUFG (Prop_bufg_I_O)         0.077    10.548 r  cpuClk/inst/clkout1_buf/O
                         net (fo=6945, routed)        1.305    11.853    mini_rv_u/If/IF_icache/u_cache/clk_out1
    SLICE_X63Y45         FDCE                                         r  mini_rv_u/If/IF_icache/u_cache/pipe_way0_reg/C
                         clock pessimism             -0.453    11.400    
                         clock uncertainty           -0.136    11.264    
    SLICE_X63Y45         FDCE (Setup_fdce_C_D)        0.032    11.296    mini_rv_u/If/IF_icache/u_cache/pipe_way0_reg
  -------------------------------------------------------------------
                         required time                         11.296    
                         arrival time                         -12.400    
  -------------------------------------------------------------------
                         slack                                 -1.104    





Min Delay Paths
--------------------------------------------------------------------------------------
Slack (MET) :             0.083ns  (arrival time - required time)
  Source:                 mini_rv_u/If/pre_fetch_pc_d_reg[7]/C
                            (rising edge-triggered cell FDCE clocked by clk_out1_cpuclk_1  {rise@0.000ns fall@6.667ns period=13.333ns})
  Destination:            mini_rv_u/If/if_buf_pc_reg[4][7]/D
                            (rising edge-triggered cell FDRE clocked by clk_out1_cpuclk_1  {rise@0.000ns fall@6.667ns period=13.333ns})
  Path Group:             clk_out1_cpuclk_1
  Path Type:              Hold (Min at Fast Process Corner)
  Requirement:            0.000ns  (clk_out1_cpuclk_1 rise@0.000ns - clk_out1_cpuclk_1 rise@0.000ns)
  Data Path Delay:        0.414ns  (logic 0.141ns (34.024%)  route 0.273ns (65.976%))
  Logic Levels:           0  
  Clock Path Skew:        0.261ns (DCD - SCD - CPR)
    Destination Clock Delay (DCD):    -0.351ns
    Source Clock Delay      (SCD):    -0.577ns
    Clock Pessimism Removal (CPR):    -0.035ns

    Location             Delay type                Incr(ns)  Path(ns)    Netlist Resource(s)
  -------------------------------------------------------------------    -------------------
                         (clock clk_out1_cpuclk_1 rise edge)
                                                      0.000     0.000 r  
    U18                                               0.000     0.000 r  clk (IN)
                         net (fo=0)                   0.000     0.000    cpuClk/inst/clk_in1
    U18                  IBUF (Prop_ibuf_I_O)         0.266     0.266 r  cpuClk/inst/clkin1_ibufg/O
                         net (fo=1, routed)           0.440     0.706    cpuClk/inst/clk_in1_cpuclk
    PLLE2_ADV_X1Y1       PLLE2_ADV (Prop_plle2_adv_CLKIN1_CLKOUT0)
                                                     -2.407    -1.700 r  cpuClk/inst/plle2_adv_inst/CLKOUT0
                         net (fo=1, routed)           0.544    -1.156    cpuClk/inst/clk_out1_cpuclk
    BUFGCTRL_X0Y16       BUFG (Prop_bufg_I_O)         0.026    -1.130 r  cpuClk/inst/clkout1_buf/O
                         net (fo=6945, routed)        0.554    -0.577    mini_rv_u/If/clk_out1
    SLICE_X53Y34         FDCE                                         r  mini_rv_u/If/pre_fetch_pc_d_reg[7]/C
  -------------------------------------------------------------------    -------------------
    SLICE_X53Y34         FDCE (Prop_fdce_C_Q)         0.141    -0.436 r  mini_rv_u/If/pre_fetch_pc_d_reg[7]/Q
                         net (fo=8, routed)           0.273    -0.162    mini_rv_u/If/pre_fetch_pc_d_reg_n_0_[7]
    SLICE_X44Y31         FDRE                                         r  mini_rv_u/If/if_buf_pc_reg[4][7]/D
  -------------------------------------------------------------------    -------------------

                         (clock clk_out1_cpuclk_1 rise edge)
                                                      0.000     0.000 r  
    U18                                               0.000     0.000 r  clk (IN)
                         net (fo=0)                   0.000     0.000    cpuClk/inst/clk_in1
    U18                  IBUF (Prop_ibuf_I_O)         0.454     0.454 r  cpuClk/inst/clkin1_ibufg/O
                         net (fo=1, routed)           0.481     0.935    cpuClk/inst/clk_in1_cpuclk
    PLLE2_ADV_X1Y1       PLLE2_ADV (Prop_plle2_adv_CLKIN1_CLKOUT0)
                                                     -2.727    -1.792 r  cpuClk/inst/plle2_adv_inst/CLKOUT0
                         net (fo=1, routed)           0.592    -1.200    cpuClk/inst/clk_out1_cpuclk
    BUFGCTRL_X0Y16       BUFG (Prop_bufg_I_O)         0.029    -1.171 r  cpuClk/inst/clkout1_buf/O
                         net (fo=6945, routed)        0.820    -0.351    mini_rv_u/If/clk_out1
    SLICE_X44Y31         FDRE                                         r  mini_rv_u/If/if_buf_pc_reg[4][7]/C
                         clock pessimism              0.035    -0.315    
    SLICE_X44Y31         FDRE (Hold_fdre_C_D)         0.070    -0.245    mini_rv_u/If/if_buf_pc_reg[4][7]
  -------------------------------------------------------------------
                         required time                          0.245    
                         arrival time                          -0.162    
  -------------------------------------------------------------------
                         slack                                  0.083    





Pulse Width Checks
--------------------------------------------------------------------------------------
Clock Name:         clk_out1_cpuclk_1
Waveform(ns):       { 0.000 6.667 }
Period(ns):         13.333
Sources:            { cpuClk/inst/plle2_adv_inst/CLKOUT0 }

Check Type        Corner  Lib Pin             Reference Pin  Required(ns)  Actual(ns)  Slack(ns)  Location        Pin
Min Period        n/a     RAMB36E1/CLKARDCLK  n/a            2.170         13.333      11.163     RAMB36_X4Y3     bus/interface_RAM/dRAM/RAM/U0/inst_blk_mem_gen/gnbram.gnativebmg.native_blk_mem_gen/valid.cstr/ramloop[0].ram.r/prim_noinit.ram/DEVICE_7SERIES.NO_BMM_INFO.SP.SIMPLE_PRIM36.ram/CLKARDCLK
Max Period        n/a     PLLE2_ADV/CLKOUT0   n/a            160.000       13.333      146.667    PLLE2_ADV_X1Y1  cpuClk/inst/plle2_adv_inst/CLKOUT0
Low Pulse Width   Slow    FDCE/C              n/a            0.500         6.667       6.167      SLICE_X87Y14    bus/gen_timer.interface_timer/timer_count_reg[0]/C
High Pulse Width  Slow    FDCE/C              n/a            0.500         6.667       6.167      SLICE_X87Y14    bus/gen_timer.interface_timer/timer_count_reg[0]/C



---------------------------------------------------------------------------------------------------
From Clock:  clkfbout_cpuclk_1
  To Clock:  clkfbout_cpuclk_1

Setup :           NA  Failing Endpoints,  Worst Slack           NA  ,  Total Violation           NA
Hold  :           NA  Failing Endpoints,  Worst Slack           NA  ,  Total Violation           NA
PW    :            0  Failing Endpoints,  Worst Slack       12.633ns,  Total Violation        0.000ns
---------------------------------------------------------------------------------------------------


Pulse Width Checks
--------------------------------------------------------------------------------------
Clock Name:         clkfbout_cpuclk_1
Waveform(ns):       { 0.000 20.000 }
Period(ns):         40.000
Sources:            { cpuClk/inst/plle2_adv_inst/CLKFBOUT }

Check Type  Corner  Lib Pin            Reference Pin  Required(ns)  Actual(ns)  Slack(ns)  Location        Pin
Min Period  n/a     BUFG/I             n/a            1.592         40.000      38.408     BUFGCTRL_X0Y17  cpuClk/inst/clkf_buf/I
Max Period  n/a     PLLE2_ADV/CLKFBIN  n/a            52.633        40.000      12.633     PLLE2_ADV_X1Y1  cpuClk/inst/plle2_adv_inst/CLKFBIN



