TRACE t=5000 wb_have=x pcIF=xxxxxxxx instIF=xxxxxxxx pcID=xxxxxxxx instID=xxxxxxxx pcEX=xxxxxxxx aluMEM=xxxxxxxx mem_stall=x mem_waited=x mem_addr=xxxxxxxx mem_we=xxxx mem_rd=00000000
START test_current.mem
TRACE t=115000 wb_have=0 pcIF=00000000 instIF=00000013 pcID=00000000 instID=00000000 pcEX=00000000 aluMEM=00000000 mem_stall=0 mem_waited=0 mem_addr=00000000 mem_we=0000 mem_rd=0540006f
TRACE t=125000 wb_have=0 pcIF=00000000 instIF=00000013 pcID=00000000 instID=00000013 pcEX=00000000 aluMEM=00000000 mem_stall=0 mem_waited=0 mem_addr=00000000 mem_we=0000 mem_rd=0540006f
TRACE t=135000 wb_have=0 pcIF=00000000 instIF=0540006f pcID=00000000 instID=00000013 pcEX=00000000 aluMEM=00000000 mem_stall=0 mem_waited=0 mem_addr=00000000 mem_we=0000 mem_rd=0540006f
TRACE t=145000 wb_have=0 pcIF=00000004 instIF=34202f73 pcID=00000000 instID=0540006f pcEX=00000000 aluMEM=00000000 mem_stall=0 mem_waited=0 mem_addr=00000000 mem_we=0000 mem_rd=0540006f
TRACE t=155000 wb_have=0 pcIF=00000008 instIF=00800f93 pcID=00000004 instID=34202f73 pcEX=00000000 aluMEM=00000000 mem_stall=0 mem_waited=0 mem_addr=00000000 mem_we=0000 mem_rd=0540006f
TRACE t=165000 wb_have=1 pcIF=00000000 instIF=00000013 pcID=00000000 instID=00000013 pcEX=00000000 aluMEM=00000054 mem_stall=0 mem_waited=0 mem_addr=00000054 mem_we=0000 mem_rd=0540006f
COMMIT t=165000 wb_pc=00000000 wb_we=1 wb_rd=x0 wb_val=00000000 IF_pc=00000000 IF_inst=00000013 ID_pc=00000000 ID_inst=00000013 EX_pc=00000000 EX_alu=00000000 mem_stall=0 mem_commit=0 mem_we=0000 mem_addr=00000054 mem_wd=00000000 mem_rd=0540006f
TRACE t=175000 wb_have=1 pcIF=00000000 instIF=00000013 pcID=00000000 instID=00000013 pcEX=00000000 aluMEM=00000000 mem_stall=0 mem_waited=0 mem_addr=00000000 mem_we=0000 mem_rd=00000093
COMMIT t=175000 wb_pc=00000000 wb_we=1 wb_rd=x0 wb_val=00000004 IF_pc=00000000 IF_inst=00000013 ID_pc=00000000 ID_inst=00000013 EX_pc=00000000 EX_alu=00000000 mem_stall=0 mem_commit=0 mem_we=0000 mem_addr=00000000 mem_wd=00000000 mem_rd=00000093
TRACE t=185000 wb_have=0 pcIF=00000054 instIF=00000093 pcID=00000000 instID=00000013 pcEX=00000000 aluMEM=00000000 mem_stall=0 mem_waited=0 mem_addr=00000000 mem_we=0000 mem_rd=0540006f
TRACE t=195000 wb_have=0 pcIF=00000058 instIF=00000113 pcID=00000054 instID=00000093 pcEX=00000000 aluMEM=00000000 mem_stall=0 mem_waited=0 mem_addr=00000000 mem_we=0000 mem_rd=0540006f
TRACE t=205000 wb_have=1 pcIF=0000005c instIF=00000193 pcID=00000058 instID=00000113 pcEX=00000054 aluMEM=00000000 mem_stall=0 mem_waited=0 mem_addr=00000000 mem_we=0000 mem_rd=0540006f
COMMIT t=205000 wb_pc=00000000 wb_we=1 wb_rd=x0 wb_val=00000000 IF_pc=0000005c IF_inst=00000193 ID_pc=00000058 ID_inst=00000113 EX_pc=00000054 EX_alu=00000000 mem_stall=0 mem_commit=0 mem_we=0000 mem_addr=00000000 mem_wd=00000000 mem_rd=0540006f
TRACE t=215000 wb_have=1 pcIF=00000060 instIF=00000213 pcID=0000005c instID=00000193 pcEX=00000058 aluMEM=00000000 mem_stall=0 mem_waited=0 mem_addr=00000000 mem_we=0000 mem_rd=0540006f
COMMIT t=215000 wb_pc=00000000 wb_we=1 wb_rd=x0 wb_val=00000000 IF_pc=00000060 IF_inst=00000213 ID_pc=0000005c ID_inst=00000193 EX_pc=00000058 EX_alu=00000000 mem_stall=0 mem_commit=0 mem_we=0000 mem_addr=00000000 mem_wd=00000000 mem_rd=0540006f
TRACE t=225000 wb_have=1 pcIF=00000064 instIF=00000293 pcID=00000060 instID=00000213 pcEX=0000005c aluMEM=00000000 mem_stall=0 mem_waited=0 mem_addr=00000000 mem_we=0000 mem_rd=0540006f
COMMIT t=225000 wb_pc=00000054 wb_we=1 wb_rd=x1 wb_val=00000000 IF_pc=00000064 IF_inst=00000293 ID_pc=00000060 ID_inst=00000213 EX_pc=0000005c EX_alu=00000000 mem_stall=0 mem_commit=0 mem_we=0000 mem_addr=00000000 mem_wd=00000000 mem_rd=0540006f
TRACE t=235000 wb_have=1 pcIF=00000068 instIF=00000313 pcID=00000064 instID=00000293 pcEX=00000060 aluMEM=00000000 mem_stall=0 mem_waited=0 mem_addr=00000000 mem_we=0000 mem_rd=0540006f
COMMIT t=235000 wb_pc=00000058 wb_we=1 wb_rd=x2 wb_val=00000000 IF_pc=00000068 IF_inst=00000313 ID_pc=00000064 ID_inst=00000293 EX_pc=00000060 EX_alu=00000000 mem_stall=0 mem_commit=0 mem_we=0000 mem_addr=00000000 mem_wd=00000000 mem_rd=0540006f
TRACE t=245000 wb_have=1 pcIF=0000006c instIF=00000393 pcID=00000068 instID=00000313 pcEX=00000064 aluMEM=00000000 mem_stall=0 mem_waited=0 mem_addr=00000000 mem_we=0000 mem_rd=0540006f
COMMIT t=245000 wb_pc=0000005c wb_we=1 wb_rd=x3 wb_val=00000000 IF_pc=0000006c IF_inst=00000393 ID_pc=00000068 ID_inst=00000313 EX_pc=00000064 EX_alu=00000000 mem_stall=0 mem_commit=0 mem_we=0000 mem_addr=00000000 mem_wd=00000000 mem_rd=0540006f
TRACE t=255000 wb_have=1 pcIF=00000070 instIF=00000413 pcID=0000006c instID=00000393 pcEX=00000068 aluMEM=00000000 mem_stall=0 mem_waited=0 mem_addr=00000000 mem_we=0000 mem_rd=0540006f
COMMIT t=255000 wb_pc=00000060 wb_we=1 wb_rd=x4 wb_val=00000000 IF_pc=00000070 IF_inst=00000413 ID_pc=0000006c ID_inst=00000393 EX_pc=00000068 EX_alu=00000000 mem_stall=0 mem_commit=0 mem_we=0000 mem_addr=00000000 mem_wd=00000000 mem_rd=0540006f
TRACE t=265000 wb_have=1 pcIF=00000074 instIF=00000493 pcID=00000070 instID=00000413 pcEX=0000006c aluMEM=00000000 mem_stall=0 mem_waited=0 mem_addr=00000000 mem_we=0000 mem_rd=0540006f
COMMIT t=265000 wb_pc=00000064 wb_we=1 wb_rd=x5 wb_val=00000000 IF_pc=00000074 IF_inst=00000493 ID_pc=00000070 ID_inst=00000413 EX_pc=0000006c EX_alu=00000000 mem_stall=0 mem_commit=0 mem_we=0000 mem_addr=00000000 mem_wd=00000000 mem_rd=0540006f
TRACE t=275000 wb_have=1 pcIF=00000078 instIF=00000513 pcID=00000074 instID=00000493 pcEX=00000070 aluMEM=00000000 mem_stall=0 mem_waited=0 mem_addr=00000000 mem_we=0000 mem_rd=0540006f
COMMIT t=275000 wb_pc=00000068 wb_we=1 wb_rd=x6 wb_val=00000000 IF_pc=00000078 IF_inst=00000513 ID_pc=00000074 ID_inst=00000493 EX_pc=00000070 EX_alu=00000000 mem_stall=0 mem_commit=0 mem_we=0000 mem_addr=00000000 mem_wd=00000000 mem_rd=0540006f
TRACE t=285000 wb_have=1 pcIF=0000007c instIF=00000593 pcID=00000078 instID=00000513 pcEX=00000074 aluMEM=00000000 mem_stall=0 mem_waited=0 mem_addr=00000000 mem_we=0000 mem_rd=0540006f
COMMIT t=285000 wb_pc=0000006c wb_we=1 wb_rd=x7 wb_val=00000000 IF_pc=0000007c IF_inst=00000593 ID_pc=00000078 ID_inst=00000513 EX_pc=00000074 EX_alu=00000000 mem_stall=0 mem_commit=0 mem_we=0000 mem_addr=00000000 mem_wd=00000000 mem_rd=0540006f
TRACE t=295000 wb_have=1 pcIF=00000080 instIF=00000613 pcID=0000007c instID=00000593 pcEX=00000078 aluMEM=00000000 mem_stall=0 mem_waited=0 mem_addr=00000000 mem_we=0000 mem_rd=0540006f
COMMIT t=295000 wb_pc=00000070 wb_we=1 wb_rd=x8 wb_val=00000000 IF_pc=00000080 IF_inst=00000613 ID_pc=0000007c ID_inst=00000593 EX_pc=00000078 EX_alu=00000000 mem_stall=0 mem_commit=0 mem_we=0000 mem_addr=00000000 mem_wd=00000000 mem_rd=0540006f
TRACE t=305000 wb_have=1 pcIF=00000084 instIF=00000693 pcID=00000080 instID=00000613 pcEX=0000007c aluMEM=00000000 mem_stall=0 mem_waited=0 mem_addr=00000000 mem_we=0000 mem_rd=0540006f
COMMIT t=305000 wb_pc=00000074 wb_we=1 wb_rd=x9 wb_val=00000000 IF_pc=00000084 IF_inst=00000693 ID_pc=00000080 ID_inst=00000613 EX_pc=0000007c EX_alu=00000000 mem_stall=0 mem_commit=0 mem_we=0000 mem_addr=00000000 mem_wd=00000000 mem_rd=0540006f
TRACE t=315000 wb_have=1 pcIF=00000088 instIF=00000713 pcID=00000084 instID=00000693 pcEX=00000080 aluMEM=00000000 mem_stall=0 mem_waited=0 mem_addr=00000000 mem_we=0000 mem_rd=0540006f
COMMIT t=315000 wb_pc=00000078 wb_we=1 wb_rd=x10 wb_val=00000000 IF_pc=00000088 IF_inst=00000713 ID_pc=00000084 ID_inst=00000693 EX_pc=00000080 EX_alu=00000000 mem_stall=0 mem_commit=0 mem_we=0000 mem_addr=00000000 mem_wd=00000000 mem_rd=0540006f
TRACE t=325000 wb_have=1 pcIF=0000008c instIF=00000793 pcID=00000088 instID=00000713 pcEX=00000084 aluMEM=00000000 mem_stall=0 mem_waited=0 mem_addr=00000000 mem_we=0000 mem_rd=0540006f
COMMIT t=325000 wb_pc=0000007c wb_we=1 wb_rd=x11 wb_val=00000000 IF_pc=0000008c IF_inst=00000793 ID_pc=00000088 ID_inst=00000713 EX_pc=00000084 EX_alu=00000000 mem_stall=0 mem_commit=0 mem_we=0000 mem_addr=00000000 mem_wd=00000000 mem_rd=0540006f
TRACE t=335000 wb_have=1 pcIF=00000090 instIF=00000813 pcID=0000008c instID=00000793 pcEX=00000088 aluMEM=00000000 mem_stall=0 mem_waited=0 mem_addr=00000000 mem_we=0000 mem_rd=0540006f
COMMIT t=335000 wb_pc=00000080 wb_we=1 wb_rd=x12 wb_val=00000000 IF_pc=00000090 IF_inst=00000813 ID_pc=0000008c ID_inst=00000793 EX_pc=00000088 EX_alu=00000000 mem_stall=0 mem_commit=0 mem_we=0000 mem_addr=00000000 mem_wd=00000000 mem_rd=0540006f
TRACE t=345000 wb_have=1 pcIF=00000094 instIF=00000893 pcID=00000090 instID=00000813 pcEX=0000008c aluMEM=00000000 mem_stall=0 mem_waited=0 mem_addr=00000000 mem_we=0000 mem_rd=0540006f
COMMIT t=345000 wb_pc=00000084 wb_we=1 wb_rd=x13 wb_val=00000000 IF_pc=00000094 IF_inst=00000893 ID_pc=00000090 ID_inst=00000813 EX_pc=0000008c EX_alu=00000000 mem_stall=0 mem_commit=0 mem_we=0000 mem_addr=00000000 mem_wd=00000000 mem_rd=0540006f
TRACE t=355000 wb_have=1 pcIF=00000098 instIF=00000913 pcID=00000094 instID=00000893 pcEX=00000090 aluMEM=00000000 mem_stall=0 mem_waited=0 mem_addr=00000000 mem_we=0000 mem_rd=0540006f
COMMIT t=355000 wb_pc=00000088 wb_we=1 wb_rd=x14 wb_val=00000000 IF_pc=00000098 IF_inst=00000913 ID_pc=00000094 ID_inst=00000893 EX_pc=00000090 EX_alu=00000000 mem_stall=0 mem_commit=0 mem_we=0000 mem_addr=00000000 mem_wd=00000000 mem_rd=0540006f
TRACE t=365000 wb_have=1 pcIF=0000009c instIF=00000993 pcID=00000098 instID=00000913 pcEX=00000094 aluMEM=00000000 mem_stall=0 mem_waited=0 mem_addr=00000000 mem_we=0000 mem_rd=0540006f
COMMIT t=365000 wb_pc=0000008c wb_we=1 wb_rd=x15 wb_val=00000000 IF_pc=0000009c IF_inst=00000993 ID_pc=00000098 ID_inst=00000913 EX_pc=00000094 EX_alu=00000000 mem_stall=0 mem_commit=0 mem_we=0000 mem_addr=00000000 mem_wd=00000000 mem_rd=0540006f
TRACE t=375000 wb_have=1 pcIF=000000a0 instIF=00000a13 pcID=0000009c instID=00000993 pcEX=00000098 aluMEM=00000000 mem_stall=0 mem_waited=0 mem_addr=00000000 mem_we=0000 mem_rd=0540006f
COMMIT t=375000 wb_pc=00000090 wb_we=1 wb_rd=x16 wb_val=00000000 IF_pc=000000a0 IF_inst=00000a13 ID_pc=0000009c ID_inst=00000993 EX_pc=00000098 EX_alu=00000000 mem_stall=0 mem_commit=0 mem_we=0000 mem_addr=00000000 mem_wd=00000000 mem_rd=0540006f
TRACE t=385000 wb_have=1 pcIF=000000a4 instIF=00000a93 pcID=000000a0 instID=00000a13 pcEX=0000009c aluMEM=00000000 mem_stall=0 mem_waited=0 mem_addr=00000000 mem_we=0000 mem_rd=0540006f
COMMIT t=385000 wb_pc=00000094 wb_we=1 wb_rd=x17 wb_val=00000000 IF_pc=000000a4 IF_inst=00000a93 ID_pc=000000a0 ID_inst=00000a13 EX_pc=0000009c EX_alu=00000000 mem_stall=0 mem_commit=0 mem_we=0000 mem_addr=00000000 mem_wd=00000000 mem_rd=0540006f
TRACE t=395000 wb_have=1 pcIF=000000a8 instIF=00000b13 pcID=000000a4 instID=00000a93 pcEX=000000a0 aluMEM=00000000 mem_stall=0 mem_waited=0 mem_addr=00000000 mem_we=0000 mem_rd=0540006f
COMMIT t=395000 wb_pc=00000098 wb_we=1 wb_rd=x18 wb_val=00000000 IF_pc=000000a8 IF_inst=00000b13 ID_pc=000000a4 ID_inst=00000a93 EX_pc=000000a0 EX_alu=00000000 mem_stall=0 mem_commit=0 mem_we=0000 mem_addr=00000000 mem_wd=00000000 mem_rd=0540006f
TRACE t=405000 wb_have=1 pcIF=000000ac instIF=00000b93 pcID=000000a8 instID=00000b13 pcEX=000000a4 aluMEM=00000000 mem_stall=0 mem_waited=0 mem_addr=00000000 mem_we=0000 mem_rd=0540006f
COMMIT t=405000 wb_pc=0000009c wb_we=1 wb_rd=x19 wb_val=00000000 IF_pc=000000ac IF_inst=00000b93 ID_pc=000000a8 ID_inst=00000b13 EX_pc=000000a4 EX_alu=00000000 mem_stall=0 mem_commit=0 mem_we=0000 mem_addr=00000000 mem_wd=00000000 mem_rd=0540006f
TRACE t=415000 wb_have=1 pcIF=000000b0 instIF=00000c13 pcID=000000ac instID=00000b93 pcEX=000000a8 aluMEM=00000000 mem_stall=0 mem_waited=0 mem_addr=00000000 mem_we=0000 mem_rd=0540006f
COMMIT t=415000 wb_pc=000000a0 wb_we=1 wb_rd=x20 wb_val=00000000 IF_pc=000000b0 IF_inst=00000c13 ID_pc=000000ac ID_inst=00000b93 EX_pc=000000a8 EX_alu=00000000 mem_stall=0 mem_commit=0 mem_we=0000 mem_addr=00000000 mem_wd=00000000 mem_rd=0540006f
TRACE t=425000 wb_have=1 pcIF=000000b4 instIF=00000c93 pcID=000000b0 instID=00000c13 pcEX=000000ac aluMEM=00000000 mem_stall=0 mem_waited=0 mem_addr=00000000 mem_we=0000 mem_rd=0540006f
COMMIT t=425000 wb_pc=000000a4 wb_we=1 wb_rd=x21 wb_val=00000000 IF_pc=000000b4 IF_inst=00000c93 ID_pc=000000b0 ID_inst=00000c13 EX_pc=000000ac EX_alu=00000000 mem_stall=0 mem_commit=0 mem_we=0000 mem_addr=00000000 mem_wd=00000000 mem_rd=0540006f
TRACE t=435000 wb_have=1 pcIF=000000b8 instIF=00000d13 pcID=000000b4 instID=00000c93 pcEX=000000b0 aluMEM=00000000 mem_stall=0 mem_waited=0 mem_addr=00000000 mem_we=0000 mem_rd=0540006f
COMMIT t=435000 wb_pc=000000a8 wb_we=1 wb_rd=x22 wb_val=00000000 IF_pc=000000b8 IF_inst=00000d13 ID_pc=000000b4 ID_inst=00000c93 EX_pc=000000b0 EX_alu=00000000 mem_stall=0 mem_commit=0 mem_we=0000 mem_addr=00000000 mem_wd=00000000 mem_rd=0540006f
TRACE t=445000 wb_have=1 pcIF=000000bc instIF=00000d93 pcID=000000b8 instID=00000d13 pcEX=000000b4 aluMEM=00000000 mem_stall=0 mem_waited=0 mem_addr=00000000 mem_we=0000 mem_rd=0540006f
COMMIT t=445000 wb_pc=000000ac wb_we=1 wb_rd=x23 wb_val=00000000 IF_pc=000000bc IF_inst=00000d93 ID_pc=000000b8 ID_inst=00000d13 EX_pc=000000b4 EX_alu=00000000 mem_stall=0 mem_commit=0 mem_we=0000 mem_addr=00000000 mem_wd=00000000 mem_rd=0540006f
TRACE t=455000 wb_have=1 pcIF=000000c0 instIF=00000e13 pcID=000000bc instID=00000d93 pcEX=000000b8 aluMEM=00000000 mem_stall=0 mem_waited=0 mem_addr=00000000 mem_we=0000 mem_rd=0540006f
COMMIT t=455000 wb_pc=000000b0 wb_we=1 wb_rd=x24 wb_val=00000000 IF_pc=000000c0 IF_inst=00000e13 ID_pc=000000bc ID_inst=00000d93 EX_pc=000000b8 EX_alu=00000000 mem_stall=0 mem_commit=0 mem_we=0000 mem_addr=00000000 mem_wd=00000000 mem_rd=0540006f
TRACE t=465000 wb_have=1 pcIF=000000c4 instIF=00000e93 pcID=000000c0 instID=00000e13 pcEX=000000bc aluMEM=00000000 mem_stall=0 mem_waited=0 mem_addr=00000000 mem_we=0000 mem_rd=0540006f
COMMIT t=465000 wb_pc=000000b4 wb_we=1 wb_rd=x25 wb_val=00000000 IF_pc=000000c4 IF_inst=00000e93 ID_pc=000000c0 ID_inst=00000e13 EX_pc=000000bc EX_alu=00000000 mem_stall=0 mem_commit=0 mem_we=0000 mem_addr=00000000 mem_wd=00000000 mem_rd=0540006f
TRACE t=475000 wb_have=1 pcIF=000000c8 instIF=00000f13 pcID=000000c4 instID=00000e93 pcEX=000000c0 aluMEM=00000000 mem_stall=0 mem_waited=0 mem_addr=00000000 mem_we=0000 mem_rd=0540006f
COMMIT t=475000 wb_pc=000000b8 wb_we=1 wb_rd=x26 wb_val=00000000 IF_pc=000000c8 IF_inst=00000f13 ID_pc=000000c4 ID_inst=00000e93 EX_pc=000000c0 EX_alu=00000000 mem_stall=0 mem_commit=0 mem_we=0000 mem_addr=00000000 mem_wd=00000000 mem_rd=0540006f
TRACE t=485000 wb_have=1 pcIF=000000cc instIF=00000f93 pcID=000000c8 instID=00000f13 pcEX=000000c4 aluMEM=00000000 mem_stall=0 mem_waited=0 mem_addr=00000000 mem_we=0000 mem_rd=0540006f
COMMIT t=485000 wb_pc=000000bc wb_we=1 wb_rd=x27 wb_val=00000000 IF_pc=000000cc IF_inst=00000f93 ID_pc=000000c8 ID_inst=00000f13 EX_pc=000000c4 EX_alu=00000000 mem_stall=0 mem_commit=0 mem_we=0000 mem_addr=00000000 mem_wd=00000000 mem_rd=0540006f
TRACE t=495000 wb_have=1 pcIF=000000d0 instIF=00200193 pcID=000000cc instID=00000f93 pcEX=000000c8 aluMEM=00000000 mem_stall=0 mem_waited=0 mem_addr=00000000 mem_we=0000 mem_rd=0540006f
COMMIT t=495000 wb_pc=000000c0 wb_we=1 wb_rd=x28 wb_val=00000000 IF_pc=000000d0 IF_inst=00200193 ID_pc=000000cc ID_inst=00000f93 EX_pc=000000c8 EX_alu=00000000 mem_stall=0 mem_commit=0 mem_we=0000 mem_addr=00000000 mem_wd=00000000 mem_rd=0540006f
TRACE t=505000 wb_have=1 pcIF=000000d4 instIF=00ff16b7 pcID=000000d0 instID=00200193 pcEX=000000cc aluMEM=00000000 mem_stall=0 mem_waited=0 mem_addr=00000000 mem_we=0000 mem_rd=0540006f
COMMIT t=505000 wb_pc=000000c4 wb_we=1 wb_rd=x29 wb_val=00000000 IF_pc=000000d4 IF_inst=00ff16b7 ID_pc=000000d0 ID_inst=00200193 EX_pc=000000cc EX_alu=00000000 mem_stall=0 mem_commit=0 mem_we=0000 mem_addr=00000000 mem_wd=00000000 mem_rd=0540006f
TRACE t=515000 wb_have=1 pcIF=000000d8 instIF=f0068693 pcID=000000d4 instID=00ff16b7 pcEX=000000d0 aluMEM=00000000 mem_stall=0 mem_waited=0 mem_addr=00000000 mem_we=0000 mem_rd=0540006f
COMMIT t=515000 wb_pc=000000c8 wb_we=1 wb_rd=x30 wb_val=00000000 IF_pc=000000d8 IF_inst=f0068693 ID_pc=000000d4 ID_inst=00ff16b7 EX_pc=000000d0 EX_alu=00000002 mem_stall=0 mem_commit=0 mem_we=0000 mem_addr=00000000 mem_wd=00000000 mem_rd=0540006f
TRACE t=525000 wb_have=1 pcIF=000000dc instIF=f0f6c713 pcID=000000d8 instID=f0068693 pcEX=000000d4 aluMEM=00000002 mem_stall=0 mem_waited=0 mem_addr=00000002 mem_we=0000 mem_rd=0540006f
COMMIT t=525000 wb_pc=000000cc wb_we=1 wb_rd=x31 wb_val=00000000 IF_pc=000000dc IF_inst=f0f6c713 ID_pc=000000d8 ID_inst=f0068693 EX_pc=000000d4 EX_alu=00ff1000 mem_stall=0 mem_commit=0 mem_we=0000 mem_addr=00000002 mem_wd=00000000 mem_rd=0540006f
TRACE t=535000 wb_have=1 pcIF=000000e0 instIF=ff00f3b7 pcID=000000dc instID=f0f6c713 pcEX=000000d8 aluMEM=00ff1000 mem_stall=0 mem_waited=0 mem_addr=00ff1000 mem_we=0000 mem_rd=0540006f
COMMIT t=535000 wb_pc=000000d0 wb_we=1 wb_rd=x3 wb_val=00000002 IF_pc=000000e0 IF_inst=ff00f3b7 ID_pc=000000dc ID_inst=f0f6c713 EX_pc=000000d8 EX_alu=00ff0f00 mem_stall=0 mem_commit=0 mem_we=0000 mem_addr=00ff1000 mem_wd=00000000 mem_rd=0540006f
TRACE t=545000 wb_have=1 pcIF=000000e4 instIF=00f38393 pcID=000000e0 instID=ff00f3b7 pcEX=000000dc aluMEM=00ff0f00 mem_stall=0 mem_waited=0 mem_addr=00ff0f00 mem_we=0000 mem_rd=00000000
COMMIT t=545000 wb_pc=000000d4 wb_we=1 wb_rd=x13 wb_val=00ff1000 IF_pc=000000e4 IF_inst=00f38393 ID_pc=000000e0 ID_inst=ff00f3b7 EX_pc=000000dc EX_alu=ff00f00f mem_stall=0 mem_commit=0 mem_we=0000 mem_addr=00ff0f00 mem_wd=00000000 mem_rd=00000000
TRACE t=555000 wb_have=1 pcIF=000000e8 instIF=1c771663 pcID=000000e4 instID=00f38393 pcEX=000000e0 aluMEM=ff00f00f mem_stall=0 mem_waited=0 mem_addr=ff00f00f mem_we=0000 mem_rd=00000000
COMMIT t=555000 wb_pc=000000d8 wb_we=1 wb_rd=x13 wb_val=00ff0f00 IF_pc=000000e8 IF_inst=1c771663 ID_pc=000000e4 ID_inst=00f38393 EX_pc=000000e0 EX_alu=ff00f000 mem_stall=0 mem_commit=0 mem_we=0000 mem_addr=ff00f00f mem_wd=00000000 mem_rd=00000000
TRACE t=565000 wb_have=1 pcIF=000000ec instIF=00300193 pcID=000000e8 instID=1c771663 pcEX=000000e4 aluMEM=ff00f000 mem_stall=0 mem_waited=0 mem_addr=ff00f000 mem_we=0000 mem_rd=00000000
COMMIT t=565000 wb_pc=000000dc wb_we=1 wb_rd=x14 wb_val=ff00f00f IF_pc=000000ec IF_inst=00300193 ID_pc=000000e8 ID_inst=1c771663 EX_pc=000000e4 EX_alu=ff00f00f mem_stall=0 mem_commit=0 mem_we=0000 mem_addr=ff00f000 mem_wd=00000000 mem_rd=00000000
TRACE t=575000 wb_have=1 pcIF=000000f0 instIF=0ff016b7 pcID=000000ec instID=00300193 pcEX=000000e8 aluMEM=ff00f00f mem_stall=0 mem_waited=0 mem_addr=ff00f00f mem_we=0000 mem_rd=00000000
COMMIT t=575000 wb_pc=000000e0 wb_we=1 wb_rd=x7 wb_val=ff00f000 IF_pc=000000f0 IF_inst=0ff016b7 ID_pc=000000ec ID_inst=00300193 EX_pc=000000e8 EX_alu=000002b4 mem_stall=0 mem_commit=0 mem_we=0000 mem_addr=ff00f00f mem_wd=00000000 mem_rd=00000000
TRACE t=585000 wb_have=1 pcIF=000000f4 instIF=ff068693 pcID=000000f0 instID=0ff016b7 pcEX=000000ec aluMEM=000002b4 mem_stall=0 mem_waited=0 mem_addr=000002b4 mem_we=0000 mem_rd=00000000
COMMIT t=585000 wb_pc=000000e4 wb_we=1 wb_rd=x7 wb_val=ff00f00f IF_pc=000000f4 IF_inst=ff068693 ID_pc=000000f0 ID_inst=0ff016b7 EX_pc=000000ec EX_alu=00000003 mem_stall=0 mem_commit=0 mem_we=0000 mem_addr=000002b4 mem_wd=0000f00f mem_rd=00000000
TRACE t=595000 wb_have=1 pcIF=000000f8 instIF=0f06c713 pcID=000000f4 instID=ff068693 pcEX=000000f0 aluMEM=00000003 mem_stall=0 mem_waited=0 mem_addr=00000003 mem_we=0000 mem_rd=0ff0000f
COMMIT t=595000 wb_pc=000000e8 wb_we=0 wb_rd=x12 wb_val=000002b4 IF_pc=000000f8 IF_inst=0f06c713 ID_pc=000000f4 ID_inst=ff068693 EX_pc=000000f0 EX_alu=0ff01000 mem_stall=0 mem_commit=0 mem_we=0000 mem_addr=00000003 mem_wd=02000000 mem_rd=0ff0000f
TRACE t=605000 wb_have=1 pcIF=000000fc instIF=0ff013b7 pcID=000000f8 instID=0f06c713 pcEX=000000f4 aluMEM=0ff01000 mem_stall=0 mem_waited=0 mem_addr=0ff01000 mem_we=0000 mem_rd=0540006f
COMMIT t=605000 wb_pc=000000ec wb_we=1 wb_rd=x3 wb_val=00000003 IF_pc=000000fc IF_inst=0ff013b7 ID_pc=000000f8 ID_inst=0f06c713 EX_pc=000000f4 EX_alu=0ff00ff0 mem_stall=0 mem_commit=0 mem_we=0000 mem_addr=0ff01000 mem_wd=00000000 mem_rd=0540006f
TRACE t=615000 wb_have=1 pcIF=00000100 instIF=f0038393 pcID=000000fc instID=0ff013b7 pcEX=000000f8 aluMEM=0ff00ff0 mem_stall=0 mem_waited=0 mem_addr=0ff00ff0 mem_we=0000 mem_rd=00000000
COMMIT t=615000 wb_pc=000000f0 wb_we=1 wb_rd=x13 wb_val=0ff01000 IF_pc=00000100 IF_inst=f0038393 ID_pc=000000fc ID_inst=0ff013b7 EX_pc=000000f8 EX_alu=0ff00f00 mem_stall=0 mem_commit=0 mem_we=0000 mem_addr=0ff00ff0 mem_wd=00000000 mem_rd=00000000
TRACE t=625000 wb_have=1 pcIF=00000104 instIF=1a771863 pcID=00000100 instID=f0038393 pcEX=000000fc aluMEM=0ff00f00 mem_stall=0 mem_waited=0 mem_addr=0ff00f00 mem_we=0000 mem_rd=00000000
COMMIT t=625000 wb_pc=000000f4 wb_we=1 wb_rd=x13 wb_val=0ff00ff0 IF_pc=00000104 IF_inst=1a771863 ID_pc=00000100 ID_inst=f0038393 EX_pc=000000fc EX_alu=0ff01000 mem_stall=0 mem_commit=0 mem_we=0000 mem_addr=0ff00f00 mem_wd=00000000 mem_rd=00000000
TRACE t=635000 wb_have=1 pcIF=00000108 instIF=00400193 pcID=00000104 instID=1a771863 pcEX=00000100 aluMEM=0ff01000 mem_stall=0 mem_waited=0 mem_addr=0ff01000 mem_we=0000 mem_rd=00000000
COMMIT t=635000 wb_pc=000000f8 wb_we=1 wb_rd=x14 wb_val=0ff00f00 IF_pc=00000108 IF_inst=00400193 ID_pc=00000104 ID_inst=1a771863 EX_pc=00000100 EX_alu=0ff00f00 mem_stall=0 mem_commit=0 mem_we=0000 mem_addr=0ff01000 mem_wd=00000000 mem_rd=00000000
TRACE t=645000 wb_have=1 pcIF=0000010c instIF=00ff16b7 pcID=00000108 instID=00400193 pcEX=00000104 aluMEM=0ff00f00 mem_stall=0 mem_waited=0 mem_addr=0ff00f00 mem_we=0000 mem_rd=00000000
COMMIT t=645000 wb_pc=000000fc wb_we=1 wb_rd=x7 wb_val=0ff01000 IF_pc=0000010c IF_inst=00ff16b7 ID_pc=00000108 ID_inst=00400193 EX_pc=00000104 EX_alu=000002b4 mem_stall=0 mem_commit=0 mem_we=0000 mem_addr=0ff00f00 mem_wd=00000000 mem_rd=00000000
TRACE t=655000 wb_have=1 pcIF=00000110 instIF=8ff68693 pcID=0000010c instID=00ff16b7 pcEX=00000108 aluMEM=000002b4 mem_stall=0 mem_waited=0 mem_addr=000002b4 mem_we=0000 mem_rd=00000000
COMMIT t=655000 wb_pc=00000100 wb_we=1 wb_rd=x7 wb_val=0ff00f00 IF_pc=00000110 IF_inst=8ff68693 ID_pc=0000010c ID_inst=00ff16b7 EX_pc=00000108 EX_alu=00000004 mem_stall=0 mem_commit=0 mem_we=0000 mem_addr=000002b4 mem_wd=00000f00 mem_rd=00000000
TRACE t=665000 wb_have=1 pcIF=00000114 instIF=70f6c713 pcID=00000110 instID=8ff68693 pcEX=0000010c aluMEM=00000004 mem_stall=0 mem_waited=0 mem_addr=00000004 mem_we=0000 mem_rd=0ff0000f
COMMIT t=665000 wb_pc=00000104 wb_we=0 wb_rd=x16 wb_val=000002b4 IF_pc=00000114 IF_inst=70f6c713 ID_pc=00000110 ID_inst=8ff68693 EX_pc=0000010c EX_alu=00ff1000 mem_stall=0 mem_commit=0 mem_we=0000 mem_addr=00000004 mem_wd=00000000 mem_rd=0ff0000f
TRACE t=675000 wb_have=1 pcIF=00000118 instIF=00ff13b7 pcID=00000114 instID=70f6c713 pcEX=00000110 aluMEM=00ff1000 mem_stall=0 mem_waited=0 mem_addr=00ff1000 mem_we=0000 mem_rd=34202f73
COMMIT t=675000 wb_pc=00000108 wb_we=1 wb_rd=x3 wb_val=00000004 IF_pc=00000118 IF_inst=00ff13b7 ID_pc=00000114 ID_inst=70f6c713 EX_pc=00000110 EX_alu=00ff08ff mem_stall=0 mem_commit=0 mem_we=0000 mem_addr=00ff1000 mem_wd=00000000 mem_rd=34202f73
TRACE t=685000 wb_have=1 pcIF=0000011c instIF=ff038393 pcID=00000118 instID=00ff13b7 pcEX=00000114 aluMEM=00ff08ff mem_stall=0 mem_waited=0 mem_addr=00ff08ff mem_we=0000 mem_rd=00000000
COMMIT t=685000 wb_pc=0000010c wb_we=1 wb_rd=x13 wb_val=00ff1000 IF_pc=0000011c IF_inst=ff038393 ID_pc=00000118 ID_inst=00ff13b7 EX_pc=00000114 EX_alu=00ff0ff0 mem_stall=0 mem_commit=0 mem_we=0000 mem_addr=00ff08ff mem_wd=00000000 mem_rd=00000000
TRACE t=695000 wb_have=1 pcIF=00000120 instIF=18771a63 pcID=0000011c instID=ff038393 pcEX=00000118 aluMEM=00ff0ff0 mem_stall=0 mem_waited=0 mem_addr=00ff0ff0 mem_we=0000 mem_rd=00000000
COMMIT t=695000 wb_pc=00000110 wb_we=1 wb_rd=x13 wb_val=00ff08ff IF_pc=00000120 IF_inst=18771a63 ID_pc=0000011c ID_inst=ff038393 EX_pc=00000118 EX_alu=00ff1000 mem_stall=0 mem_commit=0 mem_we=0000 mem_addr=00ff0ff0 mem_wd=00000000 mem_rd=00000000
TRACE t=705000 wb_have=1 pcIF=00000124 instIF=00500193 pcID=00000120 instID=18771a63 pcEX=0000011c aluMEM=00ff1000 mem_stall=0 mem_waited=0 mem_addr=00ff1000 mem_we=0000 mem_rd=00000000
COMMIT t=705000 wb_pc=00000114 wb_we=1 wb_rd=x14 wb_val=00ff0ff0 IF_pc=00000124 IF_inst=00500193 ID_pc=00000120 ID_inst=18771a63 EX_pc=0000011c EX_alu=00ff0ff0 mem_stall=0 mem_commit=0 mem_we=0000 mem_addr=00ff1000 mem_wd=00000000 mem_rd=00000000
TRACE t=715000 wb_have=1 pcIF=00000128 instIF=f00ff6b7 pcID=00000124 instID=00500193 pcEX=00000120 aluMEM=00ff0ff0 mem_stall=0 mem_waited=0 mem_addr=00ff0ff0 mem_we=0000 mem_rd=00000000
COMMIT t=715000 wb_pc=00000118 wb_we=1 wb_rd=x7 wb_val=00ff1000 IF_pc=00000128 IF_inst=f00ff6b7 ID_pc=00000124 ID_inst=00500193 EX_pc=00000120 EX_alu=000002b4 mem_stall=0 mem_commit=0 mem_we=0000 mem_addr=00ff0ff0 mem_wd=00000000 mem_rd=00000000
TRACE t=725000 wb_have=1 pcIF=0000012c instIF=00f68693 pcID=00000128 instID=f00ff6b7 pcEX=00000124 aluMEM=000002b4 mem_stall=0 mem_waited=0 mem_addr=000002b4 mem_we=0000 mem_rd=00000000
COMMIT t=725000 wb_pc=0000011c wb_we=1 wb_rd=x7 wb_val=00ff0ff0 IF_pc=0000012c IF_inst=00f68693 ID_pc=00000128 ID_inst=f00ff6b7 EX_pc=00000124 EX_alu=00000005 mem_stall=0 mem_commit=0 mem_we=0000 mem_addr=000002b4 mem_wd=00000ff0 mem_rd=00000000
TRACE t=735000 wb_have=1 pcIF=00000130 instIF=0f06c713 pcID=0000012c instID=00f68693 pcEX=00000128 aluMEM=00000005 mem_stall=0 mem_waited=0 mem_addr=00000005 mem_we=0000 mem_rd=0ff0000f
COMMIT t=735000 wb_pc=00000120 wb_we=0 wb_rd=x20 wb_val=000002b4 IF_pc=00000130 IF_inst=0f06c713 ID_pc=0000012c ID_inst=00f68693 EX_pc=00000128 EX_alu=f00ff000 mem_stall=0 mem_commit=0 mem_we=0000 mem_addr=00000005 mem_wd=00000000 mem_rd=0ff0000f
TRACE t=745000 wb_have=1 pcIF=00000134 instIF=f00ff3b7 pcID=00000130 instID=0f06c713 pcEX=0000012c aluMEM=f00ff000 mem_stall=0 mem_waited=0 mem_addr=f00ff000 mem_we=0000 mem_rd=34202f73
COMMIT t=745000 wb_pc=00000124 wb_we=1 wb_rd=x3 wb_val=00000005 IF_pc=00000134 IF_inst=f00ff3b7 ID_pc=00000130 ID_inst=0f06c713 EX_pc=0000012c EX_alu=f00ff00f mem_stall=0 mem_commit=0 mem_we=0000 mem_addr=f00ff000 mem_wd=00000000 mem_rd=34202f73
TRACE t=755000 wb_have=1 pcIF=00000138 instIF=0ff38393 pcID=00000134 instID=f00ff3b7 pcEX=00000130 aluMEM=f00ff00f mem_stall=0 mem_waited=0 mem_addr=f00ff00f mem_we=0000 mem_rd=00000000
COMMIT t=755000 wb_pc=00000128 wb_we=1 wb_rd=x13 wb_val=f00ff000 IF_pc=00000138 IF_inst=0ff38393 ID_pc=00000134 ID_inst=f00ff3b7 EX_pc=00000130 EX_alu=f00ff0ff mem_stall=0 mem_commit=0 mem_we=0000 mem_addr=f00ff00f mem_wd=00000000 mem_rd=00000000
TRACE t=765000 wb_have=1 pcIF=0000013c instIF=16771c63 pcID=00000138 instID=0ff38393 pcEX=00000134 aluMEM=f00ff0ff mem_stall=0 mem_waited=0 mem_addr=f00ff0ff mem_we=0000 mem_rd=00000000
COMMIT t=765000 wb_pc=0000012c wb_we=1 wb_rd=x13 wb_val=f00ff00f IF_pc=0000013c IF_inst=16771c63 ID_pc=00000138 ID_inst=0ff38393 EX_pc=00000134 EX_alu=f00ff000 mem_stall=0 mem_commit=0 mem_we=0000 mem_addr=f00ff0ff mem_wd=00000000 mem_rd=00000000
TRACE t=775000 wb_have=1 pcIF=00000140 instIF=00600193 pcID=0000013c instID=16771c63 pcEX=00000138 aluMEM=f00ff000 mem_stall=0 mem_waited=0 mem_addr=f00ff000 mem_we=0000 mem_rd=00000000
COMMIT t=775000 wb_pc=00000130 wb_we=1 wb_rd=x14 wb_val=f00ff0ff IF_pc=00000140 IF_inst=00600193 ID_pc=0000013c ID_inst=16771c63 EX_pc=00000138 EX_alu=f00ff0ff mem_stall=0 mem_commit=0 mem_we=0000 mem_addr=f00ff000 mem_wd=00000000 mem_rd=00000000
TRACE t=785000 wb_have=1 pcIF=00000144 instIF=ff00f5b7 pcID=00000140 instID=00600193 pcEX=0000013c aluMEM=f00ff0ff mem_stall=0 mem_waited=0 mem_addr=f00ff0ff mem_we=0000 mem_rd=00000000
COMMIT t=785000 wb_pc=00000134 wb_we=1 wb_rd=x7 wb_val=f00ff000 IF_pc=00000144 IF_inst=ff00f5b7 ID_pc=00000140 ID_inst=00600193 EX_pc=0000013c EX_alu=000002b4 mem_stall=0 mem_commit=0 mem_we=0000 mem_addr=f00ff0ff mem_wd=00000000 mem_rd=00000000
TRACE t=795000 wb_have=1 pcIF=00000148 instIF=70058593 pcID=00000144 instID=ff00f5b7 pcEX=00000140 aluMEM=000002b4 mem_stall=0 mem_waited=0 mem_addr=000002b4 mem_we=0000 mem_rd=00000000
COMMIT t=795000 wb_pc=00000138 wb_we=1 wb_rd=x7 wb_val=f00ff0ff IF_pc=00000148 IF_inst=70058593 ID_pc=00000144 ID_inst=ff00f5b7 EX_pc=00000140 EX_alu=00000006 mem_stall=0 mem_commit=0 mem_we=0000 mem_addr=000002b4 mem_wd=0000f0ff mem_rd=00000000
TRACE t=805000 wb_have=1 pcIF=0000014c instIF=70f5c593 pcID=00000148 instID=70058593 pcEX=00000144 aluMEM=00000006 mem_stall=0 mem_waited=0 mem_addr=00000006 mem_we=0000 mem_rd=0ff0000f
COMMIT t=805000 wb_pc=0000013c wb_we=0 wb_rd=x24 wb_val=000002b4 IF_pc=0000014c IF_inst=70f5c593 ID_pc=00000148 ID_inst=70058593 EX_pc=00000144 EX_alu=ff00f000 mem_stall=0 mem_commit=0 mem_we=0000 mem_addr=00000006 mem_wd=00000000 mem_rd=0ff0000f
TRACE t=815000 wb_have=1 pcIF=00000150 instIF=ff00f3b7 pcID=0000014c instID=70f5c593 pcEX=00000148 aluMEM=ff00f000 mem_stall=0 mem_waited=0 mem_addr=ff00f000 mem_we=0000 mem_rd=34202f73
COMMIT t=815000 wb_pc=00000140 wb_we=1 wb_rd=x3 wb_val=00000006 IF_pc=00000150 IF_inst=ff00f3b7 ID_pc=0000014c ID_inst=70f5c593 EX_pc=00000148 EX_alu=ff00f700 mem_stall=0 mem_commit=0 mem_we=0000 mem_addr=ff00f000 mem_wd=00000000 mem_rd=34202f73
TRACE t=825000 wb_have=1 pcIF=00000154 instIF=00f38393 pcID=00000150 instID=ff00f3b7 pcEX=0000014c aluMEM=ff00f700 mem_stall=0 mem_waited=0 mem_addr=ff00f700 mem_we=0000 mem_rd=00000000
COMMIT t=825000 wb_pc=00000144 wb_we=1 wb_rd=x11 wb_val=ff00f000 IF_pc=00000154 IF_inst=00f38393 ID_pc=00000150 ID_inst=ff00f3b7 EX_pc=0000014c EX_alu=ff00f00f mem_stall=0 mem_commit=0 mem_we=0000 mem_addr=ff00f700 mem_wd=00000000 mem_rd=00000000
TRACE t=835000 wb_have=1 pcIF=00000158 instIF=14759e63 pcID=00000154 instID=00f38393 pcEX=00000150 aluMEM=ff00f00f mem_stall=0 mem_waited=0 mem_addr=ff00f00f mem_we=0000 mem_rd=00000000
COMMIT t=835000 wb_pc=00000148 wb_we=1 wb_rd=x11 wb_val=ff00f700 IF_pc=00000158 IF_inst=14759e63 ID_pc=00000154 ID_inst=00f38393 EX_pc=00000150 EX_alu=ff00f000 mem_stall=0 mem_commit=0 mem_we=0000 mem_addr=ff00f00f mem_wd=00000000 mem_rd=00000000
TRACE t=845000 wb_have=1 pcIF=0000015c instIF=00700193 pcID=00000158 instID=14759e63 pcEX=00000154 aluMEM=ff00f000 mem_stall=0 mem_waited=0 mem_addr=ff00f000 mem_we=0000 mem_rd=00000000
COMMIT t=845000 wb_pc=0000014c wb_we=1 wb_rd=x11 wb_val=ff00f00f IF_pc=0000015c IF_inst=00700193 ID_pc=00000158 ID_inst=14759e63 EX_pc=00000154 EX_alu=ff00f00f mem_stall=0 mem_commit=0 mem_we=0000 mem_addr=ff00f000 mem_wd=00000000 mem_rd=00000000
TRACE t=855000 wb_have=1 pcIF=00000160 instIF=00000213 pcID=0000015c instID=00700193 pcEX=00000158 aluMEM=ff00f00f mem_stall=0 mem_waited=0 mem_addr=ff00f00f mem_we=0000 mem_rd=00000000
COMMIT t=855000 wb_pc=00000150 wb_we=1 wb_rd=x7 wb_val=ff00f000 IF_pc=00000160 IF_inst=00000213 ID_pc=0000015c ID_inst=00700193 EX_pc=00000158 EX_alu=000002b4 mem_stall=0 mem_commit=0 mem_we=0000 mem_addr=ff00f00f mem_wd=00000000 mem_rd=00000000
TRACE t=865000 wb_have=1 pcIF=00000164 instIF=0ff010b7 pcID=00000160 instID=00000213 pcEX=0000015c aluMEM=000002b4 mem_stall=0 mem_waited=0 mem_addr=000002b4 mem_we=0000 mem_rd=00000000
COMMIT t=865000 wb_pc=00000154 wb_we=1 wb_rd=x7 wb_val=ff00f00f IF_pc=00000164 IF_inst=0ff010b7 ID_pc=00000160 ID_inst=00000213 EX_pc=0000015c EX_alu=00000007 mem_stall=0 mem_commit=0 mem_we=0000 mem_addr=000002b4 mem_wd=0000f00f mem_rd=00000000
TRACE t=875000 wb_have=1 pcIF=00000168 instIF=ff008093 pcID=00000164 instID=0ff010b7 pcEX=00000160 aluMEM=00000007 mem_stall=0 mem_waited=0 mem_addr=00000007 mem_we=0000 mem_rd=0ff0000f
COMMIT t=875000 wb_pc=00000158 wb_we=0 wb_rd=x28 wb_val=000002b4 IF_pc=00000168 IF_inst=ff008093 ID_pc=00000164 ID_inst=0ff010b7 EX_pc=00000160 EX_alu=00000000 mem_stall=0 mem_commit=0 mem_we=0000 mem_addr=00000007 mem_wd=0f000000 mem_rd=0ff0000f
TRACE t=885000 wb_have=1 pcIF=0000016c instIF=0f00c713 pcID=00000168 instID=ff008093 pcEX=00000164 aluMEM=00000000 mem_stall=0 mem_waited=0 mem_addr=00000000 mem_we=0000 mem_rd=34202f73
COMMIT t=885000 wb_pc=0000015c wb_we=1 wb_rd=x3 wb_val=00000007 IF_pc=0000016c IF_inst=0f00c713 ID_pc=00000168 ID_inst=ff008093 EX_pc=00000164 EX_alu=0ff01000 mem_stall=0 mem_commit=0 mem_we=0000 mem_addr=00000000 mem_wd=00000000 mem_rd=34202f73
TRACE t=895000 wb_have=1 pcIF=00000170 instIF=00070313 pcID=0000016c instID=0f00c713 pcEX=00000168 aluMEM=0ff01000 mem_stall=0 mem_waited=0 mem_addr=0ff01000 mem_we=0000 mem_rd=0540006f
COMMIT t=895000 wb_pc=00000160 wb_we=1 wb_rd=x4 wb_val=00000000 IF_pc=00000170 IF_inst=00070313 ID_pc=0000016c ID_inst=0f00c713 EX_pc=00000168 EX_alu=0ff00ff0 mem_stall=0 mem_commit=0 mem_we=0000 mem_addr=0ff01000 mem_wd=00000000 mem_rd=0540006f
TRACE t=905000 wb_have=1 pcIF=00000174 instIF=00120213 pcID=00000170 instID=00070313 pcEX=0000016c aluMEM=0ff00ff0 mem_stall=0 mem_waited=0 mem_addr=0ff00ff0 mem_we=0000 mem_rd=00000000
COMMIT t=905000 wb_pc=00000164 wb_we=1 wb_rd=x1 wb_val=0ff01000 IF_pc=00000174 IF_inst=00120213 ID_pc=00000170 ID_inst=00070313 EX_pc=0000016c EX_alu=0ff00f00 mem_stall=0 mem_commit=0 mem_we=0000 mem_addr=0ff00ff0 mem_wd=00000000 mem_rd=00000000
TRACE t=915000 wb_have=1 pcIF=00000178 instIF=00200293 pcID=00000174 instID=00120213 pcEX=00000170 aluMEM=0ff00f00 mem_stall=0 mem_waited=0 mem_addr=0ff00f00 mem_we=0000 mem_rd=00000000
COMMIT t=915000 wb_pc=00000168 wb_we=1 wb_rd=x1 wb_val=0ff00ff0 IF_pc=00000178 IF_inst=00200293 ID_pc=00000174 ID_inst=00120213 EX_pc=00000170 EX_alu=0ff00f00 mem_stall=0 mem_commit=0 mem_we=0000 mem_addr=0ff00f00 mem_wd=00000000 mem_rd=00000000
TRACE t=925000 wb_have=1 pcIF=0000017c instIF=fe5214e3 pcID=00000178 instID=00200293 pcEX=00000174 aluMEM=0ff00f00 mem_stall=0 mem_waited=0 mem_addr=0ff00f00 mem_we=0000 mem_rd=00000000
COMMIT t=925000 wb_pc=0000016c wb_we=1 wb_rd=x14 wb_val=0ff00f00 IF_pc=0000017c IF_inst=fe5214e3 ID_pc=00000178 ID_inst=00200293 EX_pc=00000174 EX_alu=00000001 mem_stall=0 mem_commit=0 mem_we=0000 mem_addr=0ff00f00 mem_wd=00000000 mem_rd=00000000
TRACE t=935000 wb_have=1 pcIF=00000180 instIF=0ff013b7 pcID=0000017c instID=fe5214e3 pcEX=00000178 aluMEM=00000001 mem_stall=0 mem_waited=0 mem_addr=00000001 mem_we=0000 mem_rd=00000000
COMMIT t=935000 wb_pc=00000170 wb_we=1 wb_rd=x6 wb_val=0ff00f00 IF_pc=00000180 IF_inst=0ff013b7 ID_pc=0000017c ID_inst=fe5214e3 EX_pc=00000178 EX_alu=00000002 mem_stall=0 mem_commit=0 mem_we=0000 mem_addr=00000001 mem_wd=0000f000 mem_rd=00000000
TRACE t=945000 wb_have=1 pcIF=00000184 instIF=f0038393 pcID=00000180 instID=0ff013b7 pcEX=0000017c aluMEM=00000002 mem_stall=0 mem_waited=0 mem_addr=00000002 mem_we=0000 mem_rd=0540006f
COMMIT t=945000 wb_pc=00000174 wb_we=1 wb_rd=x4 wb_val=00000001 IF_pc=00000184 IF_inst=f0038393 ID_pc=00000180 ID_inst=0ff013b7 EX_pc=0000017c EX_alu=00000164 mem_stall=0 mem_commit=0 mem_we=0000 mem_addr=00000002 mem_wd=00000000 mem_rd=0540006f
TRACE t=955000 wb_have=1 pcIF=00000000 instIF=00000013 pcID=00000000 instID=00000013 pcEX=00000000 aluMEM=00000164 mem_stall=0 mem_waited=0 mem_addr=00000164 mem_we=0000 mem_rd=0540006f
COMMIT t=955000 wb_pc=00000178 wb_we=1 wb_rd=x5 wb_val=00000002 IF_pc=00000000 IF_inst=00000013 ID_pc=00000000 ID_inst=00000013 EX_pc=00000000 EX_alu=00000000 mem_stall=0 mem_commit=0 mem_we=0000 mem_addr=00000164 mem_wd=00000002 mem_rd=0540006f
TRACE t=965000 wb_have=1 pcIF=00000000 instIF=00000013 pcID=00000000 instID=00000013 pcEX=00000000 aluMEM=00000000 mem_stall=0 mem_waited=0 mem_addr=00000000 mem_we=0000 mem_rd=0ff010b7
COMMIT t=965000 wb_pc=0000017c wb_we=0 wb_rd=x9 wb_val=00000164 IF_pc=00000000 IF_inst=00000013 ID_pc=00000000 ID_inst=00000013 EX_pc=00000000 EX_alu=00000000 mem_stall=0 mem_commit=0 mem_we=0000 mem_addr=00000000 mem_wd=00000000 mem_rd=0ff010b7
TRACE t=975000 wb_have=0 pcIF=00000164 instIF=0ff010b7 pcID=00000000 instID=00000013 pcEX=00000000 aluMEM=00000000 mem_stall=0 mem_waited=0 mem_addr=00000000 mem_we=0000 mem_rd=0540006f
TRACE t=985000 wb_have=0 pcIF=00000168 instIF=ff008093 pcID=00000164 instID=0ff010b7 pcEX=00000000 aluMEM=00000000 mem_stall=0 mem_waited=0 mem_addr=00000000 mem_we=0000 mem_rd=0540006f
TRACE t=995000 wb_have=1 pcIF=0000016c instIF=0f00c713 pcID=00000168 instID=ff008093 pcEX=00000164 aluMEM=00000000 mem_stall=0 mem_waited=0 mem_addr=00000000 mem_we=0000 mem_rd=0540006f
COMMIT t=995000 wb_pc=00000000 wb_we=1 wb_rd=x0 wb_val=00000000 IF_pc=0000016c IF_inst=0f00c713 ID_pc=00000168 ID_inst=ff008093 EX_pc=00000164 EX_alu=0ff01000 mem_stall=0 mem_commit=0 mem_we=0000 mem_addr=00000000 mem_wd=00000000 mem_rd=0540006f
TRACE t=1005000 wb_have=1 pcIF=00000170 instIF=00070313 pcID=0000016c instID=0f00c713 pcEX=00000168 aluMEM=0ff01000 mem_stall=0 mem_waited=0 mem_addr=0ff01000 mem_we=0000 mem_rd=0540006f
COMMIT t=1005000 wb_pc=00000000 wb_we=1 wb_rd=x0 wb_val=00000000 IF_pc=00000170 IF_inst=00070313 ID_pc=0000016c ID_inst=0f00c713 EX_pc=00000168 EX_alu=0ff00ff0 mem_stall=0 mem_commit=0 mem_we=0000 mem_addr=0ff01000 mem_wd=00000000 mem_rd=0540006f
TRACE t=1015000 wb_have=1 pcIF=00000174 instIF=00120213 pcID=00000170 instID=00070313 pcEX=0000016c aluMEM=0ff00ff0 mem_stall=0 mem_waited=0 mem_addr=0ff00ff0 mem_we=0000 mem_rd=00000000
COMMIT t=1015000 wb_pc=00000164 wb_we=1 wb_rd=x1 wb_val=0ff01000 IF_pc=00000174 IF_inst=00120213 ID_pc=00000170 ID_inst=00070313 EX_pc=0000016c EX_alu=0ff00f00 mem_stall=0 mem_commit=0 mem_we=0000 mem_addr=0ff00ff0 mem_wd=00000000 mem_rd=00000000
TRACE t=1025000 wb_have=1 pcIF=00000178 instIF=00200293 pcID=00000174 instID=00120213 pcEX=00000170 aluMEM=0ff00f00 mem_stall=0 mem_waited=0 mem_addr=0ff00f00 mem_we=0000 mem_rd=00000000
COMMIT t=1025000 wb_pc=00000168 wb_we=1 wb_rd=x1 wb_val=0ff00ff0 IF_pc=00000178 IF_inst=00200293 ID_pc=00000174 ID_inst=00120213 EX_pc=00000170 EX_alu=0ff00f00 mem_stall=0 mem_commit=0 mem_we=0000 mem_addr=0ff00f00 mem_wd=00000000 mem_rd=00000000
TRACE t=1035000 wb_have=1 pcIF=0000017c instIF=fe5214e3 pcID=00000178 instID=00200293 pcEX=00000174 aluMEM=0ff00f00 mem_stall=0 mem_waited=0 mem_addr=0ff00f00 mem_we=0000 mem_rd=00000000
COMMIT t=1035000 wb_pc=0000016c wb_we=1 wb_rd=x14 wb_val=0ff00f00 IF_pc=0000017c IF_inst=fe5214e3 ID_pc=00000178 ID_inst=00200293 EX_pc=00000174 EX_alu=00000002 mem_stall=0 mem_commit=0 mem_we=0000 mem_addr=0ff00f00 mem_wd=00000000 mem_rd=00000000
TRACE t=1045000 wb_have=1 pcIF=00000180 instIF=0ff013b7 pcID=0000017c instID=fe5214e3 pcEX=00000178 aluMEM=00000002 mem_stall=0 mem_waited=0 mem_addr=00000002 mem_we=0000 mem_rd=00000000
COMMIT t=1045000 wb_pc=00000170 wb_we=1 wb_rd=x6 wb_val=0ff00f00 IF_pc=00000180 IF_inst=0ff013b7 ID_pc=0000017c ID_inst=fe5214e3 EX_pc=00000178 EX_alu=00000002 mem_stall=0 mem_commit=0 mem_we=0000 mem_addr=00000002 mem_wd=00f00000 mem_rd=00000000
TRACE t=1055000 wb_have=1 pcIF=00000184 instIF=f0038393 pcID=00000180 instID=0ff013b7 pcEX=0000017c aluMEM=00000002 mem_stall=0 mem_waited=0 mem_addr=00000002 mem_we=0000 mem_rd=0540006f
COMMIT t=1055000 wb_pc=00000174 wb_we=1 wb_rd=x4 wb_val=00000002 IF_pc=00000184 IF_inst=f0038393 ID_pc=00000180 ID_inst=0ff013b7 EX_pc=0000017c EX_alu=00000164 mem_stall=0 mem_commit=0 mem_we=0000 mem_addr=00000002 mem_wd=00000000 mem_rd=0540006f
TRACE t=1065000 wb_have=1 pcIF=00000188 instIF=12731663 pcID=00000184 instID=f0038393 pcEX=00000180 aluMEM=00000164 mem_stall=0 mem_waited=0 mem_addr=00000164 mem_we=0000 mem_rd=0540006f
COMMIT t=1065000 wb_pc=00000178 wb_we=1 wb_rd=x5 wb_val=00000002 IF_pc=00000188 IF_inst=12731663 ID_pc=00000184 ID_inst=f0038393 EX_pc=00000180 EX_alu=0ff01000 mem_stall=0 mem_commit=0 mem_we=0000 mem_addr=00000164 mem_wd=00000002 mem_rd=0540006f
TRACE t=1075000 wb_have=1 pcIF=0000018c instIF=00800193 pcID=00000188 instID=12731663 pcEX=00000184 aluMEM=0ff01000 mem_stall=0 mem_waited=0 mem_addr=0ff01000 mem_we=0000 mem_rd=0ff010b7
COMMIT t=1075000 wb_pc=0000017c wb_we=0 wb_rd=x9 wb_val=00000164 IF_pc=0000018c IF_inst=00800193 ID_pc=00000188 ID_inst=12731663 EX_pc=00000184 EX_alu=0ff00f00 mem_stall=0 mem_commit=0 mem_we=0000 mem_addr=0ff01000 mem_wd=00000000 mem_rd=0ff010b7
TRACE t=1085000 wb_have=1 pcIF=00000190 instIF=00000213 pcID=0000018c instID=00800193 pcEX=00000188 aluMEM=0ff00f00 mem_stall=0 mem_waited=0 mem_addr=0ff00f00 mem_we=0000 mem_rd=00000000
COMMIT t=1085000 wb_pc=00000180 wb_we=1 wb_rd=x7 wb_val=0ff01000 IF_pc=00000190 IF_inst=00000213 ID_pc=0000018c ID_inst=00800193 EX_pc=00000188 EX_alu=000002b4 mem_stall=0 mem_commit=0 mem_we=0000 mem_addr=0ff00f00 mem_wd=00000000 mem_rd=00000000
TRACE t=1095000 wb_have=1 pcIF=00000194 instIF=00ff10b7 pcID=00000190 instID=00000213 pcEX=0000018c aluMEM=000002b4 mem_stall=0 mem_waited=0 mem_addr=000002b4 mem_we=0000 mem_rd=00000000
COMMIT t=1095000 wb_pc=00000184 wb_we=1 wb_rd=x7 wb_val=0ff00f00 IF_pc=00000194 IF_inst=00ff10b7 ID_pc=00000190 ID_inst=00000213 EX_pc=0000018c EX_alu=00000008 mem_stall=0 mem_commit=0 mem_we=0000 mem_addr=000002b4 mem_wd=00000f00 mem_rd=00000000
TRACE t=1105000 wb_have=1 pcIF=00000198 instIF=8ff08093 pcID=00000194 instID=00ff10b7 pcEX=00000190 aluMEM=00000008 mem_stall=0 mem_waited=0 mem_addr=00000008 mem_we=0000 mem_rd=0ff0000f
COMMIT t=1105000 wb_pc=00000188 wb_we=0 wb_rd=x12 wb_val=000002b4 IF_pc=00000198 IF_inst=8ff08093 ID_pc=00000194 ID_inst=00ff10b7 EX_pc=00000190 EX_alu=00000000 mem_stall=0 mem_commit=0 mem_we=0000 mem_addr=00000008 mem_wd=00000000 mem_rd=0ff0000f
TRACE t=1115000 wb_have=1 pcIF=0000019c instIF=70f0c713 pcID=00000198 instID=8ff08093 pcEX=00000194 aluMEM=00000000 mem_stall=0 mem_waited=0 mem_addr=00000000 mem_we=0000 mem_rd=00800f93
COMMIT t=1115000 wb_pc=0000018c wb_we=1 wb_rd=x3 wb_val=00000008 IF_pc=0000019c IF_inst=70f0c713 ID_pc=00000198 ID_inst=8ff08093 EX_pc=00000194 EX_alu=00ff1000 mem_stall=0 mem_commit=0 mem_we=0000 mem_addr=00000000 mem_wd=00000000 mem_rd=00800f93
TRACE t=1125000 wb_have=1 pcIF=000001a0 instIF=00000013 pcID=0000019c instID=70f0c713 pcEX=00000198 aluMEM=00ff1000 mem_stall=0 mem_waited=0 mem_addr=00ff1000 mem_we=0000 mem_rd=0540006f
COMMIT t=1125000 wb_pc=00000190 wb_we=1 wb_rd=x4 wb_val=00000000 IF_pc=000001a0 IF_inst=00000013 ID_pc=0000019c ID_inst=70f0c713 EX_pc=00000198 EX_alu=00ff08ff mem_stall=0 mem_commit=0 mem_we=0000 mem_addr=00ff1000 mem_wd=00000000 mem_rd=0540006f
TRACE t=1135000 wb_have=1 pcIF=000001a4 instIF=00070313 pcID=000001a0 instID=00000013 pcEX=0000019c aluMEM=00ff08ff mem_stall=0 mem_waited=0 mem_addr=00ff08ff mem_we=0000 mem_rd=00000000
COMMIT t=1135000 wb_pc=00000194 wb_we=1 wb_rd=x1 wb_val=00ff1000 IF_pc=000001a4 IF_inst=00070313 ID_pc=000001a0 ID_inst=00000013 EX_pc=0000019c EX_alu=00ff0ff0 mem_stall=0 mem_commit=0 mem_we=0000 mem_addr=00ff08ff mem_wd=00000000 mem_rd=00000000
TRACE t=1145000 wb_have=1 pcIF=000001a8 instIF=00120213 pcID=000001a4 instID=00070313 pcEX=000001a0 aluMEM=00ff0ff0 mem_stall=0 mem_waited=0 mem_addr=00ff0ff0 mem_we=0000 mem_rd=00000000
COMMIT t=1145000 wb_pc=00000198 wb_we=1 wb_rd=x1 wb_val=00ff08ff IF_pc=000001a8 IF_inst=00120213 ID_pc=000001a4 ID_inst=00070313 EX_pc=000001a0 EX_alu=00000000 mem_stall=0 mem_commit=0 mem_we=0000 mem_addr=00ff0ff0 mem_wd=00000000 mem_rd=00000000
TRACE t=1155000 wb_have=1 pcIF=000001ac instIF=00200293 pcID=000001a8 instID=00120213 pcEX=000001a4 aluMEM=00000000 mem_stall=0 mem_waited=0 mem_addr=00000000 mem_we=0000 mem_rd=00000000
COMMIT t=1155000 wb_pc=0000019c wb_we=1 wb_rd=x14 wb_val=00ff0ff0 IF_pc=000001ac IF_inst=00200293 ID_pc=000001a8 ID_inst=00120213 EX_pc=000001a4 EX_alu=00ff0ff0 mem_stall=0 mem_commit=0 mem_we=0000 mem_addr=00000000 mem_wd=00000000 mem_rd=00000000
TRACE t=1165000 wb_have=1 pcIF=000001b0 instIF=fe5212e3 pcID=000001ac instID=00200293 pcEX=000001a8 aluMEM=00ff0ff0 mem_stall=0 mem_waited=0 mem_addr=00ff0ff0 mem_we=0000 mem_rd=0540006f
COMMIT t=1165000 wb_pc=000001a0 wb_we=1 wb_rd=x0 wb_val=00000000 IF_pc=000001b0 IF_inst=fe5212e3 ID_pc=000001ac ID_inst=00200293 EX_pc=000001a8 EX_alu=00000001 mem_stall=0 mem_commit=0 mem_we=0000 mem_addr=00ff0ff0 mem_wd=00000000 mem_rd=0540006f
TRACE t=1175000 wb_have=1 pcIF=000001b4 instIF=00ff13b7 pcID=000001b0 instID=fe5212e3 pcEX=000001ac aluMEM=00000001 mem_stall=0 mem_waited=0 mem_addr=00000001 mem_we=0000 mem_rd=00000000
COMMIT t=1175000 wb_pc=000001a4 wb_we=1 wb_rd=x6 wb_val=00ff0ff0 IF_pc=000001b4 IF_inst=00ff13b7 ID_pc=000001b0 ID_inst=fe5212e3 EX_pc=000001ac EX_alu=00000002 mem_stall=0 mem_commit=0 mem_we=0000 mem_addr=00000001 mem_wd=0000ff00 mem_rd=00000000
TRACE t=1185000 wb_have=1 pcIF=000001b8 instIF=ff038393 pcID=000001b4 instID=00ff13b7 pcEX=000001b0 aluMEM=00000002 mem_stall=0 mem_waited=0 mem_addr=00000002 mem_we=0000 mem_rd=0540006f
COMMIT t=1185000 wb_pc=000001a8 wb_we=1 wb_rd=x4 wb_val=00000001 IF_pc=000001b8 IF_inst=ff038393 ID_pc=000001b4 ID_inst=00ff13b7 EX_pc=000001b0 EX_alu=00000194 mem_stall=0 mem_commit=0 mem_we=0000 mem_addr=00000002 mem_wd=00000000 mem_rd=0540006f
TRACE t=1195000 wb_have=1 pcIF=00000000 instIF=00000013 pcID=00000000 instID=00000013 pcEX=00000000 aluMEM=00000194 mem_stall=0 mem_waited=0 mem_addr=00000194 mem_we=0000 mem_rd=0540006f
COMMIT t=1195000 wb_pc=000001ac wb_we=1 wb_rd=x5 wb_val=00000002 IF_pc=00000000 IF_inst=00000013 ID_pc=00000000 ID_inst=00000013 EX_pc=00000000 EX_alu=00000000 mem_stall=0 mem_commit=0 mem_we=0000 mem_addr=00000194 mem_wd=00000002 mem_rd=0540006f
TRACE t=1205000 wb_have=1 pcIF=00000000 instIF=00000013 pcID=00000000 instID=00000013 pcEX=00000000 aluMEM=00000000 mem_stall=0 mem_waited=0 mem_addr=00000000 mem_we=0000 mem_rd=00ff10b7
COMMIT t=1205000 wb_pc=000001b0 wb_we=0 wb_rd=x5 wb_val=00000194 IF_pc=00000000 IF_inst=00000013 ID_pc=00000000 ID_inst=00000013 EX_pc=00000000 EX_alu=00000000 mem_stall=0 mem_commit=0 mem_we=0000 mem_addr=00000000 mem_wd=00000000 mem_rd=00ff10b7
TRACE t=1215000 wb_have=0 pcIF=00000194 instIF=00ff10b7 pcID=00000000 instID=00000013 pcEX=00000000 aluMEM=00000000 mem_stall=0 mem_waited=0 mem_addr=00000000 mem_we=0000 mem_rd=0540006f
TRACE t=1225000 wb_have=0 pcIF=00000198 instIF=8ff08093 pcID=00000194 instID=00ff10b7 pcEX=00000000 aluMEM=00000000 mem_stall=0 mem_waited=0 mem_addr=00000000 mem_we=0000 mem_rd=0540006f
TRACE t=1235000 wb_have=1 pcIF=0000019c instIF=70f0c713 pcID=00000198 instID=8ff08093 pcEX=00000194 aluMEM=00000000 mem_stall=0 mem_waited=0 mem_addr=00000000 mem_we=0000 mem_rd=0540006f
COMMIT t=1235000 wb_pc=00000000 wb_we=1 wb_rd=x0 wb_val=00000000 IF_pc=0000019c IF_inst=70f0c713 ID_pc=00000198 ID_inst=8ff08093 EX_pc=00000194 EX_alu=00ff1000 mem_stall=0 mem_commit=0 mem_we=0000 mem_addr=00000000 mem_wd=00000000 mem_rd=0540006f
TRACE t=1245000 wb_have=1 pcIF=000001a0 instIF=00000013 pcID=0000019c instID=70f0c713 pcEX=00000198 aluMEM=00ff1000 mem_stall=0 mem_waited=0 mem_addr=00ff1000 mem_we=0000 mem_rd=0540006f
COMMIT t=1245000 wb_pc=00000000 wb_we=1 wb_rd=x0 wb_val=00000000 IF_pc=000001a0 IF_inst=00000013 ID_pc=0000019c ID_inst=70f0c713 EX_pc=00000198 EX_alu=00ff08ff mem_stall=0 mem_commit=0 mem_we=0000 mem_addr=00ff1000 mem_wd=00000000 mem_rd=0540006f
TRACE t=1255000 wb_have=1 pcIF=000001a4 instIF=00070313 pcID=000001a0 instID=00000013 pcEX=0000019c aluMEM=00ff08ff mem_stall=0 mem_waited=0 mem_addr=00ff08ff mem_we=0000 mem_rd=00000000
COMMIT t=1255000 wb_pc=00000194 wb_we=1 wb_rd=x1 wb_val=00ff1000 IF_pc=000001a4 IF_inst=00070313 ID_pc=000001a0 ID_inst=00000013 EX_pc=0000019c EX_alu=00ff0ff0 mem_stall=0 mem_commit=0 mem_we=0000 mem_addr=00ff08ff mem_wd=00000000 mem_rd=00000000
TRACE t=1265000 wb_have=1 pcIF=000001a8 instIF=00120213 pcID=000001a4 instID=00070313 pcEX=000001a0 aluMEM=00ff0ff0 mem_stall=0 mem_waited=0 mem_addr=00ff0ff0 mem_we=0000 mem_rd=00000000
COMMIT t=1265000 wb_pc=00000198 wb_we=1 wb_rd=x1 wb_val=00ff08ff IF_pc=000001a8 IF_inst=00120213 ID_pc=000001a4 ID_inst=00070313 EX_pc=000001a0 EX_alu=00000000 mem_stall=0 mem_commit=0 mem_we=0000 mem_addr=00ff0ff0 mem_wd=00000000 mem_rd=00000000
TRACE t=1275000 wb_have=1 pcIF=000001ac instIF=00200293 pcID=000001a8 instID=00120213 pcEX=000001a4 aluMEM=00000000 mem_stall=0 mem_waited=0 mem_addr=00000000 mem_we=0000 mem_rd=00000000
COMMIT t=1275000 wb_pc=0000019c wb_we=1 wb_rd=x14 wb_val=00ff0ff0 IF_pc=000001ac IF_inst=00200293 ID_pc=000001a8 ID_inst=00120213 EX_pc=000001a4 EX_alu=00ff0ff0 mem_stall=0 mem_commit=0 mem_we=0000 mem_addr=00000000 mem_wd=00000000 mem_rd=00000000
TRACE t=1285000 wb_have=1 pcIF=000001b0 instIF=fe5212e3 pcID=000001ac instID=00200293 pcEX=000001a8 aluMEM=00ff0ff0 mem_stall=0 mem_waited=0 mem_addr=00ff0ff0 mem_we=0000 mem_rd=0540006f
COMMIT t=1285000 wb_pc=000001a0 wb_we=1 wb_rd=x0 wb_val=00000000 IF_pc=000001b0 IF_inst=fe5212e3 ID_pc=000001ac ID_inst=00200293 EX_pc=000001a8 EX_alu=00000002 mem_stall=0 mem_commit=0 mem_we=0000 mem_addr=00ff0ff0 mem_wd=00000000 mem_rd=0540006f
TRACE t=1295000 wb_have=1 pcIF=000001b4 instIF=00ff13b7 pcID=000001b0 instID=fe5212e3 pcEX=000001ac aluMEM=00000002 mem_stall=0 mem_waited=0 mem_addr=00000002 mem_we=0000 mem_rd=00000000
COMMIT t=1295000 wb_pc=000001a4 wb_we=1 wb_rd=x6 wb_val=00ff0ff0 IF_pc=000001b4 IF_inst=00ff13b7 ID_pc=000001b0 ID_inst=fe5212e3 EX_pc=000001ac EX_alu=00000002 mem_stall=0 mem_commit=0 mem_we=0000 mem_addr=00000002 mem_wd=00ff0000 mem_rd=00000000
TRACE t=1305000 wb_have=1 pcIF=000001b8 instIF=ff038393 pcID=000001b4 instID=00ff13b7 pcEX=000001b0 aluMEM=00000002 mem_stall=0 mem_waited=0 mem_addr=00000002 mem_we=0000 mem_rd=0540006f
COMMIT t=1305000 wb_pc=000001a8 wb_we=1 wb_rd=x4 wb_val=00000002 IF_pc=000001b8 IF_inst=ff038393 ID_pc=000001b4 ID_inst=00ff13b7 EX_pc=000001b0 EX_alu=00000194 mem_stall=0 mem_commit=0 mem_we=0000 mem_addr=00000002 mem_wd=00000000 mem_rd=0540006f
TRACE t=1315000 wb_have=1 pcIF=000001bc instIF=0e731c63 pcID=000001b8 instID=ff038393 pcEX=000001b4 aluMEM=00000194 mem_stall=0 mem_waited=0 mem_addr=00000194 mem_we=0000 mem_rd=0540006f
COMMIT t=1315000 wb_pc=000001ac wb_we=1 wb_rd=x5 wb_val=00000002 IF_pc=000001bc IF_inst=0e731c63 ID_pc=000001b8 ID_inst=ff038393 EX_pc=000001b4 EX_alu=00ff1000 mem_stall=0 mem_commit=0 mem_we=0000 mem_addr=00000194 mem_wd=00000002 mem_rd=0540006f
TRACE t=1325000 wb_have=1 pcIF=000001c0 instIF=00900193 pcID=000001bc instID=0e731c63 pcEX=000001b8 aluMEM=00ff1000 mem_stall=0 mem_waited=0 mem_addr=00ff1000 mem_we=0000 mem_rd=00ff10b7
COMMIT t=1325000 wb_pc=000001b0 wb_we=0 wb_rd=x5 wb_val=00000194 IF_pc=000001c0 IF_inst=00900193 ID_pc=000001bc ID_inst=0e731c63 EX_pc=000001b8 EX_alu=00ff0ff0 mem_stall=0 mem_commit=0 mem_we=0000 mem_addr=00ff1000 mem_wd=00000000 mem_rd=00ff10b7
TRACE t=1335000 wb_have=1 pcIF=000001c4 instIF=00000213 pcID=000001c0 instID=00900193 pcEX=000001bc aluMEM=00ff0ff0 mem_stall=0 mem_waited=0 mem_addr=00ff0ff0 mem_we=0000 mem_rd=00000000
COMMIT t=1335000 wb_pc=000001b4 wb_we=1 wb_rd=x7 wb_val=00ff1000 IF_pc=000001c4 IF_inst=00000213 ID_pc=000001c0 ID_inst=00900193 EX_pc=000001bc EX_alu=000002b4 mem_stall=0 mem_commit=0 mem_we=0000 mem_addr=00ff0ff0 mem_wd=00000000 mem_rd=00000000
TRACE t=1345000 wb_have=1 pcIF=000001c8 instIF=f00ff0b7 pcID=000001c4 instID=00000213 pcEX=000001c0 aluMEM=000002b4 mem_stall=0 mem_waited=0 mem_addr=000002b4 mem_we=0000 mem_rd=00000000
COMMIT t=1345000 wb_pc=000001b8 wb_we=1 wb_rd=x7 wb_val=00ff0ff0 IF_pc=000001c8 IF_inst=f00ff0b7 ID_pc=000001c4 ID_inst=00000213 EX_pc=000001c0 EX_alu=00000009 mem_stall=0 mem_commit=0 mem_we=0000 mem_addr=000002b4 mem_wd=00000ff0 mem_rd=00000000
TRACE t=1355000 wb_have=1 pcIF=000001cc instIF=00f08093 pcID=000001c8 instID=f00ff0b7 pcEX=000001c4 aluMEM=00000009 mem_stall=0 mem_waited=0 mem_addr=00000009 mem_we=0000 mem_rd=0ff0000f
COMMIT t=1355000 wb_pc=000001bc wb_we=0 wb_rd=x24 wb_val=000002b4 IF_pc=000001cc IF_inst=00f08093 ID_pc=000001c8 ID_inst=f00ff0b7 EX_pc=000001c4 EX_alu=00000000 mem_stall=0 mem_commit=0 mem_we=0000 mem_addr=00000009 mem_wd=00000000 mem_rd=0ff0000f
TRACE t=1365000 wb_have=1 pcIF=000001d0 instIF=0f00c713 pcID=000001cc instID=00f08093 pcEX=000001c8 aluMEM=00000000 mem_stall=0 mem_waited=0 mem_addr=00000000 mem_we=0000 mem_rd=00800f93
COMMIT t=1365000 wb_pc=000001c0 wb_we=1 wb_rd=x3 wb_val=00000009 IF_pc=000001d0 IF_inst=0f00c713 ID_pc=000001cc ID_inst=00f08093 EX_pc=000001c8 EX_alu=f00ff000 mem_stall=0 mem_commit=0 mem_we=0000 mem_addr=00000000 mem_wd=00000000 mem_rd=00800f93
TRACE t=1375000 wb_have=1 pcIF=000001d4 instIF=00000013 pcID=000001d0 instID=0f00c713 pcEX=000001cc aluMEM=f00ff000 mem_stall=0 mem_waited=0 mem_addr=f00ff000 mem_we=0000 mem_rd=0540006f
COMMIT t=1375000 wb_pc=000001c4 wb_we=1 wb_rd=x4 wb_val=00000000 IF_pc=000001d4 IF_inst=00000013 ID_pc=000001d0 ID_inst=0f00c713 EX_pc=000001cc EX_alu=f00ff00f mem_stall=0 mem_commit=0 mem_we=0000 mem_addr=f00ff000 mem_wd=00000000 mem_rd=0540006f
TRACE t=1385000 wb_have=1 pcIF=000001d8 instIF=00000013 pcID=000001d4 instID=00000013 pcEX=000001d0 aluMEM=f00ff00f mem_stall=0 mem_waited=0 mem_addr=f00ff00f mem_we=0000 mem_rd=00000000
COMMIT t=1385000 wb_pc=000001c8 wb_we=1 wb_rd=x1 wb_val=f00ff000 IF_pc=000001d8 IF_inst=00000013 ID_pc=000001d4 ID_inst=00000013 EX_pc=000001d0 EX_alu=f00ff0ff mem_stall=0 mem_commit=0 mem_we=0000 mem_addr=f00ff00f mem_wd=00000000 mem_rd=00000000
TRACE t=1395000 wb_have=1 pcIF=000001dc instIF=00070313 pcID=000001d8 instID=00000013 pcEX=000001d4 aluMEM=f00ff0ff mem_stall=0 mem_waited=0 mem_addr=f00ff0ff mem_we=0000 mem_rd=00000000
COMMIT t=1395000 wb_pc=000001cc wb_we=1 wb_rd=x1 wb_val=f00ff00f IF_pc=000001dc IF_inst=00070313 ID_pc=000001d8 ID_inst=00000013 EX_pc=000001d4 EX_alu=00000000 mem_stall=0 mem_commit=0 mem_we=0000 mem_addr=f00ff0ff mem_wd=00000000 mem_rd=00000000
TRACE t=1405000 wb_have=1 pcIF=000001e0 instIF=00120213 pcID=000001dc instID=00070313 pcEX=000001d8 aluMEM=00000000 mem_stall=0 mem_waited=0 mem_addr=00000000 mem_we=0000 mem_rd=00000000
COMMIT t=1405000 wb_pc=000001d0 wb_we=1 wb_rd=x14 wb_val=f00ff0ff IF_pc=000001e0 IF_inst=00120213 ID_pc=000001dc ID_inst=00070313 EX_pc=000001d8 EX_alu=00000000 mem_stall=0 mem_commit=0 mem_we=0000 mem_addr=00000000 mem_wd=00000000 mem_rd=00000000
TRACE t=1415000 wb_have=1 pcIF=000001e4 instIF=00200293 pcID=000001e0 instID=00120213 pcEX=000001dc aluMEM=00000000 mem_stall=0 mem_waited=0 mem_addr=00000000 mem_we=0000 mem_rd=0540006f
COMMIT t=1415000 wb_pc=000001d4 wb_we=1 wb_rd=x0 wb_val=00000000 IF_pc=000001e4 IF_inst=00200293 ID_pc=000001e0 ID_inst=00120213 EX_pc=000001dc EX_alu=f00ff0ff mem_stall=0 mem_commit=0 mem_we=0000 mem_addr=00000000 mem_wd=00000000 mem_rd=0540006f
TRACE t=1425000 wb_have=1 pcIF=000001e8 instIF=fe5210e3 pcID=000001e4 instID=00200293 pcEX=000001e0 aluMEM=f00ff0ff mem_stall=0 mem_waited=0 mem_addr=f00ff0ff mem_we=0000 mem_rd=0540006f
COMMIT t=1425000 wb_pc=000001d8 wb_we=1 wb_rd=x0 wb_val=00000000 IF_pc=000001e8 IF_inst=fe5210e3 ID_pc=000001e4 ID_inst=00200293 EX_pc=000001e0 EX_alu=00000001 mem_stall=0 mem_commit=0 mem_we=0000 mem_addr=f00ff0ff mem_wd=00000000 mem_rd=0540006f
TRACE t=1435000 wb_have=1 pcIF=000001ec instIF=f00ff3b7 pcID=000001e8 instID=fe5210e3 pcEX=000001e4 aluMEM=00000001 mem_stall=0 mem_waited=0 mem_addr=00000001 mem_we=0000 mem_rd=00000000
COMMIT t=1435000 wb_pc=000001dc wb_we=1 wb_rd=x6 wb_val=f00ff0ff IF_pc=000001ec IF_inst=f00ff3b7 ID_pc=000001e8 ID_inst=fe5210e3 EX_pc=000001e4 EX_alu=00000002 mem_stall=0 mem_commit=0 mem_we=0000 mem_addr=00000001 mem_wd=00000f00 mem_rd=00000000
TRACE t=1445000 wb_have=1 pcIF=000001f0 instIF=0ff38393 pcID=000001ec instID=f00ff3b7 pcEX=000001e8 aluMEM=00000002 mem_stall=0 mem_waited=0 mem_addr=00000002 mem_we=0000 mem_rd=0540006f
COMMIT t=1445000 wb_pc=000001e0 wb_we=1 wb_rd=x4 wb_val=00000001 IF_pc=000001f0 IF_inst=0ff38393 ID_pc=000001ec ID_inst=f00ff3b7 EX_pc=000001e8 EX_alu=000001c8 mem_stall=0 mem_commit=0 mem_we=0000 mem_addr=00000002 mem_wd=00000000 mem_rd=0540006f
TRACE t=1455000 wb_have=1 pcIF=00000000 instIF=00000013 pcID=00000000 instID=00000013 pcEX=00000000 aluMEM=000001c8 mem_stall=0 mem_waited=0 mem_addr=000001c8 mem_we=0000 mem_rd=0540006f
COMMIT t=1455000 wb_pc=000001e4 wb_we=1 wb_rd=x5 wb_val=00000002 IF_pc=00000000 IF_inst=00000013 ID_pc=00000000 ID_inst=00000013 EX_pc=00000000 EX_alu=00000000 mem_stall=0 mem_commit=0 mem_we=0000 mem_addr=000001c8 mem_wd=00000002 mem_rd=0540006f
TRACE t=1465000 wb_have=1 pcIF=00000000 instIF=00000013 pcID=00000000 instID=00000013 pcEX=00000000 aluMEM=00000000 mem_stall=0 mem_waited=0 mem_addr=00000000 mem_we=0000 mem_rd=f00ff0b7
COMMIT t=1465000 wb_pc=000001e8 wb_we=0 wb_rd=x1 wb_val=000001c8 IF_pc=00000000 IF_inst=00000013 ID_pc=00000000 ID_inst=00000013 EX_pc=00000000 EX_alu=00000000 mem_stall=0 mem_commit=0 mem_we=0000 mem_addr=00000000 mem_wd=00000000 mem_rd=f00ff0b7
TRACE t=1475000 wb_have=0 pcIF=000001c8 instIF=f00ff0b7 pcID=00000000 instID=00000013 pcEX=00000000 aluMEM=00000000 mem_stall=0 mem_waited=0 mem_addr=00000000 mem_we=0000 mem_rd=0540006f
TRACE t=1485000 wb_have=0 pcIF=000001cc instIF=00f08093 pcID=000001c8 instID=f00ff0b7 pcEX=00000000 aluMEM=00000000 mem_stall=0 mem_waited=0 mem_addr=00000000 mem_we=0000 mem_rd=0540006f
TRACE t=1495000 wb_have=1 pcIF=000001d0 instIF=0f00c713 pcID=000001cc instID=00f08093 pcEX=000001c8 aluMEM=00000000 mem_stall=0 mem_waited=0 mem_addr=00000000 mem_we=0000 mem_rd=0540006f
COMMIT t=1495000 wb_pc=00000000 wb_we=1 wb_rd=x0 wb_val=00000000 IF_pc=000001d0 IF_inst=0f00c713 ID_pc=000001cc ID_inst=00f08093 EX_pc=000001c8 EX_alu=f00ff000 mem_stall=0 mem_commit=0 mem_we=0000 mem_addr=00000000 mem_wd=00000000 mem_rd=0540006f
TRACE t=1505000 wb_have=1 pcIF=000001d4 instIF=00000013 pcID=000001d0 instID=0f00c713 pcEX=000001cc aluMEM=f00ff000 mem_stall=0 mem_waited=0 mem_addr=f00ff000 mem_we=0000 mem_rd=0540006f
COMMIT t=1505000 wb_pc=00000000 wb_we=1 wb_rd=x0 wb_val=00000000 IF_pc=000001d4 IF_inst=00000013 ID_pc=000001d0 ID_inst=0f00c713 EX_pc=000001cc EX_alu=f00ff00f mem_stall=0 mem_commit=0 mem_we=0000 mem_addr=f00ff000 mem_wd=00000000 mem_rd=0540006f
TRACE t=1515000 wb_have=1 pcIF=000001d8 instIF=00000013 pcID=000001d4 instID=00000013 pcEX=000001d0 aluMEM=f00ff00f mem_stall=0 mem_waited=0 mem_addr=f00ff00f mem_we=0000 mem_rd=00000000
COMMIT t=1515000 wb_pc=000001c8 wb_we=1 wb_rd=x1 wb_val=f00ff000 IF_pc=000001d8 IF_inst=00000013 ID_pc=000001d4 ID_inst=00000013 EX_pc=000001d0 EX_alu=f00ff0ff mem_stall=0 mem_commit=0 mem_we=0000 mem_addr=f00ff00f mem_wd=00000000 mem_rd=00000000
TRACE t=1525000 wb_have=1 pcIF=000001dc instIF=00070313 pcID=000001d8 instID=00000013 pcEX=000001d4 aluMEM=f00ff0ff mem_stall=0 mem_waited=0 mem_addr=f00ff0ff mem_we=0000 mem_rd=00000000
COMMIT t=1525000 wb_pc=000001cc wb_we=1 wb_rd=x1 wb_val=f00ff00f IF_pc=000001dc IF_inst=00070313 ID_pc=000001d8 ID_inst=00000013 EX_pc=000001d4 EX_alu=00000000 mem_stall=0 mem_commit=0 mem_we=0000 mem_addr=f00ff0ff mem_wd=00000000 mem_rd=00000000
TRACE t=1535000 wb_have=1 pcIF=000001e0 instIF=00120213 pcID=000001dc instID=00070313 pcEX=000001d8 aluMEM=00000000 mem_stall=0 mem_waited=0 mem_addr=00000000 mem_we=0000 mem_rd=00000000
COMMIT t=1535000 wb_pc=000001d0 wb_we=1 wb_rd=x14 wb_val=f00ff0ff IF_pc=000001e0 IF_inst=00120213 ID_pc=000001dc ID_inst=00070313 EX_pc=000001d8 EX_alu=00000000 mem_stall=0 mem_commit=0 mem_we=0000 mem_addr=00000000 mem_wd=00000000 mem_rd=00000000
TRACE t=1545000 wb_have=1 pcIF=000001e4 instIF=00200293 pcID=000001e0 instID=00120213 pcEX=000001dc aluMEM=00000000 mem_stall=0 mem_waited=0 mem_addr=00000000 mem_we=0000 mem_rd=0540006f
COMMIT t=1545000 wb_pc=000001d4 wb_we=1 wb_rd=x0 wb_val=00000000 IF_pc=000001e4 IF_inst=00200293 ID_pc=000001e0 ID_inst=00120213 EX_pc=000001dc EX_alu=f00ff0ff mem_stall=0 mem_commit=0 mem_we=0000 mem_addr=00000000 mem_wd=00000000 mem_rd=0540006f
TRACE t=1555000 wb_have=1 pcIF=000001e8 instIF=fe5210e3 pcID=000001e4 instID=00200293 pcEX=000001e0 aluMEM=f00ff0ff mem_stall=0 mem_waited=0 mem_addr=f00ff0ff mem_we=0000 mem_rd=0540006f
COMMIT t=1555000 wb_pc=000001d8 wb_we=1 wb_rd=x0 wb_val=00000000 IF_pc=000001e8 IF_inst=fe5210e3 ID_pc=000001e4 ID_inst=00200293 EX_pc=000001e0 EX_alu=00000002 mem_stall=0 mem_commit=0 mem_we=0000 mem_addr=f00ff0ff mem_wd=00000000 mem_rd=0540006f
TRACE t=1565000 wb_have=1 pcIF=000001ec instIF=f00ff3b7 pcID=000001e8 instID=fe5210e3 pcEX=000001e4 aluMEM=00000002 mem_stall=0 mem_waited=0 mem_addr=00000002 mem_we=0000 mem_rd=00000000
COMMIT t=1565000 wb_pc=000001dc wb_we=1 wb_rd=x6 wb_val=f00ff0ff IF_pc=000001ec IF_inst=f00ff3b7 ID_pc=000001e8 ID_inst=fe5210e3 EX_pc=000001e4 EX_alu=00000002 mem_stall=0 mem_commit=0 mem_we=0000 mem_addr=00000002 mem_wd=000f0000 mem_rd=00000000
TRACE t=1575000 wb_have=1 pcIF=000001f0 instIF=0ff38393 pcID=000001ec instID=f00ff3b7 pcEX=000001e8 aluMEM=00000002 mem_stall=0 mem_waited=0 mem_addr=00000002 mem_we=0000 mem_rd=0540006f
COMMIT t=1575000 wb_pc=000001e0 wb_we=1 wb_rd=x4 wb_val=00000002 IF_pc=000001f0 IF_inst=0ff38393 ID_pc=000001ec ID_inst=f00ff3b7 EX_pc=000001e8 EX_alu=000001c8 mem_stall=0 mem_commit=0 mem_we=0000 mem_addr=00000002 mem_wd=00000000 mem_rd=0540006f
TRACE t=1585000 wb_have=1 pcIF=000001f4 instIF=0c731063 pcID=000001f0 instID=0ff38393 pcEX=000001ec aluMEM=000001c8 mem_stall=0 mem_waited=0 mem_addr=000001c8 mem_we=0000 mem_rd=0540006f
COMMIT t=1585000 wb_pc=000001e4 wb_we=1 wb_rd=x5 wb_val=00000002 IF_pc=000001f4 IF_inst=0c731063 ID_pc=000001f0 ID_inst=0ff38393 EX_pc=000001ec EX_alu=f00ff000 mem_stall=0 mem_commit=0 mem_we=0000 mem_addr=000001c8 mem_wd=00000002 mem_rd=0540006f
TRACE t=1595000 wb_have=1 pcIF=000001f8 instIF=00a00193 pcID=000001f4 instID=0c731063 pcEX=000001f0 aluMEM=f00ff000 mem_stall=0 mem_waited=0 mem_addr=f00ff000 mem_we=0000 mem_rd=f00ff0b7
COMMIT t=1595000 wb_pc=000001e8 wb_we=0 wb_rd=x1 wb_val=000001c8 IF_pc=000001f8 IF_inst=00a00193 ID_pc=000001f4 ID_inst=0c731063 EX_pc=000001f0 EX_alu=f00ff0ff mem_stall=0 mem_commit=0 mem_we=0000 mem_addr=f00ff000 mem_wd=00000000 mem_rd=f00ff0b7
TRACE t=1605000 wb_have=1 pcIF=000001fc instIF=00000213 pcID=000001f8 instID=00a00193 pcEX=000001f4 aluMEM=f00ff0ff mem_stall=0 mem_waited=0 mem_addr=f00ff0ff mem_we=0000 mem_rd=00000000
COMMIT t=1605000 wb_pc=000001ec wb_we=1 wb_rd=x7 wb_val=f00ff000 IF_pc=000001fc IF_inst=00000213 ID_pc=000001f8 ID_inst=00a00193 EX_pc=000001f4 EX_alu=000002b4 mem_stall=0 mem_commit=0 mem_we=0000 mem_addr=f00ff0ff mem_wd=00000000 mem_rd=00000000
TRACE t=1615000 wb_have=1 pcIF=00000200 instIF=0ff010b7 pcID=000001fc instID=00000213 pcEX=000001f8 aluMEM=000002b4 mem_stall=0 mem_waited=0 mem_addr=000002b4 mem_we=0000 mem_rd=00000000
COMMIT t=1615000 wb_pc=000001f0 wb_we=1 wb_rd=x7 wb_val=f00ff0ff IF_pc=00000200 IF_inst=0ff010b7 ID_pc=000001fc ID_inst=00000213 EX_pc=000001f8 EX_alu=0000000a mem_stall=0 mem_commit=0 mem_we=0000 mem_addr=000002b4 mem_wd=0000f0ff mem_rd=00000000
TRACE t=1625000 wb_have=1 pcIF=00000204 instIF=ff008093 pcID=00000200 instID=0ff010b7 pcEX=000001fc aluMEM=0000000a mem_stall=0 mem_waited=0 mem_addr=0000000a mem_we=0000 mem_rd=0ff0000f
COMMIT t=1625000 wb_pc=000001f4 wb_we=0 wb_rd=x0 wb_val=000002b4 IF_pc=00000204 IF_inst=ff008093 ID_pc=00000200 ID_inst=0ff010b7 EX_pc=000001fc EX_alu=00000000 mem_stall=0 mem_commit=0 mem_we=0000 mem_addr=0000000a mem_wd=00000000 mem_rd=0ff0000f
TRACE t=1635000 wb_have=1 pcIF=00000208 instIF=0f00c713 pcID=00000204 instID=ff008093 pcEX=00000200 aluMEM=00000000 mem_stall=0 mem_waited=0 mem_addr=00000000 mem_we=0000 mem_rd=00800f93
COMMIT t=1635000 wb_pc=000001f8 wb_we=1 wb_rd=x3 wb_val=0000000a IF_pc=00000208 IF_inst=0f00c713 ID_pc=00000204 ID_inst=ff008093 EX_pc=00000200 EX_alu=0ff01000 mem_stall=0 mem_commit=0 mem_we=0000 mem_addr=00000000 mem_wd=00000000 mem_rd=00800f93
TRACE t=1645000 wb_have=1 pcIF=0000020c instIF=00120213 pcID=00000208 instID=0f00c713 pcEX=00000204 aluMEM=0ff01000 mem_stall=0 mem_waited=0 mem_addr=0ff01000 mem_we=0000 mem_rd=0540006f
COMMIT t=1645000 wb_pc=000001fc wb_we=1 wb_rd=x4 wb_val=00000000 IF_pc=0000020c IF_inst=00120213 ID_pc=00000208 ID_inst=0f00c713 EX_pc=00000204 EX_alu=0ff00ff0 mem_stall=0 mem_commit=0 mem_we=0000 mem_addr=0ff01000 mem_wd=00000000 mem_rd=0540006f
TRACE t=1655000 wb_have=1 pcIF=00000210 instIF=00200293 pcID=0000020c instID=00120213 pcEX=00000208 aluMEM=0ff00ff0 mem_stall=0 mem_waited=0 mem_addr=0ff00ff0 mem_we=0000 mem_rd=00000000
COMMIT t=1655000 wb_pc=00000200 wb_we=1 wb_rd=x1 wb_val=0ff01000 IF_pc=00000210 IF_inst=00200293 ID_pc=0000020c ID_inst=00120213 EX_pc=00000208 EX_alu=0ff00f00 mem_stall=0 mem_commit=0 mem_we=0000 mem_addr=0ff00ff0 mem_wd=00000000 mem_rd=00000000
TRACE t=1665000 wb_have=1 pcIF=00000214 instIF=fe5216e3 pcID=00000210 instID=00200293 pcEX=0000020c aluMEM=0ff00f00 mem_stall=0 mem_waited=0 mem_addr=0ff00f00 mem_we=0000 mem_rd=00000000
COMMIT t=1665000 wb_pc=00000204 wb_we=1 wb_rd=x1 wb_val=0ff00ff0 IF_pc=00000214 IF_inst=fe5216e3 ID_pc=00000210 ID_inst=00200293 EX_pc=0000020c EX_alu=00000001 mem_stall=0 mem_commit=0 mem_we=0000 mem_addr=0ff00f00 mem_wd=00000000 mem_rd=00000000
TRACE t=1675000 wb_have=1 pcIF=00000218 instIF=0ff013b7 pcID=00000214 instID=fe5216e3 pcEX=00000210 aluMEM=00000001 mem_stall=0 mem_waited=0 mem_addr=00000001 mem_we=0000 mem_rd=00000000
COMMIT t=1675000 wb_pc=00000208 wb_we=1 wb_rd=x14 wb_val=0ff00f00 IF_pc=00000218 IF_inst=0ff013b7 ID_pc=00000214 ID_inst=fe5216e3 EX_pc=00000210 EX_alu=00000002 mem_stall=0 mem_commit=0 mem_we=0000 mem_addr=00000001 mem_wd=0000f000 mem_rd=00000000
TRACE t=1685000 wb_have=1 pcIF=0000021c instIF=f0038393 pcID=00000218 instID=0ff013b7 pcEX=00000214 aluMEM=00000002 mem_stall=0 mem_waited=0 mem_addr=00000002 mem_we=0000 mem_rd=0540006f
COMMIT t=1685000 wb_pc=0000020c wb_we=1 wb_rd=x4 wb_val=00000001 IF_pc=0000021c IF_inst=f0038393 ID_pc=00000218 ID_inst=0ff013b7 EX_pc=00000214 EX_alu=00000200 mem_stall=0 mem_commit=0 mem_we=0000 mem_addr=00000002 mem_wd=00000000 mem_rd=0540006f
TRACE t=1695000 wb_have=1 pcIF=00000000 instIF=00000013 pcID=00000000 instID=00000013 pcEX=00000000 aluMEM=00000200 mem_stall=0 mem_waited=0 mem_addr=00000200 mem_we=0000 mem_rd=0540006f
COMMIT t=1695000 wb_pc=00000210 wb_we=1 wb_rd=x5 wb_val=00000002 IF_pc=00000000 IF_inst=00000013 ID_pc=00000000 ID_inst=00000013 EX_pc=00000000 EX_alu=00000000 mem_stall=0 mem_commit=0 mem_we=0000 mem_addr=00000200 mem_wd=00000002 mem_rd=0540006f
TRACE t=1705000 wb_have=1 pcIF=00000000 instIF=00000013 pcID=00000000 instID=00000013 pcEX=00000000 aluMEM=00000000 mem_stall=0 mem_waited=0 mem_addr=00000000 mem_we=0000 mem_rd=0ff010b7
COMMIT t=1705000 wb_pc=00000214 wb_we=0 wb_rd=x13 wb_val=00000200 IF_pc=00000000 IF_inst=00000013 ID_pc=00000000 ID_inst=00000013 EX_pc=00000000 EX_alu=00000000 mem_stall=0 mem_commit=0 mem_we=0000 mem_addr=00000000 mem_wd=00000000 mem_rd=0ff010b7
TRACE t=1715000 wb_have=0 pcIF=00000200 instIF=0ff010b7 pcID=00000000 instID=00000013 pcEX=00000000 aluMEM=00000000 mem_stall=0 mem_waited=0 mem_addr=00000000 mem_we=0000 mem_rd=0540006f
TRACE t=1725000 wb_have=0 pcIF=00000204 instIF=ff008093 pcID=00000200 instID=0ff010b7 pcEX=00000000 aluMEM=00000000 mem_stall=0 mem_waited=0 mem_addr=00000000 mem_we=0000 mem_rd=0540006f
TRACE t=1735000 wb_have=1 pcIF=00000208 instIF=0f00c713 pcID=00000204 instID=ff008093 pcEX=00000200 aluMEM=00000000 mem_stall=0 mem_waited=0 mem_addr=00000000 mem_we=0000 mem_rd=0540006f
COMMIT t=1735000 wb_pc=00000000 wb_we=1 wb_rd=x0 wb_val=00000000 IF_pc=00000208 IF_inst=0f00c713 ID_pc=00000204 ID_inst=ff008093 EX_pc=00000200 EX_alu=0ff01000 mem_stall=0 mem_commit=0 mem_we=0000 mem_addr=00000000 mem_wd=00000000 mem_rd=0540006f
TRACE t=1745000 wb_have=1 pcIF=0000020c instIF=00120213 pcID=00000208 instID=0f00c713 pcEX=00000204 aluMEM=0ff01000 mem_stall=0 mem_waited=0 mem_addr=0ff01000 mem_we=0000 mem_rd=0540006f
COMMIT t=1745000 wb_pc=00000000 wb_we=1 wb_rd=x0 wb_val=00000000 IF_pc=0000020c IF_inst=00120213 ID_pc=00000208 ID_inst=0f00c713 EX_pc=00000204 EX_alu=0ff00ff0 mem_stall=0 mem_commit=0 mem_we=0000 mem_addr=0ff01000 mem_wd=00000000 mem_rd=0540006f
TRACE t=1755000 wb_have=1 pcIF=00000210 instIF=00200293 pcID=0000020c instID=00120213 pcEX=00000208 aluMEM=0ff00ff0 mem_stall=0 mem_waited=0 mem_addr=0ff00ff0 mem_we=0000 mem_rd=00000000
COMMIT t=1755000 wb_pc=00000200 wb_we=1 wb_rd=x1 wb_val=0ff01000 IF_pc=00000210 IF_inst=00200293 ID_pc=0000020c ID_inst=00120213 EX_pc=00000208 EX_alu=0ff00f00 mem_stall=0 mem_commit=0 mem_we=0000 mem_addr=0ff00ff0 mem_wd=00000000 mem_rd=00000000
TRACE t=1765000 wb_have=1 pcIF=00000214 instIF=fe5216e3 pcID=00000210 instID=00200293 pcEX=0000020c aluMEM=0ff00f00 mem_stall=0 mem_waited=0 mem_addr=0ff00f00 mem_we=0000 mem_rd=00000000
COMMIT t=1765000 wb_pc=00000204 wb_we=1 wb_rd=x1 wb_val=0ff00ff0 IF_pc=00000214 IF_inst=fe5216e3 ID_pc=00000210 ID_inst=00200293 EX_pc=0000020c EX_alu=00000002 mem_stall=0 mem_commit=0 mem_we=0000 mem_addr=0ff00f00 mem_wd=00000000 mem_rd=00000000
TRACE t=1775000 wb_have=1 pcIF=00000218 instIF=0ff013b7 pcID=00000214 instID=fe5216e3 pcEX=00000210 aluMEM=00000002 mem_stall=0 mem_waited=0 mem_addr=00000002 mem_we=0000 mem_rd=00000000
COMMIT t=1775000 wb_pc=00000208 wb_we=1 wb_rd=x14 wb_val=0ff00f00 IF_pc=00000218 IF_inst=0ff013b7 ID_pc=00000214 ID_inst=fe5216e3 EX_pc=00000210 EX_alu=00000002 mem_stall=0 mem_commit=0 mem_we=0000 mem_addr=00000002 mem_wd=00f00000 mem_rd=00000000
TRACE t=1785000 wb_have=1 pcIF=0000021c instIF=f0038393 pcID=00000218 instID=0ff013b7 pcEX=00000214 aluMEM=00000002 mem_stall=0 mem_waited=0 mem_addr=00000002 mem_we=0000 mem_rd=0540006f
COMMIT t=1785000 wb_pc=0000020c wb_we=1 wb_rd=x4 wb_val=00000002 IF_pc=0000021c IF_inst=f0038393 ID_pc=00000218 ID_inst=0ff013b7 EX_pc=00000214 EX_alu=00000200 mem_stall=0 mem_commit=0 mem_we=0000 mem_addr=00000002 mem_wd=00000000 mem_rd=0540006f
TRACE t=1795000 wb_have=1 pcIF=00000220 instIF=08771a63 pcID=0000021c instID=f0038393 pcEX=00000218 aluMEM=00000200 mem_stall=0 mem_waited=0 mem_addr=00000200 mem_we=0000 mem_rd=0540006f
COMMIT t=1795000 wb_pc=00000210 wb_we=1 wb_rd=x5 wb_val=00000002 IF_pc=00000220 IF_inst=08771a63 ID_pc=0000021c ID_inst=f0038393 EX_pc=00000218 EX_alu=0ff01000 mem_stall=0 mem_commit=0 mem_we=0000 mem_addr=00000200 mem_wd=00000002 mem_rd=0540006f
TRACE t=1805000 wb_have=1 pcIF=00000224 instIF=00b00193 pcID=00000220 instID=08771a63 pcEX=0000021c aluMEM=0ff01000 mem_stall=0 mem_waited=0 mem_addr=0ff01000 mem_we=0000 mem_rd=0ff010b7
COMMIT t=1805000 wb_pc=00000214 wb_we=0 wb_rd=x13 wb_val=00000200 IF_pc=00000224 IF_inst=00b00193 ID_pc=00000220 ID_inst=08771a63 EX_pc=0000021c EX_alu=0ff00f00 mem_stall=0 mem_commit=0 mem_we=0000 mem_addr=0ff01000 mem_wd=00000000 mem_rd=0ff010b7
TRACE t=1815000 wb_have=1 pcIF=00000228 instIF=00000213 pcID=00000224 instID=00b00193 pcEX=00000220 aluMEM=0ff00f00 mem_stall=0 mem_waited=0 mem_addr=0ff00f00 mem_we=0000 mem_rd=00000000
COMMIT t=1815000 wb_pc=00000218 wb_we=1 wb_rd=x7 wb_val=0ff01000 IF_pc=00000228 IF_inst=00000213 ID_pc=00000224 ID_inst=00b00193 EX_pc=00000220 EX_alu=000002b4 mem_stall=0 mem_commit=0 mem_we=0000 mem_addr=0ff00f00 mem_wd=00000000 mem_rd=00000000
TRACE t=1825000 wb_have=1 pcIF=0000022c instIF=00ff10b7 pcID=00000228 instID=00000213 pcEX=00000224 aluMEM=000002b4 mem_stall=0 mem_waited=0 mem_addr=000002b4 mem_we=0000 mem_rd=00000000
COMMIT t=1825000 wb_pc=0000021c wb_we=1 wb_rd=x7 wb_val=0ff00f00 IF_pc=0000022c IF_inst=00ff10b7 ID_pc=00000228 ID_inst=00000213 EX_pc=00000224 EX_alu=0000000b mem_stall=0 mem_commit=0 mem_we=0000 mem_addr=000002b4 mem_wd=00000f00 mem_rd=00000000
TRACE t=1835000 wb_have=1 pcIF=00000230 instIF=fff08093 pcID=0000022c instID=00ff10b7 pcEX=00000228 aluMEM=0000000b mem_stall=0 mem_waited=0 mem_addr=0000000b mem_we=0000 mem_rd=0ff0000f
COMMIT t=1835000 wb_pc=00000220 wb_we=0 wb_rd=x20 wb_val=000002b4 IF_pc=00000230 IF_inst=fff08093 ID_pc=0000022c ID_inst=00ff10b7 EX_pc=00000228 EX_alu=00000000 mem_stall=0 mem_commit=0 mem_we=0000 mem_addr=0000000b mem_wd=0f000000 mem_rd=0ff0000f
TRACE t=1845000 wb_have=1 pcIF=00000234 instIF=00000013 pcID=00000230 instID=fff08093 pcEX=0000022c aluMEM=00000000 mem_stall=0 mem_waited=0 mem_addr=00000000 mem_we=0000 mem_rd=00800f93
COMMIT t=1845000 wb_pc=00000224 wb_we=1 wb_rd=x3 wb_val=0000000b IF_pc=00000234 IF_inst=00000013 ID_pc=00000230 ID_inst=fff08093 EX_pc=0000022c EX_alu=00ff1000 mem_stall=0 mem_commit=0 mem_we=0000 mem_addr=00000000 mem_wd=00000000 mem_rd=00800f93
TRACE t=1855000 wb_have=1 pcIF=00000238 instIF=00f0c713 pcID=00000234 instID=00000013 pcEX=00000230 aluMEM=00ff1000 mem_stall=0 mem_waited=0 mem_addr=00ff1000 mem_we=0000 mem_rd=0540006f
COMMIT t=1855000 wb_pc=00000228 wb_we=1 wb_rd=x4 wb_val=00000000 IF_pc=00000238 IF_inst=00f0c713 ID_pc=00000234 ID_inst=00000013 EX_pc=00000230 EX_alu=00ff0fff mem_stall=0 mem_commit=0 mem_we=0000 mem_addr=00ff1000 mem_wd=00000000 mem_rd=0540006f
TRACE t=1865000 wb_have=1 pcIF=0000023c instIF=00120213 pcID=00000238 instID=00f0c713 pcEX=00000234 aluMEM=00ff0fff mem_stall=0 mem_waited=0 mem_addr=00ff0fff mem_we=0000 mem_rd=00000000
COMMIT t=1865000 wb_pc=0000022c wb_we=1 wb_rd=x1 wb_val=00ff1000 IF_pc=0000023c IF_inst=00120213 ID_pc=00000238 ID_inst=00f0c713 EX_pc=00000234 EX_alu=00000000 mem_stall=0 mem_commit=0 mem_we=0000 mem_addr=00ff0fff mem_wd=00000000 mem_rd=00000000
TRACE t=1875000 wb_have=1 pcIF=00000240 instIF=00200293 pcID=0000023c instID=00120213 pcEX=00000238 aluMEM=00000000 mem_stall=0 mem_waited=0 mem_addr=00000000 mem_we=0000 mem_rd=00000000
COMMIT t=1875000 wb_pc=00000230 wb_we=1 wb_rd=x1 wb_val=00ff0fff IF_pc=00000240 IF_inst=00200293 ID_pc=0000023c ID_inst=00120213 EX_pc=00000238 EX_alu=00ff0ff0 mem_stall=0 mem_commit=0 mem_we=0000 mem_addr=00000000 mem_wd=00000000 mem_rd=00000000
TRACE t=1885000 wb_have=1 pcIF=00000244 instIF=fe5214e3 pcID=00000240 instID=00200293 pcEX=0000023c aluMEM=00ff0ff0 mem_stall=0 mem_waited=0 mem_addr=00ff0ff0 mem_we=0000 mem_rd=0540006f
COMMIT t=1885000 wb_pc=00000234 wb_we=1 wb_rd=x0 wb_val=00000000 IF_pc=00000244 IF_inst=fe5214e3 ID_pc=00000240 ID_inst=00200293 EX_pc=0000023c EX_alu=00000001 mem_stall=0 mem_commit=0 mem_we=0000 mem_addr=00ff0ff0 mem_wd=00000000 mem_rd=0540006f
TRACE t=1895000 wb_have=1 pcIF=00000248 instIF=00ff13b7 pcID=00000244 instID=fe5214e3 pcEX=00000240 aluMEM=00000001 mem_stall=0 mem_waited=0 mem_addr=00000001 mem_we=0000 mem_rd=00000000
COMMIT t=1895000 wb_pc=00000238 wb_we=1 wb_rd=x14 wb_val=00ff0ff0 IF_pc=00000248 IF_inst=00ff13b7 ID_pc=00000244 ID_inst=fe5214e3 EX_pc=00000240 EX_alu=00000002 mem_stall=0 mem_commit=0 mem_we=0000 mem_addr=00000001 mem_wd=0000ff00 mem_rd=00000000
TRACE t=1905000 wb_have=1 pcIF=0000024c instIF=ff038393 pcID=00000248 instID=00ff13b7 pcEX=00000244 aluMEM=00000002 mem_stall=0 mem_waited=0 mem_addr=00000002 mem_we=0000 mem_rd=0540006f
COMMIT t=1905000 wb_pc=0000023c wb_we=1 wb_rd=x4 wb_val=00000001 IF_pc=0000024c IF_inst=ff038393 ID_pc=00000248 ID_inst=00ff13b7 EX_pc=00000244 EX_alu=0000022c mem_stall=0 mem_commit=0 mem_we=0000 mem_addr=00000002 mem_wd=00000000 mem_rd=0540006f
TRACE t=1915000 wb_have=1 pcIF=00000000 instIF=00000013 pcID=00000000 instID=00000013 pcEX=00000000 aluMEM=0000022c mem_stall=0 mem_waited=0 mem_addr=0000022c mem_we=0000 mem_rd=0540006f
COMMIT t=1915000 wb_pc=00000240 wb_we=1 wb_rd=x5 wb_val=00000002 IF_pc=00000000 IF_inst=00000013 ID_pc=00000000 ID_inst=00000013 EX_pc=00000000 EX_alu=00000000 mem_stall=0 mem_commit=0 mem_we=0000 mem_addr=0000022c mem_wd=00000002 mem_rd=0540006f
TRACE t=1925000 wb_have=1 pcIF=00000000 instIF=00000013 pcID=00000000 instID=00000013 pcEX=00000000 aluMEM=00000000 mem_stall=0 mem_waited=0 mem_addr=00000000 mem_we=0000 mem_rd=00ff10b7
COMMIT t=1925000 wb_pc=00000244 wb_we=0 wb_rd=x9 wb_val=0000022c IF_pc=00000000 IF_inst=00000013 ID_pc=00000000 ID_inst=00000013 EX_pc=00000000 EX_alu=00000000 mem_stall=0 mem_commit=0 mem_we=0000 mem_addr=00000000 mem_wd=00000000 mem_rd=00ff10b7
TRACE t=1935000 wb_have=0 pcIF=0000022c instIF=00ff10b7 pcID=00000000 instID=00000013 pcEX=00000000 aluMEM=00000000 mem_stall=0 mem_waited=0 mem_addr=00000000 mem_we=0000 mem_rd=0540006f
TRACE t=1945000 wb_have=0 pcIF=00000230 instIF=fff08093 pcID=0000022c instID=00ff10b7 pcEX=00000000 aluMEM=00000000 mem_stall=0 mem_waited=0 mem_addr=00000000 mem_we=0000 mem_rd=0540006f
TRACE t=1955000 wb_have=1 pcIF=00000234 instIF=00000013 pcID=00000230 instID=fff08093 pcEX=0000022c aluMEM=00000000 mem_stall=0 mem_waited=0 mem_addr=00000000 mem_we=0000 mem_rd=0540006f
COMMIT t=1955000 wb_pc=00000000 wb_we=1 wb_rd=x0 wb_val=00000000 IF_pc=00000234 IF_inst=00000013 ID_pc=00000230 ID_inst=fff08093 EX_pc=0000022c EX_alu=00ff1000 mem_stall=0 mem_commit=0 mem_we=0000 mem_addr=00000000 mem_wd=00000000 mem_rd=0540006f
TRACE t=1965000 wb_have=1 pcIF=00000238 instIF=00f0c713 pcID=00000234 instID=00000013 pcEX=00000230 aluMEM=00ff1000 mem_stall=0 mem_waited=0 mem_addr=00ff1000 mem_we=0000 mem_rd=0540006f
COMMIT t=1965000 wb_pc=00000000 wb_we=1 wb_rd=x0 wb_val=00000000 IF_pc=00000238 IF_inst=00f0c713 ID_pc=00000234 ID_inst=00000013 EX_pc=00000230 EX_alu=00ff0fff mem_stall=0 mem_commit=0 mem_we=0000 mem_addr=00ff1000 mem_wd=00000000 mem_rd=0540006f
TRACE t=1975000 wb_have=1 pcIF=0000023c instIF=00120213 pcID=00000238 instID=00f0c713 pcEX=00000234 aluMEM=00ff0fff mem_stall=0 mem_waited=0 mem_addr=00ff0fff mem_we=0000 mem_rd=00000000
COMMIT t=1975000 wb_pc=0000022c wb_we=1 wb_rd=x1 wb_val=00ff1000 IF_pc=0000023c IF_inst=00120213 ID_pc=00000238 ID_inst=00f0c713 EX_pc=00000234 EX_alu=00000000 mem_stall=0 mem_commit=0 mem_we=0000 mem_addr=00ff0fff mem_wd=00000000 mem_rd=00000000
TRACE t=1985000 wb_have=1 pcIF=00000240 instIF=00200293 pcID=0000023c instID=00120213 pcEX=00000238 aluMEM=00000000 mem_stall=0 mem_waited=0 mem_addr=00000000 mem_we=0000 mem_rd=00000000
COMMIT t=1985000 wb_pc=00000230 wb_we=1 wb_rd=x1 wb_val=00ff0fff IF_pc=00000240 IF_inst=00200293 ID_pc=0000023c ID_inst=00120213 EX_pc=00000238 EX_alu=00ff0ff0 mem_stall=0 mem_commit=0 mem_we=0000 mem_addr=00000000 mem_wd=00000000 mem_rd=00000000
TRACE t=1995000 wb_have=1 pcIF=00000244 instIF=fe5214e3 pcID=00000240 instID=00200293 pcEX=0000023c aluMEM=00ff0ff0 mem_stall=0 mem_waited=0 mem_addr=00ff0ff0 mem_we=0000 mem_rd=0540006f
COMMIT t=1995000 wb_pc=00000234 wb_we=1 wb_rd=x0 wb_val=00000000 IF_pc=00000244 IF_inst=fe5214e3 ID_pc=00000240 ID_inst=00200293 EX_pc=0000023c EX_alu=00000002 mem_stall=0 mem_commit=0 mem_we=0000 mem_addr=00ff0ff0 mem_wd=00000000 mem_rd=0540006f
COMMIT t=2005000 wb_pc=00000238 wb_we=1 wb_rd=x14 wb_val=00ff0ff0 IF_pc=00000248 IF_inst=00ff13b7 ID_pc=00000244 ID_inst=fe5214e3 EX_pc=00000240 EX_alu=00000002 mem_stall=0 mem_commit=0 mem_we=0000 mem_addr=00000002 mem_wd=00ff0000 mem_rd=00000000
COMMIT t=2015000 wb_pc=0000023c wb_we=1 wb_rd=x4 wb_val=00000002 IF_pc=0000024c IF_inst=ff038393 ID_pc=00000248 ID_inst=00ff13b7 EX_pc=00000244 EX_alu=0000022c mem_stall=0 mem_commit=0 mem_we=0000 mem_addr=00000002 mem_wd=00000000 mem_rd=0540006f
COMMIT t=2025000 wb_pc=00000240 wb_we=1 wb_rd=x5 wb_val=00000002 IF_pc=00000250 IF_inst=06771263 ID_pc=0000024c ID_inst=ff038393 EX_pc=00000248 EX_alu=00ff1000 mem_stall=0 mem_commit=0 mem_we=0000 mem_addr=0000022c mem_wd=00000002 mem_rd=0540006f
COMMIT t=2035000 wb_pc=00000244 wb_we=0 wb_rd=x9 wb_val=0000022c IF_pc=00000254 IF_inst=00c00193 ID_pc=00000250 ID_inst=06771263 EX_pc=0000024c EX_alu=00ff0ff0 mem_stall=0 mem_commit=0 mem_we=0000 mem_addr=00ff1000 mem_wd=00000000 mem_rd=00ff10b7
COMMIT t=2045000 wb_pc=00000248 wb_we=1 wb_rd=x7 wb_val=00ff1000 IF_pc=00000258 IF_inst=00000213 ID_pc=00000254 ID_inst=00c00193 EX_pc=00000250 EX_alu=000002b4 mem_stall=0 mem_commit=0 mem_we=0000 mem_addr=00ff0ff0 mem_wd=00000000 mem_rd=00000000
COMMIT t=2055000 wb_pc=0000024c wb_we=1 wb_rd=x7 wb_val=00ff0ff0 IF_pc=0000025c IF_inst=f00ff0b7 ID_pc=00000258 ID_inst=00000213 EX_pc=00000254 EX_alu=0000000c mem_stall=0 mem_commit=0 mem_we=0000 mem_addr=000002b4 mem_wd=00000ff0 mem_rd=00000000
COMMIT t=2065000 wb_pc=00000250 wb_we=0 wb_rd=x4 wb_val=000002b4 IF_pc=00000260 IF_inst=00f08093 ID_pc=0000025c ID_inst=f00ff0b7 EX_pc=00000258 EX_alu=00000000 mem_stall=0 mem_commit=0 mem_we=0000 mem_addr=0000000c mem_wd=00000000 mem_rd=0ff0000f
COMMIT t=2075000 wb_pc=00000254 wb_we=1 wb_rd=x3 wb_val=0000000c IF_pc=00000264 IF_inst=00000013 ID_pc=00000260 ID_inst=00f08093 EX_pc=0000025c EX_alu=f00ff000 mem_stall=0 mem_commit=0 mem_we=0000 mem_addr=00000000 mem_wd=00000000 mem_rd=03ff0a63
COMMIT t=2085000 wb_pc=00000258 wb_we=1 wb_rd=x4 wb_val=00000000 IF_pc=00000268 IF_inst=00000013 ID_pc=00000264 ID_inst=00000013 EX_pc=00000260 EX_alu=f00ff00f mem_stall=0 mem_commit=0 mem_we=0000 mem_addr=f00ff000 mem_wd=00000000 mem_rd=0540006f
COMMIT t=2095000 wb_pc=0000025c wb_we=1 wb_rd=x1 wb_val=f00ff000 IF_pc=0000026c IF_inst=0f00c713 ID_pc=00000268 ID_inst=00000013 EX_pc=00000264 EX_alu=00000000 mem_stall=0 mem_commit=0 mem_we=0000 mem_addr=f00ff00f mem_wd=00000000 mem_rd=00000000
COMMIT t=2105000 wb_pc=00000260 wb_we=1 wb_rd=x1 wb_val=f00ff00f IF_pc=00000270 IF_inst=00120213 ID_pc=0000026c ID_inst=0f00c713 EX_pc=00000268 EX_alu=00000000 mem_stall=0 mem_commit=0 mem_we=0000 mem_addr=00000000 mem_wd=00000000 mem_rd=00000000
COMMIT t=2115000 wb_pc=00000264 wb_we=1 wb_rd=x0 wb_val=00000000 IF_pc=00000274 IF_inst=00200293 ID_pc=00000270 ID_inst=00120213 EX_pc=0000026c EX_alu=f00ff0ff mem_stall=0 mem_commit=0 mem_we=0000 mem_addr=00000000 mem_wd=00000000 mem_rd=0540006f
COMMIT t=2125000 wb_pc=00000268 wb_we=1 wb_rd=x0 wb_val=00000000 IF_pc=00000278 IF_inst=fe5212e3 ID_pc=00000274 ID_inst=00200293 EX_pc=00000270 EX_alu=00000001 mem_stall=0 mem_commit=0 mem_we=0000 mem_addr=f00ff0ff mem_wd=00000000 mem_rd=0540006f
COMMIT t=2135000 wb_pc=0000026c wb_we=1 wb_rd=x14 wb_val=f00ff0ff IF_pc=0000027c IF_inst=f00ff3b7 ID_pc=00000278 ID_inst=fe5212e3 EX_pc=00000274 EX_alu=00000002 mem_stall=0 mem_commit=0 mem_we=0000 mem_addr=00000001 mem_wd=00000f00 mem_rd=00000000
COMMIT t=2145000 wb_pc=00000270 wb_we=1 wb_rd=x4 wb_val=00000001 IF_pc=00000280 IF_inst=0ff38393 ID_pc=0000027c ID_inst=f00ff3b7 EX_pc=00000278 EX_alu=0000025c mem_stall=0 mem_commit=0 mem_we=0000 mem_addr=00000002 mem_wd=00000000 mem_rd=0540006f
COMMIT t=2155000 wb_pc=00000274 wb_we=1 wb_rd=x5 wb_val=00000002 IF_pc=00000000 IF_inst=00000013 ID_pc=00000000 ID_inst=00000013 EX_pc=00000000 EX_alu=00000000 mem_stall=0 mem_commit=0 mem_we=0000 mem_addr=0000025c mem_wd=00000002 mem_rd=0540006f
COMMIT t=2165000 wb_pc=00000278 wb_we=0 wb_rd=x5 wb_val=0000025c IF_pc=00000000 IF_inst=00000013 ID_pc=00000000 ID_inst=00000013 EX_pc=00000000 EX_alu=00000000 mem_stall=0 mem_commit=0 mem_we=0000 mem_addr=00000000 mem_wd=00000000 mem_rd=f00ff0b7
COMMIT t=2195000 wb_pc=00000000 wb_we=1 wb_rd=x0 wb_val=00000000 IF_pc=00000264 IF_inst=00000013 ID_pc=00000260 ID_inst=00f08093 EX_pc=0000025c EX_alu=f00ff000 mem_stall=0 mem_commit=0 mem_we=0000 mem_addr=00000000 mem_wd=00000000 mem_rd=0540006f
COMMIT t=2205000 wb_pc=00000000 wb_we=1 wb_rd=x0 wb_val=00000000 IF_pc=00000268 IF_inst=00000013 ID_pc=00000264 ID_inst=00000013 EX_pc=00000260 EX_alu=f00ff00f mem_stall=0 mem_commit=0 mem_we=0000 mem_addr=f00ff000 mem_wd=00000000 mem_rd=0540006f
COMMIT t=2215000 wb_pc=0000025c wb_we=1 wb_rd=x1 wb_val=f00ff000 IF_pc=0000026c IF_inst=0f00c713 ID_pc=00000268 ID_inst=00000013 EX_pc=00000264 EX_alu=00000000 mem_stall=0 mem_commit=0 mem_we=0000 mem_addr=f00ff00f mem_wd=00000000 mem_rd=00000000
COMMIT t=2225000 wb_pc=00000260 wb_we=1 wb_rd=x1 wb_val=f00ff00f IF_pc=00000270 IF_inst=00120213 ID_pc=0000026c ID_inst=0f00c713 EX_pc=00000268 EX_alu=00000000 mem_stall=0 mem_commit=0 mem_we=0000 mem_addr=00000000 mem_wd=00000000 mem_rd=00000000
COMMIT t=2235000 wb_pc=00000264 wb_we=1 wb_rd=x0 wb_val=00000000 IF_pc=00000274 IF_inst=00200293 ID_pc=00000270 ID_inst=00120213 EX_pc=0000026c EX_alu=f00ff0ff mem_stall=0 mem_commit=0 mem_we=0000 mem_addr=00000000 mem_wd=00000000 mem_rd=0540006f
COMMIT t=2245000 wb_pc=00000268 wb_we=1 wb_rd=x0 wb_val=00000000 IF_pc=00000278 IF_inst=fe5212e3 ID_pc=00000274 ID_inst=00200293 EX_pc=00000270 EX_alu=00000002 mem_stall=0 mem_commit=0 mem_we=0000 mem_addr=f00ff0ff mem_wd=00000000 mem_rd=0540006f
COMMIT t=2255000 wb_pc=0000026c wb_we=1 wb_rd=x14 wb_val=f00ff0ff IF_pc=0000027c IF_inst=f00ff3b7 ID_pc=00000278 ID_inst=fe5212e3 EX_pc=00000274 EX_alu=00000002 mem_stall=0 mem_commit=0 mem_we=0000 mem_addr=00000002 mem_wd=000f0000 mem_rd=00000000
COMMIT t=2265000 wb_pc=00000270 wb_we=1 wb_rd=x4 wb_val=00000002 IF_pc=00000280 IF_inst=0ff38393 ID_pc=0000027c ID_inst=f00ff3b7 EX_pc=00000278 EX_alu=0000025c mem_stall=0 mem_commit=0 mem_we=0000 mem_addr=00000002 mem_wd=00000000 mem_rd=0540006f
COMMIT t=2275000 wb_pc=00000274 wb_we=1 wb_rd=x5 wb_val=00000002 IF_pc=00000284 IF_inst=02771863 ID_pc=00000280 ID_inst=0ff38393 EX_pc=0000027c EX_alu=f00ff000 mem_stall=0 mem_commit=0 mem_we=0000 mem_addr=0000025c mem_wd=00000002 mem_rd=0540006f
COMMIT t=2285000 wb_pc=00000278 wb_we=0 wb_rd=x5 wb_val=0000025c IF_pc=00000288 IF_inst=00d00193 ID_pc=00000284 ID_inst=02771863 EX_pc=00000280 EX_alu=f00ff0ff mem_stall=0 mem_commit=0 mem_we=0000 mem_addr=f00ff000 mem_wd=00000000 mem_rd=f00ff0b7
COMMIT t=2295000 wb_pc=0000027c wb_we=1 wb_rd=x7 wb_val=f00ff000 IF_pc=0000028c IF_inst=0f004093 ID_pc=00000288 ID_inst=00d00193 EX_pc=00000284 EX_alu=000002b4 mem_stall=0 mem_commit=0 mem_we=0000 mem_addr=f00ff0ff mem_wd=00000000 mem_rd=00000000
COMMIT t=2305000 wb_pc=00000280 wb_we=1 wb_rd=x7 wb_val=f00ff0ff IF_pc=00000290 IF_inst=0f000393 ID_pc=0000028c ID_inst=0f004093 EX_pc=00000288 EX_alu=0000000d mem_stall=0 mem_commit=0 mem_we=0000 mem_addr=000002b4 mem_wd=0000f0ff mem_rd=00000000
COMMIT t=2315000 wb_pc=00000284 wb_we=0 wb_rd=x16 wb_val=000002b4 IF_pc=00000294 IF_inst=02709063 ID_pc=00000290 ID_inst=0f000393 EX_pc=0000028c EX_alu=000000f0 mem_stall=0 mem_commit=0 mem_we=0000 mem_addr=0000000d mem_wd=00000f00 mem_rd=0ff0000f
COMMIT t=2325000 wb_pc=00000288 wb_we=1 wb_rd=x3 wb_val=0000000d IF_pc=00000298 IF_inst=00e00193 ID_pc=00000294 ID_inst=02709063 EX_pc=00000290 EX_alu=000000f0 mem_stall=0 mem_commit=0 mem_we=0000 mem_addr=000000f0 mem_wd=00000000 mem_rd=03ff0a63
COMMIT t=2335000 wb_pc=0000028c wb_we=1 wb_rd=x1 wb_val=000000f0 IF_pc=0000029c IF_inst=00ff00b7 ID_pc=00000298 ID_inst=00e00193 EX_pc=00000294 EX_alu=000002b4 mem_stall=0 mem_commit=0 mem_we=0000 mem_addr=000000f0 mem_wd=00000000 mem_rd=0ff016b7
COMMIT t=2345000 wb_pc=00000290 wb_we=1 wb_rd=x7 wb_val=000000f0 IF_pc=000002a0 IF_inst=0ff08093 ID_pc=0000029c ID_inst=00ff00b7 EX_pc=00000298 EX_alu=0000000e mem_stall=0 mem_commit=0 mem_we=0000 mem_addr=000002b4 mem_wd=000000f0 mem_rd=0ff016b7
COMMIT t=2355000 wb_pc=00000294 wb_we=0 wb_rd=x0 wb_val=000002b4 IF_pc=000002a4 IF_inst=70f0c013 ID_pc=000002a0 ID_inst=0ff08093 EX_pc=0000029c EX_alu=00ff0000 mem_stall=0 mem_commit=0 mem_we=0000 mem_addr=0000000e mem_wd=00ff0000 mem_rd=0ff0000f
COMMIT t=2365000 wb_pc=00000298 wb_we=1 wb_rd=x3 wb_val=0000000e IF_pc=000002a8 IF_inst=00000393 ID_pc=000002a4 ID_inst=70f0c013 EX_pc=000002a0 EX_alu=00ff00ff mem_stall=0 mem_commit=0 mem_we=0000 mem_addr=00ff0000 mem_wd=00000000 mem_rd=03ff0a63
COMMIT t=2375000 wb_pc=0000029c wb_we=1 wb_rd=x1 wb_val=00ff0000 IF_pc=000002ac IF_inst=00701463 ID_pc=000002a8 ID_inst=00000393 EX_pc=000002a4 EX_alu=00ff07f0 mem_stall=0 mem_commit=0 mem_we=0000 mem_addr=00ff00ff mem_wd=00000000 mem_rd=00000000
COMMIT t=2385000 wb_pc=000002a0 wb_we=1 wb_rd=x1 wb_val=00ff00ff IF_pc=000002b0 IF_inst=00301c63 ID_pc=000002ac ID_inst=00701463 EX_pc=000002a8 EX_alu=00000000 mem_stall=0 mem_commit=0 mem_we=0000 mem_addr=00ff07f0 mem_wd=00000000 mem_rd=00000000
COMMIT t=2395000 wb_pc=000002a4 wb_we=1 wb_rd=x0 wb_val=00ff07f0 IF_pc=000002b4 IF_inst=0ff0000f ID_pc=000002b0 ID_inst=00301c63 EX_pc=000002ac EX_alu=000002b4 mem_stall=0 mem_commit=0 mem_we=0000 mem_addr=00000000 mem_wd=00000000 mem_rd=00000000
COMMIT t=2405000 wb_pc=000002a8 wb_we=1 wb_rd=x7 wb_val=00000000 IF_pc=000002b8 IF_inst=800002b7 ID_pc=000002b4 ID_inst=0ff0000f EX_pc=000002b0 EX_alu=000002c8 mem_stall=0 mem_commit=0 mem_we=0000 mem_addr=000002b4 mem_wd=00000000 mem_rd=0540006f
COMMIT t=2415000 wb_pc=000002ac wb_we=0 wb_rd=x8 wb_val=000002b4 IF_pc=00000000 IF_inst=00000013 ID_pc=00000000 ID_inst=00000013 EX_pc=00000000 EX_alu=00000000 mem_stall=0 mem_commit=0 mem_we=0000 mem_addr=000002c8 mem_wd=0000000e mem_rd=0ff0000f
COMMIT t=2425000 wb_pc=000002b0 wb_we=0 wb_rd=x24 wb_val=000002c8 IF_pc=00000000 IF_inst=00000013 ID_pc=00000000 ID_inst=00000013 EX_pc=00000000 EX_alu=00000000 mem_stall=0 mem_commit=0 mem_we=0000 mem_addr=00000000 mem_wd=00000000 mem_rd=0ff0000f
COMMIT t=2455000 wb_pc=00000000 wb_we=1 wb_rd=x0 wb_val=00000000 IF_pc=000002d0 IF_inst=00100313 ID_pc=000002cc ID_inst=800002b7 EX_pc=000002c8 EX_alu=000000ff mem_stall=0 mem_commit=0 mem_we=0000 mem_addr=00000000 mem_wd=00000000 mem_rd=0540006f
COMMIT t=2465000 wb_pc=00000000 wb_we=1 wb_rd=x0 wb_val=00000000 IF_pc=000002d4 IF_inst=0062a023 ID_pc=000002d0 ID_inst=00100313 EX_pc=000002cc EX_alu=80000000 mem_stall=0 mem_commit=0 mem_we=0000 mem_addr=000000ff mem_wd=00000000 mem_rd=0540006f
COMMIT t=2475000 wb_pc=000002c8 wb_we=0 wb_rd=x0 wb_val=000000ff IF_pc=000002d8 IF_inst=0000006f ID_pc=000002d4 ID_inst=0062a023 EX_pc=000002d0 EX_alu=00000001 mem_stall=0 mem_commit=0 mem_we=0000 mem_addr=80000000 mem_wd=00000000 mem_rd=0ff013b7
COMMIT t=2485000 wb_pc=000002cc wb_we=1 wb_rd=x5 wb_val=80000000 IF_pc=000002dc IF_inst=c0001073 ID_pc=000002d8 ID_inst=0000006f EX_pc=000002d4 EX_alu=80000000 mem_stall=0 mem_commit=0 mem_we=0000 mem_addr=00000001 mem_wd=0000ff00 mem_rd=00000000
COMMIT t=2495000 wb_pc=000002d0 wb_we=1 wb_rd=x6 wb_val=00000001 IF_pc=000002e0 IF_inst=00000000 ID_pc=000002dc ID_inst=c0001073 EX_pc=000002d8 EX_alu=000002d8 mem_stall=1 mem_commit=0 mem_we=0000 mem_addr=80000000 mem_wd=00000001 mem_rd=0540006f
COMMIT t=2505000 wb_pc=000002d0 wb_we=1 wb_rd=x6 wb_val=00000001 IF_pc=00000000 IF_inst=00000013 ID_pc=00000000 ID_inst=00000013 EX_pc=000002d8 EX_alu=000002d8 mem_stall=0 mem_commit=1 mem_we=1111 mem_addr=80000000 mem_wd=00000001 mem_rd=00000000
MEM_WRITE t=2505000 pc=000002d0 addr=80000000 wd=00000001 ctrl=1
RESULT PASS pc=000002d0 time=2505000

--- console ---
START test_current.mem
RESULT PASS test_current.mem pc=000002d0 time=2505000
D:\riscv32_pipeline\riscv32_pipeline.srcs\sim_1\new\tb_bram_batch.v:142: $finish called at 2505000 (1ps)

