START official_test.mem
COMMIT t=155000 wb_pc=00000000 wb_we=1 wb_rd=x0 wb_val=00000004 IF_pc=00000054 IF_inst=00000093 ID_pc=00000000 ID_inst=00000013 EX_pc=00000000 EX_alu=00000000 EX_m=0 EX_m_f3=000 EX_m_stall=0 mem_we=0 mem_addr=00000000 mem_wd=00000000 mem_rd=0540006f
COMMIT t=185000 wb_pc=00000000 wb_we=1 wb_rd=x0 wb_val=00000000 IF_pc=00000060 IF_inst=00000213 ID_pc=0000005c ID_inst=00000193 EX_pc=00000058 EX_alu=00000000 EX_m=0 EX_m_f3=000 EX_m_stall=0 mem_we=0 mem_addr=00000000 mem_wd=00000000 mem_rd=0540006f
COMMIT t=195000 wb_pc=00000054 wb_we=1 wb_rd=x1 wb_val=00000000 IF_pc=00000064 IF_inst=00000293 ID_pc=00000060 ID_inst=00000213 EX_pc=0000005c EX_alu=00000000 EX_m=0 EX_m_f3=000 EX_m_stall=0 mem_we=0 mem_addr=00000000 mem_wd=00000000 mem_rd=0540006f
COMMIT t=205000 wb_pc=00000058 wb_we=1 wb_rd=x2 wb_val=00000000 IF_pc=00000068 IF_inst=00000313 ID_pc=00000064 ID_inst=00000293 EX_pc=00000060 EX_alu=00000000 EX_m=0 EX_m_f3=000 EX_m_stall=0 mem_we=0 mem_addr=00000000 mem_wd=00000000 mem_rd=0540006f
COMMIT t=215000 wb_pc=0000005c wb_we=1 wb_rd=x3 wb_val=00000000 IF_pc=0000006c IF_inst=00000393 ID_pc=00000068 ID_inst=00000313 EX_pc=00000064 EX_alu=00000000 EX_m=0 EX_m_f3=000 EX_m_stall=0 mem_we=0 mem_addr=00000000 mem_wd=00000000 mem_rd=0540006f
COMMIT t=225000 wb_pc=00000060 wb_we=1 wb_rd=x4 wb_val=00000000 IF_pc=00000070 IF_inst=00000413 ID_pc=0000006c ID_inst=00000393 EX_pc=00000068 EX_alu=00000000 EX_m=0 EX_m_f3=000 EX_m_stall=0 mem_we=0 mem_addr=00000000 mem_wd=00000000 mem_rd=0540006f
COMMIT t=235000 wb_pc=00000064 wb_we=1 wb_rd=x5 wb_val=00000000 IF_pc=00000074 IF_inst=00000493 ID_pc=00000070 ID_inst=00000413 EX_pc=0000006c EX_alu=00000000 EX_m=0 EX_m_f3=000 EX_m_stall=0 mem_we=0 mem_addr=00000000 mem_wd=00000000 mem_rd=0540006f
COMMIT t=245000 wb_pc=00000068 wb_we=1 wb_rd=x6 wb_val=00000000 IF_pc=00000078 IF_inst=00000513 ID_pc=00000074 ID_inst=00000493 EX_pc=00000070 EX_alu=00000000 EX_m=0 EX_m_f3=000 EX_m_stall=0 mem_we=0 mem_addr=00000000 mem_wd=00000000 mem_rd=0540006f
COMMIT t=255000 wb_pc=0000006c wb_we=1 wb_rd=x7 wb_val=00000000 IF_pc=0000007c IF_inst=00000593 ID_pc=00000078 ID_inst=00000513 EX_pc=00000074 EX_alu=00000000 EX_m=0 EX_m_f3=000 EX_m_stall=0 mem_we=0 mem_addr=00000000 mem_wd=00000000 mem_rd=0540006f
COMMIT t=265000 wb_pc=00000070 wb_we=1 wb_rd=x8 wb_val=00000000 IF_pc=00000080 IF_inst=00000613 ID_pc=0000007c ID_inst=00000593 EX_pc=00000078 EX_alu=00000000 EX_m=0 EX_m_f3=000 EX_m_stall=0 mem_we=0 mem_addr=00000000 mem_wd=00000000 mem_rd=0540006f
COMMIT t=275000 wb_pc=00000074 wb_we=1 wb_rd=x9 wb_val=00000000 IF_pc=00000084 IF_inst=00000693 ID_pc=00000080 ID_inst=00000613 EX_pc=0000007c EX_alu=00000000 EX_m=0 EX_m_f3=000 EX_m_stall=0 mem_we=0 mem_addr=00000000 mem_wd=00000000 mem_rd=0540006f
COMMIT t=285000 wb_pc=00000078 wb_we=1 wb_rd=x10 wb_val=00000000 IF_pc=00000088 IF_inst=00000713 ID_pc=00000084 ID_inst=00000693 EX_pc=00000080 EX_alu=00000000 EX_m=0 EX_m_f3=000 EX_m_stall=0 mem_we=0 mem_addr=00000000 mem_wd=00000000 mem_rd=0540006f
COMMIT t=295000 wb_pc=0000007c wb_we=1 wb_rd=x11 wb_val=00000000 IF_pc=0000008c IF_inst=00000793 ID_pc=00000088 ID_inst=00000713 EX_pc=00000084 EX_alu=00000000 EX_m=0 EX_m_f3=000 EX_m_stall=0 mem_we=0 mem_addr=00000000 mem_wd=00000000 mem_rd=0540006f
COMMIT t=305000 wb_pc=00000080 wb_we=1 wb_rd=x12 wb_val=00000000 IF_pc=00000090 IF_inst=00000813 ID_pc=0000008c ID_inst=00000793 EX_pc=00000088 EX_alu=00000000 EX_m=0 EX_m_f3=000 EX_m_stall=0 mem_we=0 mem_addr=00000000 mem_wd=00000000 mem_rd=0540006f
COMMIT t=315000 wb_pc=00000084 wb_we=1 wb_rd=x13 wb_val=00000000 IF_pc=00000094 IF_inst=00000893 ID_pc=00000090 ID_inst=00000813 EX_pc=0000008c EX_alu=00000000 EX_m=0 EX_m_f3=000 EX_m_stall=0 mem_we=0 mem_addr=00000000 mem_wd=00000000 mem_rd=0540006f
COMMIT t=325000 wb_pc=00000088 wb_we=1 wb_rd=x14 wb_val=00000000 IF_pc=00000098 IF_inst=00000913 ID_pc=00000094 ID_inst=00000893 EX_pc=00000090 EX_alu=00000000 EX_m=0 EX_m_f3=000 EX_m_stall=0 mem_we=0 mem_addr=00000000 mem_wd=00000000 mem_rd=0540006f
COMMIT t=335000 wb_pc=0000008c wb_we=1 wb_rd=x15 wb_val=00000000 IF_pc=0000009c IF_inst=00000993 ID_pc=00000098 ID_inst=00000913 EX_pc=00000094 EX_alu=00000000 EX_m=0 EX_m_f3=000 EX_m_stall=0 mem_we=0 mem_addr=00000000 mem_wd=00000000 mem_rd=0540006f
COMMIT t=345000 wb_pc=00000090 wb_we=1 wb_rd=x16 wb_val=00000000 IF_pc=000000a0 IF_inst=00000a13 ID_pc=0000009c ID_inst=00000993 EX_pc=00000098 EX_alu=00000000 EX_m=0 EX_m_f3=000 EX_m_stall=0 mem_we=0 mem_addr=00000000 mem_wd=00000000 mem_rd=0540006f
COMMIT t=355000 wb_pc=00000094 wb_we=1 wb_rd=x17 wb_val=00000000 IF_pc=000000a4 IF_inst=00000a93 ID_pc=000000a0 ID_inst=00000a13 EX_pc=0000009c EX_alu=00000000 EX_m=0 EX_m_f3=000 EX_m_stall=0 mem_we=0 mem_addr=00000000 mem_wd=00000000 mem_rd=0540006f
COMMIT t=365000 wb_pc=00000098 wb_we=1 wb_rd=x18 wb_val=00000000 IF_pc=000000a8 IF_inst=00000b13 ID_pc=000000a4 ID_inst=00000a93 EX_pc=000000a0 EX_alu=00000000 EX_m=0 EX_m_f3=000 EX_m_stall=0 mem_we=0 mem_addr=00000000 mem_wd=00000000 mem_rd=0540006f
COMMIT t=375000 wb_pc=0000009c wb_we=1 wb_rd=x19 wb_val=00000000 IF_pc=000000ac IF_inst=00000b93 ID_pc=000000a8 ID_inst=00000b13 EX_pc=000000a4 EX_alu=00000000 EX_m=0 EX_m_f3=000 EX_m_stall=0 mem_we=0 mem_addr=00000000 mem_wd=00000000 mem_rd=0540006f
COMMIT t=385000 wb_pc=000000a0 wb_we=1 wb_rd=x20 wb_val=00000000 IF_pc=000000b0 IF_inst=00000c13 ID_pc=000000ac ID_inst=00000b93 EX_pc=000000a8 EX_alu=00000000 EX_m=0 EX_m_f3=000 EX_m_stall=0 mem_we=0 mem_addr=00000000 mem_wd=00000000 mem_rd=0540006f
COMMIT t=395000 wb_pc=000000a4 wb_we=1 wb_rd=x21 wb_val=00000000 IF_pc=000000b4 IF_inst=00000c93 ID_pc=000000b0 ID_inst=00000c13 EX_pc=000000ac EX_alu=00000000 EX_m=0 EX_m_f3=000 EX_m_stall=0 mem_we=0 mem_addr=00000000 mem_wd=00000000 mem_rd=0540006f
COMMIT t=405000 wb_pc=000000a8 wb_we=1 wb_rd=x22 wb_val=00000000 IF_pc=000000b8 IF_inst=00000d13 ID_pc=000000b4 ID_inst=00000c93 EX_pc=000000b0 EX_alu=00000000 EX_m=0 EX_m_f3=000 EX_m_stall=0 mem_we=0 mem_addr=00000000 mem_wd=00000000 mem_rd=0540006f
COMMIT t=415000 wb_pc=000000ac wb_we=1 wb_rd=x23 wb_val=00000000 IF_pc=000000bc IF_inst=00000d93 ID_pc=000000b8 ID_inst=00000d13 EX_pc=000000b4 EX_alu=00000000 EX_m=0 EX_m_f3=000 EX_m_stall=0 mem_we=0 mem_addr=00000000 mem_wd=00000000 mem_rd=0540006f
COMMIT t=425000 wb_pc=000000b0 wb_we=1 wb_rd=x24 wb_val=00000000 IF_pc=000000c0 IF_inst=00000e13 ID_pc=000000bc ID_inst=00000d93 EX_pc=000000b8 EX_alu=00000000 EX_m=0 EX_m_f3=000 EX_m_stall=0 mem_we=0 mem_addr=00000000 mem_wd=00000000 mem_rd=0540006f
COMMIT t=435000 wb_pc=000000b4 wb_we=1 wb_rd=x25 wb_val=00000000 IF_pc=000000c4 IF_inst=00000e93 ID_pc=000000c0 ID_inst=00000e13 EX_pc=000000bc EX_alu=00000000 EX_m=0 EX_m_f3=000 EX_m_stall=0 mem_we=0 mem_addr=00000000 mem_wd=00000000 mem_rd=0540006f
COMMIT t=445000 wb_pc=000000b8 wb_we=1 wb_rd=x26 wb_val=00000000 IF_pc=000000c8 IF_inst=00000f13 ID_pc=000000c4 ID_inst=00000e93 EX_pc=000000c0 EX_alu=00000000 EX_m=0 EX_m_f3=000 EX_m_stall=0 mem_we=0 mem_addr=00000000 mem_wd=00000000 mem_rd=0540006f
COMMIT t=455000 wb_pc=000000bc wb_we=1 wb_rd=x27 wb_val=00000000 IF_pc=000000cc IF_inst=00000f93 ID_pc=000000c8 ID_inst=00000f13 EX_pc=000000c4 EX_alu=00000000 EX_m=0 EX_m_f3=000 EX_m_stall=0 mem_we=0 mem_addr=00000000 mem_wd=00000000 mem_rd=0540006f
COMMIT t=465000 wb_pc=000000c0 wb_we=1 wb_rd=x28 wb_val=00000000 IF_pc=000000d0 IF_inst=00200193 ID_pc=000000cc ID_inst=00000f93 EX_pc=000000c8 EX_alu=00000000 EX_m=0 EX_m_f3=000 EX_m_stall=0 mem_we=0 mem_addr=00000000 mem_wd=00000000 mem_rd=0540006f
COMMIT t=475000 wb_pc=000000c4 wb_we=1 wb_rd=x29 wb_val=00000000 IF_pc=000000d4 IF_inst=01400593 ID_pc=000000d0 ID_inst=00200193 EX_pc=000000cc EX_alu=00000000 EX_m=0 EX_m_f3=000 EX_m_stall=0 mem_we=0 mem_addr=00000000 mem_wd=00000000 mem_rd=0540006f
COMMIT t=485000 wb_pc=000000c8 wb_we=1 wb_rd=x30 wb_val=00000000 IF_pc=000000d8 IF_inst=00600613 ID_pc=000000d4 ID_inst=01400593 EX_pc=000000d0 EX_alu=00000002 EX_m=0 EX_m_f3=000 EX_m_stall=0 mem_we=0 mem_addr=00000000 mem_wd=00000000 mem_rd=0540006f
COMMIT t=495000 wb_pc=000000cc wb_we=1 wb_rd=x31 wb_val=00000000 IF_pc=000000dc IF_inst=02c5c733 ID_pc=000000d8 ID_inst=00600613 EX_pc=000000d4 EX_alu=00000014 EX_m=0 EX_m_f3=000 EX_m_stall=0 mem_we=0 mem_addr=00000002 mem_wd=0000006f mem_rd=0540006f
COMMIT t=505000 wb_pc=000000d0 wb_we=1 wb_rd=x3 wb_val=00000002 IF_pc=000000e0 IF_inst=00300393 ID_pc=000000dc ID_inst=02c5c733 EX_pc=000000d8 EX_alu=00000006 EX_m=0 EX_m_f3=000 EX_m_stall=0 mem_we=0 mem_addr=00000014 mem_wd=00000000 mem_rd=03ff0663
COMMIT t=515000 wb_pc=000000d4 wb_we=1 wb_rd=x11 wb_val=00000014 IF_pc=000000e4 IF_inst=0c771463 ID_pc=000000e0 ID_inst=00300393 EX_pc=000000dc EX_alu=xxxxxxxx EX_m=1 EX_m_f3=100 EX_m_stall=1 mem_we=0 mem_addr=00000006 mem_wd=00000063 mem_rd=34202f73
M_START t=515000 pc=000000dc func3=100 rs1=00000014 rs2=00000006
COMMIT t=525000 wb_pc=000000d8 wb_we=1 wb_rd=x12 wb_val=00000006 IF_pc=000000e4 IF_inst=0c771463 ID_pc=000000e0 ID_inst=00300393 EX_pc=000000dc EX_alu=xxxxxxxx EX_m=1 EX_m_f3=100 EX_m_stall=1 mem_we=0 mem_addr=00000000 mem_wd=00000000 mem_rd=0540006f
COMMIT t=535000 wb_pc=fffffffc wb_we=0 wb_rd=x0 wb_val=00000000 IF_pc=000000e4 IF_inst=0c771463 ID_pc=000000e0 ID_inst=00300393 EX_pc=000000dc EX_alu=xxxxxxxx EX_m=1 EX_m_f3=100 EX_m_stall=1 mem_we=0 mem_addr=00000000 mem_wd=00000000 mem_rd=0540006f
M_DONE t=865000 pc=000000dc func3=100 result=00000003
COMMIT t=895000 wb_pc=000000e0 wb_we=1 wb_rd=x7 wb_val=00000003 IF_pc=000000f0 IF_inst=00600613 ID_pc=000000ec ID_inst=fec00593 EX_pc=000000e8 EX_alu=00000003 EX_m=0 EX_m_f3=000 EX_m_stall=0 mem_we=0 mem_addr=000001ac mem_wd=00000003 mem_rd=0ff0000f
COMMIT t=905000 wb_pc=000000e4 wb_we=0 wb_rd=x8 wb_val=000001ac IF_pc=000000f4 IF_inst=02c5c733 ID_pc=000000f0 ID_inst=00600613 EX_pc=000000ec EX_alu=ffffffec EX_m=0 EX_m_f3=000 EX_m_stall=0 mem_we=0 mem_addr=00000003 mem_wd=0200000f mem_rd=0540006f
COMMIT t=915000 wb_pc=000000e8 wb_we=1 wb_rd=x3 wb_val=00000003 IF_pc=000000f8 IF_inst=ffd00393 ID_pc=000000f4 ID_inst=02c5c733 EX_pc=000000f0 EX_alu=00000006 EX_m=0 EX_m_f3=000 EX_m_stall=0 mem_we=0 mem_addr=ffffffec mem_wd=00000006 mem_rd=00000000
COMMIT t=925000 wb_pc=000000ec wb_we=1 wb_rd=x11 wb_val=ffffffec IF_pc=000000fc IF_inst=0a771863 ID_pc=000000f8 ID_inst=ffd00393 EX_pc=000000f4 EX_alu=00000003 EX_m=1 EX_m_f3=100 EX_m_stall=1 mem_we=0 mem_addr=00000006 mem_wd=00000000 mem_rd=34202f73
M_START t=925000 pc=000000f4 func3=100 rs1=ffffffec rs2=00000006
COMMIT t=935000 wb_pc=000000f0 wb_we=1 wb_rd=x12 wb_val=00000006 IF_pc=000000fc IF_inst=0a771863 ID_pc=000000f8 ID_inst=ffd00393 EX_pc=000000f4 EX_alu=00000003 EX_m=1 EX_m_f3=100 EX_m_stall=1 mem_we=0 mem_addr=00000000 mem_wd=00000000 mem_rd=0540006f
COMMIT t=945000 wb_pc=fffffffc wb_we=0 wb_rd=x0 wb_val=00000000 IF_pc=000000fc IF_inst=0a771863 ID_pc=000000f8 ID_inst=ffd00393 EX_pc=000000f4 EX_alu=00000003 EX_m=1 EX_m_f3=100 EX_m_stall=1 mem_we=0 mem_addr=00000000 mem_wd=00000000 mem_rd=0540006f
M_DONE t=1275000 pc=000000f4 func3=100 result=fffffffd
COMMIT t=1305000 wb_pc=000000f8 wb_we=1 wb_rd=x7 wb_val=fffffffd IF_pc=00000108 IF_inst=ffa00613 ID_pc=00000104 ID_inst=01400593 EX_pc=00000100 EX_alu=00000004 EX_m=0 EX_m_f3=000 EX_m_stall=0 mem_we=0 mem_addr=000001ac mem_wd=0000fffd mem_rd=0ff0000f
COMMIT t=1315000 wb_pc=000000fc wb_we=0 wb_rd=x16 wb_val=000001ac IF_pc=0000010c IF_inst=02c5c733 ID_pc=00000108 ID_inst=ffa00613 EX_pc=00000104 EX_alu=00000014 EX_m=0 EX_m_f3=000 EX_m_stall=0 mem_we=0 mem_addr=00000004 mem_wd=00000000 mem_rd=34202f73
COMMIT t=1325000 wb_pc=00000100 wb_we=1 wb_rd=x3 wb_val=00000004 IF_pc=00000110 IF_inst=ffd00393 ID_pc=0000010c ID_inst=02c5c733 EX_pc=00000108 EX_alu=fffffffa EX_m=0 EX_m_f3=000 EX_m_stall=0 mem_we=0 mem_addr=00000014 mem_wd=00000000 mem_rd=03ff0663
COMMIT t=1335000 wb_pc=00000104 wb_we=1 wb_rd=x11 wb_val=00000014 IF_pc=00000114 IF_inst=08771c63 ID_pc=00000110 ID_inst=ffd00393 EX_pc=0000010c EX_alu=fffffffd EX_m=1 EX_m_f3=100 EX_m_stall=1 mem_we=0 mem_addr=fffffffa mem_wd=00000063 mem_rd=00000000
M_START t=1335000 pc=0000010c func3=100 rs1=00000014 rs2=fffffffa
COMMIT t=1345000 wb_pc=00000108 wb_we=1 wb_rd=x12 wb_val=fffffffa IF_pc=00000114 IF_inst=08771c63 ID_pc=00000110 ID_inst=ffd00393 EX_pc=0000010c EX_alu=fffffffd EX_m=1 EX_m_f3=100 EX_m_stall=1 mem_we=0 mem_addr=00000000 mem_wd=00000000 mem_rd=0540006f
COMMIT t=1355000 wb_pc=fffffffc wb_we=0 wb_rd=x0 wb_val=00000000 IF_pc=00000114 IF_inst=08771c63 ID_pc=00000110 ID_inst=ffd00393 EX_pc=0000010c EX_alu=fffffffd EX_m=1 EX_m_f3=100 EX_m_stall=1 mem_we=0 mem_addr=00000000 mem_wd=00000000 mem_rd=0540006f
M_DONE t=1685000 pc=0000010c func3=100 result=fffffffd
COMMIT t=1715000 wb_pc=00000110 wb_we=1 wb_rd=x7 wb_val=fffffffd IF_pc=00000120 IF_inst=ffa00613 ID_pc=0000011c ID_inst=fec00593 EX_pc=00000118 EX_alu=00000005 EX_m=0 EX_m_f3=000 EX_m_stall=0 mem_we=0 mem_addr=000001ac mem_wd=0000fffd mem_rd=0ff0000f
COMMIT t=1725000 wb_pc=00000114 wb_we=0 wb_rd=x24 wb_val=000001ac IF_pc=00000124 IF_inst=02c5c733 ID_pc=00000120 ID_inst=ffa00613 EX_pc=0000011c EX_alu=ffffffec EX_m=0 EX_m_f3=000 EX_m_stall=0 mem_we=0 mem_addr=00000005 mem_wd=0000000f mem_rd=34202f73
COMMIT t=1735000 wb_pc=00000118 wb_we=1 wb_rd=x3 wb_val=00000005 IF_pc=00000128 IF_inst=00300393 ID_pc=00000124 ID_inst=02c5c733 EX_pc=00000120 EX_alu=fffffffa EX_m=0 EX_m_f3=000 EX_m_stall=0 mem_we=0 mem_addr=ffffffec mem_wd=000000fa mem_rd=00000000
COMMIT t=1745000 wb_pc=0000011c wb_we=1 wb_rd=x11 wb_val=ffffffec IF_pc=0000012c IF_inst=08771063 ID_pc=00000128 ID_inst=00300393 EX_pc=00000124 EX_alu=fffffffd EX_m=1 EX_m_f3=100 EX_m_stall=1 mem_we=0 mem_addr=fffffffa mem_wd=00000000 mem_rd=00000000
M_START t=1745000 pc=00000124 func3=100 rs1=ffffffec rs2=fffffffa
COMMIT t=1755000 wb_pc=00000120 wb_we=1 wb_rd=x12 wb_val=fffffffa IF_pc=0000012c IF_inst=08771063 ID_pc=00000128 ID_inst=00300393 EX_pc=00000124 EX_alu=fffffffd EX_m=1 EX_m_f3=100 EX_m_stall=1 mem_we=0 mem_addr=00000000 mem_wd=00000000 mem_rd=0540006f
COMMIT t=1765000 wb_pc=fffffffc wb_we=0 wb_rd=x0 wb_val=00000000 IF_pc=0000012c IF_inst=08771063 ID_pc=00000128 ID_inst=00300393 EX_pc=00000124 EX_alu=fffffffd EX_m=1 EX_m_f3=100 EX_m_stall=1 mem_we=0 mem_addr=00000000 mem_wd=00000000 mem_rd=0540006f
M_DONE t=2095000 pc=00000124 func3=100 result=00000003
COMMIT t=2125000 wb_pc=00000128 wb_we=1 wb_rd=x7 wb_val=00000003 IF_pc=00000138 IF_inst=00100613 ID_pc=00000134 ID_inst=800005b7 EX_pc=00000130 EX_alu=00000006 EX_m=0 EX_m_f3=000 EX_m_stall=0 mem_we=0 mem_addr=000001ac mem_wd=00000003 mem_rd=0ff0000f
COMMIT t=2135000 wb_pc=0000012c wb_we=0 wb_rd=x0 wb_val=000001ac IF_pc=0000013c IF_inst=02c5c733 ID_pc=00000138 ID_inst=00100613 EX_pc=00000134 EX_alu=80000000 EX_m=0 EX_m_f3=000 EX_m_stall=0 mem_we=0 mem_addr=00000006 mem_wd=0000000f mem_rd=34202f73
COMMIT t=2145000 wb_pc=00000130 wb_we=1 wb_rd=x3 wb_val=00000006 IF_pc=00000140 IF_inst=800003b7 ID_pc=0000013c ID_inst=02c5c733 EX_pc=00000138 EX_alu=00000001 EX_m=0 EX_m_f3=000 EX_m_stall=0 mem_we=0 mem_addr=80000000 mem_wd=00000000 mem_rd=00000000
COMMIT t=2155000 wb_pc=00000134 wb_we=1 wb_rd=x11 wb_val=80000000 IF_pc=00000144 IF_inst=06771463 ID_pc=00000140 ID_inst=800003b7 EX_pc=0000013c EX_alu=00000003 EX_m=1 EX_m_f3=100 EX_m_stall=1 mem_we=0 mem_addr=00000001 mem_wd=00000000 mem_rd=0540006f
M_START t=2155000 pc=0000013c func3=100 rs1=80000000 rs2=00000001
COMMIT t=2165000 wb_pc=00000138 wb_we=1 wb_rd=x12 wb_val=00000001 IF_pc=00000144 IF_inst=06771463 ID_pc=00000140 ID_inst=800003b7 EX_pc=0000013c EX_alu=00000003 EX_m=1 EX_m_f3=100 EX_m_stall=1 mem_we=0 mem_addr=00000000 mem_wd=00000000 mem_rd=0540006f
COMMIT t=2175000 wb_pc=fffffffc wb_we=0 wb_rd=x0 wb_val=00000000 IF_pc=00000144 IF_inst=06771463 ID_pc=00000140 ID_inst=800003b7 EX_pc=0000013c EX_alu=00000003 EX_m=1 EX_m_f3=100 EX_m_stall=1 mem_we=0 mem_addr=00000000 mem_wd=00000000 mem_rd=0540006f
M_DONE t=2505000 pc=0000013c func3=100 result=80000000
COMMIT t=2535000 wb_pc=00000140 wb_we=1 wb_rd=x7 wb_val=80000000 IF_pc=00000150 IF_inst=fff00613 ID_pc=0000014c ID_inst=800005b7 EX_pc=00000148 EX_alu=00000007 EX_m=0 EX_m_f3=000 EX_m_stall=0 mem_we=0 mem_addr=000001ac mem_wd=00000000 mem_rd=0ff0000f
COMMIT t=2545000 wb_pc=00000144 wb_we=0 wb_rd=x8 wb_val=000001ac IF_pc=00000154 IF_inst=02c5c733 ID_pc=00000150 ID_inst=fff00613 EX_pc=0000014c EX_alu=80000000 EX_m=0 EX_m_f3=000 EX_m_stall=0 mem_we=0 mem_addr=00000007 mem_wd=0000000f mem_rd=34202f73
COMMIT t=2555000 wb_pc=00000148 wb_we=1 wb_rd=x3 wb_val=00000007 IF_pc=00000158 IF_inst=800003b7 ID_pc=00000154 ID_inst=02c5c733 EX_pc=00000150 EX_alu=ffffffff EX_m=0 EX_m_f3=000 EX_m_stall=0 mem_we=0 mem_addr=80000000 mem_wd=00000000 mem_rd=00000000
COMMIT t=2565000 wb_pc=0000014c wb_we=1 wb_rd=x11 wb_val=80000000 IF_pc=0000015c IF_inst=04771863 ID_pc=00000158 ID_inst=800003b7 EX_pc=00000154 EX_alu=80000000 EX_m=1 EX_m_f3=100 EX_m_stall=1 mem_we=0 mem_addr=ffffffff mem_wd=00000000 mem_rd=00000000
M_START t=2565000 pc=00000154 func3=100 rs1=80000000 rs2=ffffffff
COMMIT t=2575000 wb_pc=00000150 wb_we=1 wb_rd=x12 wb_val=ffffffff IF_pc=0000015c IF_inst=04771863 ID_pc=00000158 ID_inst=800003b7 EX_pc=00000154 EX_alu=80000000 EX_m=1 EX_m_f3=100 EX_m_stall=1 mem_we=0 mem_addr=00000000 mem_wd=00000000 mem_rd=0540006f
COMMIT t=2585000 wb_pc=fffffffc wb_we=0 wb_rd=x0 wb_val=00000000 IF_pc=0000015c IF_inst=04771863 ID_pc=00000158 ID_inst=800003b7 EX_pc=00000154 EX_alu=80000000 EX_m=1 EX_m_f3=100 EX_m_stall=1 mem_we=0 mem_addr=00000000 mem_wd=00000000 mem_rd=0540006f
M_DONE t=2915000 pc=00000154 func3=100 result=80000000
COMMIT t=2945000 wb_pc=00000158 wb_we=1 wb_rd=x7 wb_val=80000000 IF_pc=00000168 IF_inst=00000613 ID_pc=00000164 ID_inst=800005b7 EX_pc=00000160 EX_alu=00000008 EX_m=0 EX_m_f3=000 EX_m_stall=0 mem_we=0 mem_addr=000001ac mem_wd=00000000 mem_rd=0ff0000f
COMMIT t=2955000 wb_pc=0000015c wb_we=0 wb_rd=x16 wb_val=000001ac IF_pc=0000016c IF_inst=02c5c733 ID_pc=00000168 ID_inst=00000613 EX_pc=00000164 EX_alu=80000000 EX_m=0 EX_m_f3=000 EX_m_stall=0 mem_we=0 mem_addr=00000008 mem_wd=00000000 mem_rd=00800f93
COMMIT t=2965000 wb_pc=00000160 wb_we=1 wb_rd=x3 wb_val=00000008 IF_pc=00000170 IF_inst=fff00393 ID_pc=0000016c ID_inst=02c5c733 EX_pc=00000168 EX_alu=00000000 EX_m=0 EX_m_f3=000 EX_m_stall=0 mem_we=0 mem_addr=80000000 mem_wd=ffffff00 mem_rd=00000000
COMMIT t=2975000 wb_pc=00000164 wb_we=1 wb_rd=x11 wb_val=80000000 IF_pc=00000174 IF_inst=02771c63 ID_pc=00000170 ID_inst=fff00393 EX_pc=0000016c EX_alu=80000000 EX_m=1 EX_m_f3=100 EX_m_stall=1 mem_we=0 mem_addr=00000000 mem_wd=00000000 mem_rd=0540006f
M_START t=2975000 pc=0000016c func3=100 rs1=80000000 rs2=00000000
COMMIT t=2985000 wb_pc=00000168 wb_we=1 wb_rd=x12 wb_val=00000000 IF_pc=00000174 IF_inst=02771c63 ID_pc=00000170 ID_inst=fff00393 EX_pc=0000016c EX_alu=80000000 EX_m=1 EX_m_f3=100 EX_m_stall=1 mem_we=0 mem_addr=00000000 mem_wd=00000000 mem_rd=0540006f
COMMIT t=2995000 wb_pc=fffffffc wb_we=0 wb_rd=x0 wb_val=00000000 IF_pc=00000174 IF_inst=02771c63 ID_pc=00000170 ID_inst=fff00393 EX_pc=0000016c EX_alu=80000000 EX_m=1 EX_m_f3=100 EX_m_stall=1 mem_we=0 mem_addr=00000000 mem_wd=00000000 mem_rd=0540006f
M_DONE t=3005000 pc=0000016c func3=100 result=ffffffff
COMMIT t=3035000 wb_pc=00000170 wb_we=1 wb_rd=x7 wb_val=ffffffff IF_pc=00000180 IF_inst=00000613 ID_pc=0000017c ID_inst=00100593 EX_pc=00000178 EX_alu=00000009 EX_m=0 EX_m_f3=000 EX_m_stall=0 mem_we=0 mem_addr=000001ac mem_wd=0000ffff mem_rd=0ff0000f
COMMIT t=3045000 wb_pc=00000174 wb_we=0 wb_rd=x24 wb_val=000001ac IF_pc=00000184 IF_inst=02c5c733 ID_pc=00000180 ID_inst=00000613 EX_pc=0000017c EX_alu=00000001 EX_m=0 EX_m_f3=000 EX_m_stall=0 mem_we=0 mem_addr=00000009 mem_wd=0000000f mem_rd=00800f93
COMMIT t=3055000 wb_pc=00000178 wb_we=1 wb_rd=x3 wb_val=00000009 IF_pc=00000188 IF_inst=fff00393 ID_pc=00000184 ID_inst=02c5c733 EX_pc=00000180 EX_alu=00000000 EX_m=0 EX_m_f3=000 EX_m_stall=0 mem_we=0 mem_addr=00000001 mem_wd=0000000f mem_rd=0540006f
COMMIT t=3065000 wb_pc=0000017c wb_we=1 wb_rd=x11 wb_val=00000001 IF_pc=0000018c IF_inst=02771063 ID_pc=00000188 ID_inst=fff00393 EX_pc=00000184 EX_alu=ffffffff EX_m=1 EX_m_f3=100 EX_m_stall=1 mem_we=0 mem_addr=00000000 mem_wd=00000000 mem_rd=0540006f
M_START t=3065000 pc=00000184 func3=100 rs1=00000001 rs2=00000000
COMMIT t=3075000 wb_pc=00000180 wb_we=1 wb_rd=x12 wb_val=00000000 IF_pc=0000018c IF_inst=02771063 ID_pc=00000188 ID_inst=fff00393 EX_pc=00000184 EX_alu=ffffffff EX_m=1 EX_m_f3=100 EX_m_stall=1 mem_we=0 mem_addr=00000000 mem_wd=00000000 mem_rd=0540006f
COMMIT t=3085000 wb_pc=fffffffc wb_we=0 wb_rd=x0 wb_val=00000000 IF_pc=0000018c IF_inst=02771063 ID_pc=00000188 ID_inst=fff00393 EX_pc=00000184 EX_alu=ffffffff EX_m=1 EX_m_f3=100 EX_m_stall=1 mem_we=0 mem_addr=00000000 mem_wd=00000000 mem_rd=0540006f
M_DONE t=3095000 pc=00000184 func3=100 result=ffffffff
COMMIT t=3125000 wb_pc=00000188 wb_we=1 wb_rd=x7 wb_val=ffffffff IF_pc=00000198 IF_inst=00000613 ID_pc=00000194 ID_inst=00000593 EX_pc=00000190 EX_alu=0000000a EX_m=0 EX_m_f3=000 EX_m_stall=0 mem_we=0 mem_addr=000001ac mem_wd=0000ffff mem_rd=0ff0000f
COMMIT t=3135000 wb_pc=0000018c wb_we=0 wb_rd=x0 wb_val=000001ac IF_pc=0000019c IF_inst=02c5c733 ID_pc=00000198 ID_inst=00000613 EX_pc=00000194 EX_alu=00000000 EX_m=0 EX_m_f3=000 EX_m_stall=0 mem_we=0 mem_addr=0000000a mem_wd=0000000f mem_rd=00800f93
COMMIT t=3145000 wb_pc=00000190 wb_we=1 wb_rd=x3 wb_val=0000000a IF_pc=000001a0 IF_inst=fff00393 ID_pc=0000019c ID_inst=02c5c733 EX_pc=00000198 EX_alu=00000000 EX_m=0 EX_m_f3=000 EX_m_stall=0 mem_we=0 mem_addr=00000000 mem_wd=ffffff00 mem_rd=0540006f
COMMIT t=3155000 wb_pc=00000194 wb_we=1 wb_rd=x11 wb_val=00000000 IF_pc=000001a4 IF_inst=00771463 ID_pc=000001a0 ID_inst=fff00393 EX_pc=0000019c EX_alu=ffffffff EX_m=1 EX_m_f3=100 EX_m_stall=1 mem_we=0 mem_addr=00000000 mem_wd=00000000 mem_rd=0540006f
M_START t=3155000 pc=0000019c func3=100 rs1=00000000 rs2=00000000
COMMIT t=3165000 wb_pc=00000198 wb_we=1 wb_rd=x12 wb_val=00000000 IF_pc=000001a4 IF_inst=00771463 ID_pc=000001a0 ID_inst=fff00393 EX_pc=0000019c EX_alu=ffffffff EX_m=1 EX_m_f3=100 EX_m_stall=1 mem_we=0 mem_addr=00000000 mem_wd=00000000 mem_rd=0540006f
COMMIT t=3175000 wb_pc=fffffffc wb_we=0 wb_rd=x0 wb_val=00000000 IF_pc=000001a4 IF_inst=00771463 ID_pc=000001a0 ID_inst=fff00393 EX_pc=0000019c EX_alu=ffffffff EX_m=1 EX_m_f3=100 EX_m_stall=1 mem_we=0 mem_addr=00000000 mem_wd=00000000 mem_rd=0540006f
M_DONE t=3185000 pc=0000019c func3=100 result=ffffffff
COMMIT t=3215000 wb_pc=000001a0 wb_we=1 wb_rd=x7 wb_val=ffffffff IF_pc=000001b0 IF_inst=800002b7 ID_pc=000001ac ID_inst=0ff0000f EX_pc=000001a8 EX_alu=000001c0 EX_m=0 EX_m_f3=001 EX_m_stall=0 mem_we=0 mem_addr=000001ac mem_wd=0000ffff mem_rd=0ff0000f
COMMIT t=3225000 wb_pc=000001a4 wb_we=0 wb_rd=x8 wb_val=000001ac IF_pc=00000000 IF_inst=00000013 ID_pc=00000000 ID_inst=00000013 EX_pc=00000000 EX_alu=00000000 EX_m=0 EX_m_f3=000 EX_m_stall=0 mem_we=0 mem_addr=000001c0 mem_wd=0000000a mem_rd=0ff0000f
COMMIT t=3235000 wb_pc=000001a8 wb_we=0 wb_rd=x24 wb_val=000001c0 IF_pc=000001c0 IF_inst=0ff0000f ID_pc=00000000 ID_inst=00000013 EX_pc=00000000 EX_alu=00000000 EX_m=0 EX_m_f3=000 EX_m_stall=0 mem_we=0 mem_addr=00000000 mem_wd=00000000 mem_rd=0540006f
COMMIT t=3265000 wb_pc=00000000 wb_we=1 wb_rd=x0 wb_val=00000000 IF_pc=000001cc IF_inst=0062a023 ID_pc=000001c8 ID_inst=00100313 EX_pc=000001c4 EX_alu=80000000 EX_m=0 EX_m_f3=000 EX_m_stall=0 mem_we=0 mem_addr=000000ff mem_wd=0000006f mem_rd=0a771863
COMMIT t=3275000 wb_pc=000001c0 wb_we=1 wb_rd=x0 wb_val=000000ff IF_pc=000001d0 IF_inst=0000006f ID_pc=000001cc ID_inst=0062a023 EX_pc=000001c8 EX_alu=00000001 EX_m=0 EX_m_f3=000 EX_m_stall=0 mem_we=0 mem_addr=80000000 mem_wd=00000000 mem_rd=00000000
COMMIT t=3285000 wb_pc=000001c4 wb_we=1 wb_rd=x5 wb_val=80000000 IF_pc=000001d4 IF_inst=c0001073 ID_pc=000001d0 ID_inst=0000006f EX_pc=000001cc EX_alu=80000000 EX_m=0 EX_m_f3=010 EX_m_stall=0 mem_we=0 mem_addr=00000001 mem_wd=00000000 mem_rd=0540006f
COMMIT t=3295000 wb_pc=000001c8 wb_we=1 wb_rd=x6 wb_val=00000001 IF_pc=000001d8 IF_inst=00000000 ID_pc=000001d4 ID_inst=c0001073 EX_pc=000001d0 EX_alu=000001d0 EX_m=0 EX_m_f3=000 EX_m_stall=0 mem_we=1 mem_addr=80000000 mem_wd=00000001 mem_rd=00000000
MEM_WRITE t=3295000 pc=000001c8 addr=80000000 wd=00000001 ctrl=1
RESULT PASS pc=000001c8 time=3295000
