Branch predictor accuracy simulation start
mem file: D:/riscv32_pipeline/riscv32_pipeline.ip_user_files/mem_init_files/coremark_uart.mem
cycle,pc_ex,pc_if,pc_id,actual_kind,actual_taken,predicted_taken,correct,risk_ctrl,bht_hit,btb_hit,bht_jump
11,0000001c,00000024,00000020,B,0,0,1,0,0,0,0
15,00000028,00000030,0000002c,J,1,0,0,1,0,0,0
20,0000001c,00000024,00000020,B,0,0,1,0,0,0,0
24,00000028,00000030,0000002c,J,1,0,0,1,0,1,0
29,0000001c,00000024,00000020,B,0,0,1,0,0,0,0
33,00000028,00000030,0000002c,J,1,0,0,1,0,1,0
38,0000001c,00000024,00000020,B,0,0,1,0,0,0,0
42,00000028,00000030,0000002c,J,1,0,0,1,0,1,0
47,0000001c,00000024,00000020,B,0,0,1,0,0,0,0
51,00000028,00000030,0000002c,J,1,0,0,1,0,1,0
56,0000001c,00000024,00000020,B,0,0,1,0,0,0,0
60,00000028,00000030,0000002c,J,1,0,0,1,0,1,0
65,0000001c,00000024,00000020,B,1,0,0,1,0,0,0
70,0000002c,00000034,00000030,J,1,0,0,1,0,0,0
118,00000880,00000000,00000000,J,1,0,0,1,0,0,0
131,000020dc,00000000,00000000,J,1,0,0,1,0,0,0
180,000024d0,000024d8,000024d4,B,0,0,1,0,0,0,0
194,00002508,00002510,0000250c,B,0,0,1,0,0,0,0
203,0000251c,00002524,00002520,B,1,0,0,1,0,0,0
209,00002508,00002510,0000250c,B,0,0,1,0,0,0,0
218,0000251c,00002524,00002520,B,1,0,0,1,0,0,0
224,00002508,00002510,0000250c,B,0,0,1,0,0,0,0
233,0000251c,00002524,00002520,B,1,0,0,1,0,0,0
239,00002508,00002510,0000250c,B,0,0,1,0,0,0,0
248,0000251c,00002524,00002520,B,1,0,0,1,0,0,0
254,00002508,00002510,0000250c,B,0,0,1,0,0,0,0
263,0000251c,00002524,00002520,B,1,0,0,1,0,0,0
269,00002508,00002510,0000250c,B,0,0,1,0,0,0,0
278,0000251c,00002524,00002520,B,1,0,0,1,0,0,0
284,00002508,00002510,0000250c,B,0,0,1,0,0,0,0
293,0000251c,00002524,00002520,B,1,0,0,1,0,0,0
299,00002508,00002510,0000250c,B,0,0,1,0,0,0,0
308,0000251c,00002524,00002520,B,1,0,0,1,0,0,0
314,00002508,00002510,0000250c,B,0,0,1,0,0,0,0
323,0000251c,00002524,00002520,B,1,0,0,1,0,0,0
329,00002508,00002510,0000250c,B,0,0,1,0,0,0,0
338,0000251c,00002524,00002520,B,1,0,0,1,0,0,0
344,00002508,00002510,0000250c,B,0,0,1,0,0,0,0
353,0000251c,00002524,00002520,B,1,0,0,1,0,0,0
359,00002508,00002510,0000250c,B,0,0,1,0,0,0,0
368,0000251c,00002524,00002520,B,1,0,0,1,0,0,0
374,00002508,00002510,0000250c,B,0,0,1,0,0,0,0
383,0000251c,00002524,00002520,B,1,0,0,1,0,0,0
389,00002508,00002510,0000250c,B,0,0,1,0,0,0,0
398,0000251c,00002524,00002520,B,1,0,0,1,0,0,0
404,00002508,00002510,0000250c,B,0,0,1,0,0,0,0
413,0000251c,00002524,00002520,B,1,0,0,1,0,0,0
419,00002508,00002510,0000250c,B,0,0,1,0,0,0,0
428,0000251c,00002524,00002520,B,1,0,0,1,0,0,0
434,00002508,00002510,0000250c,B,0,0,1,0,0,0,0
443,0000251c,00002524,00002520,B,1,0,0,1,0,0,0
449,00002508,00002510,0000250c,B,0,0,1,0,0,0,0
458,0000251c,00002524,00002520,B,1,0,0,1,0,0,0
464,00002508,00002510,0000250c,B,0,0,1,0,0,0,0
473,0000251c,00002524,00002520,B,1,0,0,1,0,0,0
479,00002508,00002510,0000250c,B,0,0,1,0,0,0,0
488,0000251c,00002524,00002520,B,1,0,0,1,0,0,0
494,00002508,00002510,0000250c,B,0,0,1,0,0,0,0
503,0000251c,00002524,00002520,B,1,0,0,1,0,0,0
509,00002508,00002510,0000250c,B,0,0,1,0,0,0,0
518,0000251c,00002524,00002520,B,1,0,0,1,0,0,0
524,00002508,00002510,0000250c,B,0,0,1,0,0,0,0
533,0000251c,00002524,00002520,B,1,0,0,1,0,0,0
539,00002508,00002510,0000250c,B,0,0,1,0,0,0,0
548,0000251c,00002524,00002520,B,1,0,0,1,0,0,0
554,00002508,00002510,0000250c,B,0,0,1,0,0,0,0
563,0000251c,00002524,00002520,B,1,0,0,1,0,0,0
569,00002508,00002510,0000250c,B,0,0,1,0,0,0,0
578,0000251c,00002524,00002520,B,1,0,0,1,0,0,0
584,00002508,00002510,0000250c,B,0,0,1,0,0,0,0
593,0000251c,00002524,00002520,B,1,0,0,1,0,0,0
599,00002508,00002510,0000250c,B,0,0,1,0,0,0,0
608,0000251c,00002524,00002520,B,1,0,0,1,0,0,0
614,00002508,00002510,0000250c,B,0,0,1,0,0,0,0
623,0000251c,00002524,00002520,B,1,0,0,1,0,0,0
629,00002508,00002510,0000250c,B,0,0,1,0,0,0,0
638,0000251c,00002524,00002520,B,1,0,0,1,0,0,0
644,00002508,00002510,0000250c,B,0,0,1,0,0,0,0
653,0000251c,00002524,00002520,B,1,0,0,1,0,0,0
659,00002508,00002510,0000250c,B,0,0,1,0,0,0,0
668,0000251c,00002524,00002520,B,1,0,0,1,0,0,0
674,00002508,00002510,0000250c,B,0,0,1,0,0,0,0
683,0000251c,00002524,00002520,B,1,0,0,1,0,0,0
689,00002508,00002510,0000250c,B,0,0,1,0,0,0,0
698,0000251c,00002524,00002520,B,1,0,0,1,0,0,0
704,00002508,00002510,0000250c,B,0,0,1,0,0,0,0
713,0000251c,00002524,00002520,B,1,0,0,1,0,0,0
719,00002508,00002510,0000250c,B,0,0,1,0,0,0,0
728,0000251c,00002524,00002520,B,1,0,0,1,0,0,0
734,00002508,00002510,0000250c,B,0,0,1,0,0,0,0
743,0000251c,00002524,00002520,B,0,0,1,0,0,0,0
749,00002528,00002530,0000252c,B,0,0,1,0,0,0,0
756,0000253c,00002544,00002540,B,0,0,1,0,0,0,0
761,00002548,00002550,0000254c,B,0,0,1,0,0,0,0
765,00002554,0000255c,00002558,B,1,0,0,1,0,0,0
773,0000253c,00002544,00002540,B,1,0,0,1,0,0,0
779,00002668,00002670,0000266c,J,1,0,0,1,0,0,0
791,00002440,00002448,00002444,B,0,0,1,0,0,0,0
797,00002450,00002458,00002454,B,0,0,1,0,0,0,0
805,00002464,0000246c,00002468,J,1,0,0,1,0,0,0
810,0000266c,00002674,00002670,J,1,0,0,1,0,0,0
819,00002548,00002550,0000254c,B,0,0,1,0,0,0,0
823,00002554,0000255c,00002558,B,1,0,0,1,0,0,0
831,0000253c,00002544,00002540,B,0,0,1,0,0,0,0
836,00002548,00002550,0000254c,B,0,0,1,0,0,0,0
840,00002554,0000255c,00002558,B,1,0,0,1,0,0,0
848,0000253c,00002544,00002540,B,0,0,1,0,0,0,0
853,00002548,00002550,0000254c,B,0,0,1,0,0,0,0
857,00002554,0000255c,00002558,B,1,0,0,1,0,0,0
865,0000253c,00002544,00002540,B,0,0,1,0,0,0,0
870,00002548,00002550,0000254c,B,0,0,1,0,0,0,0
874,00002554,0000255c,00002558,B,1,0,0,1,0,0,0
882,0000253c,00002544,00002540,B,0,0,1,0,0,0,0
887,00002548,00002550,0000254c,B,0,0,1,0,0,0,0
891,00002554,0000255c,00002558,B,1,0,0,1,0,0,0
899,0000253c,00002544,00002540,B,0,0,1,0,0,0,0
904,00002548,00002550,0000254c,B,0,0,1,0,0,0,0
908,00002554,0000255c,00002558,B,1,0,0,1,0,0,0
916,0000253c,00002544,00002540,B,0,0,1,0,0,0,0
921,00002548,00002550,0000254c,B,0,0,1,0,0,0,0
925,00002554,0000255c,00002558,B,1,0,0,1,0,0,0
933,0000253c,00002544,00002540,B,0,0,1,0,0,0,0
938,00002548,00002550,0000254c,B,0,0,1,0,0,0,0
942,00002554,0000255c,00002558,B,1,0,0,1,0,0,0
950,0000253c,00002544,00002540,B,0,0,1,0,0,0,0
955,00002548,00002550,0000254c,B,0,0,1,0,0,0,0
959,00002554,0000255c,00002558,B,1,0,0,1,0,0,0
967,0000253c,00002544,00002540,B,0,0,1,0,0,0,0
972,00002548,00002550,0000254c,B,0,0,1,0,0,0,0
976,00002554,0000255c,00002558,B,1,0,0,1,0,0,0
984,0000253c,00002544,00002540,B,0,0,1,0,0,0,0
989,00002548,00002550,0000254c,B,0,0,1,0,0,0,0
993,00002554,0000255c,00002558,B,1,0,0,1,0,0,0
1001,0000253c,00002544,00002540,B,0,0,1,0,0,0,0
1006,00002548,00002550,0000254c,B,0,0,1,0,0,0,0
1010,00002554,0000255c,00002558,B,1,0,0,1,0,0,0
1018,0000253c,00002544,00002540,B,0,0,1,0,0,0,0
1023,00002548,00002550,0000254c,B,0,0,1,0,0,0,0
1027,00002554,0000255c,00002558,B,1,0,0,1,0,0,0
1035,0000253c,00002544,00002540,B,0,0,1,0,0,0,0
1040,00002548,00002550,0000254c,B,0,0,1,0,0,0,0
1044,00002554,0000255c,00002558,B,1,0,0,1,0,0,0
1052,0000253c,00002544,00002540,B,0,0,1,0,0,0,0
1057,00002548,00002550,0000254c,B,0,0,1,0,0,0,0
1061,00002554,0000255c,00002558,B,1,0,0,1,0,0,0
1069,0000253c,00002544,00002540,B,0,0,1,0,0,0,0
1074,00002548,00002550,0000254c,B,0,0,1,0,0,0,0
1078,00002554,0000255c,00002558,B,1,0,0,1,0,0,0
1086,0000253c,00002544,00002540,B,0,0,1,0,0,0,0
1091,00002548,00002550,0000254c,B,0,0,1,0,0,0,0
1095,00002554,0000255c,00002558,B,1,0,0,1,0,0,0
1103,0000253c,00002544,00002540,B,0,0,1,0,0,0,0
1108,00002548,00002550,0000254c,B,0,0,1,0,0,0,0
1112,00002554,0000255c,00002558,B,1,0,0,1,0,0,0
1120,0000253c,00002544,00002540,B,0,0,1,0,0,0,0
1125,00002548,00002550,0000254c,B,0,0,1,0,0,0,0
1129,00002554,0000255c,00002558,B,1,0,0,1,0,0,0
1137,0000253c,00002544,00002540,B,0,0,1,0,0,0,0
1142,00002548,00002550,0000254c,B,0,0,1,0,0,0,0
1146,00002554,0000255c,00002558,B,1,0,0,1,0,0,0
1154,0000253c,00002544,00002540,B,0,0,1,0,0,0,0
1159,00002548,00002550,0000254c,B,0,0,1,0,0,0,0
1163,00002554,0000255c,00002558,B,1,0,0,1,0,0,0
1171,0000253c,00002544,00002540,B,0,0,1,0,0,0,0
1176,00002548,00002550,0000254c,B,0,0,1,0,0,0,0
1180,00002554,0000255c,00002558,B,1,0,0,1,0,0,0
1188,0000253c,00002544,00002540,B,0,0,1,0,0,0,0
1193,00002548,00002550,0000254c,B,0,0,1,0,0,0,0
1197,00002554,0000255c,00002558,B,1,0,0,1,0,0,0
1205,0000253c,00002544,00002540,B,0,0,1,0,0,0,0
1210,00002548,00002550,0000254c,B,0,0,1,0,0,0,0
1214,00002554,0000255c,00002558,B,1,0,0,1,0,0,0
1222,0000253c,00002544,00002540,B,0,0,1,0,0,0,0
1227,00002548,00002550,0000254c,B,0,0,1,0,0,0,0
1231,00002554,0000255c,00002558,B,1,0,0,1,0,0,0
1239,0000253c,00002544,00002540,B,0,0,1,0,0,0,0
1244,00002548,00002550,0000254c,B,0,0,1,0,0,0,0
1248,00002554,0000255c,00002558,B,1,0,0,1,0,0,0
1256,0000253c,00002544,00002540,B,0,0,1,0,0,0,0
1261,00002548,00002550,0000254c,B,0,0,1,0,0,0,0
1265,00002554,0000255c,00002558,B,1,0,0,1,0,0,0
1273,0000253c,00002544,00002540,B,0,0,1,0,0,0,0
1278,00002548,00002550,0000254c,B,0,0,1,0,0,0,0
1282,00002554,0000255c,00002558,B,1,0,0,1,0,0,0
1290,0000253c,00002544,00002540,B,0,0,1,0,0,0,0
1295,00002548,00002550,0000254c,B,0,0,1,0,0,0,0
1299,00002554,0000255c,00002558,B,1,0,0,1,0,0,0
1307,0000253c,00002544,00002540,B,0,0,1,0,0,0,0
1312,00002548,00002550,0000254c,B,0,0,1,0,0,0,0
1316,00002554,0000255c,00002558,B,1,0,0,1,0,0,0
1324,0000253c,00002544,00002540,B,0,0,1,0,0,0,0
1329,00002548,00002550,0000254c,B,0,0,1,0,0,0,0
1333,00002554,0000255c,00002558,B,1,0,0,1,0,0,0
1341,0000253c,00002544,00002540,B,0,0,1,0,0,0,0
1346,00002548,00002550,0000254c,B,0,0,1,0,0,0,0
1350,00002554,0000255c,00002558,B,1,0,0,1,0,0,0
1358,0000253c,00002544,00002540,B,0,0,1,0,0,0,0
1363,00002548,00002550,0000254c,B,0,0,1,0,0,0,0
1367,00002554,0000255c,00002558,B,1,0,0,1,0,0,0
1375,0000253c,00002544,00002540,B,0,0,1,0,0,0,0
1380,00002548,00002550,0000254c,B,0,0,1,0,0,0,0
1384,00002554,0000255c,00002558,B,1,0,0,1,0,0,0
1392,0000253c,00002544,00002540,B,0,0,1,0,0,0,0
1397,00002548,00002550,0000254c,B,0,0,1,0,0,0,0
1401,00002554,0000255c,00002558,B,1,0,0,1,0,0,0
1409,0000253c,00002544,00002540,B,1,0,0,1,0,0,0
1415,00002668,00002670,0000266c,J,1,0,0,1,0,1,0
1427,00002440,00002448,00002444,B,0,0,1,0,0,0,0
1433,00002450,00002458,00002454,B,0,0,1,0,0,0,0
1441,00002464,0000246c,00002468,J,1,0,0,1,0,0,0
1446,0000266c,00002674,00002670,J,1,0,0,1,0,0,0
1455,00002548,00002550,0000254c,B,0,0,1,0,0,0,0
1459,00002554,0000255c,00002558,B,0,0,1,0,0,0,0
1487,00002590,00002598,00002594,J,1,0,0,1,0,0,0
1494,000020e8,000020f0,000020ec,J,1,0,0,1,0,0,0
1543,000024d0,000024d8,000024d4,B,0,0,1,0,0,0,0
1557,00002508,00002510,0000250c,B,0,0,1,0,0,0,0
1566,0000251c,00002524,00002520,B,1,0,0,1,0,0,0
1572,00002508,00002510,0000250c,B,0,0,1,0,0,0,0
1581,0000251c,00002524,00002520,B,1,0,0,1,0,0,0
1587,00002508,00002510,0000250c,B,0,0,1,0,0,0,0
1596,0000251c,00002524,00002520,B,1,0,0,1,0,0,0
1602,00002508,00002510,0000250c,B,0,0,1,0,0,0,0
1611,0000251c,00002524,00002520,B,1,0,0,1,0,0,0
1617,00002508,00002510,0000250c,B,0,0,1,0,0,0,0
1626,0000251c,00002524,00002520,B,1,0,0,1,0,0,0
1632,00002508,00002510,0000250c,B,0,0,1,0,0,0,0
1641,0000251c,00002524,00002520,B,1,0,0,1,0,0,0
1647,00002508,00002510,0000250c,B,0,0,1,0,0,0,0
1656,0000251c,00002524,00002520,B,1,0,0,1,0,0,0
1662,00002508,00002510,0000250c,B,0,0,1,0,0,0,0
1671,0000251c,00002524,00002520,B,1,0,0,1,0,0,0
1677,00002508,00002510,0000250c,B,0,0,1,0,0,0,0
1686,0000251c,00002524,00002520,B,1,0,0,1,0,0,0
1692,00002508,00002510,0000250c,B,0,0,1,0,0,0,0
1701,0000251c,00002524,00002520,B,1,0,0,1,0,0,0
1707,00002508,00002510,0000250c,B,0,0,1,0,0,0,0
1716,0000251c,00002524,00002520,B,1,0,0,1,0,0,0
1722,00002508,00002510,0000250c,B,0,0,1,0,0,0,0
1731,0000251c,00002524,00002520,B,1,0,0,1,0,0,0
1737,00002508,00002510,0000250c,B,0,0,1,0,0,0,0
1746,0000251c,00002524,00002520,B,1,0,0,1,0,0,0
1752,00002508,00002510,0000250c,B,0,0,1,0,0,0,0
1761,0000251c,00002524,00002520,B,1,0,0,1,0,0,0
1767,00002508,00002510,0000250c,B,0,0,1,0,0,0,0
1776,0000251c,00002524,00002520,B,1,0,0,1,0,0,0
1782,00002508,00002510,0000250c,B,0,0,1,0,0,0,0
1791,0000251c,00002524,00002520,B,1,0,0,1,0,0,0
1797,00002508,00002510,0000250c,B,0,0,1,0,0,0,0
1806,0000251c,00002524,00002520,B,1,0,0,1,0,0,0
1812,00002508,00002510,0000250c,B,0,0,1,0,0,0,0
1821,0000251c,00002524,00002520,B,1,0,0,1,0,0,0
1827,00002508,00002510,0000250c,B,0,0,1,0,0,0,0
1836,0000251c,00002524,00002520,B,1,0,0,1,0,0,0
1842,00002508,00002510,0000250c,B,0,0,1,0,0,0,0
1851,0000251c,00002524,00002520,B,1,0,0,1,0,0,0
1857,00002508,00002510,0000250c,B,0,0,1,0,0,0,0
1866,0000251c,00002524,00002520,B,1,0,0,1,0,0,0
1872,00002508,00002510,0000250c,B,0,0,1,0,0,0,0
1881,0000251c,00002524,00002520,B,1,0,0,1,0,0,0
1887,00002508,00002510,0000250c,B,0,0,1,0,0,0,0
1896,0000251c,00002524,00002520,B,1,0,0,1,0,0,0
1902,00002508,00002510,0000250c,B,0,0,1,0,0,0,0
1911,0000251c,00002524,00002520,B,1,0,0,1,0,0,0
1917,00002508,00002510,0000250c,B,0,0,1,0,0,0,0
1926,0000251c,00002524,00002520,B,1,0,0,1,0,0,0
1932,00002508,00002510,0000250c,B,0,0,1,0,0,0,0
1941,0000251c,00002524,00002520,B,1,0,0,1,0,0,0
1947,00002508,00002510,0000250c,B,0,0,1,0,0,0,0
1956,0000251c,00002524,00002520,B,1,0,0,1,0,0,0
1962,00002508,00002510,0000250c,B,0,0,1,0,0,0,0
1971,0000251c,00002524,00002520,B,1,0,0,1,0,0,0
1977,00002508,00002510,0000250c,B,0,0,1,0,0,0,0
1986,0000251c,00002524,00002520,B,1,0,0,1,0,0,0
1992,00002508,00002510,0000250c,B,0,0,1,0,0,0,0
2001,0000251c,00002524,00002520,B,1,0,0,1,0,0,0
2007,00002508,00002510,0000250c,B,0,0,1,0,0,0,0
2016,0000251c,00002524,00002520,B,1,0,0,1,0,0,0
2022,00002508,00002510,0000250c,B,0,0,1,0,0,0,0
2031,0000251c,00002524,00002520,B,1,0,0,1,0,0,0
2037,00002508,00002510,0000250c,B,0,0,1,0,0,0,0
2046,0000251c,00002524,00002520,B,0,0,1,0,0,0,0
2052,00002528,00002530,0000252c,B,0,0,1,0,0,0,0
2059,0000253c,00002544,00002540,B,0,0,1,0,0,0,0
2064,00002548,00002550,0000254c,B,0,0,1,0,0,0,0
2068,00002554,0000255c,00002558,B,1,0,0,1,0,0,0
2076,0000253c,00002544,00002540,B,0,0,1,0,0,0,0
2081,00002548,00002550,0000254c,B,0,0,1,0,0,0,0
2085,00002554,0000255c,00002558,B,1,0,0,1,0,0,0
2093,0000253c,00002544,00002540,B,0,0,1,0,0,0,0
2098,00002548,00002550,0000254c,B,0,0,1,0,0,0,0
2102,00002554,0000255c,00002558,B,1,0,0,1,0,0,0
2110,0000253c,00002544,00002540,B,0,0,1,0,0,0,0
2115,00002548,00002550,0000254c,B,0,0,1,0,0,0,0
2119,00002554,0000255c,00002558,B,1,0,0,1,0,0,0
2127,0000253c,00002544,00002540,B,0,0,1,0,0,0,0
2132,00002548,00002550,0000254c,B,0,0,1,0,0,0,0
2136,00002554,0000255c,00002558,B,1,0,0,1,0,0,0
2144,0000253c,00002544,00002540,B,0,0,1,0,0,0,0
2149,00002548,00002550,0000254c,B,0,0,1,0,0,0,0
2153,00002554,0000255c,00002558,B,1,0,0,1,0,0,0
2161,0000253c,00002544,00002540,B,0,0,1,0,0,0,0
2166,00002548,00002550,0000254c,B,0,0,1,0,0,0,0
2170,00002554,0000255c,00002558,B,1,0,0,1,0,0,0
2178,0000253c,00002544,00002540,B,0,0,1,0,0,0,0
2183,00002548,00002550,0000254c,B,0,0,1,0,0,0,0
2187,00002554,0000255c,00002558,B,1,0,0,1,0,0,0
2195,0000253c,00002544,00002540,B,0,0,1,0,0,0,0
2200,00002548,00002550,0000254c,B,0,0,1,0,0,0,0
2204,00002554,0000255c,00002558,B,1,0,0,1,0,0,0
2212,0000253c,00002544,00002540,B,0,0,1,0,0,0,0
2217,00002548,00002550,0000254c,B,0,0,1,0,0,0,0
2221,00002554,0000255c,00002558,B,1,0,0,1,0,0,0
2229,0000253c,00002544,00002540,B,0,0,1,0,0,0,0
2234,00002548,00002550,0000254c,B,0,0,1,0,0,0,0
2238,00002554,0000255c,00002558,B,1,0,0,1,0,0,0
2246,0000253c,00002544,00002540,B,0,0,1,0,0,0,0
2251,00002548,00002550,0000254c,B,0,0,1,0,0,0,0
2255,00002554,0000255c,00002558,B,1,0,0,1,0,0,0
2263,0000253c,00002544,00002540,B,0,0,1,0,0,0,0
2268,00002548,00002550,0000254c,B,0,0,1,0,0,0,0
2272,00002554,0000255c,00002558,B,1,0,0,1,0,0,0
2280,0000253c,00002544,00002540,B,0,0,1,0,0,0,0
2285,00002548,00002550,0000254c,B,0,0,1,0,0,0,0
2289,00002554,0000255c,00002558,B,1,0,0,1,0,0,0
2297,0000253c,00002544,00002540,B,0,0,1,0,0,0,0
2302,00002548,00002550,0000254c,B,0,0,1,0,0,0,0
2306,00002554,0000255c,00002558,B,1,0,0,1,0,0,0
2314,0000253c,00002544,00002540,B,0,0,1,0,0,0,0
2319,00002548,00002550,0000254c,B,0,0,1,0,0,0,0
2323,00002554,0000255c,00002558,B,1,0,0,1,0,0,0
2331,0000253c,00002544,00002540,B,0,0,1,0,0,0,0
2336,00002548,00002550,0000254c,B,0,0,1,0,0,0,0
2340,00002554,0000255c,00002558,B,1,0,0,1,0,0,0
2348,0000253c,00002544,00002540,B,0,0,1,0,0,0,0
2353,00002548,00002550,0000254c,B,0,0,1,0,0,0,0
2357,00002554,0000255c,00002558,B,1,0,0,1,0,0,0
2365,0000253c,00002544,00002540,B,0,0,1,0,0,0,0
2370,00002548,00002550,0000254c,B,0,0,1,0,0,0,0
2374,00002554,0000255c,00002558,B,1,0,0,1,0,0,0
2382,0000253c,00002544,00002540,B,0,0,1,0,0,0,0
2387,00002548,00002550,0000254c,B,0,0,1,0,0,0,0
2391,00002554,0000255c,00002558,B,1,0,0,1,0,0,0
2399,0000253c,00002544,00002540,B,0,0,1,0,0,0,0
2404,00002548,00002550,0000254c,B,0,0,1,0,0,0,0
2408,00002554,0000255c,00002558,B,1,0,0,1,0,0,0
2416,0000253c,00002544,00002540,B,0,0,1,0,0,0,0
2421,00002548,00002550,0000254c,B,0,0,1,0,0,0,0
2425,00002554,0000255c,00002558,B,1,0,0,1,0,0,0
2433,0000253c,00002544,00002540,B,0,0,1,0,0,0,0
2438,00002548,00002550,0000254c,B,0,0,1,0,0,0,0
2442,00002554,0000255c,00002558,B,1,0,0,1,0,0,0
2450,0000253c,00002544,00002540,B,0,0,1,0,0,0,0
2455,00002548,00002550,0000254c,B,0,0,1,0,0,0,0
2459,00002554,0000255c,00002558,B,1,0,0,1,0,0,0
2467,0000253c,00002544,00002540,B,0,0,1,0,0,0,0
2472,00002548,00002550,0000254c,B,0,0,1,0,0,0,0
2476,00002554,0000255c,00002558,B,1,0,0,1,0,0,0
2484,0000253c,00002544,00002540,B,0,0,1,0,0,0,0
2489,00002548,00002550,0000254c,B,0,0,1,0,0,0,0
2493,00002554,0000255c,00002558,B,1,0,0,1,0,0,0
2501,0000253c,00002544,00002540,B,0,0,1,0,0,0,0
2506,00002548,00002550,0000254c,B,0,0,1,0,0,0,0
2510,00002554,0000255c,00002558,B,1,0,0,1,0,0,0
2518,0000253c,00002544,00002540,B,0,0,1,0,0,0,0
2523,00002548,00002550,0000254c,B,0,0,1,0,0,0,0
2527,00002554,0000255c,00002558,B,1,0,0,1,0,0,0
2535,0000253c,00002544,00002540,B,0,0,1,0,0,0,0
2540,00002548,00002550,0000254c,B,0,0,1,0,0,0,0
2544,00002554,0000255c,00002558,B,1,0,0,1,0,0,0
2552,0000253c,00002544,00002540,B,0,0,1,0,0,0,0
2557,00002548,00002550,0000254c,B,0,0,1,0,0,0,0
2561,00002554,0000255c,00002558,B,1,0,0,1,0,0,0
2569,0000253c,00002544,00002540,B,0,0,1,0,0,0,0
2574,00002548,00002550,0000254c,B,0,0,1,0,0,0,0
2578,00002554,0000255c,00002558,B,1,0,0,1,0,0,0
2586,0000253c,00002544,00002540,B,0,0,1,0,0,0,0
2591,00002548,00002550,0000254c,B,0,0,1,0,0,0,0
2595,00002554,0000255c,00002558,B,1,0,0,1,0,0,0
2603,0000253c,00002544,00002540,B,1,0,0,1,0,0,0
2609,00002668,00002670,0000266c,J,1,0,0,1,0,1,0
2621,00002440,00002448,00002444,B,0,0,1,0,0,0,0
2627,00002450,00002458,00002454,B,0,0,1,0,0,0,0
2635,00002464,0000246c,00002468,J,1,0,0,1,0,0,0
2640,0000266c,00002674,00002670,J,1,0,0,1,0,0,0
2649,00002548,00002550,0000254c,B,0,0,1,0,0,0,0
2653,00002554,0000255c,00002558,B,0,0,1,0,0,0,0
2681,00002590,00002598,00002594,J,1,0,0,1,0,0,0
2688,000020f4,000020fc,000020f8,J,1,0,0,1,0,0,0
2737,000024d0,000024d8,000024d4,B,0,0,1,0,0,0,0
2751,00002508,00002510,0000250c,B,0,0,1,0,0,0,0
2760,0000251c,00002524,00002520,B,1,0,0,1,0,0,0
2766,00002508,00002510,0000250c,B,0,0,1,0,0,0,0
2775,0000251c,00002524,00002520,B,1,0,0,1,0,0,0
2781,00002508,00002510,0000250c,B,0,0,1,0,0,0,0
2790,0000251c,00002524,00002520,B,1,0,0,1,0,0,0
2796,00002508,00002510,0000250c,B,0,0,1,0,0,0,0
2805,0000251c,00002524,00002520,B,1,0,0,1,0,0,0
2811,00002508,00002510,0000250c,B,0,0,1,0,0,0,0
2820,0000251c,00002524,00002520,B,1,0,0,1,0,0,0
2826,00002508,00002510,0000250c,B,0,0,1,0,0,0,0
2835,0000251c,00002524,00002520,B,1,0,0,1,0,0,0
2841,00002508,00002510,0000250c,B,0,0,1,0,0,0,0
2850,0000251c,00002524,00002520,B,1,0,0,1,0,0,0
2856,00002508,00002510,0000250c,B,0,0,1,0,0,0,0
2865,0000251c,00002524,00002520,B,1,0,0,1,0,0,0
2871,00002508,00002510,0000250c,B,0,0,1,0,0,0,0
2880,0000251c,00002524,00002520,B,1,0,0,1,0,0,0
2886,00002508,00002510,0000250c,B,0,0,1,0,0,0,0
2895,0000251c,00002524,00002520,B,1,0,0,1,0,0,0
2901,00002508,00002510,0000250c,B,0,0,1,0,0,0,0
2910,0000251c,00002524,00002520,B,1,0,0,1,0,0,0
2916,00002508,00002510,0000250c,B,0,0,1,0,0,0,0
2925,0000251c,00002524,00002520,B,1,0,0,1,0,0,0
2931,00002508,00002510,0000250c,B,0,0,1,0,0,0,0
2940,0000251c,00002524,00002520,B,1,0,0,1,0,0,0
2946,00002508,00002510,0000250c,B,0,0,1,0,0,0,0
2955,0000251c,00002524,00002520,B,1,0,0,1,0,0,0
2961,00002508,00002510,0000250c,B,0,0,1,0,0,0,0
2970,0000251c,00002524,00002520,B,1,0,0,1,0,0,0
2976,00002508,00002510,0000250c,B,0,0,1,0,0,0,0
2985,0000251c,00002524,00002520,B,1,0,0,1,0,0,0
2991,00002508,00002510,0000250c,B,0,0,1,0,0,0,0
3000,0000251c,00002524,00002520,B,1,0,0,1,0,0,0
3006,00002508,00002510,0000250c,B,0,0,1,0,0,0,0
3015,0000251c,00002524,00002520,B,1,0,0,1,0,0,0
3021,00002508,00002510,0000250c,B,0,0,1,0,0,0,0
3030,0000251c,00002524,00002520,B,1,0,0,1,0,0,0
3036,00002508,00002510,0000250c,B,0,0,1,0,0,0,0
3045,0000251c,00002524,00002520,B,1,0,0,1,0,0,0
3051,00002508,00002510,0000250c,B,0,0,1,0,0,0,0
3060,0000251c,00002524,00002520,B,1,0,0,1,0,0,0
3066,00002508,00002510,0000250c,B,0,0,1,0,0,0,0
3075,0000251c,00002524,00002520,B,1,0,0,1,0,0,0
3081,00002508,00002510,0000250c,B,0,0,1,0,0,0,0
3090,0000251c,00002524,00002520,B,1,0,0,1,0,0,0
3096,00002508,00002510,0000250c,B,0,0,1,0,0,0,0
3105,0000251c,00002524,00002520,B,0,0,1,0,0,0,0
3111,00002528,00002530,0000252c,B,0,0,1,0,0,0,0
3118,0000253c,00002544,00002540,B,0,0,1,0,0,0,0
3123,00002548,00002550,0000254c,B,0,0,1,0,0,0,0
3127,00002554,0000255c,00002558,B,1,0,0,1,0,0,0
3135,0000253c,00002544,00002540,B,0,0,1,0,0,0,0
3140,00002548,00002550,0000254c,B,0,0,1,0,0,0,0
3144,00002554,0000255c,00002558,B,1,0,0,1,0,0,0
3152,0000253c,00002544,00002540,B,0,0,1,0,0,0,0
3157,00002548,00002550,0000254c,B,0,0,1,0,0,0,0
3161,00002554,0000255c,00002558,B,1,0,0,1,0,0,0
3169,0000253c,00002544,00002540,B,0,0,1,0,0,0,0
3174,00002548,00002550,0000254c,B,0,0,1,0,0,0,0
3178,00002554,0000255c,00002558,B,1,0,0,1,0,0,0
3186,0000253c,00002544,00002540,B,0,0,1,0,0,0,0
3191,00002548,00002550,0000254c,B,0,0,1,0,0,0,0
3195,00002554,0000255c,00002558,B,1,0,0,1,0,0,0
3203,0000253c,00002544,00002540,B,0,0,1,0,0,0,0
3208,00002548,00002550,0000254c,B,0,0,1,0,0,0,0
3212,00002554,0000255c,00002558,B,1,0,0,1,0,0,0
3220,0000253c,00002544,00002540,B,0,0,1,0,0,0,0
3225,00002548,00002550,0000254c,B,0,0,1,0,0,0,0
3229,00002554,0000255c,00002558,B,1,0,0,1,0,0,0
3237,0000253c,00002544,00002540,B,0,0,1,0,0,0,0
3242,00002548,00002550,0000254c,B,0,0,1,0,0,0,0
3246,00002554,0000255c,00002558,B,1,0,0,1,0,0,0
3254,0000253c,00002544,00002540,B,0,0,1,0,0,0,0
3259,00002548,00002550,0000254c,B,0,0,1,0,0,0,0
3263,00002554,0000255c,00002558,B,1,0,0,1,0,0,0
3271,0000253c,00002544,00002540,B,0,0,1,0,0,0,0
3276,00002548,00002550,0000254c,B,0,0,1,0,0,0,0
3280,00002554,0000255c,00002558,B,1,0,0,1,0,0,0
3288,0000253c,00002544,00002540,B,0,0,1,0,0,0,0
3293,00002548,00002550,0000254c,B,0,0,1,0,0,0,0
3297,00002554,0000255c,00002558,B,1,0,0,1,0,0,0
3305,0000253c,00002544,00002540,B,0,0,1,0,0,0,0
3310,00002548,00002550,0000254c,B,0,0,1,0,0,0,0
3314,00002554,0000255c,00002558,B,1,0,0,1,0,0,0
3322,0000253c,00002544,00002540,B,0,0,1,0,0,0,0
3327,00002548,00002550,0000254c,B,0,0,1,0,0,0,0
3331,00002554,0000255c,00002558,B,1,0,0,1,0,0,0
3339,0000253c,00002544,00002540,B,0,0,1,0,0,0,0
3344,00002548,00002550,0000254c,B,0,0,1,0,0,0,0
3348,00002554,0000255c,00002558,B,1,0,0,1,0,0,0
3356,0000253c,00002544,00002540,B,0,0,1,0,0,0,0
3361,00002548,00002550,0000254c,B,0,0,1,0,0,0,0
3365,00002554,0000255c,00002558,B,1,0,0,1,0,0,0
3373,0000253c,00002544,00002540,B,0,0,1,0,0,0,0
3378,00002548,00002550,0000254c,B,0,0,1,0,0,0,0
3382,00002554,0000255c,00002558,B,1,0,0,1,0,0,0
3390,0000253c,00002544,00002540,B,0,0,1,0,0,0,0
3395,00002548,00002550,0000254c,B,0,0,1,0,0,0,0
3399,00002554,0000255c,00002558,B,1,0,0,1,0,0,0
3407,0000253c,00002544,00002540,B,0,0,1,0,0,0,0
3412,00002548,00002550,0000254c,B,0,0,1,0,0,0,0
3416,00002554,0000255c,00002558,B,1,0,0,1,0,0,0
3424,0000253c,00002544,00002540,B,0,0,1,0,0,0,0
3429,00002548,00002550,0000254c,B,0,0,1,0,0,0,0
3433,00002554,0000255c,00002558,B,1,0,0,1,0,0,0
3441,0000253c,00002544,00002540,B,0,0,1,0,0,0,0
3446,00002548,00002550,0000254c,B,0,0,1,0,0,0,0
3450,00002554,0000255c,00002558,B,1,0,0,1,0,0,0
3458,0000253c,00002544,00002540,B,0,0,1,0,0,0,0
3463,00002548,00002550,0000254c,B,0,0,1,0,0,0,0
3467,00002554,0000255c,00002558,B,1,0,0,1,0,0,0
3475,0000253c,00002544,00002540,B,0,0,1,0,0,0,0
3480,00002548,00002550,0000254c,B,0,0,1,0,0,0,0
3484,00002554,0000255c,00002558,B,1,0,0,1,0,0,0
3492,0000253c,00002544,00002540,B,0,0,1,0,0,0,0
3497,00002548,00002550,0000254c,B,0,0,1,0,0,0,0
3501,00002554,0000255c,00002558,B,1,0,0,1,0,0,0
3509,0000253c,00002544,00002540,B,1,0,0,1,0,0,0
3515,00002668,00002670,0000266c,J,1,0,0,1,0,1,0
3527,00002440,00002448,00002444,B,0,0,1,0,0,0,0
3533,00002450,00002458,00002454,B,0,0,1,0,0,0,0
3541,00002464,0000246c,00002468,J,1,0,0,1,0,0,0
3546,0000266c,00002674,00002670,J,1,0,0,1,0,0,0
3555,00002548,00002550,0000254c,B,0,0,1,0,0,0,0
3559,00002554,0000255c,00002558,B,0,0,1,0,0,0,0
3587,00002590,00002598,00002594,J,1,0,0,1,0,0,0
3594,00002100,00002108,00002104,J,1,0,0,1,0,0,0
3643,000024d0,000024d8,000024d4,B,0,0,1,0,0,0,0
3657,00002508,00002510,0000250c,B,0,0,1,0,0,0,0
3666,0000251c,00002524,00002520,B,1,0,0,1,0,0,0
3672,00002508,00002510,0000250c,B,0,0,1,0,0,0,0
3681,0000251c,00002524,00002520,B,1,0,0,1,0,0,0
3687,00002508,00002510,0000250c,B,0,0,1,0,0,0,0
3696,0000251c,00002524,00002520,B,1,0,0,1,0,0,0
3702,00002508,00002510,0000250c,B,0,0,1,0,0,0,0
3711,0000251c,00002524,00002520,B,1,0,0,1,0,0,0
3717,00002508,00002510,0000250c,B,0,0,1,0,0,0,0
3726,0000251c,00002524,00002520,B,1,0,0,1,0,0,0
3732,00002508,00002510,0000250c,B,0,0,1,0,0,0,0
3741,0000251c,00002524,00002520,B,1,0,0,1,0,0,0
3747,00002508,00002510,0000250c,B,0,0,1,0,0,0,0
3756,0000251c,00002524,00002520,B,1,0,0,1,0,0,0
3762,00002508,00002510,0000250c,B,0,0,1,0,0,0,0
3771,0000251c,00002524,00002520,B,1,0,0,1,0,0,0
3777,00002508,00002510,0000250c,B,0,0,1,0,0,0,0
3786,0000251c,00002524,00002520,B,1,0,0,1,0,0,0
3792,00002508,00002510,0000250c,B,0,0,1,0,0,0,0
3801,0000251c,00002524,00002520,B,1,0,0,1,0,0,0
3807,00002508,00002510,0000250c,B,0,0,1,0,0,0,0
3816,0000251c,00002524,00002520,B,1,0,0,1,0,0,0
3822,00002508,00002510,0000250c,B,0,0,1,0,0,0,0
3831,0000251c,00002524,00002520,B,1,0,0,1,0,0,0
3837,00002508,00002510,0000250c,B,0,0,1,0,0,0,0
3846,0000251c,00002524,00002520,B,1,0,0,1,0,0,0
3852,00002508,00002510,0000250c,B,0,0,1,0,0,0,0
3861,0000251c,00002524,00002520,B,1,0,0,1,0,0,0
3867,00002508,00002510,0000250c,B,0,0,1,0,0,0,0
3876,0000251c,00002524,00002520,B,1,0,0,1,0,0,0
3882,00002508,00002510,0000250c,B,0,0,1,0,0,0,0
3891,0000251c,00002524,00002520,B,1,0,0,1,0,0,0
3897,00002508,00002510,0000250c,B,0,0,1,0,0,0,0
3906,0000251c,00002524,00002520,B,1,0,0,1,0,0,0
3912,00002508,00002510,0000250c,B,0,0,1,0,0,0,0
3921,0000251c,00002524,00002520,B,1,0,0,1,0,0,0
3927,00002508,00002510,0000250c,B,0,0,1,0,0,0,0
3936,0000251c,00002524,00002520,B,1,0,0,1,0,0,0
3942,00002508,00002510,0000250c,B,0,0,1,0,0,0,0
3951,0000251c,00002524,00002520,B,1,0,0,1,0,0,0
3957,00002508,00002510,0000250c,B,0,0,1,0,0,0,0
3966,0000251c,00002524,00002520,B,1,0,0,1,0,0,0
3972,00002508,00002510,0000250c,B,0,0,1,0,0,0,0
3981,0000251c,00002524,00002520,B,1,0,0,1,0,0,0
3987,00002508,00002510,0000250c,B,0,0,1,0,0,0,0
3996,0000251c,00002524,00002520,B,1,0,0,1,0,0,0
4002,00002508,00002510,0000250c,B,0,0,1,0,0,0,0
4011,0000251c,00002524,00002520,B,1,0,0,1,0,0,0
4017,00002508,00002510,0000250c,B,0,0,1,0,0,0,0
4026,0000251c,00002524,00002520,B,1,0,0,1,0,0,0
4032,00002508,00002510,0000250c,B,0,0,1,0,0,0,0
4041,0000251c,00002524,00002520,B,1,0,0,1,0,0,0
4047,00002508,00002510,0000250c,B,0,0,1,0,0,0,0
4056,0000251c,00002524,00002520,B,1,0,0,1,0,0,0
4062,00002508,00002510,0000250c,B,0,0,1,0,0,0,0
4071,0000251c,00002524,00002520,B,1,0,0,1,0,0,0
4077,00002508,00002510,0000250c,B,0,0,1,0,0,0,0
4086,0000251c,00002524,00002520,B,1,0,0,1,0,0,0
4092,00002508,00002510,0000250c,B,0,0,1,0,0,0,0
4101,0000251c,00002524,00002520,B,1,0,0,1,0,0,0
4107,00002508,00002510,0000250c,B,0,0,1,0,0,0,0
4116,0000251c,00002524,00002520,B,1,0,0,1,0,0,0
4122,00002508,00002510,0000250c,B,0,0,1,0,0,0,0
4131,0000251c,00002524,00002520,B,1,0,0,1,0,0,0
4137,00002508,00002510,0000250c,B,0,0,1,0,0,0,0
4146,0000251c,00002524,00002520,B,1,0,0,1,0,0,0
4152,00002508,00002510,0000250c,B,0,0,1,0,0,0,0
4161,0000251c,00002524,00002520,B,1,0,0,1,0,0,0
4167,00002508,00002510,0000250c,B,0,0,1,0,0,0,0
4176,0000251c,00002524,00002520,B,1,0,0,1,0,0,0
4182,00002508,00002510,0000250c,B,0,0,1,0,0,0,0
4191,0000251c,00002524,00002520,B,1,0,0,1,0,0,0
4197,00002508,00002510,0000250c,B,0,0,1,0,0,0,0
4206,0000251c,00002524,00002520,B,1,0,0,1,0,0,0
4212,00002508,00002510,0000250c,B,0,0,1,0,0,0,0
4221,0000251c,00002524,00002520,B,1,0,0,1,0,0,0
4227,00002508,00002510,0000250c,B,0,0,1,0,0,0,0
4236,0000251c,00002524,00002520,B,1,0,0,1,0,0,0
4242,00002508,00002510,0000250c,B,0,0,1,0,0,0,0
4251,0000251c,00002524,00002520,B,1,0,0,1,0,0,0
4257,00002508,00002510,0000250c,B,0,0,1,0,0,0,0
4266,0000251c,00002524,00002520,B,0,0,1,0,0,0,0
4272,00002528,00002530,0000252c,B,0,0,1,0,0,0,0
4279,0000253c,00002544,00002540,B,0,0,1,0,0,0,0
4284,00002548,00002550,0000254c,B,0,0,1,0,0,0,0
4288,00002554,0000255c,00002558,B,1,0,0,1,0,0,0
4296,0000253c,00002544,00002540,B,0,0,1,0,0,0,0
4301,00002548,00002550,0000254c,B,0,0,1,0,0,0,0
4305,00002554,0000255c,00002558,B,1,0,0,1,0,0,0
4313,0000253c,00002544,00002540,B,0,0,1,0,0,0,0
4318,00002548,00002550,0000254c,B,0,0,1,0,0,0,0
4322,00002554,0000255c,00002558,B,1,0,0,1,0,0,0
4330,0000253c,00002544,00002540,B,0,0,1,0,0,0,0
4335,00002548,00002550,0000254c,B,0,0,1,0,0,0,0
4339,00002554,0000255c,00002558,B,1,0,0,1,0,0,0
4347,0000253c,00002544,00002540,B,0,0,1,0,0,0,0
4352,00002548,00002550,0000254c,B,0,0,1,0,0,0,0
4356,00002554,0000255c,00002558,B,1,0,0,1,0,0,0
4364,0000253c,00002544,00002540,B,0,0,1,0,0,0,0
4369,00002548,00002550,0000254c,B,0,0,1,0,0,0,0
4373,00002554,0000255c,00002558,B,1,0,0,1,0,0,0
4381,0000253c,00002544,00002540,B,0,0,1,0,0,0,0
4386,00002548,00002550,0000254c,B,0,0,1,0,0,0,0
4390,00002554,0000255c,00002558,B,1,0,0,1,0,0,0
4398,0000253c,00002544,00002540,B,0,0,1,0,0,0,0
4403,00002548,00002550,0000254c,B,0,0,1,0,0,0,0
4407,00002554,0000255c,00002558,B,1,0,0,1,0,0,0
4415,0000253c,00002544,00002540,B,0,0,1,0,0,0,0
4420,00002548,00002550,0000254c,B,0,0,1,0,0,0,0
4424,00002554,0000255c,00002558,B,1,0,0,1,0,0,0
4432,0000253c,00002544,00002540,B,0,0,1,0,0,0,0
4437,00002548,00002550,0000254c,B,0,0,1,0,0,0,0
4441,00002554,0000255c,00002558,B,1,0,0,1,0,0,0
4449,0000253c,00002544,00002540,B,0,0,1,0,0,0,0
4454,00002548,00002550,0000254c,B,0,0,1,0,0,0,0
4458,00002554,0000255c,00002558,B,1,0,0,1,0,0,0
4466,0000253c,00002544,00002540,B,0,0,1,0,0,0,0
4471,00002548,00002550,0000254c,B,0,0,1,0,0,0,0
4475,00002554,0000255c,00002558,B,1,0,0,1,0,0,0
4483,0000253c,00002544,00002540,B,0,0,1,0,0,0,0
4488,00002548,00002550,0000254c,B,0,0,1,0,0,0,0
4492,00002554,0000255c,00002558,B,1,0,0,1,0,0,0
4500,0000253c,00002544,00002540,B,0,0,1,0,0,0,0
4505,00002548,00002550,0000254c,B,0,0,1,0,0,0,0
4509,00002554,0000255c,00002558,B,1,0,0,1,0,0,0
4517,0000253c,00002544,00002540,B,0,0,1,0,0,0,0
4522,00002548,00002550,0000254c,B,0,0,1,0,0,0,0
4526,00002554,0000255c,00002558,B,1,0,0,1,0,0,0
4534,0000253c,00002544,00002540,B,0,0,1,0,0,0,0
4539,00002548,00002550,0000254c,B,0,0,1,0,0,0,0
4543,00002554,0000255c,00002558,B,1,0,0,1,0,0,0
4551,0000253c,00002544,00002540,B,0,0,1,0,0,0,0
4556,00002548,00002550,0000254c,B,0,0,1,0,0,0,0
4560,00002554,0000255c,00002558,B,1,0,0,1,0,0,0
4568,0000253c,00002544,00002540,B,0,0,1,0,0,0,0
4573,00002548,00002550,0000254c,B,0,0,1,0,0,0,0
4577,00002554,0000255c,00002558,B,1,0,0,1,0,0,0
4585,0000253c,00002544,00002540,B,0,0,1,0,0,0,0
4590,00002548,00002550,0000254c,B,0,0,1,0,0,0,0
4594,00002554,0000255c,00002558,B,1,0,0,1,0,0,0
4602,0000253c,00002544,00002540,B,0,0,1,0,0,0,0
4607,00002548,00002550,0000254c,B,0,0,1,0,0,0,0
4611,00002554,0000255c,00002558,B,1,0,0,1,0,0,0
4619,0000253c,00002544,00002540,B,0,0,1,0,0,0,0
4624,00002548,00002550,0000254c,B,0,0,1,0,0,0,0
4628,00002554,0000255c,00002558,B,1,0,0,1,0,0,0
4636,0000253c,00002544,00002540,B,0,0,1,0,0,0,0
4641,00002548,00002550,0000254c,B,0,0,1,0,0,0,0
4645,00002554,0000255c,00002558,B,1,0,0,1,0,0,0
4653,0000253c,00002544,00002540,B,0,0,1,0,0,0,0
4658,00002548,00002550,0000254c,B,0,0,1,0,0,0,0
4662,00002554,0000255c,00002558,B,1,0,0,1,0,0,0
4670,0000253c,00002544,00002540,B,0,0,1,0,0,0,0
4675,00002548,00002550,0000254c,B,0,0,1,0,0,0,0
4679,00002554,0000255c,00002558,B,1,0,0,1,0,0,0
4687,0000253c,00002544,00002540,B,0,0,1,0,0,0,0
4692,00002548,00002550,0000254c,B,0,0,1,0,0,0,0
4696,00002554,0000255c,00002558,B,1,0,0,1,0,0,0
4704,0000253c,00002544,00002540,B,0,0,1,0,0,0,0
4709,00002548,00002550,0000254c,B,0,0,1,0,0,0,0
4713,00002554,0000255c,00002558,B,1,0,0,1,0,0,0
4721,0000253c,00002544,00002540,B,0,0,1,0,0,0,0
4726,00002548,00002550,0000254c,B,0,0,1,0,0,0,0
4730,00002554,0000255c,00002558,B,1,0,0,1,0,0,0
4738,0000253c,00002544,00002540,B,0,0,1,0,0,0,0
4743,00002548,00002550,0000254c,B,0,0,1,0,0,0,0
4747,00002554,0000255c,00002558,B,1,0,0,1,0,0,0
4755,0000253c,00002544,00002540,B,0,0,1,0,0,0,0
4760,00002548,00002550,0000254c,B,0,0,1,0,0,0,0
4764,00002554,0000255c,00002558,B,1,0,0,1,0,0,0
4772,0000253c,00002544,00002540,B,0,0,1,0,0,0,0
4777,00002548,00002550,0000254c,B,0,0,1,0,0,0,0
4781,00002554,0000255c,00002558,B,1,0,0,1,0,0,0
4789,0000253c,00002544,00002540,B,0,0,1,0,0,0,0
4794,00002548,00002550,0000254c,B,0,0,1,0,0,0,0
4798,00002554,0000255c,00002558,B,1,0,0,1,0,0,0
4806,0000253c,00002544,00002540,B,0,0,1,0,0,0,0
4811,00002548,00002550,0000254c,B,0,0,1,0,0,0,0
4815,00002554,0000255c,00002558,B,1,0,0,1,0,0,0
4823,0000253c,00002544,00002540,B,0,0,1,0,0,0,0
4828,00002548,00002550,0000254c,B,0,0,1,0,0,0,0
4832,00002554,0000255c,00002558,B,1,0,0,1,0,0,0
4840,0000253c,00002544,00002540,B,0,0,1,0,0,0,0
4845,00002548,00002550,0000254c,B,0,0,1,0,0,0,0
4849,00002554,0000255c,00002558,B,1,0,0,1,0,0,0
4857,0000253c,00002544,00002540,B,0,0,1,0,0,0,0
4862,00002548,00002550,0000254c,B,0,0,1,0,0,0,0
4866,00002554,0000255c,00002558,B,1,0,0,1,0,0,0
4874,0000253c,00002544,00002540,B,0,0,1,0,0,0,0
4879,00002548,00002550,0000254c,B,0,0,1,0,0,0,0
4883,00002554,0000255c,00002558,B,1,0,0,1,0,0,0
4891,0000253c,00002544,00002540,B,0,0,1,0,0,0,0
4896,00002548,00002550,0000254c,B,0,0,1,0,0,0,0
4900,00002554,0000255c,00002558,B,1,0,0,1,0,0,0
4908,0000253c,00002544,00002540,B,0,0,1,0,0,0,0
4913,00002548,00002550,0000254c,B,0,0,1,0,0,0,0
4917,00002554,0000255c,00002558,B,1,0,0,1,0,0,0
4925,0000253c,00002544,00002540,B,0,0,1,0,0,0,0
4930,00002548,00002550,0000254c,B,0,0,1,0,0,0,0
4934,00002554,0000255c,00002558,B,1,0,0,1,0,0,0
4942,0000253c,00002544,00002540,B,0,0,1,0,0,0,0
4947,00002548,00002550,0000254c,B,0,0,1,0,0,0,0
4951,00002554,0000255c,00002558,B,1,0,0,1,0,0,0
4959,0000253c,00002544,00002540,B,1,0,0,1,0,0,0
4965,00002668,00002670,0000266c,J,1,0,0,1,0,1,0
4977,00002440,00002448,00002444,B,0,0,1,0,0,0,0
4983,00002450,00002458,00002454,B,0,0,1,0,0,0,0
4991,00002464,0000246c,00002468,J,1,0,0,1,0,0,0
4996,0000266c,00002674,00002670,J,1,0,0,1,0,0,0
5005,00002548,00002550,0000254c,B,0,0,1,0,0,0,0
5009,00002554,0000255c,00002558,B,0,0,1,0,0,0,0
5037,00002590,00002598,00002594,J,1,0,0,1,0,0,0
5046,00002114,0000211c,00002118,J,1,0,0,1,0,0,0
5095,000024d0,000024d8,000024d4,B,0,0,1,0,0,0,0
5109,00002508,00002510,0000250c,B,0,0,1,0,0,0,0
5118,0000251c,00002524,00002520,B,1,0,0,1,0,0,0
5124,00002508,00002510,0000250c,B,0,0,1,0,0,0,0
5133,0000251c,00002524,00002520,B,1,0,0,1,0,0,0
5139,00002508,00002510,0000250c,B,0,0,1,0,0,0,0
5148,0000251c,00002524,00002520,B,1,0,0,1,0,0,0
5154,00002508,00002510,0000250c,B,0,0,1,0,0,0,0
5163,0000251c,00002524,00002520,B,1,0,0,1,0,0,0
5169,00002508,00002510,0000250c,B,0,0,1,0,0,0,0
5178,0000251c,00002524,00002520,B,1,0,0,1,0,0,0
5184,00002508,00002510,0000250c,B,0,0,1,0,0,0,0
5193,0000251c,00002524,00002520,B,1,0,0,1,0,0,0
5199,00002508,00002510,0000250c,B,1,0,0,1,0,0,0
5211,000025ac,000025b4,000025b0,B,1,0,0,1,0,0,0
5219,000025ec,000025f4,000025f0,B,0,0,1,0,0,0,0
5222,000025f8,00002600,000025fc,B,0,0,1,0,0,0,0
5224,00002600,00002608,00002604,B,0,0,1,0,0,0,0
5227,0000260c,00002614,00002610,B,0,0,1,0,0,0,0
5231,0000261c,00002624,00002620,B,0,0,1,0,0,0,0
5238,00002630,00002638,00002634,J,1,0,0,1,0,0,0
5250,00002b9c,00002ba4,00002ba0,J,1,0,0,1,0,0,0
5255,00002734,0000273c,00002738,J,1,0,0,1,0,0,0
5272,00002194,0000219c,00002198,B,0,0,1,0,0,0,0
5276,000021a4,000021ac,000021a8,B,0,0,1,0,0,0,0
5280,000021b4,000021bc,000021b8,B,1,0,0,1,0,0,0
5288,00002374,0000237c,00002378,B,1,0,0,1,0,0,0
5293,000021c4,000021cc,000021c8,B,0,0,1,0,0,0,0
5295,000021cc,000021d4,000021d0,B,0,0,1,0,0,0,0
5298,000021d8,000021e0,000021dc,B,1,0,0,1,0,0,0
5303,000021e4,000021ec,000021e8,B,1,0,0,1,0,0,0
5308,000021fc,00002204,00002200,B,1,0,0,1,0,0,0
5315,00002398,000023a0,0000239c,J,1,0,0,1,0,0,0
5400,000023c4,00000000,00000000,B,1,0,0,1,0,0,1
5486,000023c4,00000000,00000000,B,1,0,0,1,0,0,1
5572,000023c4,00000000,00000000,B,1,0,0,1,0,0,1
5658,000023c4,00000000,00000000,B,1,0,0,1,0,0,1
5744,000023c4,00000000,00000000,B,1,0,0,1,0,0,1
5830,000023c4,00000000,00000000,B,1,0,0,1,0,0,1
5916,000023c4,00000000,00000000,B,1,0,0,1,0,0,1
6002,000023c4,000023cc,000023c8,B,0,0,1,0,0,1,0
6003,000023c8,000023d0,000023cc,J,1,0,0,1,0,0,0
6009,00002220,00002228,00002224,B,1,0,0,1,0,0,0
6016,00002230,00002238,00002234,B,0,0,1,0,0,0,0
6019,0000223c,00002244,00002240,B,1,0,0,1,0,0,0
6027,0000241c,00002424,00002420,J,1,0,0,1,0,0,1
6032,00002254,0000225c,00002258,B,1,0,0,1,0,0,0
6037,00002260,00002268,00002264,B,1,0,0,1,0,0,0
6042,00002274,0000227c,00002278,B,0,0,1,0,0,0,0
6045,00002280,00002288,00002284,B,1,0,0,1,0,0,0
6052,00002428,00002430,0000242c,J,1,0,0,1,0,0,0
6060,000022c8,000022d0,000022cc,B,1,0,0,1,0,0,0
6066,0000240c,00002414,00002410,J,1,0,0,1,0,0,0
6074,000022e4,000022ec,000022e8,J,1,0,0,1,0,0,0
6088,00002304,0000230c,00002308,B,1,0,0,1,0,0,0
6104,00002304,0000230c,00002308,B,1,0,0,1,0,0,0
6120,00002304,0000230c,00002308,B,1,0,0,1,0,0,0
6136,00002304,0000230c,00002308,B,1,0,0,1,0,0,0
6152,00002304,0000230c,00002308,B,1,0,0,1,0,0,0
6168,00002304,0000230c,00002308,B,1,0,0,1,0,0,0
6184,00002304,0000230c,00002308,B,1,0,0,1,0,0,0
6200,00002304,0000230c,00002308,B,0,0,1,0,0,0,0
6202,0000230c,00002314,00002310,B,1,0,0,1,0,0,0
6216,0000235c,00002364,00002360,J,1,0,0,1,0,0,0
6224,00002740,00002748,00002744,B,1,0,0,1,0,0,0
6230,00002508,00002510,0000250c,B,0,0,1,0,0,0,1
6239,0000251c,00002524,00002520,B,1,0,0,1,0,0,0
6245,00002508,00002510,0000250c,B,0,0,1,0,0,0,1
6254,0000251c,00002524,00002520,B,1,0,0,1,0,0,0
6260,00002508,00002510,0000250c,B,0,0,1,0,0,0,1
6269,0000251c,00002524,00002520,B,1,0,0,1,0,0,0
6275,00002508,00002510,0000250c,B,0,0,1,0,0,0,1
6284,0000251c,00002524,00002520,B,1,0,0,1,0,0,0
6290,00002508,00002510,0000250c,B,0,0,1,0,0,0,1
6299,0000251c,00002524,00002520,B,0,0,1,0,0,0,0
6305,00002528,00002530,0000252c,B,0,0,1,0,0,0,0
6312,0000253c,00002544,00002540,B,0,0,1,0,0,0,0
6317,00002548,00002550,0000254c,B,0,0,1,0,0,0,0
6321,00002554,0000255c,00002558,B,1,0,0,1,0,0,0
6329,0000253c,00002544,00002540,B,0,0,1,0,0,0,0
6334,00002548,00002550,0000254c,B,0,0,1,0,0,0,0
6338,00002554,0000255c,00002558,B,1,0,0,1,0,0,0
6346,0000253c,00002544,00002540,B,0,0,1,0,0,0,0
6351,00002548,00002550,0000254c,B,0,0,1,0,0,0,0
6355,00002554,0000255c,00002558,B,1,0,0,1,0,0,0
6363,0000253c,00002544,00002540,B,0,0,1,0,0,0,0
6368,00002548,00002550,0000254c,B,0,0,1,0,0,0,0
6372,00002554,0000255c,00002558,B,1,0,0,1,0,0,0
6380,0000253c,00002544,00002540,B,0,0,1,0,0,0,0
6385,00002548,00002550,0000254c,B,0,0,1,0,0,0,0
6389,00002554,0000255c,00002558,B,1,0,0,1,0,0,0
6397,0000253c,00002544,00002540,B,0,0,1,0,0,0,0
6402,00002548,00002550,0000254c,B,0,0,1,0,0,0,0
6406,00002554,0000255c,00002558,B,1,0,0,1,0,0,0
6414,0000253c,00002544,00002540,B,0,0,1,0,0,0,0
6419,00002548,00002550,0000254c,B,0,0,1,0,0,0,0
6423,00002554,0000255c,00002558,B,1,0,0,1,0,0,0
6431,0000253c,00002544,00002540,B,0,0,1,0,0,0,0
6436,00002548,00002550,0000254c,B,0,0,1,0,0,0,0
6440,00002554,0000255c,00002558,B,1,0,0,1,0,0,0
6448,0000253c,00002544,00002540,B,0,0,1,0,0,0,0
6453,00002548,00002550,0000254c,B,0,0,1,0,0,0,0
6457,00002554,0000255c,00002558,B,1,0,0,1,0,0,0
6465,0000253c,00002544,00002540,B,0,0,1,0,0,0,0
6470,00002548,00002550,0000254c,B,0,0,1,0,0,0,0
6474,00002554,0000255c,00002558,B,1,0,0,1,0,0,0
6482,0000253c,00002544,00002540,B,0,0,1,0,0,0,0
6487,00002548,00002550,0000254c,B,0,0,1,0,0,0,0
6491,00002554,0000255c,00002558,B,1,0,0,1,0,0,0
6499,0000253c,00002544,00002540,B,0,0,1,0,0,0,0
6504,00002548,00002550,0000254c,B,0,0,1,0,0,0,0
6508,00002554,0000255c,00002558,B,1,0,0,1,0,0,0
6516,0000253c,00002544,00002540,B,0,0,1,0,0,0,0
6521,00002548,00002550,0000254c,B,0,0,1,0,0,0,0
6525,00002554,0000255c,00002558,B,1,0,0,1,0,0,0
6533,0000253c,00002544,00002540,B,0,0,1,0,0,0,0
6538,00002548,00002550,0000254c,B,0,0,1,0,0,0,0
6542,00002554,0000255c,00002558,B,1,0,0,1,0,0,0
6550,0000253c,00002544,00002540,B,0,0,1,0,0,0,0
6555,00002548,00002550,0000254c,B,0,0,1,0,0,0,0
6559,00002554,0000255c,00002558,B,1,0,0,1,0,0,0
6567,0000253c,00002544,00002540,B,0,0,1,0,0,0,0
6572,00002548,00002550,0000254c,B,0,0,1,0,0,0,0
6576,00002554,0000255c,00002558,B,1,0,0,1,0,0,0
6584,0000253c,00002544,00002540,B,0,0,1,0,0,0,0
6589,00002548,00002550,0000254c,B,0,0,1,0,0,0,0
6593,00002554,0000255c,00002558,B,1,0,0,1,0,0,0
6601,0000253c,00002544,00002540,B,0,0,1,0,0,0,0
6606,00002548,00002550,0000254c,B,0,0,1,0,0,0,0
6610,00002554,0000255c,00002558,B,1,0,0,1,0,0,0
6618,0000253c,00002544,00002540,B,1,0,0,1,0,0,0
6624,00002668,00002670,0000266c,J,1,0,0,1,0,0,0
6636,00002440,00002448,00002444,B,0,0,1,0,0,0,0
6642,00002450,00002458,00002454,B,0,0,1,0,0,0,1
6650,00002464,0000246c,00002468,J,1,0,0,1,0,0,0
6655,0000266c,00002674,00002670,J,1,0,0,1,0,0,0
6664,00002548,00002550,0000254c,B,0,0,1,0,0,0,0
6668,00002554,0000255c,00002558,B,0,0,1,0,0,0,0
6696,00002590,00002598,00002594,J,1,0,0,1,0,0,0
6703,00002120,00002128,00002124,J,1,0,0,1,0,0,0
6752,000024d0,000024d8,000024d4,B,0,0,1,0,0,0,0
6766,00002508,00002510,0000250c,B,0,0,1,0,0,0,1
6775,0000251c,00002524,00002520,B,1,0,0,1,0,0,0
6781,00002508,00002510,0000250c,B,0,0,1,0,0,0,1
6790,0000251c,00002524,00002520,B,1,0,0,1,0,0,0
6796,00002508,00002510,0000250c,B,0,0,1,0,0,0,1
6805,0000251c,00002524,00002520,B,1,0,0,1,0,0,0
6811,00002508,00002510,0000250c,B,0,0,1,0,0,0,1
6820,0000251c,00002524,00002520,B,1,0,0,1,0,0,0
6826,00002508,00002510,0000250c,B,0,0,1,0,0,0,1
6835,0000251c,00002524,00002520,B,1,0,0,1,0,0,0
6841,00002508,00002510,0000250c,B,0,0,1,0,0,0,1
6850,0000251c,00002524,00002520,B,1,0,0,1,0,0,0
6856,00002508,00002510,0000250c,B,0,0,1,0,0,0,1
6865,0000251c,00002524,00002520,B,1,0,0,1,0,0,0
6871,00002508,00002510,0000250c,B,0,0,1,0,0,0,1
6880,0000251c,00002524,00002520,B,1,0,0,1,0,0,0
6886,00002508,00002510,0000250c,B,0,0,1,0,0,0,1
6895,0000251c,00002524,00002520,B,1,0,0,1,0,0,0
6901,00002508,00002510,0000250c,B,0,0,1,0,0,0,1
6910,0000251c,00002524,00002520,B,1,0,0,1,0,0,0
6916,00002508,00002510,0000250c,B,0,0,1,0,0,0,1
6925,0000251c,00002524,00002520,B,1,0,0,1,0,0,0
6931,00002508,00002510,0000250c,B,0,0,1,0,0,0,1
6940,0000251c,00002524,00002520,B,1,0,0,1,0,0,0
6946,00002508,00002510,0000250c,B,0,0,1,0,0,0,1
6955,0000251c,00002524,00002520,B,1,0,0,1,0,0,0
6961,00002508,00002510,0000250c,B,0,0,1,0,0,0,1
6970,0000251c,00002524,00002520,B,1,0,0,1,0,0,0
6976,00002508,00002510,0000250c,B,0,0,1,0,0,0,1
6985,0000251c,00002524,00002520,B,1,0,0,1,0,0,0
6991,00002508,00002510,0000250c,B,0,0,1,0,0,0,1
7000,0000251c,00002524,00002520,B,1,0,0,1,0,0,0
7006,00002508,00002510,0000250c,B,0,0,1,0,0,0,1
7015,0000251c,00002524,00002520,B,1,0,0,1,0,0,0
7021,00002508,00002510,0000250c,B,0,0,1,0,0,0,1
7030,0000251c,00002524,00002520,B,1,0,0,1,0,0,0
7036,00002508,00002510,0000250c,B,0,0,1,0,0,0,1
7045,0000251c,00002524,00002520,B,1,0,0,1,0,0,0
7051,00002508,00002510,0000250c,B,0,0,1,0,0,0,1
7060,0000251c,00002524,00002520,B,1,0,0,1,0,0,0
7066,00002508,00002510,0000250c,B,0,0,1,0,0,0,1
7075,0000251c,00002524,00002520,B,1,0,0,1,0,0,0
7081,00002508,00002510,0000250c,B,0,0,1,0,0,0,1
7090,0000251c,00002524,00002520,B,1,0,0,1,0,0,0
7096,00002508,00002510,0000250c,B,0,0,1,0,0,0,1
7105,0000251c,00002524,00002520,B,1,0,0,1,0,0,0
7111,00002508,00002510,0000250c,B,0,0,1,0,0,0,1
7120,0000251c,00002524,00002520,B,1,0,0,1,0,0,0
7126,00002508,00002510,0000250c,B,0,0,1,0,0,0,1
7135,0000251c,00002524,00002520,B,1,0,0,1,0,0,0
7141,00002508,00002510,0000250c,B,0,0,1,0,0,0,1
7150,0000251c,00002524,00002520,B,1,0,0,1,0,0,0
7156,00002508,00002510,0000250c,B,0,0,1,0,0,0,1
7165,0000251c,00002524,00002520,B,1,0,0,1,0,0,0
7171,00002508,00002510,0000250c,B,0,0,1,0,0,0,1
7180,0000251c,00002524,00002520,B,1,0,0,1,0,0,0
7186,00002508,00002510,0000250c,B,0,0,1,0,0,0,1
7195,0000251c,00002524,00002520,B,1,0,0,1,0,0,0
7201,00002508,00002510,0000250c,B,0,0,1,0,0,0,1
7210,0000251c,00002524,00002520,B,1,0,0,1,0,0,0
7216,00002508,00002510,0000250c,B,0,0,1,0,0,0,1
7225,0000251c,00002524,00002520,B,1,0,0,1,0,0,0
7231,00002508,00002510,0000250c,B,0,0,1,0,0,0,1
7240,0000251c,00002524,00002520,B,1,0,0,1,0,0,0
7246,00002508,00002510,0000250c,B,0,0,1,0,0,0,1
7255,0000251c,00002524,00002520,B,1,0,0,1,0,0,0
7261,00002508,00002510,0000250c,B,0,0,1,0,0,0,1
7270,0000251c,00002524,00002520,B,1,0,0,1,0,0,0
7276,00002508,00002510,0000250c,B,0,0,1,0,0,0,1
7285,0000251c,00002524,00002520,B,0,0,1,0,0,0,0
7291,00002528,00002530,0000252c,B,0,0,1,0,0,0,0
7298,0000253c,00002544,00002540,B,0,0,1,0,0,0,0
7303,00002548,00002550,0000254c,B,0,0,1,0,0,0,0
7307,00002554,0000255c,00002558,B,1,0,0,1,0,0,0
7315,0000253c,00002544,00002540,B,0,0,1,0,0,0,0
7320,00002548,00002550,0000254c,B,0,0,1,0,0,0,0
7324,00002554,0000255c,00002558,B,1,0,0,1,0,0,0
7332,0000253c,00002544,00002540,B,0,0,1,0,0,0,0
7337,00002548,00002550,0000254c,B,0,0,1,0,0,0,0
7341,00002554,0000255c,00002558,B,1,0,0,1,0,0,0
7349,0000253c,00002544,00002540,B,0,0,1,0,0,0,0
7354,00002548,00002550,0000254c,B,0,0,1,0,0,0,0
7358,00002554,0000255c,00002558,B,1,0,0,1,0,0,0
7366,0000253c,00002544,00002540,B,0,0,1,0,0,0,0
7371,00002548,00002550,0000254c,B,0,0,1,0,0,0,0
7375,00002554,0000255c,00002558,B,1,0,0,1,0,0,0
7383,0000253c,00002544,00002540,B,0,0,1,0,0,0,0
7388,00002548,00002550,0000254c,B,0,0,1,0,0,0,0
7392,00002554,0000255c,00002558,B,1,0,0,1,0,0,0
7400,0000253c,00002544,00002540,B,0,0,1,0,0,0,0
7405,00002548,00002550,0000254c,B,0,0,1,0,0,0,0
7409,00002554,0000255c,00002558,B,1,0,0,1,0,0,0
7417,0000253c,00002544,00002540,B,0,0,1,0,0,0,0
7422,00002548,00002550,0000254c,B,0,0,1,0,0,0,0
7426,00002554,0000255c,00002558,B,1,0,0,1,0,0,0
7434,0000253c,00002544,00002540,B,0,0,1,0,0,0,0
7439,00002548,00002550,0000254c,B,0,0,1,0,0,0,0
7443,00002554,0000255c,00002558,B,1,0,0,1,0,0,0
7451,0000253c,00002544,00002540,B,0,0,1,0,0,0,0
7456,00002548,00002550,0000254c,B,0,0,1,0,0,0,0
7460,00002554,0000255c,00002558,B,1,0,0,1,0,0,0
7468,0000253c,00002544,00002540,B,0,0,1,0,0,0,0
7473,00002548,00002550,0000254c,B,0,0,1,0,0,0,0
7477,00002554,0000255c,00002558,B,1,0,0,1,0,0,0
7485,0000253c,00002544,00002540,B,0,0,1,0,0,0,0
7490,00002548,00002550,0000254c,B,0,0,1,0,0,0,0
7494,00002554,0000255c,00002558,B,1,0,0,1,0,0,0
7502,0000253c,00002544,00002540,B,0,0,1,0,0,0,0
7507,00002548,00002550,0000254c,B,0,0,1,0,0,0,0
7511,00002554,0000255c,00002558,B,1,0,0,1,0,0,0
7519,0000253c,00002544,00002540,B,0,0,1,0,0,0,0
7524,00002548,00002550,0000254c,B,0,0,1,0,0,0,0
7528,00002554,0000255c,00002558,B,1,0,0,1,0,0,0
7536,0000253c,00002544,00002540,B,0,0,1,0,0,0,0
7541,00002548,00002550,0000254c,B,0,0,1,0,0,0,0
7545,00002554,0000255c,00002558,B,1,0,0,1,0,0,0
7553,0000253c,00002544,00002540,B,0,0,1,0,0,0,0
7558,00002548,00002550,0000254c,B,0,0,1,0,0,0,0
7562,00002554,0000255c,00002558,B,1,0,0,1,0,0,0
7570,0000253c,00002544,00002540,B,0,0,1,0,0,0,0
7575,00002548,00002550,0000254c,B,0,0,1,0,0,0,0
7579,00002554,0000255c,00002558,B,1,0,0,1,0,0,0
7587,0000253c,00002544,00002540,B,0,0,1,0,0,0,0
7592,00002548,00002550,0000254c,B,0,0,1,0,0,0,0
7596,00002554,0000255c,00002558,B,1,0,0,1,0,0,0
7604,0000253c,00002544,00002540,B,0,0,1,0,0,0,0
7609,00002548,00002550,0000254c,B,0,0,1,0,0,0,0
7613,00002554,0000255c,00002558,B,1,0,0,1,0,0,0
7621,0000253c,00002544,00002540,B,0,0,1,0,0,0,0
7626,00002548,00002550,0000254c,B,0,0,1,0,0,0,0
7630,00002554,0000255c,00002558,B,1,0,0,1,0,0,0
7638,0000253c,00002544,00002540,B,0,0,1,0,0,0,0
7643,00002548,00002550,0000254c,B,0,0,1,0,0,0,0
7647,00002554,0000255c,00002558,B,1,0,0,1,0,0,0
7655,0000253c,00002544,00002540,B,0,0,1,0,0,0,0
7660,00002548,00002550,0000254c,B,0,0,1,0,0,0,0
7664,00002554,0000255c,00002558,B,1,0,0,1,0,0,0
7672,0000253c,00002544,00002540,B,0,0,1,0,0,0,0
7677,00002548,00002550,0000254c,B,0,0,1,0,0,0,0
7681,00002554,0000255c,00002558,B,1,0,0,1,0,0,0
7689,0000253c,00002544,00002540,B,0,0,1,0,0,0,0
7694,00002548,00002550,0000254c,B,0,0,1,0,0,0,0
7698,00002554,0000255c,00002558,B,1,0,0,1,0,0,0
7706,0000253c,00002544,00002540,B,0,0,1,0,0,0,0
7711,00002548,00002550,0000254c,B,0,0,1,0,0,0,0
7715,00002554,0000255c,00002558,B,1,0,0,1,0,0,0
7723,0000253c,00002544,00002540,B,0,0,1,0,0,0,0
7728,00002548,00002550,0000254c,B,0,0,1,0,0,0,0
7732,00002554,0000255c,00002558,B,1,0,0,1,0,0,0
7740,0000253c,00002544,00002540,B,0,0,1,0,0,0,0
7745,00002548,00002550,0000254c,B,0,0,1,0,0,0,0
7749,00002554,0000255c,00002558,B,1,0,0,1,0,0,0
7757,0000253c,00002544,00002540,B,0,0,1,0,0,0,0
7762,00002548,00002550,0000254c,B,0,0,1,0,0,0,0
7766,00002554,0000255c,00002558,B,1,0,0,1,0,0,0
7774,0000253c,00002544,00002540,B,0,0,1,0,0,0,0
7779,00002548,00002550,0000254c,B,0,0,1,0,0,0,0
7783,00002554,0000255c,00002558,B,1,0,0,1,0,0,0
7791,0000253c,00002544,00002540,B,0,0,1,0,0,0,0
7796,00002548,00002550,0000254c,B,0,0,1,0,0,0,0
7800,00002554,0000255c,00002558,B,1,0,0,1,0,0,0
7808,0000253c,00002544,00002540,B,0,0,1,0,0,0,0
7813,00002548,00002550,0000254c,B,0,0,1,0,0,0,0
7817,00002554,0000255c,00002558,B,1,0,0,1,0,0,0
7825,0000253c,00002544,00002540,B,0,0,1,0,0,0,0
7830,00002548,00002550,0000254c,B,0,0,1,0,0,0,0
7834,00002554,0000255c,00002558,B,1,0,0,1,0,0,0
7842,0000253c,00002544,00002540,B,0,0,1,0,0,0,0
7847,00002548,00002550,0000254c,B,0,0,1,0,0,0,0
7851,00002554,0000255c,00002558,B,1,0,0,1,0,0,0
7859,0000253c,00002544,00002540,B,0,0,1,0,0,0,0
7864,00002548,00002550,0000254c,B,0,0,1,0,0,0,0
7868,00002554,0000255c,00002558,B,1,0,0,1,0,0,0
7876,0000253c,00002544,00002540,B,1,0,0,1,0,0,0
7882,00002668,00002670,0000266c,J,1,0,0,1,0,1,0
7894,00002440,00002448,00002444,B,0,0,1,0,0,0,0
7900,00002450,00002458,00002454,B,0,0,1,0,0,0,1
7908,00002464,0000246c,00002468,J,1,0,0,1,0,0,0
7913,0000266c,00002674,00002670,J,1,0,0,1,0,0,0
7922,00002548,00002550,0000254c,B,0,0,1,0,0,0,0
7926,00002554,0000255c,00002558,B,0,0,1,0,0,0,0
7954,00002590,00002598,00002594,J,1,0,0,1,0,0,0
7969,00002138,00002140,0000213c,J,1,0,0,1,0,0,0
7975,00000888,00000890,0000088c,J,1,0,0,1,0,0,0
7981,00001f44,00001f4c,00001f48,B,0,0,1,0,0,0,0
7990,00001f60,00001f68,00001f64,J,1,0,0,1,0,0,0
7999,00001f7c,00000000,00000000,J,1,0,0,1,0,0,1
8012,00000898,000008a0,0000089c,J,1,0,0,1,0,0,0
8018,00001f44,00001f4c,00001f48,B,0,0,1,0,0,0,0
8027,00001f60,00001f68,00001f64,J,1,0,0,1,0,0,0
8036,00001f8c,00000000,00000000,J,1,0,0,1,0,0,1
8049,000008a8,000008b0,000008ac,J,1,0,0,1,0,0,0
8055,00001f44,00001f4c,00001f48,B,0,0,1,0,0,0,0
8064,00001f60,00001f68,00001f64,J,1,0,0,1,0,0,0
8073,00001f9c,00000000,00000000,J,1,0,0,1,0,0,1
8086,000008b8,000008c0,000008bc,J,1,0,0,1,0,0,0
8092,00001f44,00001f4c,00001f48,B,0,0,1,0,0,0,0
8101,00001f60,00001f68,00001f64,J,1,0,0,1,0,0,0
8109,00001fa8,00000000,00000000,J,1,0,0,1,0,0,1
8117,000008c4,000008cc,000008c8,J,1,0,0,1,0,0,1
8123,00001f44,00001f4c,00001f48,B,0,0,1,0,0,0,0
8132,00001f60,00001f68,00001f64,J,1,0,0,1,0,0,0
8140,00001f6c,00000000,00000000,J,1,0,0,1,0,0,1
8145,000008c8,000008d0,000008cc,B,1,0,0,1,0,0,0
8153,00001040,00000000,00000000,J,1,0,0,1,0,0,1
8169,000008f0,000008f8,000008f4,B,0,0,1,0,0,0,0
8176,000008fc,00000904,00000900,B,0,0,1,0,0,0,0
BRANCH_ACC_SUMMARY cycles=2000000 total=1080 correct=616 fail=464 acc=57.04% b_total=1012 b_acc=60.87% j_total=68 j_acc=0.00%
