#-----------------------------------------------------------
# Vivado v2021.2 (64-bit)
# SW Build 3367213 on Tue Oct 19 02:48:09 MDT 2021
# IP Build 3369179 on Thu Oct 21 08:25:16 MDT 2021
# Start of session at: Sun May  3 02:31:54 2026
# Process ID: 2528
# Current directory: D:/riscv32_pipeline
# Command line: vivado.exe -mode batch -source D:\riscv32_pipeline\check_area_run_clean.tcl -journal D:\riscv32_pipeline\report_artifacts\check_area_run_clean.jou -log D:\riscv32_pipeline\report_artifacts\check_area_run_clean.log
# Log file: D:/riscv32_pipeline/report_artifacts/check_area_run_clean.log
# Journal file: D:\riscv32_pipeline\report_artifacts\check_area_run_clean.jou
# Running On: WDDdLaptop, OS: Windows, CPU Frequency: 3194 MHz, CPU Physical cores: 16, Host memory: 16366 MB
#-----------------------------------------------------------
source {D:\riscv32_pipeline\check_area_run_clean.tcl}
# open_project D:/riscv32_pipeline/riscv32_pipeline.xpr
Scanning sources...
Finished scanning sources
WARNING: [Project 1-509] GeneratedRun file for 'synth_1_copy_1' not found
INFO: [IP_Flow 19-234] Refreshing IP repositories
INFO: [IP_Flow 19-1704] No user IP repositories specified
INFO: [IP_Flow 19-2313] Loaded Vivado IP repository 'F:/Xilinx/Vivado/2021.2/data/ip'.
open_project: Time (s): cpu = 00:00:09 ; elapsed = 00:00:08 . Memory (MB): peak = 1246.988 ; gain = 23.914
# reset_run synth_1_copy_1
# launch_runs synth_1_copy_1 -jobs 8
[Sun May  3 02:32:09 2026] Launched synth_1_copy_1...
Run output will be captured here: D:/riscv32_pipeline/riscv32_pipeline.runs/synth_1_copy_1/runme.log
# wait_on_run synth_1_copy_1
[Sun May  3 02:32:09 2026] Waiting for synth_1_copy_1 to finish...

*** Running vivado
    with args -log top.vds -m64 -product Vivado -mode batch -messageDb vivado.pb -notrace -source top.tcl



****** Vivado v2021.2 (64-bit)
  **** SW Build 3367213 on Tue Oct 19 02:48:09 MDT 2021
  **** IP Build 3369179 on Thu Oct 21 08:25:16 MDT 2021
    ** Copyright 1986-2021 Xilinx, Inc. All Rights Reserved.

source top.tcl -notrace
create_project: Time (s): cpu = 00:00:08 ; elapsed = 00:00:07 . Memory (MB): peak = 1247.219 ; gain = 23.879
Command: synth_design -top top -part xc7z020clg400-2 -directive AreaOptimized_high -control_set_opt_threshold 1
Starting synth_design
Attempting to get a license for feature 'Synthesis' and/or device 'xc7z020'
INFO: [Common 17-349] Got license for feature 'Synthesis' and/or device 'xc7z020'
INFO: [Device 21-403] Loading part xc7z020clg400-2
INFO: [Synth 8-7079] Multithreading enabled for synth_design using a maximum of 2 processes.
INFO: [Synth 8-7078] Launching helper process for spawning children vivado processes
INFO: [Synth 8-7075] Helper process launched with PID 3224
---------------------------------------------------------------------------------
Starting RTL Elaboration : Time (s): cpu = 00:00:06 ; elapsed = 00:00:07 . Memory (MB): peak = 1247.219 ; gain = 0.000
---------------------------------------------------------------------------------
INFO: [Synth 8-6157] synthesizing module 'top' [D:/riscv32_pipeline/riscv32_pipeline.srcs/sources_1/new/top.v:3]
INFO: [Synth 8-6157] synthesizing module 'cpuclk' [D:/riscv32_pipeline/riscv32_pipeline.runs/synth_1_copy_1/.Xil/Vivado-22324-WDDdLaptop/realtime/cpuclk_stub.v:5]
INFO: [Synth 8-6155] done synthesizing module 'cpuclk' (1#1) [D:/riscv32_pipeline/riscv32_pipeline.runs/synth_1_copy_1/.Xil/Vivado-22324-WDDdLaptop/realtime/cpuclk_stub.v:5]
WARNING: [Synth 8-7071] port 'reset' of module 'cpuclk' is unconnected for instance 'cpuClk' [D:/riscv32_pipeline/riscv32_pipeline.srcs/sources_1/new/top.v:15]
WARNING: [Synth 8-7023] instance 'cpuClk' of module 'cpuclk' has 4 connections declared, but only 3 given [D:/riscv32_pipeline/riscv32_pipeline.srcs/sources_1/new/top.v:15]
INFO: [Synth 8-6157] synthesizing module 'mini_rv' [D:/riscv32_pipeline/riscv32_pipeline.srcs/sources_1/new/miniRV.v:3]
INFO: [Synth 8-6157] synthesizing module 'IF' [D:/riscv32_pipeline/riscv32_pipeline.srcs/sources_1/new/combine/IF.v:7]
INFO: [Synth 8-6157] synthesizing module 'BranchCTRL' [D:/riscv32_pipeline/riscv32_pipeline.srcs/sources_1/new/basic/ctrl/BranchCTRL.v:7]
INFO: [Synth 8-6155] done synthesizing module 'BranchCTRL' (2#1) [D:/riscv32_pipeline/riscv32_pipeline.srcs/sources_1/new/basic/ctrl/BranchCTRL.v:7]
INFO: [Synth 8-6157] synthesizing module 'BranchPredictor' [D:/riscv32_pipeline/riscv32_pipeline.srcs/sources_1/new/basic/pc/BranchPredictor.v:7]
INFO: [Synth 8-6157] synthesizing module 'BHT' [D:/riscv32_pipeline/riscv32_pipeline.srcs/sources_1/new/basic/pc/BHT.v:7]
INFO: [Synth 8-6155] done synthesizing module 'BHT' (3#1) [D:/riscv32_pipeline/riscv32_pipeline.srcs/sources_1/new/basic/pc/BHT.v:7]
INFO: [Synth 8-6157] synthesizing module 'BTB' [D:/riscv32_pipeline/riscv32_pipeline.srcs/sources_1/new/basic/pc/BTB.v:7]
INFO: [Synth 8-6155] done synthesizing module 'BTB' (4#1) [D:/riscv32_pipeline/riscv32_pipeline.srcs/sources_1/new/basic/pc/BTB.v:7]
INFO: [Synth 8-6155] done synthesizing module 'BranchPredictor' (5#1) [D:/riscv32_pipeline/riscv32_pipeline.srcs/sources_1/new/basic/pc/BranchPredictor.v:7]
INFO: [Synth 8-6157] synthesizing module 'InstMem' [D:/riscv32_pipeline/riscv32_pipeline.srcs/sources_1/new/basic/mem/instMem.v:1]
INFO: [Synth 8-6157] synthesizing module 'inst_mem' [D:/riscv32_pipeline/riscv32_pipeline.runs/synth_1_copy_1/.Xil/Vivado-22324-WDDdLaptop/realtime/inst_mem_stub.v:6]
INFO: [Synth 8-6155] done synthesizing module 'inst_mem' (6#1) [D:/riscv32_pipeline/riscv32_pipeline.runs/synth_1_copy_1/.Xil/Vivado-22324-WDDdLaptop/realtime/inst_mem_stub.v:6]
INFO: [Synth 8-6155] done synthesizing module 'InstMem' (7#1) [D:/riscv32_pipeline/riscv32_pipeline.srcs/sources_1/new/basic/mem/instMem.v:1]
WARNING: [Synth 8-7137] Register if_buf_reg in module IF has both Set and reset with same priority. This may cause simulation mismatches. Consider rewriting code 
WARNING: [Synth 8-7137] Register if_buf_pc_reg in module IF has both Set and reset with same priority. This may cause simulation mismatches. Consider rewriting code 
WARNING: [Synth 8-4767] Trying to implement RAM 'if_buf_reg' in registers. Block RAM or DRAM implementation is not possible; see log for reasons.
Reason is one or more of the following :
	1: RAM is sensitive to asynchronous reset signal. this RTL style is not supported. 
RAM "if_buf_reg" dissolved into registers
WARNING: [Synth 8-4767] Trying to implement RAM 'if_buf_pc_reg' in registers. Block RAM or DRAM implementation is not possible; see log for reasons.
Reason is one or more of the following :
	1: RAM is sensitive to asynchronous reset signal. this RTL style is not supported. 
RAM "if_buf_pc_reg" dissolved into registers
INFO: [Synth 8-6155] done synthesizing module 'IF' (8#1) [D:/riscv32_pipeline/riscv32_pipeline.srcs/sources_1/new/combine/IF.v:7]
INFO: [Synth 8-6157] synthesizing module 'IF_ID' [D:/riscv32_pipeline/riscv32_pipeline.srcs/sources_1/new/combine/IF_ID.v:7]
INFO: [Synth 8-6155] done synthesizing module 'IF_ID' (9#1) [D:/riscv32_pipeline/riscv32_pipeline.srcs/sources_1/new/combine/IF_ID.v:7]
INFO: [Synth 8-6157] synthesizing module 'EX_IF' [D:/riscv32_pipeline/riscv32_pipeline.srcs/sources_1/new/combine/EX_IF.v:7]
INFO: [Synth 8-6155] done synthesizing module 'EX_IF' (10#1) [D:/riscv32_pipeline/riscv32_pipeline.srcs/sources_1/new/combine/EX_IF.v:7]
INFO: [Synth 8-6157] synthesizing module 'InstDivider' [D:/riscv32_pipeline/riscv32_pipeline.srcs/sources_1/new/basic/ctrl/InstDivider.v:7]
INFO: [Synth 8-6155] done synthesizing module 'InstDivider' (11#1) [D:/riscv32_pipeline/riscv32_pipeline.srcs/sources_1/new/basic/ctrl/InstDivider.v:7]
INFO: [Synth 8-6157] synthesizing module 'CTRL' [D:/riscv32_pipeline/riscv32_pipeline.srcs/sources_1/new/basic/ctrl/CTRL.v:7]
INFO: [Synth 8-6157] synthesizing module 'ALUope' [D:/riscv32_pipeline/riscv32_pipeline.srcs/sources_1/new/basic/ctrl/ALUope.v:7]
INFO: [Synth 8-6155] done synthesizing module 'ALUope' (12#1) [D:/riscv32_pipeline/riscv32_pipeline.srcs/sources_1/new/basic/ctrl/ALUope.v:7]
INFO: [Synth 8-6155] done synthesizing module 'CTRL' (13#1) [D:/riscv32_pipeline/riscv32_pipeline.srcs/sources_1/new/basic/ctrl/CTRL.v:7]
WARNING: [Synth 8-7071] port 'inst_div' of module 'CTRL' is unconnected for instance 'ctrl_INSTDIV' [D:/riscv32_pipeline/riscv32_pipeline.srcs/sources_1/new/miniRV.v:192]
WARNING: [Synth 8-7023] instance 'ctrl_INSTDIV' of module 'CTRL' has 20 connections declared, but only 19 given [D:/riscv32_pipeline/riscv32_pipeline.srcs/sources_1/new/miniRV.v:192]
INFO: [Synth 8-6157] synthesizing module 'ID' [D:/riscv32_pipeline/riscv32_pipeline.srcs/sources_1/new/combine/ID.v:1]
INFO: [Synth 8-6157] synthesizing module 'RegFile' [D:/riscv32_pipeline/riscv32_pipeline.srcs/sources_1/new/basic/mem/regFIle.v:3]
INFO: [Synth 8-6155] done synthesizing module 'RegFile' (14#1) [D:/riscv32_pipeline/riscv32_pipeline.srcs/sources_1/new/basic/mem/regFIle.v:3]
INFO: [Synth 8-6157] synthesizing module 'ImmGen' [D:/riscv32_pipeline/riscv32_pipeline.srcs/sources_1/new/basic/alu/immGen.v:7]
INFO: [Synth 8-6155] done synthesizing module 'ImmGen' (15#1) [D:/riscv32_pipeline/riscv32_pipeline.srcs/sources_1/new/basic/alu/immGen.v:7]
INFO: [Synth 8-6155] done synthesizing module 'ID' (16#1) [D:/riscv32_pipeline/riscv32_pipeline.srcs/sources_1/new/combine/ID.v:1]
INFO: [Synth 8-6157] synthesizing module 'ID_EX' [D:/riscv32_pipeline/riscv32_pipeline.srcs/sources_1/new/combine/ID_EX.v:7]
INFO: [Synth 8-6155] done synthesizing module 'ID_EX' (17#1) [D:/riscv32_pipeline/riscv32_pipeline.srcs/sources_1/new/combine/ID_EX.v:7]
INFO: [Synth 8-6157] synthesizing module 'EX' [D:/riscv32_pipeline/riscv32_pipeline.srcs/sources_1/new/combine/EX.v:7]
INFO: [Synth 8-6157] synthesizing module 'ALU' [D:/riscv32_pipeline/riscv32_pipeline.srcs/sources_1/new/basic/alu/ALU.v:3]
INFO: [Synth 8-6155] done synthesizing module 'ALU' (18#1) [D:/riscv32_pipeline/riscv32_pipeline.srcs/sources_1/new/basic/alu/ALU.v:3]
INFO: [Synth 8-6157] synthesizing module 'COMP' [D:/riscv32_pipeline/riscv32_pipeline.srcs/sources_1/new/basic/alu/COMP.v:7]
INFO: [Synth 8-6155] done synthesizing module 'COMP' (19#1) [D:/riscv32_pipeline/riscv32_pipeline.srcs/sources_1/new/basic/alu/COMP.v:7]
INFO: [Synth 8-6157] synthesizing module 'multiplier_16c' [D:/riscv32_pipeline/riscv32_pipeline.srcs/sources_1/new/M extension/multiplier.v:1]
INFO: [Synth 8-6155] done synthesizing module 'multiplier_16c' (20#1) [D:/riscv32_pipeline/riscv32_pipeline.srcs/sources_1/new/M extension/multiplier.v:1]
INFO: [Synth 8-6157] synthesizing module 'divider_32c' [D:/riscv32_pipeline/riscv32_pipeline.srcs/sources_1/new/M extension/divider.v:1]
INFO: [Synth 8-155] case statement is not full and has no default [D:/riscv32_pipeline/riscv32_pipeline.srcs/sources_1/new/M extension/divider.v:33]
INFO: [Synth 8-6155] done synthesizing module 'divider_32c' (21#1) [D:/riscv32_pipeline/riscv32_pipeline.srcs/sources_1/new/M extension/divider.v:1]
INFO: [Synth 8-226] default block is never used [D:/riscv32_pipeline/riscv32_pipeline.srcs/sources_1/new/combine/EX.v:112]
INFO: [Synth 8-6155] done synthesizing module 'EX' (22#1) [D:/riscv32_pipeline/riscv32_pipeline.srcs/sources_1/new/combine/EX.v:7]
INFO: [Synth 8-6157] synthesizing module 'EX_MEM' [D:/riscv32_pipeline/riscv32_pipeline.srcs/sources_1/new/combine/EX_MEM.v:7]
INFO: [Synth 8-6155] done synthesizing module 'EX_MEM' (23#1) [D:/riscv32_pipeline/riscv32_pipeline.srcs/sources_1/new/combine/EX_MEM.v:7]
INFO: [Synth 8-6157] synthesizing module 'MEM' [D:/riscv32_pipeline/riscv32_pipeline.srcs/sources_1/new/combine/MEM.v:8]
INFO: [Synth 8-6155] done synthesizing module 'MEM' (24#1) [D:/riscv32_pipeline/riscv32_pipeline.srcs/sources_1/new/combine/MEM.v:8]
INFO: [Synth 8-6157] synthesizing module 'MEM_WB' [D:/riscv32_pipeline/riscv32_pipeline.srcs/sources_1/new/combine/MEM_WB.v:7]
INFO: [Synth 8-6155] done synthesizing module 'MEM_WB' (25#1) [D:/riscv32_pipeline/riscv32_pipeline.srcs/sources_1/new/combine/MEM_WB.v:7]
INFO: [Synth 8-6157] synthesizing module 'WB' [D:/riscv32_pipeline/riscv32_pipeline.srcs/sources_1/new/combine/WB.v:7]
INFO: [Synth 8-6155] done synthesizing module 'WB' (26#1) [D:/riscv32_pipeline/riscv32_pipeline.srcs/sources_1/new/combine/WB.v:7]
INFO: [Synth 8-6157] synthesizing module 'ForwardingUnit' [D:/riscv32_pipeline/riscv32_pipeline.srcs/sources_1/new/basic/ctrl/ForwardingUnit.v:7]
INFO: [Synth 8-6155] done synthesizing module 'ForwardingUnit' (27#1) [D:/riscv32_pipeline/riscv32_pipeline.srcs/sources_1/new/basic/ctrl/ForwardingUnit.v:7]
INFO: [Synth 8-6157] synthesizing module 'ExceptionCTRL' [D:/riscv32_pipeline/riscv32_pipeline.srcs/sources_1/new/basic/ctrl/ExceptionCTRL.v:15]
INFO: [Synth 8-6155] done synthesizing module 'ExceptionCTRL' (28#1) [D:/riscv32_pipeline/riscv32_pipeline.srcs/sources_1/new/basic/ctrl/ExceptionCTRL.v:15]
INFO: [Synth 8-6155] done synthesizing module 'mini_rv' (29#1) [D:/riscv32_pipeline/riscv32_pipeline.srcs/sources_1/new/miniRV.v:3]
INFO: [Synth 8-6157] synthesizing module 'BUS' [D:/riscv32_pipeline/riscv32_pipeline.srcs/sources_1/new/IO/BUS/BUS.v:7]
	Parameter ENABLE_NUMLED bound to: 1'b0 
	Parameter ENABLE_LED_SWITCH bound to: 1'b0 
	Parameter ENABLE_UART bound to: 1'b1 
	Parameter ENABLE_TIMER bound to: 1'b1 
	Parameter CPU_CLK_HZ bound to: 75000000 - type: integer 
	Parameter UART_BAUD bound to: 115200 - type: integer 
INFO: [Synth 8-6157] synthesizing module 'Interface_UART' [D:/riscv32_pipeline/riscv32_pipeline.srcs/sources_1/new/interface_UART.v:1]
	Parameter CLK_FREQ bound to: 75000000 - type: integer 
	Parameter BAUD_RATE bound to: 115200 - type: integer 
INFO: [Synth 8-6157] synthesizing module 'uart_tx' [D:/riscv32_pipeline/riscv32_pipeline.srcs/sources_1/new/interface_UART.v:41]
	Parameter CLK_FREQ bound to: 75000000 - type: integer 
	Parameter BAUD_RATE bound to: 115200 - type: integer 
INFO: [Synth 8-6155] done synthesizing module 'uart_tx' (30#1) [D:/riscv32_pipeline/riscv32_pipeline.srcs/sources_1/new/interface_UART.v:41]
INFO: [Synth 8-6155] done synthesizing module 'Interface_UART' (31#1) [D:/riscv32_pipeline/riscv32_pipeline.srcs/sources_1/new/interface_UART.v:1]
INFO: [Synth 8-6157] synthesizing module 'Interface_Timer' [D:/riscv32_pipeline/riscv32_pipeline.srcs/sources_1/new/interface_Timer.v:1]
INFO: [Synth 8-6155] done synthesizing module 'Interface_Timer' (32#1) [D:/riscv32_pipeline/riscv32_pipeline.srcs/sources_1/new/interface_Timer.v:1]
INFO: [Synth 8-6157] synthesizing module 'Interface_RAM' [D:/riscv32_pipeline/riscv32_pipeline.srcs/sources_1/new/IO/interface_RAM/interface_RAM.v:13]
INFO: [Synth 8-6157] synthesizing module 'InputCtrl_RAM' [D:/riscv32_pipeline/riscv32_pipeline.srcs/sources_1/new/IO/interface_RAM/inputCtrl_RAM.v:1]
INFO: [Synth 8-6155] done synthesizing module 'InputCtrl_RAM' (33#1) [D:/riscv32_pipeline/riscv32_pipeline.srcs/sources_1/new/IO/interface_RAM/inputCtrl_RAM.v:1]
INFO: [Synth 8-6157] synthesizing module 'OutputCtrl_RAM' [D:/riscv32_pipeline/riscv32_pipeline.srcs/sources_1/new/IO/interface_RAM/outputCtrl_RAM.v:1]
INFO: [Synth 8-6155] done synthesizing module 'OutputCtrl_RAM' (34#1) [D:/riscv32_pipeline/riscv32_pipeline.srcs/sources_1/new/IO/interface_RAM/outputCtrl_RAM.v:1]
INFO: [Synth 8-6157] synthesizing module 'DataMem' [D:/riscv32_pipeline/riscv32_pipeline.srcs/sources_1/new/basic/mem/dataMem.v:1]
INFO: [Synth 8-6157] synthesizing module 'data_mem' [D:/riscv32_pipeline/riscv32_pipeline.runs/synth_1_copy_1/.Xil/Vivado-22324-WDDdLaptop/realtime/data_mem_stub.v:6]
INFO: [Synth 8-6155] done synthesizing module 'data_mem' (35#1) [D:/riscv32_pipeline/riscv32_pipeline.runs/synth_1_copy_1/.Xil/Vivado-22324-WDDdLaptop/realtime/data_mem_stub.v:6]
INFO: [Synth 8-6155] done synthesizing module 'DataMem' (36#1) [D:/riscv32_pipeline/riscv32_pipeline.srcs/sources_1/new/basic/mem/dataMem.v:1]
INFO: [Synth 8-6155] done synthesizing module 'Interface_RAM' (37#1) [D:/riscv32_pipeline/riscv32_pipeline.srcs/sources_1/new/IO/interface_RAM/interface_RAM.v:13]
INFO: [Synth 8-6155] done synthesizing module 'BUS' (38#1) [D:/riscv32_pipeline/riscv32_pipeline.srcs/sources_1/new/IO/BUS/BUS.v:7]
INFO: [Synth 8-6155] done synthesizing module 'top' (39#1) [D:/riscv32_pipeline/riscv32_pipeline.srcs/sources_1/new/top.v:3]
WARNING: [Synth 8-7129] Port adr[31] in module DataMem is either unconnected or has no load
WARNING: [Synth 8-7129] Port adr[30] in module DataMem is either unconnected or has no load
WARNING: [Synth 8-7129] Port adr[29] in module DataMem is either unconnected or has no load
WARNING: [Synth 8-7129] Port adr[28] in module DataMem is either unconnected or has no load
WARNING: [Synth 8-7129] Port adr[27] in module DataMem is either unconnected or has no load
WARNING: [Synth 8-7129] Port adr[26] in module DataMem is either unconnected or has no load
WARNING: [Synth 8-7129] Port adr[25] in module DataMem is either unconnected or has no load
WARNING: [Synth 8-7129] Port adr[24] in module DataMem is either unconnected or has no load
WARNING: [Synth 8-7129] Port adr[23] in module DataMem is either unconnected or has no load
WARNING: [Synth 8-7129] Port adr[22] in module DataMem is either unconnected or has no load
WARNING: [Synth 8-7129] Port adr[21] in module DataMem is either unconnected or has no load
WARNING: [Synth 8-7129] Port adr[20] in module DataMem is either unconnected or has no load
WARNING: [Synth 8-7129] Port adr[19] in module DataMem is either unconnected or has no load
WARNING: [Synth 8-7129] Port adr[18] in module DataMem is either unconnected or has no load
WARNING: [Synth 8-7129] Port adr[17] in module DataMem is either unconnected or has no load
WARNING: [Synth 8-7129] Port adr[16] in module DataMem is either unconnected or has no load
WARNING: [Synth 8-7129] Port adr[1] in module DataMem is either unconnected or has no load
WARNING: [Synth 8-7129] Port adr[0] in module DataMem is either unconnected or has no load
WARNING: [Synth 8-7129] Port rst_n in module Interface_RAM is either unconnected or has no load
WARNING: [Synth 8-7129] Port addr[31] in module Interface_Timer is either unconnected or has no load
WARNING: [Synth 8-7129] Port addr[30] in module Interface_Timer is either unconnected or has no load
WARNING: [Synth 8-7129] Port addr[29] in module Interface_Timer is either unconnected or has no load
WARNING: [Synth 8-7129] Port addr[28] in module Interface_Timer is either unconnected or has no load
WARNING: [Synth 8-7129] Port addr[27] in module Interface_Timer is either unconnected or has no load
WARNING: [Synth 8-7129] Port addr[26] in module Interface_Timer is either unconnected or has no load
WARNING: [Synth 8-7129] Port addr[25] in module Interface_Timer is either unconnected or has no load
WARNING: [Synth 8-7129] Port addr[24] in module Interface_Timer is either unconnected or has no load
WARNING: [Synth 8-7129] Port addr[23] in module Interface_Timer is either unconnected or has no load
WARNING: [Synth 8-7129] Port addr[22] in module Interface_Timer is either unconnected or has no load
WARNING: [Synth 8-7129] Port addr[21] in module Interface_Timer is either unconnected or has no load
WARNING: [Synth 8-7129] Port addr[20] in module Interface_Timer is either unconnected or has no load
WARNING: [Synth 8-7129] Port addr[19] in module Interface_Timer is either unconnected or has no load
WARNING: [Synth 8-7129] Port addr[18] in module Interface_Timer is either unconnected or has no load
WARNING: [Synth 8-7129] Port addr[17] in module Interface_Timer is either unconnected or has no load
WARNING: [Synth 8-7129] Port addr[16] in module Interface_Timer is either unconnected or has no load
WARNING: [Synth 8-7129] Port addr[15] in module Interface_Timer is either unconnected or has no load
WARNING: [Synth 8-7129] Port addr[14] in module Interface_Timer is either unconnected or has no load
WARNING: [Synth 8-7129] Port addr[13] in module Interface_Timer is either unconnected or has no load
WARNING: [Synth 8-7129] Port addr[12] in module Interface_Timer is either unconnected or has no load
WARNING: [Synth 8-7129] Port addr[11] in module Interface_Timer is either unconnected or has no load
WARNING: [Synth 8-7129] Port addr[10] in module Interface_Timer is either unconnected or has no load
WARNING: [Synth 8-7129] Port addr[9] in module Interface_Timer is either unconnected or has no load
WARNING: [Synth 8-7129] Port addr[8] in module Interface_Timer is either unconnected or has no load
WARNING: [Synth 8-7129] Port addr[7] in module Interface_Timer is either unconnected or has no load
WARNING: [Synth 8-7129] Port addr[6] in module Interface_Timer is either unconnected or has no load
WARNING: [Synth 8-7129] Port addr[5] in module Interface_Timer is either unconnected or has no load
WARNING: [Synth 8-7129] Port addr[4] in module Interface_Timer is either unconnected or has no load
WARNING: [Synth 8-7129] Port addr[3] in module Interface_Timer is either unconnected or has no load
WARNING: [Synth 8-7129] Port addr[2] in module Interface_Timer is either unconnected or has no load
WARNING: [Synth 8-7129] Port addr[1] in module Interface_Timer is either unconnected or has no load
WARNING: [Synth 8-7129] Port addr[0] in module Interface_Timer is either unconnected or has no load
WARNING: [Synth 8-7129] Port addr[31] in module Interface_UART is either unconnected or has no load
WARNING: [Synth 8-7129] Port addr[30] in module Interface_UART is either unconnected or has no load
WARNING: [Synth 8-7129] Port addr[29] in module Interface_UART is either unconnected or has no load
WARNING: [Synth 8-7129] Port addr[28] in module Interface_UART is either unconnected or has no load
WARNING: [Synth 8-7129] Port addr[27] in module Interface_UART is either unconnected or has no load
WARNING: [Synth 8-7129] Port addr[26] in module Interface_UART is either unconnected or has no load
WARNING: [Synth 8-7129] Port addr[25] in module Interface_UART is either unconnected or has no load
WARNING: [Synth 8-7129] Port addr[24] in module Interface_UART is either unconnected or has no load
WARNING: [Synth 8-7129] Port addr[23] in module Interface_UART is either unconnected or has no load
WARNING: [Synth 8-7129] Port addr[22] in module Interface_UART is either unconnected or has no load
WARNING: [Synth 8-7129] Port addr[21] in module Interface_UART is either unconnected or has no load
WARNING: [Synth 8-7129] Port addr[20] in module Interface_UART is either unconnected or has no load
WARNING: [Synth 8-7129] Port addr[19] in module Interface_UART is either unconnected or has no load
WARNING: [Synth 8-7129] Port addr[18] in module Interface_UART is either unconnected or has no load
WARNING: [Synth 8-7129] Port addr[17] in module Interface_UART is either unconnected or has no load
WARNING: [Synth 8-7129] Port addr[16] in module Interface_UART is either unconnected or has no load
WARNING: [Synth 8-7129] Port addr[15] in module Interface_UART is either unconnected or has no load
WARNING: [Synth 8-7129] Port addr[14] in module Interface_UART is either unconnected or has no load
WARNING: [Synth 8-7129] Port addr[13] in module Interface_UART is either unconnected or has no load
WARNING: [Synth 8-7129] Port addr[12] in module Interface_UART is either unconnected or has no load
WARNING: [Synth 8-7129] Port addr[11] in module Interface_UART is either unconnected or has no load
WARNING: [Synth 8-7129] Port addr[10] in module Interface_UART is either unconnected or has no load
WARNING: [Synth 8-7129] Port addr[9] in module Interface_UART is either unconnected or has no load
WARNING: [Synth 8-7129] Port addr[8] in module Interface_UART is either unconnected or has no load
WARNING: [Synth 8-7129] Port addr[7] in module Interface_UART is either unconnected or has no load
WARNING: [Synth 8-7129] Port addr[6] in module Interface_UART is either unconnected or has no load
WARNING: [Synth 8-7129] Port addr[5] in module Interface_UART is either unconnected or has no load
WARNING: [Synth 8-7129] Port addr[4] in module Interface_UART is either unconnected or has no load
WARNING: [Synth 8-7129] Port addr[1] in module Interface_UART is either unconnected or has no load
WARNING: [Synth 8-7129] Port addr[0] in module Interface_UART is either unconnected or has no load
WARNING: [Synth 8-7129] Port wdata[31] in module Interface_UART is either unconnected or has no load
WARNING: [Synth 8-7129] Port wdata[30] in module Interface_UART is either unconnected or has no load
WARNING: [Synth 8-7129] Port wdata[29] in module Interface_UART is either unconnected or has no load
WARNING: [Synth 8-7129] Port wdata[28] in module Interface_UART is either unconnected or has no load
WARNING: [Synth 8-7129] Port wdata[27] in module Interface_UART is either unconnected or has no load
WARNING: [Synth 8-7129] Port wdata[26] in module Interface_UART is either unconnected or has no load
WARNING: [Synth 8-7129] Port wdata[25] in module Interface_UART is either unconnected or has no load
WARNING: [Synth 8-7129] Port wdata[24] in module Interface_UART is either unconnected or has no load
WARNING: [Synth 8-7129] Port wdata[23] in module Interface_UART is either unconnected or has no load
WARNING: [Synth 8-7129] Port wdata[22] in module Interface_UART is either unconnected or has no load
WARNING: [Synth 8-7129] Port wdata[21] in module Interface_UART is either unconnected or has no load
WARNING: [Synth 8-7129] Port wdata[20] in module Interface_UART is either unconnected or has no load
WARNING: [Synth 8-7129] Port wdata[19] in module Interface_UART is either unconnected or has no load
WARNING: [Synth 8-7129] Port wdata[18] in module Interface_UART is either unconnected or has no load
WARNING: [Synth 8-7129] Port wdata[17] in module Interface_UART is either unconnected or has no load
WARNING: [Synth 8-7129] Port wdata[16] in module Interface_UART is either unconnected or has no load
WARNING: [Synth 8-7129] Port wdata[15] in module Interface_UART is either unconnected or has no load
WARNING: [Synth 8-7129] Port wdata[14] in module Interface_UART is either unconnected or has no load
WARNING: [Synth 8-7129] Port wdata[13] in module Interface_UART is either unconnected or has no load
INFO: [Common 17-14] Message 'Synth 8-7129' appears 100 times and further instances of the messages will be disabled. Use the Tcl command set_msg_config to change the current settings.
---------------------------------------------------------------------------------
Finished RTL Elaboration : Time (s): cpu = 00:00:11 ; elapsed = 00:00:12 . Memory (MB): peak = 1247.219 ; gain = 0.000
---------------------------------------------------------------------------------
---------------------------------------------------------------------------------
Start Handling Custom Attributes
---------------------------------------------------------------------------------
---------------------------------------------------------------------------------
Finished Handling Custom Attributes : Time (s): cpu = 00:00:12 ; elapsed = 00:00:14 . Memory (MB): peak = 1247.219 ; gain = 0.000
---------------------------------------------------------------------------------
---------------------------------------------------------------------------------
Finished RTL Optimization Phase 1 : Time (s): cpu = 00:00:12 ; elapsed = 00:00:14 . Memory (MB): peak = 1247.219 ; gain = 0.000
---------------------------------------------------------------------------------
Netlist sorting complete. Time (s): cpu = 00:00:00 ; elapsed = 00:00:00.144 . Memory (MB): peak = 1247.219 ; gain = 0.000
INFO: [Project 1-570] Preparing netlist for logic optimization

Processing XDC Constraints
Initializing timing engine
Parsing XDC File [d:/riscv32_pipeline/riscv32_pipeline.gen/sources_1/ip/cpuclk_2/cpuclk/cpuclk_in_context.xdc] for cell 'cpuClk'
Finished Parsing XDC File [d:/riscv32_pipeline/riscv32_pipeline.gen/sources_1/ip/cpuclk_2/cpuclk/cpuclk_in_context.xdc] for cell 'cpuClk'
Parsing XDC File [d:/riscv32_pipeline/riscv32_pipeline.gen/sources_1/ip/data_mem_2/data_mem/data_mem_in_context.xdc] for cell 'bus/interface_RAM/dRAM/RAM'
Finished Parsing XDC File [d:/riscv32_pipeline/riscv32_pipeline.gen/sources_1/ip/data_mem_2/data_mem/data_mem_in_context.xdc] for cell 'bus/interface_RAM/dRAM/RAM'
Parsing XDC File [d:/riscv32_pipeline/riscv32_pipeline.gen/sources_1/ip/inst_mem_3/inst_mem/inst_mem_in_context.xdc] for cell 'mini_rv_u/If/IF_irom/irom'
Finished Parsing XDC File [d:/riscv32_pipeline/riscv32_pipeline.gen/sources_1/ip/inst_mem_3/inst_mem/inst_mem_in_context.xdc] for cell 'mini_rv_u/If/IF_irom/irom'
Parsing XDC File [D:/riscv32_pipeline/riscv32_pipeline.srcs/constrs_1/new/timing.xdc]
CRITICAL WARNING: [Constraints 18-1056] Clock 'sys_clk_pin' completely overrides clock 'clk'.
New: create_clock -period 20.000 -name sys_clk_pin -waveform {0.000 10.000} [get_ports clk], [D:/riscv32_pipeline/riscv32_pipeline.srcs/constrs_1/new/timing.xdc:9]
Previous: create_clock -period 20.000 [get_ports clk], [d:/riscv32_pipeline/riscv32_pipeline.gen/sources_1/ip/cpuclk_2/cpuclk/cpuclk_in_context.xdc:1]
Resolution: Review the constraint files and remove the redundant clock definition(s). If the clock constraints are not saved in a file, you can first save the constraints to an XDC file and reload the design once the constraints have been corrected.
Finished Parsing XDC File [D:/riscv32_pipeline/riscv32_pipeline.srcs/constrs_1/new/timing.xdc]
INFO: [Project 1-236] Implementation specific constraints were found while reading constraint file [D:/riscv32_pipeline/riscv32_pipeline.srcs/constrs_1/new/timing.xdc]. These constraints will be ignored for synthesis but will be used in implementation. Impacted constraints are listed in the file [.Xil/top_propImpl.xdc].
Resolution: To avoid this warning, move constraints listed in [.Xil/top_propImpl.xdc] to another XDC file and exclude this new file from synthesis with the used_in_synthesis property (File Properties dialog in GUI) and re-run elaboration/synthesis.
Completed Processing XDC Constraints

Netlist sorting complete. Time (s): cpu = 00:00:00 ; elapsed = 00:00:00.003 . Memory (MB): peak = 1339.730 ; gain = 0.000
INFO: [Project 1-111] Unisim Transformation Summary:
No Unisim elements were transformed.

Constraint Validation Runtime : Time (s): cpu = 00:00:00 ; elapsed = 00:00:00.063 . Memory (MB): peak = 1339.730 ; gain = 0.000
WARNING: [Timing 38-316] Clock period '20.000' specified during out-of-context synthesis of instance 'bus/interface_RAM/dRAM/RAM' at clock pin 'clka' is different from the actual clock period '13.333', this can lead to different synthesis results.
WARNING: [Timing 38-316] Clock period '20.000' specified during out-of-context synthesis of instance 'mini_rv_u/If/IF_irom/irom' at clock pin 'clka' is different from the actual clock period '13.333', this can lead to different synthesis results.
---------------------------------------------------------------------------------
Finished Constraint Validation : Time (s): cpu = 00:00:24 ; elapsed = 00:00:26 . Memory (MB): peak = 1340.723 ; gain = 93.504
---------------------------------------------------------------------------------
---------------------------------------------------------------------------------
Start Loading Part and Timing Information
---------------------------------------------------------------------------------
Loading part: xc7z020clg400-2
---------------------------------------------------------------------------------
Finished Loading Part and Timing Information : Time (s): cpu = 00:00:24 ; elapsed = 00:00:26 . Memory (MB): peak = 1340.723 ; gain = 93.504
---------------------------------------------------------------------------------
---------------------------------------------------------------------------------
Start Applying 'set_property' XDC Constraints
---------------------------------------------------------------------------------
Applied set_property IO_BUFFER_TYPE = NONE for clk. (constraint file  d:/riscv32_pipeline/riscv32_pipeline.gen/sources_1/ip/cpuclk_2/cpuclk/cpuclk_in_context.xdc, line 3).
Applied set_property CLOCK_BUFFER_TYPE = NONE for clk. (constraint file  d:/riscv32_pipeline/riscv32_pipeline.gen/sources_1/ip/cpuclk_2/cpuclk/cpuclk_in_context.xdc, line 4).
Applied set_property KEEP_HIERARCHY = SOFT for cpuClk. (constraint file  auto generated constraint).
Applied set_property KEEP_HIERARCHY = SOFT for bus/interface_RAM/dRAM/RAM. (constraint file  auto generated constraint).
Applied set_property KEEP_HIERARCHY = SOFT for mini_rv_u/If/IF_irom/irom. (constraint file  auto generated constraint).
---------------------------------------------------------------------------------
Finished applying 'set_property' XDC Constraints : Time (s): cpu = 00:00:24 ; elapsed = 00:00:26 . Memory (MB): peak = 1340.723 ; gain = 93.504
---------------------------------------------------------------------------------
INFO: [Synth 8-802] inferred FSM for state register 'state_reg' in module 'divider_32c'
INFO: [Synth 8-802] inferred FSM for state register 'state_reg' in module 'uart_tx'
---------------------------------------------------------------------------------------------------
                   State |                     New Encoding |                Previous Encoding 
---------------------------------------------------------------------------------------------------
                    IDLE |                              001 |                               00
                    CALC |                              010 |                               01
                  FINISH |                              100 |                               10
---------------------------------------------------------------------------------------------------
INFO: [Synth 8-3354] encoded FSM with state register 'state_reg' using encoding 'one-hot' in module 'divider_32c'
---------------------------------------------------------------------------------------------------
                   State |                     New Encoding |                Previous Encoding 
---------------------------------------------------------------------------------------------------
                  s_IDLE |                             0001 |                              000
                 s_START |                             0010 |                              001
                  s_DATA |                             0100 |                              010
                  s_STOP |                             1000 |                              011
---------------------------------------------------------------------------------------------------
INFO: [Synth 8-3354] encoded FSM with state register 'state_reg' using encoding 'one-hot' in module 'uart_tx'
---------------------------------------------------------------------------------
Finished RTL Optimization Phase 2 : Time (s): cpu = 00:00:27 ; elapsed = 00:00:31 . Memory (MB): peak = 1340.723 ; gain = 93.504
---------------------------------------------------------------------------------
---------------------------------------------------------------------------------
Start RTL Component Statistics 
---------------------------------------------------------------------------------
Detailed RTL Component Info : 
+---Adders : 
	   2 Input   64 Bit       Adders := 1     
	   2 Input   34 Bit       Adders := 1     
	   2 Input   33 Bit       Adders := 2     
	   3 Input   33 Bit       Adders := 1     
	   2 Input   32 Bit       Adders := 12    
	   2 Input   10 Bit       Adders := 1     
	   2 Input    6 Bit       Adders := 1     
	   2 Input    5 Bit       Adders := 1     
	   2 Input    4 Bit       Adders := 1     
	   2 Input    3 Bit       Adders := 3     
+---XORs : 
	   2 Input     32 Bit         XORs := 1     
	   2 Input      1 Bit         XORs := 2     
+---Registers : 
	               64 Bit    Registers := 1     
	               33 Bit    Registers := 1     
	               32 Bit    Registers := 93    
	               26 Bit    Registers := 16    
	                8 Bit    Registers := 1     
	                7 Bit    Registers := 128   
	                6 Bit    Registers := 1     
	                5 Bit    Registers := 7     
	                4 Bit    Registers := 2     
	                3 Bit    Registers := 5     
	                2 Bit    Registers := 135   
	                1 Bit    Registers := 174   
+---Muxes : 
	   2 Input   64 Bit        Muxes := 1     
	   4 Input   34 Bit        Muxes := 2     
	   2 Input   33 Bit        Muxes := 2     
	   3 Input   33 Bit        Muxes := 1     
	   2 Input   32 Bit        Muxes := 62    
	   3 Input   32 Bit        Muxes := 2     
	   4 Input   32 Bit        Muxes := 4     
	   2 Input   24 Bit        Muxes := 4     
	   7 Input    6 Bit        Muxes := 2     
	   3 Input    6 Bit        Muxes := 1     
	   2 Input    5 Bit        Muxes := 11    
	   3 Input    5 Bit        Muxes := 1     
	   6 Input    5 Bit        Muxes := 1     
	   2 Input    4 Bit        Muxes := 6     
	   7 Input    4 Bit        Muxes := 1     
	   2 Input    3 Bit        Muxes := 7     
	  12 Input    3 Bit        Muxes := 2     
	   4 Input    3 Bit        Muxes := 1     
	   7 Input    2 Bit        Muxes := 1     
	   3 Input    2 Bit        Muxes := 2     
	   5 Input    2 Bit        Muxes := 4     
	   2 Input    2 Bit        Muxes := 9     
	   2 Input    1 Bit        Muxes := 231   
	   4 Input    1 Bit        Muxes := 6     
	   5 Input    1 Bit        Muxes := 2     
	   3 Input    1 Bit        Muxes := 6     
---------------------------------------------------------------------------------
Finished RTL Component Statistics 
---------------------------------------------------------------------------------
---------------------------------------------------------------------------------
Start Part Resource Summary
---------------------------------------------------------------------------------
Part Resources:
DSPs: 220 (col length:60)
BRAMs: 280 (col length: RAMB18 60 RAMB36 30)
---------------------------------------------------------------------------------
Finished Part Resource Summary
---------------------------------------------------------------------------------
---------------------------------------------------------------------------------
Start Cross Boundary and Area Optimization
---------------------------------------------------------------------------------
WARNING: [Synth 8-7080] Parallel synthesis criteria is not met
---------------------------------------------------------------------------------
Finished Cross Boundary and Area Optimization : Time (s): cpu = 00:01:30 ; elapsed = 00:01:35 . Memory (MB): peak = 1371.383 ; gain = 124.164
---------------------------------------------------------------------------------
---------------------------------------------------------------------------------
Start Applying XDC Timing Constraints
---------------------------------------------------------------------------------
---------------------------------------------------------------------------------
Finished Applying XDC Timing Constraints : Time (s): cpu = 00:01:38 ; elapsed = 00:01:43 . Memory (MB): peak = 1371.383 ; gain = 124.164
---------------------------------------------------------------------------------
---------------------------------------------------------------------------------
Start Timing Optimization
---------------------------------------------------------------------------------
---------------------------------------------------------------------------------
Finished Timing Optimization : Time (s): cpu = 00:01:53 ; elapsed = 00:01:58 . Memory (MB): peak = 1373.531 ; gain = 126.312
---------------------------------------------------------------------------------
---------------------------------------------------------------------------------
Start Technology Mapping
---------------------------------------------------------------------------------
---------------------------------------------------------------------------------
Finished Technology Mapping : Time (s): cpu = 00:01:59 ; elapsed = 00:02:05 . Memory (MB): peak = 1396.508 ; gain = 149.289
---------------------------------------------------------------------------------
---------------------------------------------------------------------------------
Start IO Insertion
---------------------------------------------------------------------------------
---------------------------------------------------------------------------------
Start Flattening Before IO Insertion
---------------------------------------------------------------------------------
---------------------------------------------------------------------------------
Finished Flattening Before IO Insertion
---------------------------------------------------------------------------------
---------------------------------------------------------------------------------
Start Final Netlist Cleanup
---------------------------------------------------------------------------------
---------------------------------------------------------------------------------
Finished Final Netlist Cleanup
---------------------------------------------------------------------------------
CRITICAL WARNING: [Synth 8-4442] BlackBox module cpuClk has unconnected pin reset
---------------------------------------------------------------------------------
Finished IO Insertion : Time (s): cpu = 00:02:05 ; elapsed = 00:02:11 . Memory (MB): peak = 1410.148 ; gain = 162.930
---------------------------------------------------------------------------------
---------------------------------------------------------------------------------
Start Renaming Generated Instances
---------------------------------------------------------------------------------
---------------------------------------------------------------------------------
Finished Renaming Generated Instances : Time (s): cpu = 00:02:05 ; elapsed = 00:02:11 . Memory (MB): peak = 1410.148 ; gain = 162.930
---------------------------------------------------------------------------------
---------------------------------------------------------------------------------
Start Rebuilding User Hierarchy
---------------------------------------------------------------------------------
---------------------------------------------------------------------------------
Finished Rebuilding User Hierarchy : Time (s): cpu = 00:02:06 ; elapsed = 00:02:12 . Memory (MB): peak = 1410.148 ; gain = 162.930
---------------------------------------------------------------------------------
---------------------------------------------------------------------------------
Start Renaming Generated Ports
---------------------------------------------------------------------------------
---------------------------------------------------------------------------------
Finished Renaming Generated Ports : Time (s): cpu = 00:02:07 ; elapsed = 00:02:13 . Memory (MB): peak = 1410.148 ; gain = 162.930
---------------------------------------------------------------------------------
---------------------------------------------------------------------------------
Start Handling Custom Attributes
---------------------------------------------------------------------------------
---------------------------------------------------------------------------------
Finished Handling Custom Attributes : Time (s): cpu = 00:02:07 ; elapsed = 00:02:13 . Memory (MB): peak = 1410.148 ; gain = 162.930
---------------------------------------------------------------------------------
---------------------------------------------------------------------------------
Start Renaming Generated Nets
---------------------------------------------------------------------------------
---------------------------------------------------------------------------------
Finished Renaming Generated Nets : Time (s): cpu = 00:02:07 ; elapsed = 00:02:13 . Memory (MB): peak = 1410.148 ; gain = 162.930
---------------------------------------------------------------------------------
---------------------------------------------------------------------------------
Start Writing Synthesis Report
---------------------------------------------------------------------------------

Report BlackBoxes: 
+------+--------------+----------+
|      |BlackBox name |Instances |
+------+--------------+----------+
|1     |cpuclk        |         1|
|2     |data_mem      |         1|
|3     |inst_mem      |         1|
+------+--------------+----------+

Report Cell Usage: 
+------+---------+------+
|      |Cell     |Count |
+------+---------+------+
|1     |cpuclk   |     1|
|2     |data_mem |     1|
|3     |inst_mem |     1|
|4     |CARRY4   |   168|
|5     |LUT1     |   149|
|6     |LUT2     |   416|
|7     |LUT3     |   444|
|8     |LUT4     |   368|
|9     |LUT5     |   880|
|10    |LUT6     |  1894|
|11    |MUXF7    |   337|
|12    |MUXF8    |   143|
|13    |FDCE     |  3681|
|14    |FDPE     |   258|
|15    |FDRE     |   884|
|16    |FDSE     |    33|
|17    |IBUF     |     1|
|18    |OBUF     |     1|
+------+---------+------+
---------------------------------------------------------------------------------
Finished Writing Synthesis Report : Time (s): cpu = 00:02:07 ; elapsed = 00:02:13 . Memory (MB): peak = 1410.148 ; gain = 162.930
---------------------------------------------------------------------------------
Synthesis finished with 0 errors, 1 critical warnings and 113 warnings.
Synthesis Optimization Runtime : Time (s): cpu = 00:01:50 ; elapsed = 00:02:08 . Memory (MB): peak = 1410.148 ; gain = 69.426
Synthesis Optimization Complete : Time (s): cpu = 00:02:07 ; elapsed = 00:02:13 . Memory (MB): peak = 1410.148 ; gain = 162.930
INFO: [Project 1-571] Translating synthesized netlist
Netlist sorting complete. Time (s): cpu = 00:00:00 ; elapsed = 00:00:00.128 . Memory (MB): peak = 1422.258 ; gain = 0.000
INFO: [Netlist 29-17] Analyzing 648 Unisim elements for replacement
INFO: [Netlist 29-28] Unisim Transformation completed in 0 CPU seconds
INFO: [Project 1-570] Preparing netlist for logic optimization
INFO: [Opt 31-138] Pushed 0 inverter(s) to 0 load pin(s).
Netlist sorting complete. Time (s): cpu = 00:00:00 ; elapsed = 00:00:00.002 . Memory (MB): peak = 1425.934 ; gain = 0.000
INFO: [Project 1-111] Unisim Transformation Summary:
No Unisim elements were transformed.

Synth Design complete, checksum: 92042559
INFO: [Common 17-83] Releasing license: Synthesis
100 Infos, 111 Warnings, 2 Critical Warnings and 0 Errors encountered.
synth_design completed successfully
synth_design: Time (s): cpu = 00:02:15 ; elapsed = 00:02:24 . Memory (MB): peak = 1425.934 ; gain = 178.715
INFO: [runtcl-6] Synthesis results are not added to the cache due to CRITICAL_WARNING
INFO: [Common 17-1381] The checkpoint 'D:/riscv32_pipeline/riscv32_pipeline.runs/synth_1_copy_1/top.dcp' has been generated.
INFO: [runtcl-4] Executing : report_utilization -file top_utilization_synth.rpt -pb top_utilization_synth.pb
INFO: [Common 17-206] Exiting Vivado at Sun May  3 02:34:52 2026...
[Sun May  3 02:34:54 2026] synth_1_copy_1 finished
wait_on_runs: Time (s): cpu = 00:00:01 ; elapsed = 00:02:44 . Memory (MB): peak = 1246.988 ; gain = 0.000
# exit
INFO: [Common 17-206] Exiting Vivado at Sun May  3 02:34:54 2026...
