Copyright 1986-2021 Xilinx, Inc. All Rights Reserved.
--------------------------------------------------------------------------------------------------------------------------------------------------------
| Tool Version : Vivado v.2021.2 (win64) Build 3367213 Tue Oct 19 02:48:09 MDT 2021
| Date         : Mon May  4 15:04:58 2026
| Host         : WDDdLaptop running 64-bit major release  (build 9200)
| Command      : report_timing_summary -file D:/riscv32_pipeline_cache/report_artifacts/cache_area_impl_direct_mapped/top_timing_impl_direct_mapped.rpt
| Design       : top
| Device       : 7z020-clg400
| Speed File   : -2  PRODUCTION 1.12 2019-11-22
--------------------------------------------------------------------------------------------------------------------------------------------------------

Timing Summary Report

------------------------------------------------------------------------------------------------
| Timer Settings
| --------------
------------------------------------------------------------------------------------------------

  Enable Multi Corner Analysis               :  Yes
  Enable Pessimism Removal                   :  Yes
  Pessimism Removal Resolution               :  Nearest Common Node
  Enable Input Delay Default Clock           :  No
  Enable Preset / Clear Arcs                 :  No
  Disable Flight Delays                      :  No
  Ignore I/O Paths                           :  No
  Timing Early Launch at Borrowing Latches   :  No
  Borrow Time for Max Delay Exceptions       :  Yes
  Merge Timing Exceptions                    :  Yes

  Corner  Analyze    Analyze    
  Name    Max Paths  Min Paths  
  ------  ---------  ---------  
  Slow    Yes        Yes        
  Fast    Yes        Yes        


------------------------------------------------------------------------------------------------
| Report Methodology
| ------------------
------------------------------------------------------------------------------------------------

No report available as report_methodology has not been run prior. Run report_methodology on the current design for the summary of methodology violations.



check_timing report

Table of Contents
-----------------
1. checking no_clock (0)
2. checking constant_clock (0)
3. checking pulse_width_clock (0)
4. checking unconstrained_internal_endpoints (0)
5. checking no_input_delay (1)
6. checking no_output_delay (1)
7. checking multiple_clock (0)
8. checking generated_clocks (0)
9. checking loops (0)
10. checking partial_input_delay (0)
11. checking partial_output_delay (0)
12. checking latch_loops (0)

1. checking no_clock (0)
------------------------
 There are 0 register/latch pins with no clock.


2. checking constant_clock (0)
------------------------------
 There are 0 register/latch pins with constant_clock.


3. checking pulse_width_clock (0)
---------------------------------
 There are 0 register/latch pins which need pulse_width check


4. checking unconstrained_internal_endpoints (0)
------------------------------------------------
 There are 0 pins that are not constrained for maximum delay.

 There are 0 pins that are not constrained for maximum delay due to constant clock.


5. checking no_input_delay (1)
------------------------------
 There is 1 input port with no input delay specified. (HIGH)

 There are 0 input ports with no input delay but user has a false path constraint.


6. checking no_output_delay (1)
-------------------------------
 There is 1 port with no output delay specified. (HIGH)

 There are 0 ports with no output delay but user has a false path constraint

 There are 0 ports with no output delay but with a timing clock defined on it or propagating through it


7. checking multiple_clock (0)
------------------------------
 There are 0 register/latch pins with multiple clocks.


8. checking generated_clocks (0)
--------------------------------
 There are 0 generated clocks that are not connected to a clock source.


9. checking loops (0)
---------------------
 There are 0 combinational loops in the design.


10. checking partial_input_delay (0)
------------------------------------
 There are 0 input ports with partial input delay specified.


11. checking partial_output_delay (0)
-------------------------------------
 There are 0 ports with partial output delay specified.


12. checking latch_loops (0)
----------------------------
 There are 0 combinational latch loops in the design through latch input



------------------------------------------------------------------------------------------------
| Design Timing Summary
| ---------------------
------------------------------------------------------------------------------------------------

    WNS(ns)      TNS(ns)  TNS Failing Endpoints  TNS Total Endpoints      WHS(ns)      THS(ns)  THS Failing Endpoints  THS Total Endpoints     WPWS(ns)     TPWS(ns)  TPWS Failing Endpoints  TPWS Total Endpoints  
    -------      -------  ---------------------  -------------------      -------      -------  ---------------------  -------------------     --------     --------  ----------------------  --------------------  
     -0.353      -15.387                    177                11338        0.064        0.000                      0                11338        6.167        0.000                       0                  5456  


Timing constraints are not met.


------------------------------------------------------------------------------------------------
| Clock Summary
| -------------
------------------------------------------------------------------------------------------------

Clock                Waveform(ns)       Period(ns)      Frequency(MHz)
-----                ------------       ----------      --------------
sys_clk_pin          {0.000 10.000}     20.000          50.000          
  clk_out1_cpuclk_1  {0.000 6.667}      13.333          75.000          
  clkfbout_cpuclk_1  {0.000 20.000}     40.000          25.000          


------------------------------------------------------------------------------------------------
| Intra Clock Table
| -----------------
------------------------------------------------------------------------------------------------

Clock                    WNS(ns)      TNS(ns)  TNS Failing Endpoints  TNS Total Endpoints      WHS(ns)      THS(ns)  THS Failing Endpoints  THS Total Endpoints     WPWS(ns)     TPWS(ns)  TPWS Failing Endpoints  TPWS Total Endpoints  
-----                    -------      -------  ---------------------  -------------------      -------      -------  ---------------------  -------------------     --------     --------  ----------------------  --------------------  
sys_clk_pin                                                                                                                                                            7.000        0.000                       0                     1  
  clk_out1_cpuclk_1       -0.353      -15.387                    177                11338        0.064        0.000                      0                11338        6.167        0.000                       0                  5452  
  clkfbout_cpuclk_1                                                                                                                                                   12.633        0.000                       0                     3  


------------------------------------------------------------------------------------------------
| Inter Clock Table
| -----------------
------------------------------------------------------------------------------------------------

From Clock    To Clock          WNS(ns)      TNS(ns)  TNS Failing Endpoints  TNS Total Endpoints      WHS(ns)      THS(ns)  THS Failing Endpoints  THS Total Endpoints  
----------    --------          -------      -------  ---------------------  -------------------      -------      -------  ---------------------  -------------------  


------------------------------------------------------------------------------------------------
| Other Path Groups Table
| -----------------------
------------------------------------------------------------------------------------------------

Path Group    From Clock    To Clock          WNS(ns)      TNS(ns)  TNS Failing Endpoints  TNS Total Endpoints      WHS(ns)      THS(ns)  THS Failing Endpoints  THS Total Endpoints  
----------    ----------    --------          -------      -------  ---------------------  -------------------      -------      -------  ---------------------  -------------------  


------------------------------------------------------------------------------------------------
| Timing Details
| --------------
------------------------------------------------------------------------------------------------


---------------------------------------------------------------------------------------------------
From Clock:  sys_clk_pin
  To Clock:  sys_clk_pin

Setup :           NA  Failing Endpoints,  Worst Slack           NA  ,  Total Violation           NA
Hold  :           NA  Failing Endpoints,  Worst Slack           NA  ,  Total Violation           NA
PW    :            0  Failing Endpoints,  Worst Slack        7.000ns,  Total Violation        0.000ns
---------------------------------------------------------------------------------------------------


Pulse Width Checks
--------------------------------------------------------------------------------------
Clock Name:         sys_clk_pin
Waveform(ns):       { 0.000 10.000 }
Period(ns):         20.000
Sources:            { clk }

Check Type        Corner  Lib Pin           Reference Pin  Required(ns)  Actual(ns)  Slack(ns)  Location        Pin
Min Period        n/a     PLLE2_ADV/CLKIN1  n/a            1.249         20.000      18.751     PLLE2_ADV_X1Y1  cpuClk/inst/plle2_adv_inst/CLKIN1
Max Period        n/a     PLLE2_ADV/CLKIN1  n/a            52.633        20.000      32.633     PLLE2_ADV_X1Y1  cpuClk/inst/plle2_adv_inst/CLKIN1
Low Pulse Width   Slow    PLLE2_ADV/CLKIN1  n/a            3.000         10.000      7.000      PLLE2_ADV_X1Y1  cpuClk/inst/plle2_adv_inst/CLKIN1
High Pulse Width  Slow    PLLE2_ADV/CLKIN1  n/a            3.000         10.000      7.000      PLLE2_ADV_X1Y1  cpuClk/inst/plle2_adv_inst/CLKIN1



---------------------------------------------------------------------------------------------------
From Clock:  clk_out1_cpuclk_1
  To Clock:  clk_out1_cpuclk_1

Setup :          177  Failing Endpoints,  Worst Slack       -0.353ns,  Total Violation      -15.387ns
Hold  :            0  Failing Endpoints,  Worst Slack        0.064ns,  Total Violation        0.000ns
PW    :            0  Failing Endpoints,  Worst Slack        6.167ns,  Total Violation        0.000ns
---------------------------------------------------------------------------------------------------


Max Delay Paths
--------------------------------------------------------------------------------------
Slack (VIOLATED) :        -0.353ns  (required time - arrival time)
  Source:                 mini_rv_u/mem_wb/RegWr_o_reg[4]/C
                            (rising edge-triggered cell FDCE clocked by clk_out1_cpuclk_1  {rise@0.000ns fall@6.667ns period=13.333ns})
  Destination:            mini_rv_u/If/IF_icache/u_cache/tag0_reg[4][0]/CE
                            (rising edge-triggered cell FDRE clocked by clk_out1_cpuclk_1  {rise@0.000ns fall@6.667ns period=13.333ns})
  Path Group:             clk_out1_cpuclk_1
  Path Type:              Setup (Max at Slow Process Corner)
  Requirement:            13.333ns  (clk_out1_cpuclk_1 rise@13.333ns - clk_out1_cpuclk_1 rise@0.000ns)
  Data Path Delay:        13.338ns  (logic 3.465ns (25.979%)  route 9.873ns (74.021%))
  Logic Levels:           22  (CARRY4=2 LUT2=1 LUT3=4 LUT4=1 LUT5=7 LUT6=6 MUXF7=1)
  Clock Path Skew:        -0.045ns (DCD - SCD + CPR)
    Destination Clock Delay (DCD):    -1.531ns = ( 11.802 - 13.333 ) 
    Source Clock Delay      (SCD):    -1.940ns
    Clock Pessimism Removal (CPR):    -0.453ns
  Clock Uncertainty:      0.136ns  ((TSJ^2 + DJ^2)^1/2) / 2 + PE
    Total System Jitter     (TSJ):    0.071ns
    Discrete Jitter          (DJ):    0.263ns
    Phase Error              (PE):    0.000ns

    Location             Delay type                Incr(ns)  Path(ns)    Netlist Resource(s)
  -------------------------------------------------------------------    -------------------
                         (clock clk_out1_cpuclk_1 rise edge)
                                                      0.000     0.000 r  
    U18                                               0.000     0.000 r  clk (IN)
                         net (fo=0)                   0.000     0.000    cpuClk/inst/clk_in1
    U18                  IBUF (Prop_ibuf_I_O)         1.429     1.429 r  cpuClk/inst/clkin1_ibufg/O
                         net (fo=1, routed)           1.126     2.555    cpuClk/inst/clk_in1_cpuclk
    PLLE2_ADV_X1Y1       PLLE2_ADV (Prop_plle2_adv_CLKIN1_CLKOUT0)
                                                     -7.569    -5.014 r  cpuClk/inst/plle2_adv_inst/CLKOUT0
                         net (fo=1, routed)           1.594    -3.420    cpuClk/inst/clk_out1_cpuclk
    BUFGCTRL_X0Y16       BUFG (Prop_bufg_I_O)         0.085    -3.335 r  cpuClk/inst/clkout1_buf/O
                         net (fo=5450, routed)        1.395    -1.940    mini_rv_u/mem_wb/clk_out1
    SLICE_X43Y29         FDCE                                         r  mini_rv_u/mem_wb/RegWr_o_reg[4]/C
  -------------------------------------------------------------------    -------------------
    SLICE_X43Y29         FDCE (Prop_fdce_C_Q)         0.379    -1.561 f  mini_rv_u/mem_wb/RegWr_o_reg[4]/Q
                         net (fo=39, routed)          0.830    -0.731    mini_rv_u/mem_wb/RegWr_WB[4]
    SLICE_X40Y29         LUT6 (Prop_lut6_I1_O)        0.105    -0.626 r  mini_rv_u/mem_wb/num_orig_reg[31]_i_11/O
                         net (fo=2, routed)           0.584    -0.042    mini_rv_u/id_ex/num_orig_reg_reg[31]_4
    SLICE_X43Y31         LUT6 (Prop_lut6_I5_O)        0.105     0.063 f  mini_rv_u/id_ex/DRAMIn_o[31]_i_3/O
                         net (fo=97, routed)          0.652     0.715    mini_rv_u/id_ex/risk_MEM_B
    SLICE_X40Y32         LUT5 (Prop_lut5_I3_O)        0.105     0.820 f  mini_rv_u/id_ex/q[3]_i_3/O
                         net (fo=2, routed)           0.547     1.368    mini_rv_u/id_ex/forwardingB[3]
    SLICE_X39Y32         LUT5 (Prop_lut5_I3_O)        0.105     1.473 r  mini_rv_u/id_ex/q[3]_i_2/O
                         net (fo=97, routed)          0.946     2.419    mini_rv_u/id_ex/q[4]_i_7_n_0
    SLICE_X34Y34         LUT4 (Prop_lut4_I1_O)        0.105     2.524 r  mini_rv_u/id_ex/target_table[0][22]_i_13/O
                         net (fo=3, routed)           0.147     2.670    mini_rv_u/id_ex/target_table[0][22]_i_13_n_0
    SLICE_X34Y34         LUT6 (Prop_lut6_I5_O)        0.105     2.775 r  mini_rv_u/id_ex/target_table[0][18]_i_13/O
                         net (fo=2, routed)           0.526     3.302    mini_rv_u/id_ex/target_table[0][18]_i_13_n_0
    SLICE_X34Y34         LUT3 (Prop_lut3_I2_O)        0.105     3.407 r  mini_rv_u/id_ex/target_table[0][16]_i_10/O
                         net (fo=2, routed)           0.555     3.962    mini_rv_u/id_ex/target_table[0][16]_i_10_n_0
    SLICE_X34Y36         LUT5 (Prop_lut5_I2_O)        0.105     4.067 r  mini_rv_u/id_ex/target_table[0][16]_i_7/O
                         net (fo=1, routed)           0.220     4.286    mini_rv_u/id_ex/target_table[0][16]_i_7_n_0
    SLICE_X34Y36         LUT5 (Prop_lut5_I0_O)        0.105     4.391 r  mini_rv_u/id_ex/target_table[0][16]_i_4/O
                         net (fo=1, routed)           0.485     4.877    mini_rv_u/id_ex/target_table[0][16]_i_4_n_0
    SLICE_X34Y39         LUT5 (Prop_lut5_I0_O)        0.105     4.982 r  mini_rv_u/id_ex/target_table[0][16]_i_2/O
                         net (fo=1, routed)           0.000     4.982    mini_rv_u/id_ex/target_table[0][16]_i_2_n_0
    SLICE_X34Y39         MUXF7 (Prop_muxf7_I0_O)      0.173     5.155 r  mini_rv_u/id_ex/target_table_reg[0][16]_i_1/O
                         net (fo=19, routed)          0.740     5.895    mini_rv_u/id_ex/ALUOut_EX[16]
    SLICE_X42Y41         LUT6 (Prop_lut6_I3_O)        0.241     6.136 r  mini_rv_u/id_ex/buf_count[3]_i_17/O
                         net (fo=1, routed)           0.000     6.136    mini_rv_u/id_ex/buf_count[3]_i_17_n_0
    SLICE_X42Y41         CARRY4 (Prop_carry4_S[1]_CO[3])
                                                      0.444     6.580 r  mini_rv_u/id_ex/buf_count_reg[3]_i_10/CO[3]
                         net (fo=1, routed)           0.000     6.580    mini_rv_u/id_ex/buf_count_reg[3]_i_10_n_0
    SLICE_X42Y42         CARRY4 (Prop_carry4_CI_CO[2])
                                                      0.191     6.771 r  mini_rv_u/id_ex/buf_count_reg[3]_i_8/CO[2]
                         net (fo=3, routed)           0.395     7.166    mini_rv_u/id_ex/If/target_wrong0
    SLICE_X47Y43         LUT5 (Prop_lut5_I0_O)        0.252     7.418 r  mini_rv_u/id_ex/buf_count[3]_i_4/O
                         net (fo=107, routed)         0.420     7.838    mini_rv_u/Ex/m_div/buf_head_reg[2]
    SLICE_X47Y42         LUT3 (Prop_lut3_I1_O)        0.105     7.943 f  mini_rv_u/Ex/m_div/buf_count[3]_i_9/O
                         net (fo=33, routed)          0.302     8.245    mini_rv_u/id_ex/pre_fetch_pc_reg[1]
    SLICE_X47Y43         LUT2 (Prop_lut2_I1_O)        0.105     8.350 f  mini_rv_u/id_ex/buf_count[3]_i_6/O
                         net (fo=78, routed)          0.200     8.550    mini_rv_u/if_id/req_valid_reg
    SLICE_X47Y43         LUT6 (Prop_lut6_I0_O)        0.105     8.655 r  mini_rv_u/if_id/gen_icache_data.data_bram_i_6/O
                         net (fo=127, routed)         0.371     9.026    mini_rv_u/If/IF_icache/u_cache/p_0_out
    SLICE_X46Y43         LUT3 (Prop_lut3_I2_O)        0.105     9.131 r  mini_rv_u/If/IF_icache/u_cache/gen_icache_data.data_bram_i_1/O
                         net (fo=140, routed)         0.415     9.547    mini_rv_u/If/IF_icache/u_cache/fill_en
    SLICE_X45Y44         LUT3 (Prop_lut3_I1_O)        0.105     9.652 f  mini_rv_u/If/IF_icache/u_cache/gen_icache_data.data_bram_i_5/O
                         net (fo=11, routed)          0.462    10.114    mini_rv_u/If/IF_icache/u_cache/cache_addr[2]
    SLICE_X41Y43         LUT6 (Prop_lut6_I5_O)        0.105    10.219 r  mini_rv_u/If/IF_icache/u_cache/tag0[12][25]_i_2/O
                         net (fo=4, routed)           0.496    10.714    mini_rv_u/If/IF_icache/u_cache/tag0[12][25]_i_2_n_0
    SLICE_X38Y44         LUT5 (Prop_lut5_I4_O)        0.105    10.819 r  mini_rv_u/If/IF_icache/u_cache/tag0[4][25]_i_1/O
                         net (fo=26, routed)          0.579    11.398    mini_rv_u/If/IF_icache/u_cache/tag0[4][25]_i_1_n_0
    SLICE_X39Y44         FDRE                                         r  mini_rv_u/If/IF_icache/u_cache/tag0_reg[4][0]/CE
  -------------------------------------------------------------------    -------------------

                         (clock clk_out1_cpuclk_1 rise edge)
                                                     13.333    13.333 r  
    U18                                               0.000    13.333 r  clk (IN)
                         net (fo=0)                   0.000    13.333    cpuClk/inst/clk_in1
    U18                  IBUF (Prop_ibuf_I_O)         1.363    14.697 r  cpuClk/inst/clkin1_ibufg/O
                         net (fo=1, routed)           1.019    15.715    cpuClk/inst/clk_in1_cpuclk
    PLLE2_ADV_X1Y1       PLLE2_ADV (Prop_plle2_adv_CLKIN1_CLKOUT0)
                                                     -6.696     9.020 r  cpuClk/inst/plle2_adv_inst/CLKOUT0
                         net (fo=1, routed)           1.451    10.471    cpuClk/inst/clk_out1_cpuclk
    BUFGCTRL_X0Y16       BUFG (Prop_bufg_I_O)         0.077    10.548 r  cpuClk/inst/clkout1_buf/O
                         net (fo=5450, routed)        1.254    11.802    mini_rv_u/If/IF_icache/u_cache/clk_out1
    SLICE_X39Y44         FDRE                                         r  mini_rv_u/If/IF_icache/u_cache/tag0_reg[4][0]/C
                         clock pessimism             -0.453    11.349    
                         clock uncertainty           -0.136    11.213    
    SLICE_X39Y44         FDRE (Setup_fdre_C_CE)      -0.168    11.045    mini_rv_u/If/IF_icache/u_cache/tag0_reg[4][0]
  -------------------------------------------------------------------
                         required time                         11.045    
                         arrival time                         -11.398    
  -------------------------------------------------------------------
                         slack                                 -0.353    





Min Delay Paths
--------------------------------------------------------------------------------------
Slack (MET) :             0.064ns  (arrival time - required time)
  Source:                 mini_rv_u/ex_mem/pc_o_reg[29]/C
                            (rising edge-triggered cell FDCE clocked by clk_out1_cpuclk_1  {rise@0.000ns fall@6.667ns period=13.333ns})
  Destination:            mini_rv_u/mem_wb/pc4_o_reg[29]/D
                            (rising edge-triggered cell FDCE clocked by clk_out1_cpuclk_1  {rise@0.000ns fall@6.667ns period=13.333ns})
  Path Group:             clk_out1_cpuclk_1
  Path Type:              Hold (Min at Fast Process Corner)
  Requirement:            0.000ns  (clk_out1_cpuclk_1 rise@0.000ns - clk_out1_cpuclk_1 rise@0.000ns)
  Data Path Delay:        0.345ns  (logic 0.128ns (37.111%)  route 0.217ns (62.889%))
  Logic Levels:           0  
  Clock Path Skew:        0.264ns (DCD - SCD - CPR)
    Destination Clock Delay (DCD):    -0.347ns
    Source Clock Delay      (SCD):    -0.576ns
    Clock Pessimism Removal (CPR):    -0.035ns

    Location             Delay type                Incr(ns)  Path(ns)    Netlist Resource(s)
  -------------------------------------------------------------------    -------------------
                         (clock clk_out1_cpuclk_1 rise edge)
                                                      0.000     0.000 r  
    U18                                               0.000     0.000 r  clk (IN)
                         net (fo=0)                   0.000     0.000    cpuClk/inst/clk_in1
    U18                  IBUF (Prop_ibuf_I_O)         0.266     0.266 r  cpuClk/inst/clkin1_ibufg/O
                         net (fo=1, routed)           0.440     0.706    cpuClk/inst/clk_in1_cpuclk
    PLLE2_ADV_X1Y1       PLLE2_ADV (Prop_plle2_adv_CLKIN1_CLKOUT0)
                                                     -2.407    -1.700 r  cpuClk/inst/plle2_adv_inst/CLKOUT0
                         net (fo=1, routed)           0.544    -1.156    cpuClk/inst/clk_out1_cpuclk
    BUFGCTRL_X0Y16       BUFG (Prop_bufg_I_O)         0.026    -1.130 r  cpuClk/inst/clkout1_buf/O
                         net (fo=5450, routed)        0.555    -0.576    mini_rv_u/ex_mem/clk_out1
    SLICE_X51Y37         FDCE                                         r  mini_rv_u/ex_mem/pc_o_reg[29]/C
  -------------------------------------------------------------------    -------------------
    SLICE_X51Y37         FDCE (Prop_fdce_C_Q)         0.128    -0.448 r  mini_rv_u/ex_mem/pc_o_reg[29]/Q
                         net (fo=1, routed)           0.217    -0.231    mini_rv_u/mem_wb/pc4_o_reg[31]_1[29]
    SLICE_X45Y36         FDCE                                         r  mini_rv_u/mem_wb/pc4_o_reg[29]/D
  -------------------------------------------------------------------    -------------------

                         (clock clk_out1_cpuclk_1 rise edge)
                                                      0.000     0.000 r  
    U18                                               0.000     0.000 r  clk (IN)
                         net (fo=0)                   0.000     0.000    cpuClk/inst/clk_in1
    U18                  IBUF (Prop_ibuf_I_O)         0.454     0.454 r  cpuClk/inst/clkin1_ibufg/O
                         net (fo=1, routed)           0.481     0.935    cpuClk/inst/clk_in1_cpuclk
    PLLE2_ADV_X1Y1       PLLE2_ADV (Prop_plle2_adv_CLKIN1_CLKOUT0)
                                                     -2.727    -1.792 r  cpuClk/inst/plle2_adv_inst/CLKOUT0
                         net (fo=1, routed)           0.592    -1.200    cpuClk/inst/clk_out1_cpuclk
    BUFGCTRL_X0Y16       BUFG (Prop_bufg_I_O)         0.029    -1.171 r  cpuClk/inst/clkout1_buf/O
                         net (fo=5450, routed)        0.824    -0.347    mini_rv_u/mem_wb/clk_out1
    SLICE_X45Y36         FDCE                                         r  mini_rv_u/mem_wb/pc4_o_reg[29]/C
                         clock pessimism              0.035    -0.311    
    SLICE_X45Y36         FDCE (Hold_fdce_C_D)         0.017    -0.294    mini_rv_u/mem_wb/pc4_o_reg[29]
  -------------------------------------------------------------------
                         required time                          0.294    
                         arrival time                          -0.231    
  -------------------------------------------------------------------
                         slack                                  0.064    





Pulse Width Checks
--------------------------------------------------------------------------------------
Clock Name:         clk_out1_cpuclk_1
Waveform(ns):       { 0.000 6.667 }
Period(ns):         13.333
Sources:            { cpuClk/inst/plle2_adv_inst/CLKOUT0 }

Check Type        Corner  Lib Pin             Reference Pin  Required(ns)  Actual(ns)  Slack(ns)  Location        Pin
Min Period        n/a     RAMB36E1/CLKARDCLK  n/a            2.170         13.333      11.163     RAMB36_X1Y3     bus/interface_RAM/dRAM/RAM/U0/inst_blk_mem_gen/gnbram.gnativebmg.native_blk_mem_gen/valid.cstr/ramloop[0].ram.r/prim_noinit.ram/DEVICE_7SERIES.NO_BMM_INFO.SP.SIMPLE_PRIM36.ram/CLKARDCLK
Max Period        n/a     PLLE2_ADV/CLKOUT0   n/a            160.000       13.333      146.667    PLLE2_ADV_X1Y1  cpuClk/inst/plle2_adv_inst/CLKOUT0
Low Pulse Width   Slow    FDCE/C              n/a            0.500         6.667       6.167      SLICE_X28Y17    bus/gen_timer.interface_timer/timer_count_reg[0]/C
High Pulse Width  Slow    FDCE/C              n/a            0.500         6.667       6.167      SLICE_X28Y17    bus/gen_timer.interface_timer/timer_count_reg[0]/C



---------------------------------------------------------------------------------------------------
From Clock:  clkfbout_cpuclk_1
  To Clock:  clkfbout_cpuclk_1

Setup :           NA  Failing Endpoints,  Worst Slack           NA  ,  Total Violation           NA
Hold  :           NA  Failing Endpoints,  Worst Slack           NA  ,  Total Violation           NA
PW    :            0  Failing Endpoints,  Worst Slack       12.633ns,  Total Violation        0.000ns
---------------------------------------------------------------------------------------------------


Pulse Width Checks
--------------------------------------------------------------------------------------
Clock Name:         clkfbout_cpuclk_1
Waveform(ns):       { 0.000 20.000 }
Period(ns):         40.000
Sources:            { cpuClk/inst/plle2_adv_inst/CLKFBOUT }

Check Type  Corner  Lib Pin            Reference Pin  Required(ns)  Actual(ns)  Slack(ns)  Location        Pin
Min Period  n/a     BUFG/I             n/a            1.592         40.000      38.408     BUFGCTRL_X0Y17  cpuClk/inst/clkf_buf/I
Max Period  n/a     PLLE2_ADV/CLKFBIN  n/a            52.633        40.000      12.633     PLLE2_ADV_X1Y1  cpuClk/inst/plle2_adv_inst/CLKFBIN



