#-----------------------------------------------------------
# xsim v2021.2 (64-bit)
# SW Build 3367213 on Tue Oct 19 02:48:09 MDT 2021
# IP Build 3369179 on Thu Oct 21 08:25:16 MDT 2021
# Start of session at: Sat May  2 00:00:36 2026
# Process ID: 31180
# Current directory: D:/riscv32_pipeline/riscv32_pipeline.sim/sim_1/behav/xsim
# Command line: xsim.exe -log D:\riscv32_pipeline\riscv32_pipeline.sim\sim_1\behav\xsim\official_batch_logs\rv32ui-p-xor.log -mode tcl -source {xsim.dir/tb_official_batch_behav/xsim_script.tcl}
# Log file: D:/riscv32_pipeline/riscv32_pipeline.sim/sim_1/behav/xsim/official_batch_logs/rv32ui-p-xor.log
# Journal file: D:/riscv32_pipeline/riscv32_pipeline.sim/sim_1/behav/xsim\xsim.jou
# Running On: WDDdLaptop, OS: Windows, CPU Frequency: 3194 MHz, CPU Physical cores: 16, Host memory: 16366 MB
#-----------------------------------------------------------
source xsim.dir/tb_official_batch_behav/xsim_script.tcl
# xsim {tb_official_batch_behav} -autoloadwcfg -tclbatch {run_all_coremark.tcl}
Time resolution is 1 ps
source run_all_coremark.tcl
## run all
WARNING: This core is supplied with a behavioral model. To model cycle-accurate behavior you must run timing simulation.
START official_test.mem
RESULT TIMEOUT pc=0000015c mem_addr=00000000 mem_we=0 mem_wd=00000000
$finish called at time : 2 ms : File "D:/riscv32_pipeline/riscv32_pipeline.sim/sim_1/behav/xsim/tb_official_batch.v" Line 80
xsim: Time (s): cpu = 00:00:04 ; elapsed = 00:00:05 . Memory (MB): peak = 1156.547 ; gain = 512.383
INFO: [Common 17-206] Exiting xsim at Sat May  2 00:00:42 2026...
